This is pdfTeX, Version 3.141592653-2.6-1.40.22 (TeX Live 2022/dev/Debian) (preloaded format=pdflatex 2026.2.18)  21 MAR 2026 22:59
entering extended mode
 restricted \write18 enabled.
 %&-line parsing enabled.
**main.tex
(./main.tex
LaTeX2e <2021-11-15> patch level 1
L3 programming layer <2022-01-21>
(/usr/share/texlive/texmf-dist/tex/latex/base/article.cls
Document Class: article 2021/10/04 v1.4n Standard LaTeX document class
(/usr/share/texlive/texmf-dist/tex/latex/base/size10.clo
File: size10.clo 2021/10/04 v1.4n Standard LaTeX file (size option)
)
\c@part=\count185
\c@section=\count186
\c@subsection=\count187
\c@subsubsection=\count188
\c@paragraph=\count189
\c@subparagraph=\count190
\c@figure=\count191
\c@table=\count192
\abovecaptionskip=\skip47
\belowcaptionskip=\skip48
\bibindent=\dimen138
)
(/usr/share/texlive/texmf-dist/tex/latex/geometry/geometry.sty
Package: geometry 2020/01/02 v5.9 Page Geometry

(/usr/share/texlive/texmf-dist/tex/latex/graphics/keyval.sty
Package: keyval 2014/10/28 v1.15 key=value parser (DPC)
\KV@toks@=\toks16
)
(/usr/share/texlive/texmf-dist/tex/generic/iftex/ifvtex.sty
Package: ifvtex 2019/10/25 v1.7 ifvtex legacy package. Use iftex instead.

(/usr/share/texlive/texmf-dist/tex/generic/iftex/iftex.sty
Package: iftex 2020/03/06 v1.0d TeX engine tests
))
\Gm@cnth=\count193
\Gm@cntv=\count194
\c@Gm@tempcnt=\count195
\Gm@bindingoffset=\dimen139
\Gm@wd@mp=\dimen140
\Gm@odd@mp=\dimen141
\Gm@even@mp=\dimen142
\Gm@layoutwidth=\dimen143
\Gm@layoutheight=\dimen144
\Gm@layouthoffset=\dimen145
\Gm@layoutvoffset=\dimen146
\Gm@dimlist=\toks17
)
(/usr/share/texlive/texmf-dist/tex/latex/amsmath/amsmath.sty
Package: amsmath 2021/10/15 v2.17l AMS math features
\@mathmargin=\skip49

For additional information on amsmath, use the `?' option.
(/usr/share/texlive/texmf-dist/tex/latex/amsmath/amstext.sty
Package: amstext 2021/08/26 v2.01 AMS text

(/usr/share/texlive/texmf-dist/tex/latex/amsmath/amsgen.sty
File: amsgen.sty 1999/11/30 v2.0 generic functions
\@emptytoks=\toks18
\ex@=\dimen147
))
(/usr/share/texlive/texmf-dist/tex/latex/amsmath/amsbsy.sty
Package: amsbsy 1999/11/29 v1.2d Bold Symbols
\pmbraise@=\dimen148
)
(/usr/share/texlive/texmf-dist/tex/latex/amsmath/amsopn.sty
Package: amsopn 2021/08/26 v2.02 operator names
)
\inf@bad=\count196
LaTeX Info: Redefining \frac on input line 234.
\uproot@=\count197
\leftroot@=\count198
LaTeX Info: Redefining \overline on input line 399.
\classnum@=\count199
\DOTSCASE@=\count266
LaTeX Info: Redefining \ldots on input line 496.
LaTeX Info: Redefining \dots on input line 499.
LaTeX Info: Redefining \cdots on input line 620.
\Mathstrutbox@=\box50
\strutbox@=\box51
\big@size=\dimen149
LaTeX Font Info:    Redeclaring font encoding OML on input line 743.
LaTeX Font Info:    Redeclaring font encoding OMS on input line 744.
\macc@depth=\count267
\c@MaxMatrixCols=\count268
\dotsspace@=\muskip16
\c@parentequation=\count269
\dspbrk@lvl=\count270
\tag@help=\toks19
\row@=\count271
\column@=\count272
\maxfields@=\count273
\andhelp@=\toks20
\eqnshift@=\dimen150
\alignsep@=\dimen151
\tagshift@=\dimen152
\tagwidth@=\dimen153
\totwidth@=\dimen154
\lineht@=\dimen155
\@envbody=\toks21
\multlinegap=\skip50
\multlinetaggap=\skip51
\mathdisplay@stack=\toks22
LaTeX Info: Redefining \[ on input line 2938.
LaTeX Info: Redefining \] on input line 2939.
)
(/usr/share/texlive/texmf-dist/tex/latex/amsfonts/amssymb.sty
Package: amssymb 2013/01/14 v3.01 AMS font symbols

(/usr/share/texlive/texmf-dist/tex/latex/amsfonts/amsfonts.sty
Package: amsfonts 2013/01/14 v3.01 Basic AMSFonts support
\symAMSa=\mathgroup4
\symAMSb=\mathgroup5
LaTeX Font Info:    Redeclaring math symbol \hbar on input line 98.
LaTeX Font Info:    Overwriting math alphabet `\mathfrak' in version `bold'
(Font)                  U/euf/m/n --> U/euf/b/n on input line 106.
))
(/usr/share/texlive/texmf-dist/tex/latex/graphics/graphicx.sty
Package: graphicx 2021/09/16 v1.2d Enhanced LaTeX Graphics (DPC,SPQR)

(/usr/share/texlive/texmf-dist/tex/latex/graphics/graphics.sty
Package: graphics 2021/03/04 v1.4d Standard LaTeX Graphics (DPC,SPQR)

(/usr/share/texlive/texmf-dist/tex/latex/graphics/trig.sty
Package: trig 2021/08/11 v1.11 sin cos tan (DPC)
)
(/usr/share/texlive/texmf-dist/tex/latex/graphics-cfg/graphics.cfg
File: graphics.cfg 2016/06/04 v1.11 sample graphics configuration
)
Package graphics Info: Driver file: pdftex.def on input line 107.

(/usr/share/texlive/texmf-dist/tex/latex/graphics-def/pdftex.def
File: pdftex.def 2020/10/05 v1.2a Graphics/color driver for pdftex
))
\Gin@req@height=\dimen156
\Gin@req@width=\dimen157
)
(/usr/share/texlive/texmf-dist/tex/latex/booktabs/booktabs.sty
Package: booktabs 2020/01/12 v1.61803398 Publication quality tables
\heavyrulewidth=\dimen158
\lightrulewidth=\dimen159
\cmidrulewidth=\dimen160
\belowrulesep=\dimen161
\belowbottomsep=\dimen162
\aboverulesep=\dimen163
\abovetopsep=\dimen164
\cmidrulesep=\dimen165
\cmidrulekern=\dimen166
\defaultaddspace=\dimen167
\@cmidla=\count274
\@cmidlb=\count275
\@aboverulesep=\dimen168
\@belowrulesep=\dimen169
\@thisruleclass=\count276
\@lastruleclass=\count277
\@thisrulewidth=\dimen170
)
(/usr/share/texlive/texmf-dist/tex/latex/multirow/multirow.sty
Package: multirow 2021/03/15 v2.8 Span multiple rows of a table
\multirow@colwidth=\skip52
\multirow@cntb=\count278
\multirow@dima=\skip53
\bigstrutjot=\dimen171
)
(/usr/share/texlive/texmf-dist/tex/latex/hyperref/hyperref.sty
Package: hyperref 2021-06-07 v7.00m Hypertext links for LaTeX

(/usr/share/texlive/texmf-dist/tex/generic/ltxcmds/ltxcmds.sty
Package: ltxcmds 2020-05-10 v1.25 LaTeX kernel commands for general use (HO)
)
(/usr/share/texlive/texmf-dist/tex/generic/pdftexcmds/pdftexcmds.sty
Package: pdftexcmds 2020-06-27 v0.33 Utility functions of pdfTeX for LuaTeX (HO
)

(/usr/share/texlive/texmf-dist/tex/generic/infwarerr/infwarerr.sty
Package: infwarerr 2019/12/03 v1.5 Providing info/warning/error messages (HO)
)
Package pdftexcmds Info: \pdf@primitive is available.
Package pdftexcmds Info: \pdf@ifprimitive is available.
Package pdftexcmds Info: \pdfdraftmode found.
)
(/usr/share/texlive/texmf-dist/tex/generic/kvsetkeys/kvsetkeys.sty
Package: kvsetkeys 2019/12/15 v1.18 Key value parser (HO)
)
(/usr/share/texlive/texmf-dist/tex/generic/kvdefinekeys/kvdefinekeys.sty
Package: kvdefinekeys 2019-12-19 v1.6 Define keys (HO)
)
(/usr/share/texlive/texmf-dist/tex/generic/pdfescape/pdfescape.sty
Package: pdfescape 2019/12/09 v1.15 Implements pdfTeX's escape features (HO)
)
(/usr/share/texlive/texmf-dist/tex/latex/hycolor/hycolor.sty
Package: hycolor 2020-01-27 v1.10 Color options for hyperref/bookmark (HO)
)
(/usr/share/texlive/texmf-dist/tex/latex/letltxmacro/letltxmacro.sty
Package: letltxmacro 2019/12/03 v1.6 Let assignment for LaTeX macros (HO)
)
(/usr/share/texlive/texmf-dist/tex/latex/auxhook/auxhook.sty
Package: auxhook 2019-12-17 v1.6 Hooks for auxiliary files (HO)
)
(/usr/share/texlive/texmf-dist/tex/latex/kvoptions/kvoptions.sty
Package: kvoptions 2020-10-07 v3.14 Key value format for package options (HO)
)
\@linkdim=\dimen172
\Hy@linkcounter=\count279
\Hy@pagecounter=\count280

(/usr/share/texlive/texmf-dist/tex/latex/hyperref/pd1enc.def
File: pd1enc.def 2021-06-07 v7.00m Hyperref: PDFDocEncoding definition (HO)
Now handling font encoding PD1 ...
... no UTF-8 mapping file for font encoding PD1
)
(/usr/share/texlive/texmf-dist/tex/latex/hyperref/hyperref-langpatches.def
File: hyperref-langpatches.def 2021-06-07 v7.00m Hyperref: patches for babel la
nguages
)
(/usr/share/texlive/texmf-dist/tex/generic/intcalc/intcalc.sty
Package: intcalc 2019/12/15 v1.3 Expandable calculations with integers (HO)
)
(/usr/share/texlive/texmf-dist/tex/generic/etexcmds/etexcmds.sty
Package: etexcmds 2019/12/15 v1.7 Avoid name clashes with e-TeX commands (HO)
)
\Hy@SavedSpaceFactor=\count281

(/usr/share/texlive/texmf-dist/tex/latex/hyperref/puenc.def
File: puenc.def 2021-06-07 v7.00m Hyperref: PDF Unicode definition (HO)
Now handling font encoding PU ...
... no UTF-8 mapping file for font encoding PU
)
Package hyperref Info: Hyper figures OFF on input line 4192.
Package hyperref Info: Link nesting OFF on input line 4197.
Package hyperref Info: Hyper index ON on input line 4200.
Package hyperref Info: Plain pages OFF on input line 4207.
Package hyperref Info: Backreferencing OFF on input line 4212.
Package hyperref Info: Implicit mode ON; LaTeX internals redefined.
Package hyperref Info: Bookmarks ON on input line 4445.
\c@Hy@tempcnt=\count282

(/usr/share/texlive/texmf-dist/tex/latex/url/url.sty
\Urlmuskip=\muskip17
Package: url 2013/09/16  ver 3.4  Verb mode for urls, etc.
)
LaTeX Info: Redefining \url on input line 4804.
\XeTeXLinkMargin=\dimen173

(/usr/share/texlive/texmf-dist/tex/generic/bitset/bitset.sty
Package: bitset 2019/12/09 v1.3 Handle bit-vector datatype (HO)

(/usr/share/texlive/texmf-dist/tex/generic/bigintcalc/bigintcalc.sty
Package: bigintcalc 2019/12/15 v1.5 Expandable calculations on big integers (HO
)
))
\Fld@menulength=\count283
\Field@Width=\dimen174
\Fld@charsize=\dimen175
Package hyperref Info: Hyper figures OFF on input line 6076.
Package hyperref Info: Link nesting OFF on input line 6081.
Package hyperref Info: Hyper index ON on input line 6084.
Package hyperref Info: backreferencing OFF on input line 6091.
Package hyperref Info: Link coloring OFF on input line 6096.
Package hyperref Info: Link coloring with OCG OFF on input line 6101.
Package hyperref Info: PDF/A mode OFF on input line 6106.
LaTeX Info: Redefining \ref on input line 6146.
LaTeX Info: Redefining \pageref on input line 6150.

(/usr/share/texlive/texmf-dist/tex/latex/base/atbegshi-ltx.sty
Package: atbegshi-ltx 2021/01/10 v1.0c Emulation of the original atbegshi
package with kernel methods
)
\Hy@abspage=\count284
\c@Item=\count285
\c@Hfootnote=\count286
)
Package hyperref Info: Driver (autodetected): hpdftex.

(/usr/share/texlive/texmf-dist/tex/latex/hyperref/hpdftex.def
File: hpdftex.def 2021-06-07 v7.00m Hyperref driver for pdfTeX

(/usr/share/texlive/texmf-dist/tex/latex/base/atveryend-ltx.sty
Package: atveryend-ltx 2020/08/19 v1.0a Emulation of the original atveryend pac
kage
with kernel methods
)
\Fld@listcount=\count287
\c@bookmark@seq@number=\count288

(/usr/share/texlive/texmf-dist/tex/latex/rerunfilecheck/rerunfilecheck.sty
Package: rerunfilecheck 2019/12/05 v1.9 Rerun checks for auxiliary files (HO)

(/usr/share/texlive/texmf-dist/tex/generic/uniquecounter/uniquecounter.sty
Package: uniquecounter 2019/12/15 v1.4 Provide unlimited unique counter (HO)
)
Package uniquecounter Info: New unique counter `rerunfilecheck' on input line 2
86.
)
\Hy@SectionHShift=\skip54
)
(/usr/share/texlive/texmf-dist/tex/latex/natbib/natbib.sty
Package: natbib 2010/09/13 8.31b (PWD, AO)
\bibhang=\skip55
\bibsep=\skip56
LaTeX Info: Redefining \cite on input line 694.
\c@NAT@ctr=\count289
)
(/usr/share/texlive/texmf-dist/tex/latex/xcolor/xcolor.sty
Package: xcolor 2021/10/31 v2.13 LaTeX color extensions (UK)

(/usr/share/texlive/texmf-dist/tex/latex/graphics-cfg/color.cfg
File: color.cfg 2016/01/02 v1.6 sample color configuration
)
Package xcolor Info: Driver file: pdftex.def on input line 227.
Package xcolor Info: Model `cmy' substituted by `cmy0' on input line 1352.
Package xcolor Info: Model `hsb' substituted by `rgb' on input line 1356.
Package xcolor Info: Model `RGB' extended on input line 1368.
Package xcolor Info: Model `HTML' substituted by `rgb' on input line 1370.
Package xcolor Info: Model `Hsb' substituted by `hsb' on input line 1371.
Package xcolor Info: Model `tHsb' substituted by `hsb' on input line 1372.
Package xcolor Info: Model `HSB' substituted by `hsb' on input line 1373.
Package xcolor Info: Model `Gray' substituted by `gray' on input line 1374.
Package xcolor Info: Model `wave' substituted by `hsb' on input line 1375.
)
(/usr/share/texlive/texmf-dist/tex/latex/caption/subcaption.sty
Package: subcaption 2020/10/07 v1.3j Sub-captions (AR)

(/usr/share/texlive/texmf-dist/tex/latex/caption/caption.sty
Package: caption 2020/10/26 v3.5g Customizing captions (AR)

(/usr/share/texlive/texmf-dist/tex/latex/caption/caption3.sty
Package: caption3 2020/10/21 v2.2e caption3 kernel (AR)
\captionmargin=\dimen176
\captionmargin@=\dimen177
\captionwidth=\dimen178
\caption@tempdima=\dimen179
\caption@indent=\dimen180
\caption@parindent=\dimen181
\caption@hangindent=\dimen182
Package caption Info: Standard document class detected.
)
\c@caption@flags=\count290
\c@continuedfloat=\count291
Package caption Info: hyperref package is loaded.
)
\c@subfigure=\count292
\c@subtable=\count293
)
(/usr/share/texlive/texmf-dist/tex/latex/tools/array.sty
Package: array 2021/10/04 v2.5f Tabular extension package (FMi)
\col@sep=\dimen183
\ar@mcellbox=\box52
\extrarowheight=\dimen184
\NC@list=\toks23
\extratabsurround=\skip57
\backup@length=\skip58
\ar@cellbox=\box53
)
(/usr/share/texlive/texmf-dist/tex/latex/tools/tabularx.sty
Package: tabularx 2020/01/15 v2.11c `tabularx' package (DPC)
\TX@col@width=\dimen185
\TX@old@table=\dimen186
\TX@old@col=\dimen187
\TX@target=\dimen188
\TX@delta=\dimen189
\TX@cols=\count294
\TX@ftn=\toks24
)
(/usr/share/texlive/texmf-dist/tex/latex/float/float.sty
Package: float 2001/11/08 v1.3d Float enhancements (AL)
\c@float@type=\count295
\float@exts=\toks25
\float@box=\box54
\@float@everytoks=\toks26
\@floatcapt=\box55
)
(/usr/share/texlive/texmf-dist/tex/latex/enumitem/enumitem.sty
Package: enumitem 2019/06/20 v3.9 Customized lists
\labelindent=\skip59
\enit@outerparindent=\dimen190
\enit@toks=\toks27
\enit@inbox=\box56
\enit@count@id=\count296
\enitdp@description=\count297
)
(/usr/share/texlive/texmf-dist/tex/latex/placeins/placeins.sty
Package: placeins 2005/04/18  v 2.2
)
(/usr/share/texlive/texmf-dist/tex/latex/sttools/stfloats.sty
Package: stfloats 2017/03/27 v3.3 Improve float mechanism and baselineskip sett
ings
\@dblbotnum=\count298
\c@dblbotnumber=\count299
)
(/usr/share/texlive/texmf-dist/tex/latex/titlesec/titlesec.sty
Package: titlesec 2021/07/05 v2.14 Sectioning titles
\ttl@box=\box57
\beforetitleunit=\skip60
\aftertitleunit=\skip61
\ttl@plus=\dimen191
\ttl@minus=\dimen192
\ttl@toksa=\toks28
\titlewidth=\dimen193
\titlewidthlast=\dimen194
\titlewidthfirst=\dimen195
)
Package hyperref Info: Option `colorlinks' set `true' on input line 32.

(/usr/share/texlive/texmf-dist/tex/latex/l3backend/l3backend-pdftex.def
File: l3backend-pdftex.def 2022-01-12 L3 backend support: PDF output (pdfTeX)
\l__color_backend_stack_int=\count300
\l__pdf_internal_box=\box58
)
(./main.aux)
\openout1 = `main.aux'.

LaTeX Font Info:    Checking defaults for OML/cmm/m/it on input line 54.
LaTeX Font Info:    ... okay on input line 54.
LaTeX Font Info:    Checking defaults for OMS/cmsy/m/n on input line 54.
LaTeX Font Info:    ... okay on input line 54.
LaTeX Font Info:    Checking defaults for OT1/cmr/m/n on input line 54.
LaTeX Font Info:    ... okay on input line 54.
LaTeX Font Info:    Checking defaults for T1/cmr/m/n on input line 54.
LaTeX Font Info:    ... okay on input line 54.
LaTeX Font Info:    Checking defaults for TS1/cmr/m/n on input line 54.
LaTeX Font Info:    ... okay on input line 54.
LaTeX Font Info:    Checking defaults for OMX/cmex/m/n on input line 54.
LaTeX Font Info:    ... okay on input line 54.
LaTeX Font Info:    Checking defaults for U/cmr/m/n on input line 54.
LaTeX Font Info:    ... okay on input line 54.
LaTeX Font Info:    Checking defaults for PD1/pdf/m/n on input line 54.
LaTeX Font Info:    ... okay on input line 54.
LaTeX Font Info:    Checking defaults for PU/pdf/m/n on input line 54.
LaTeX Font Info:    ... okay on input line 54.

*geometry* driver: auto-detecting
*geometry* detected driver: pdftex
*geometry* verbose mode - [ preamble ] result:
* driver: pdftex
* paper: <default>
* layout: <same size as paper>
* layoutoffset:(h,v)=(0.0pt,0.0pt)
* modes: twoside 
* h-part:(L,W,R)=(56.9055pt, 500.484pt, 56.9055pt)
* v-part:(T,H,B)=(56.9055pt, 681.15898pt, 56.9055pt)
* \paperwidth=614.295pt
* \paperheight=794.96999pt
* \textwidth=500.484pt
* \textheight=681.15898pt
* \oddsidemargin=-15.36449pt
* \evensidemargin=-15.36449pt
* \topmargin=-52.36449pt
* \headheight=12.0pt
* \headsep=25.0pt
* \topskip=10.0pt
* \footskip=30.0pt
* \marginparwidth=48.0pt
* \marginparsep=10.0pt
* \columnsep=10.0pt
* \skip\footins=9.0pt plus 4.0pt minus 2.0pt
* \hoffset=0.0pt
* \voffset=0.0pt
* \mag=1000
* \@twocolumntrue
* \@twosidetrue
* \@mparswitchtrue
* \@reversemarginfalse
* (1in=72.27pt=25.4mm, 1cm=28.453pt)

(/usr/share/texlive/texmf-dist/tex/context/base/mkii/supp-pdf.mkii
[Loading MPS to PDF converter (version 2006.09.02).]
\scratchcounter=\count301
\scratchdimen=\dimen196
\scratchbox=\box59
\nofMPsegments=\count302
\nofMParguments=\count303
\everyMPshowfont=\toks29
\MPscratchCnt=\count304
\MPscratchDim=\dimen197
\MPnumerator=\count305
\makeMPintoPDFobject=\count306
\everyMPtoPDFconversion=\toks30
) (/usr/share/texlive/texmf-dist/tex/latex/epstopdf-pkg/epstopdf-base.sty
Package: epstopdf-base 2020-01-24 v2.11 Base part for package epstopdf
Package epstopdf-base Info: Redefining graphics rule for `.eps' on input line 4
85.

(/usr/share/texlive/texmf-dist/tex/latex/latexconfig/epstopdf-sys.cfg
File: epstopdf-sys.cfg 2010/07/13 v1.3 Configuration of (r)epstopdf for TeX Liv
e
))
Package hyperref Info: Link coloring ON on input line 54.

(/usr/share/texlive/texmf-dist/tex/latex/hyperref/nameref.sty
Package: nameref 2021-04-02 v2.47 Cross-referencing by name of section

(/usr/share/texlive/texmf-dist/tex/latex/refcount/refcount.sty
Package: refcount 2019/12/15 v3.6 Data extraction from label references (HO)
)
(/usr/share/texlive/texmf-dist/tex/generic/gettitlestring/gettitlestring.sty
Package: gettitlestring 2019/12/15 v1.6 Cleanup title references (HO)
)
\c@section@level=\count307
)
LaTeX Info: Redefining \ref on input line 54.
LaTeX Info: Redefining \pageref on input line 54.
LaTeX Info: Redefining \nameref on input line 54.

(./main.out) (./main.out)
\@outlinefile=\write3
\openout3 = `main.out'.

Package caption Info: Begin \AtBeginDocument code.
Package caption Info: float package is loaded.
Package caption Info: End \AtBeginDocument code.
LaTeX Font Info:    Trying to load font information for U+msa on input line 72.


(/usr/share/texlive/texmf-dist/tex/latex/amsfonts/umsa.fd
File: umsa.fd 2013/01/14 v3.01 AMS symbols A
)
LaTeX Font Info:    Trying to load font information for U+msb on input line 72.


(/usr/share/texlive/texmf-dist/tex/latex/amsfonts/umsb.fd
File: umsb.fd 2013/01/14 v3.01 AMS symbols B
)
Overfull \hbox (102.03531pt too wide) in paragraph at lines 72--72
 [][] 
 []

(./sections/introduction.tex

Package natbib Warning: Citation `frazier2018tutorial' on page 1 undefined on i
nput line 4.


Package natbib Warning: Citation `jones1998efficient' on page 1 undefined on in
put line 5.


Package natbib Warning: Citation `todorovic2019bayesian' on page 1 undefined on
 input line 5.

[1{/var/lib/texmf/fonts/map/pdftex/updmap/pdftex.map}


]

Package natbib Warning: Citation `bartok2013representing' on page 2 undefined o
n input line 16.


Package natbib Warning: Citation `behler2011atom' on page 2 undefined on input 
line 16.


Package natbib Warning: Citation `ward2016general' on page 2 undefined on input
 line 16.


Package natbib Warning: Citation `ward2018matminer' on page 2 undefined on inpu
t line 16.


Package natbib Warning: Citation `batatia2022mace' on page 2 undefined on input
 line 21.


Package natbib Warning: Citation `batatia2024foundation' on page 2 undefined on
 input line 21.


Package natbib Warning: Citation `orb2024' on page 2 undefined on input line 21
.


Package natbib Warning: Citation `uma2025' on page 2 undefined on input line 21
.


Package natbib Warning: Citation `rasmussen2006gaussian' on page 2 undefined on
 input line 27.


Package natbib Warning: Citation `bonilla2007multi' on page 2 undefined on inpu
t line 28.


Package natbib Warning: Citation `swersky2013multi' on page 2 undefined on inpu
t line 28.


Package natbib Warning: Citation `damianou2013deep' on page 2 undefined on inpu
t line 29.


Package natbib Warning: Citation `dutordoir2021deep' on page 2 undefined on inp
ut line 29.


Package natbib Warning: Citation `balandat2020botorch' on page 2 undefined on i
nput line 30.


Package natbib Warning: Citation `gardner2018gpytorch' on page 2 undefined on i
nput line 30.


Underfull \vbox (badness 5133) has occurred while \output is active []


Underfull \hbox (badness 1122) in paragraph at lines 33--37
[]\OT1/cmr/m/n/10 A fur-ther sub-tlety, of-ten over-looked in sur-ro-gate
 []


Package natbib Warning: Citation `batatia2024foundation' on page 2 undefined on
 input line 39.


Package natbib Warning: Citation `dunn2020benchmarking' on page 2 undefined on 
input line 39.


Underfull \hbox (badness 1043) in paragraph at lines 45--47
[]\OT1/cmr/bx/n/10 First sys-tem-atic com-bi-na-to-rial bench-mark
 []


Underfull \vbox (badness 2165) has occurred while \output is active []

 [2])
(./sections/related_work.tex

Package natbib Warning: Citation `behler2011atom' on page 3 undefined on input 
line 7.


Package natbib Warning: Citation `rupp2012fast' on page 3 undefined on input li
ne 7.


Package natbib Warning: Citation `bartok2013representing' on page 3 undefined o
n input line 7.


Package natbib Warning: Citation `ward2016general' on page 3 undefined on input
 line 9.


Package natbib Warning: Citation `ward2018matminer' on page 3 undefined on inpu
t line 9.


Package natbib Warning: Citation `xie2018crystal' on page 3 undefined on input 
line 12.


Package natbib Warning: Citation `schutt2018schnet' on page 3 undefined on inpu
t line 12.


Package natbib Warning: Citation `chen2019graph' on page 3 undefined on input l
ine 12.


Underfull \hbox (badness 2261) in paragraph at lines 12--15
\OT1/cmr/m/n/10 trained end-to-end---emerged with CGCNN [\OT1/cmr/bx/n/10 ? \OT
1/cmr/m/n/10 ],
 []


Package natbib Warning: Citation `batatia2022mace' on page 3 undefined on input
 line 20.


Package natbib Warning: Citation `batatia2024foundation' on page 3 undefined on
 input line 20.


Package natbib Warning: Citation `chen2022m3gnet' on page 3 undefined on input 
line 21.


Package natbib Warning: Citation `deng2023chgnet' on page 3 undefined on input 
line 21.


Package natbib Warning: Citation `merchant2023scaling' on page 3 undefined on i
nput line 22.


Underfull \vbox (badness 10000) has occurred while \output is active []



Package natbib Warning: Citation `orb2024' on page 3 undefined on input line 24
.


Package natbib Warning: Citation `uma2025' on page 3 undefined on input line 24
.


Package natbib Warning: Citation `yamada2019predicting' on page 3 undefined on 
input line 29.


Package natbib Warning: Citation `jones1998efficient' on page 3 undefined on in
put line 34.


Package natbib Warning: Citation `frazier2018tutorial' on page 3 undefined on i
nput line 35.


Package natbib Warning: Citation `todorovic2019bayesian' on page 3 undefined on
 input line 36.


Package natbib Warning: Citation `wen2019machine' on page 3 undefined on input 
line 36.


Package natbib Warning: Citation `bonilla2007multi' on page 3 undefined on inpu
t line 38.


Package natbib Warning: Citation `swersky2013multi' on page 3 undefined on inpu
t line 39.


Package natbib Warning: Citation `damianou2013deep' on page 3 undefined on inpu
t line 42.


Package natbib Warning: Citation `dutordoir2021deep' on page 3 undefined on inp
ut line 43.


Package natbib Warning: Citation `balandat2020botorch' on page 3 undefined on i
nput line 44.


Package natbib Warning: Citation `dunn2020benchmarking' on page 3 undefined on 
input line 49.


Package natbib Warning: Citation `choudhary2020joint' on page 3 undefined on in
put line 50.


Underfull \vbox (badness 1515) has occurred while \output is active []

 [3])
(./sections/methods.tex

Package natbib Warning: Citation `larsen2017atomic' on page 4 undefined on inpu
t line 8.

<figures/fig1_pipeline_schematic.pdf, id=185, 261.3765pt x 427.5975pt>
File: figures/fig1_pipeline_schematic.pdf Graphic file (type pdf)
<use figures/fig1_pipeline_schematic.pdf>
Package pdftex.def Info: figures/fig1_pipeline_schematic.pdf  used on input lin
e 17.
(pdftex.def)             Requested size: 245.24199pt x 401.19789pt.

Underfull \vbox (badness 10000) has occurred while \output is active []



Package natbib Warning: Citation `ward2018matminer' on page 4 undefined on inpu
t line 26.


Package natbib Warning: Citation `jain2013materials' on page 4 undefined on inp
ut line 31.


Package natbib Warning: Citation `jain2013materials' on page 4 undefined on inp
ut line 31.


Overfull \hbox (42.23051pt too wide) in paragraph at lines 34--43
 [][] 
 []


Underfull \vbox (badness 10000) has occurred while \output is active []

 [4 <./figures/fig1_pipeline_schematic.pdf>]

Package natbib Warning: Citation `deJong2015elastic' on page 5 undefined on inp
ut line 45.


Package natbib Warning: Citation `petousis2017high' on page 5 undefined on inpu
t line 49.


Underfull \hbox (badness 1472) in paragraph at lines 52--54
[]\OT1/cmr/bx/n/10 Phonon di-elec-tric dataset \OT1/cmr/m/n/10 from the Ma-te-r
i-als
 []


Underfull \hbox (badness 1478) in paragraph at lines 52--54
\OT1/cmr/m/n/10 3 tar-get prop-er-ties: elec-tronic and to-tal di-elec-tric
 []


Package natbib Warning: Citation `bartok2013representing' on page 5 undefined o
n input line 71.


Package natbib Warning: Citation `batatia2022mace' on page 5 undefined on input
 line 72.


Package natbib Warning: Citation `batatia2024foundation' on page 5 undefined on
 input line 72.


Package natbib Warning: Citation `orb2024' on page 5 undefined on input line 73
.


Package natbib Warning: Citation `uma2025' on page 5 undefined on input line 74
.


Package natbib Warning: Citation `bartok2013representing' on page 5 undefined o
n input line 79.


Package natbib Warning: Citation `dscribe2020' on page 5 undefined on input lin
e 80.


Package natbib Warning: Citation `batatia2022mace' on page 5 undefined on input
 line 84.


Package natbib Warning: Citation `batatia2024foundation' on page 5 undefined on
 input line 84.


Package natbib Warning: Citation `batatia2024foundation' on page 5 undefined on
 input line 85.


Package natbib Warning: Citation `orb2024' on page 5 undefined on input line 88
.


Package natbib Warning: Citation `uma2025' on page 5 undefined on input line 93
.


Package natbib Warning: Citation `jolliffe2002principal' on page 5 undefined on
 input line 101.


Package natbib Warning: Citation `balandat2020botorch' on page 5 undefined on i
nput line 110.


Package natbib Warning: Citation `gardner2018gpytorch' on page 5 undefined on i
nput line 110.

[5]

Package natbib Warning: Citation `rasmussen2006gaussian' on page 6 undefined on
 input line 115.


Package natbib Warning: Citation `bonilla2007multi' on page 6 undefined on inpu
t line 119.


Package natbib Warning: Citation `damianou2013deep' on page 6 undefined on inpu
t line 125.


Package natbib Warning: Citation `dutordoir2021deep' on page 6 undefined on inp
ut line 125.

) (./sections/results.tex
Underfull \hbox (badness 2503) in paragraph at lines 10--12
\OT1/cmr/m/n/10 Figure [][]2[][] presents bar charts of av-er-aged R$[]$ for
 []

<figures/fig2_bar_elastic_R2_grouped.png, id=321, 2083.785pt x 1050.17343pt>
File: figures/fig2_bar_elastic_R2_grouped.png Graphic file (type png)
<use figures/fig2_bar_elastic_R2_grouped.png>
Package pdftex.def Info: figures/fig2_bar_elastic_R2_grouped.png  used on input
 line 17.
(pdftex.def)             Requested size: 160.15854pt x 80.71457pt.
<figures/fig2_bar_dielectric_R2_grouped.png, id=322, 2083.785pt x 1050.17343pt>

File: figures/fig2_bar_dielectric_R2_grouped.png Graphic file (type png)
<use figures/fig2_bar_dielectric_R2_grouped.png>
Package pdftex.def Info: figures/fig2_bar_dielectric_R2_grouped.png  used on in
put line 24.
(pdftex.def)             Requested size: 160.15854pt x 80.71457pt.
<figures/fig2_bar_phonon_R2_grouped.png, id=323, 2083.785pt x 1050.17343pt>
File: figures/fig2_bar_phonon_R2_grouped.png Graphic file (type png)
<use figures/fig2_bar_phonon_R2_grouped.png>
Package pdftex.def Info: figures/fig2_bar_phonon_R2_grouped.png  used on input 
line 31.
(pdftex.def)             Requested size: 160.15854pt x 80.71457pt.

Underfull \hbox (badness 1033) in paragraph at lines 39--43
\OT1/cmr/m/n/10 surrogate pair on the elas-tic ten-sor dataset. The
 []

[6]
Underfull \vbox (badness 2302) has occurred while \output is active []

<figures/fig3_heatmap_R2_n500.pdf, id=340, 675.8555pt x 576.44473pt>
File: figures/fig3_heatmap_R2_n500.pdf Graphic file (type pdf)
<use figures/fig3_heatmap_R2_n500.pdf>
Package pdftex.def Info: figures/fig3_heatmap_R2_n500.pdf  used on input line 1
55.
(pdftex.def)             Requested size: 160.15854pt x 136.59918pt.
<figures/fig_heatmap_dielectric_R2_n500.pdf, id=341, 675.8555pt x 576.44473pt>
File: figures/fig_heatmap_dielectric_R2_n500.pdf Graphic file (type pdf)
<use figures/fig_heatmap_dielectric_R2_n500.pdf>
Package pdftex.def Info: figures/fig_heatmap_dielectric_R2_n500.pdf  used on in
put line 162.
(pdftex.def)             Requested size: 160.15854pt x 136.59918pt.
<figures/fig_heatmap_phonon_R2_n500.pdf, id=342, 675.8555pt x 576.44473pt>
File: figures/fig_heatmap_phonon_R2_n500.pdf Graphic file (type pdf)
<use figures/fig_heatmap_phonon_R2_n500.pdf>
Package pdftex.def Info: figures/fig_heatmap_phonon_R2_n500.pdf  used on input 
line 169.
(pdftex.def)             Requested size: 160.15854pt x 136.59918pt.
 [7 <./figures/fig2_bar_elastic_R2_grouped.png (PNG copy)> <./figures/fig2_bar_
dielectric_R2_grouped.png (PNG copy)> <./figures/fig2_bar_phonon_R2_grouped.png
 (PNG copy)>]
<figures/fig4_pca_sensitivity_n500.pdf, id=351, 1146.86598pt x 865.3649pt>
File: figures/fig4_pca_sensitivity_n500.pdf Graphic file (type pdf)
<use figures/fig4_pca_sensitivity_n500.pdf>
Package pdftex.def Info: figures/fig4_pca_sensitivity_n500.pdf  used on input l
ine 202.
(pdftex.def)             Requested size: 160.15854pt x 120.84656pt.
<figures/fig_pca_dielectric_R2_n500.pdf, id=352, 1146.86598pt x 865.3649pt>
File: figures/fig_pca_dielectric_R2_n500.pdf Graphic file (type pdf)
<use figures/fig_pca_dielectric_R2_n500.pdf>
Package pdftex.def Info: figures/fig_pca_dielectric_R2_n500.pdf  used on input 
line 209.
(pdftex.def)             Requested size: 160.15854pt x 120.84656pt.
<figures/fig_pca_phonon_R2_n500.pdf, id=353, 1146.86598pt x 865.3649pt>
File: figures/fig_pca_phonon_R2_n500.pdf Graphic file (type pdf)
<use figures/fig_pca_phonon_R2_n500.pdf>
Package pdftex.def Info: figures/fig_pca_phonon_R2_n500.pdf  used on input line
 216.
(pdftex.def)             Requested size: 160.15854pt x 120.84656pt.

Underfull \hbox (badness 1253) in paragraph at lines 229--232
\OT1/cmr/m/n/10 again in-di-cat-ing that SOAP's use-ful in-for-ma-tion is
 []

[8 <./figures/fig3_heatmap_R2_n500.pdf> <./figures/fig_heatmap_dielectric_R2_n5
00.pdf> <./figures/fig_heatmap_phonon_R2_n500.pdf> <./figures/fig4_pca_sensitiv
ity_n500.pdf> <./figures/fig_pca_dielectric_R2_n500.pdf> <./figures/fig_pca_pho
non_R2_n500.pdf>]
<figures/fig5_learning_curve_R2.png, id=847, 711.1368pt x 422.2977pt>
File: figures/fig5_learning_curve_R2.png Graphic file (type png)
<use figures/fig5_learning_curve_R2.png>
Package pdftex.def Info: figures/fig5_learning_curve_R2.png  used on input line
 247.
(pdftex.def)             Requested size: 245.24199pt x 145.63486pt.

Overfull \hbox (0.66533pt too wide) in paragraph at lines 257--266
 [][] 
 []

<figures/fig_combined_dielectric_R2_learning_curve.png, id=850, 711.1368pt x 42
2.2977pt>
File: figures/fig_combined_dielectric_R2_learning_curve.png Graphic file (type 
png)
<use figures/fig_combined_dielectric_R2_learning_curve.png>
Package pdftex.def Info: figures/fig_combined_dielectric_R2_learning_curve.png 
 used on input line 291.
(pdftex.def)             Requested size: 117.7151pt x 69.90164pt.
<figures/fig_combined_dielectric_Spearman_learning_curve.png, id=851, 710.8959p
t x 422.2977pt>
File: figures/fig_combined_dielectric_Spearman_learning_curve.png Graphic file 
(type png)
<use figures/fig_combined_dielectric_Spearman_learning_curve.png>
Package pdftex.def Info: figures/fig_combined_dielectric_Spearman_learning_curv
e.png  used on input line 298.
(pdftex.def)             Requested size: 117.7151pt x 69.92097pt.
<figures/fig_combined_phonon_R2_learning_curve.png, id=853, 711.1368pt x 422.29
77pt>
File: figures/fig_combined_phonon_R2_learning_curve.png Graphic file (type png)

<use figures/fig_combined_phonon_R2_learning_curve.png>
Package pdftex.def Info: figures/fig_combined_phonon_R2_learning_curve.png  use
d on input line 315.
(pdftex.def)             Requested size: 117.7151pt x 69.90164pt.
<figures/fig_combined_phonon_Spearman_learning_curve.png, id=854, 710.8959pt x 
422.2977pt>
File: figures/fig_combined_phonon_Spearman_learning_curve.png Graphic file (typ
e png)
<use figures/fig_combined_phonon_Spearman_learning_curve.png>
Package pdftex.def Info: figures/fig_combined_phonon_Spearman_learning_curve.pn
g  used on input line 322.
(pdftex.def)             Requested size: 117.7151pt x 69.92097pt.

Underfull \vbox (badness 10000) has occurred while \output is active []

 [9 <./figures/fig5_learning_curve_R2.png> <./figures/fig_combined_dielectric_R
2_learning_curve.png> <./figures/fig_combined_dielectric_Spearman_learning_curv
e.png>]
<figures/fig6_property_difficulty.pdf, id=868, 1568.40251pt x 711.92911pt>
File: figures/fig6_property_difficulty.pdf Graphic file (type pdf)
<use figures/fig6_property_difficulty.pdf>
Package pdftex.def Info: figures/fig6_property_difficulty.pdf  used on input li
ne 344.
(pdftex.def)             Requested size: 160.15854pt x 72.69618pt.
<figures/fig_difficulty_dielectric_n500.pdf, id=869, 1567.71022pt x 711.92911pt
>
File: figures/fig_difficulty_dielectric_n500.pdf Graphic file (type pdf)
<use figures/fig_difficulty_dielectric_n500.pdf>
Package pdftex.def Info: figures/fig_difficulty_dielectric_n500.pdf  used on in
put line 351.
(pdftex.def)             Requested size: 160.15854pt x 72.72878pt.
<figures/fig_difficulty_phonon_n500.pdf, id=870, 1567.9211pt x 711.92911pt>
File: figures/fig_difficulty_phonon_n500.pdf Graphic file (type pdf)
<use figures/fig_difficulty_phonon_n500.pdf>
Package pdftex.def Info: figures/fig_difficulty_phonon_n500.pdf  used on input 
line 358.
(pdftex.def)             Requested size: 160.15854pt x 72.71791pt.
<figures/fig7_radar_orb_R2.pdf, id=871, 900.8796pt x 915.18382pt>
File: figures/fig7_radar_orb_R2.pdf Graphic file (type pdf)
<use figures/fig7_radar_orb_R2.pdf>
Package pdftex.def Info: figures/fig7_radar_orb_R2.pdf  used on input line 370.

(pdftex.def)             Requested size: 160.15854pt x 162.70111pt.
<figures/fig_radar_dielectric_orb_R2_n500.pdf, id=872, 925.72241pt x 915.13678p
t>
File: figures/fig_radar_dielectric_orb_R2_n500.pdf Graphic file (type pdf)
<use figures/fig_radar_dielectric_orb_R2_n500.pdf>
Package pdftex.def Info: figures/fig_radar_dielectric_orb_R2_n500.pdf  used on 
input line 377.
(pdftex.def)             Requested size: 160.15854pt x 158.32207pt.
<figures/fig_radar_phonon_orb_R2_n500.pdf, id=873, 892.41045pt x 917.92845pt>
File: figures/fig_radar_phonon_orb_R2_n500.pdf Graphic file (type pdf)
<use figures/fig_radar_phonon_orb_R2_n500.pdf>
Package pdftex.def Info: figures/fig_radar_phonon_orb_R2_n500.pdf  used on inpu
t line 384.
(pdftex.def)             Requested size: 160.15854pt x 164.72977pt.

Underfull \vbox (badness 10000) has occurred while \output is active []

 [10 <./figures/fig6_property_difficulty.pdf> <./figures/fig_difficulty_dielect
ric_n500.pdf> <./figures/fig_difficulty_phonon_n500.pdf> <./figures/fig_combine
d_phonon_R2_learning_curve.png> <./figures/fig_combined_phonon_Spearman_learnin
g_curve.png>]
Overfull \hbox (26.92537pt too wide) in paragraph at lines 457--466
 [][] 
 []


Underfull \vbox (badness 1838) has occurred while \output is active []

<figures/fig_parity_elastic_K_VRH_orb_gp.png, id=1152, 711.1368pt x 566.5968pt>

File: figures/fig_parity_elastic_K_VRH_orb_gp.png Graphic file (type png)
<use figures/fig_parity_elastic_K_VRH_orb_gp.png>
Package pdftex.def Info: figures/fig_parity_elastic_K_VRH_orb_gp.png  used on i
nput line 481.
(pdftex.def)             Requested size: 117.7151pt x 93.78703pt.
<figures/fig_parity_elastic_poisson_orb_gp.png, id=1153, 711.1368pt x 566.5968p
t>
File: figures/fig_parity_elastic_poisson_orb_gp.png Graphic file (type png)
<use figures/fig_parity_elastic_poisson_orb_gp.png>
Package pdftex.def Info: figures/fig_parity_elastic_poisson_orb_gp.png  used on
 input line 487.
(pdftex.def)             Requested size: 117.7151pt x 93.78703pt.

Underfull \hbox (badness 1097) in paragraph at lines 488--488
[]\OT1/cmr/m/n/9 (b) |Pois-son's ra-tio ($\OML/cmm/m/it/9 R[] \OT1/cmr/m/n/9 =
 []


Underfull \hbox (badness 1057) in paragraph at lines 494--496
[]\OT1/cmr/m/n/10 Figure [][]11[][] presents par-ity plots for the di-elec-tric

 []

<figures/fig_parity_dielectric_band_gap_orb_gp.png, id=1155, 711.1368pt x 566.5
968pt>
File: figures/fig_parity_dielectric_band_gap_orb_gp.png Graphic file (type png)

<use figures/fig_parity_dielectric_band_gap_orb_gp.png>
Package pdftex.def Info: figures/fig_parity_dielectric_band_gap_orb_gp.png  use
d on input line 501.
(pdftex.def)             Requested size: 117.7151pt x 93.78703pt.
<figures/fig_parity_dielectric_poly_electronic_orb_gp.png, id=1156, 711.1368pt 
x 566.5968pt>
File: figures/fig_parity_dielectric_poly_electronic_orb_gp.png Graphic file (ty
pe png)
<use figures/fig_parity_dielectric_poly_electronic_orb_gp.png>
Package pdftex.def Info: figures/fig_parity_dielectric_poly_electronic_orb_gp.p
ng  used on input line 507.
(pdftex.def)             Requested size: 117.7151pt x 93.78703pt.
[11 <./figures/fig7_radar_orb_R2.pdf> <./figures/fig_radar_dielectric_orb_R2_n5
00.pdf> <./figures/fig_radar_phonon_orb_R2_n500.pdf> <./figures/fig_parity_elas
tic_K_VRH_orb_gp.png> <./figures/fig_parity_elastic_poisson_orb_gp.png>]
<figures/fig_parity_phonon_phdos_peak_orb_gp.png, id=1499, 711.1368pt x 566.596
8pt>
File: figures/fig_parity_phonon_phdos_peak_orb_gp.png Graphic file (type png)
<use figures/fig_parity_phonon_phdos_peak_orb_gp.png>
Package pdftex.def Info: figures/fig_parity_phonon_phdos_peak_orb_gp.png  used 
on input line 521.
(pdftex.def)             Requested size: 117.7151pt x 93.78703pt.
<figures/fig_parity_phonon_eps_electronic_orb_gp.png, id=1500, 711.1368pt x 554
.3109pt>
File: figures/fig_parity_phonon_eps_electronic_orb_gp.png Graphic file (type pn
g)
<use figures/fig_parity_phonon_eps_electronic_orb_gp.png>
Package pdftex.def Info: figures/fig_parity_phonon_eps_electronic_orb_gp.png  u
sed on input line 527.
(pdftex.def)             Requested size: 117.7151pt x 91.75337pt.

Underfull \hbox (badness 4303) in paragraph at lines 528--528
[]\OT1/cmr/m/n/9 (b) |eps[]electronic ($\OML/cmm/m/it/9 R[] \OMS/cmsy/m/n/9 ^^Y

 []


Underfull \hbox (badness 1648) in paragraph at lines 530--530
[]\OT1/cmr/m/n/10 Figure 12: |Par-ity plots for the phonon di-elec-tric
 []

<figures/fig_cross_dataset_R2_by_descriptor.png, id=1503, 1214.8587pt x 413.384
4pt>
File: figures/fig_cross_dataset_R2_by_descriptor.png Graphic file (type png)
<use figures/fig_cross_dataset_R2_by_descriptor.png>
Package pdftex.def Info: figures/fig_cross_dataset_R2_by_descriptor.png  used o
n input line 562.
(pdftex.def)             Requested size: 240.23016pt x 81.74187pt.
<figures/fig_cross_dataset_spearman_by_descriptor.png, id=1504, 1214.8587pt x 4
13.3844pt>
File: figures/fig_cross_dataset_spearman_by_descriptor.png Graphic file (type p
ng)
<use figures/fig_cross_dataset_spearman_by_descriptor.png>
Package pdftex.def Info: figures/fig_cross_dataset_spearman_by_descriptor.png  
used on input line 569.
(pdftex.def)             Requested size: 240.23016pt x 81.74187pt.
) (./sections/discussion.tex
Underfull \hbox (badness 1178) in paragraph at lines 7--12
\OT1/cmr/m/n/10 0\OML/cmm/m/it/10 :\OT1/cmr/m/n/10 336$, out-per-form-ing the n
ext best (MACE+DGP,
 []

[12 <./figures/fig_parity_dielectric_band_gap_orb_gp.png> <./figures/fig_parity
_dielectric_poly_electronic_orb_gp.png> <./figures/fig_parity_phonon_phdos_peak
_orb_gp.png> <./figures/fig_parity_phonon_eps_electronic_orb_gp.png>]
Underfull \hbox (badness 1728) in paragraph at lines 18--22
[]\OT1/cmr/m/n/10 Second, \OT1/cmr/m/it/10 ar-chi-tec-tural de-sign for pe-ri-o
dic sys-tems\OT1/cmr/m/n/10 .
 []

[13 <./figures/fig_cross_dataset_R2_by_descriptor.png> <./figures/fig_cross_dat
aset_spearman_by_descriptor.png>]
<figures/fig_cross_surrogate_r2_pptx.png, id=1524, 998.0487pt x 368.577pt>
File: figures/fig_cross_surrogate_r2_pptx.png Graphic file (type png)
<use figures/fig_cross_surrogate_r2_pptx.png>
Package pdftex.def Info: figures/fig_cross_surrogate_r2_pptx.png  used on input
 line 55.
(pdftex.def)             Requested size: 245.24199pt x 90.56366pt.


Package natbib Warning: Citation `yamada2019predicting' on page 14 undefined on
 input line 85.

[14 <./figures/fig_cross_surrogate_r2_pptx.png>]
Underfull \hbox (badness 2547) in paragraph at lines 105--106
[]\OT1/cmr/m/n/10 This hi-er-ar-chy has a clear phys-i-cal ex-pla-na-tion
 []


Underfull \hbox (badness 2512) in paragraph at lines 117--120
\OT1/cmr/m/n/10 information---band gaps, or-bital hy-bridi-s-a-tion, and
 []


Underfull \vbox (badness 1107) has occurred while \output is active []

 [15]
[16]
Underfull \hbox (badness 1067) in paragraph at lines 211--215
[]\OT1/cmr/m/n/10 Third, the data ef-fi-ciency of ORB embeddings---
 []


Package natbib Warning: Citation `curtarolo2012aflow' on page 17 undefined on i
nput line 232.


Package natbib Warning: Citation `ward2016general' on page 17 undefined on inpu
t line 235.


Package natbib Warning: Citation `xie2018crystal' on page 17 undefined on input
 line 235.


Package natbib Warning: Citation `chen2019graph' on page 17 undefined on input 
line 235.


Package natbib Warning: Citation `deng2023chgnet' on page 17 undefined on input
 line 235.


Package natbib Warning: Citation `merchant2023scaling' on page 17 undefined on 
input line 236.


Underfull \hbox (badness 1005) in paragraph at lines 250--255
\OT1/cmr/m/n/10 message-passing fea-turis-ers. \OT1/cmr/m/it/10 Dataset: \OT1/c
mr/m/n/10 CoRE MOF
 []


Underfull \hbox (badness 1521) in paragraph at lines 262--266
[]\OT1/cmr/m/it/10 Dataset scope. \OT1/cmr/m/n/10 Our bench-mark com-prises thr
ee
 []

[17]) (./sections/conclusion.tex
Underfull \vbox (badness 2165) has occurred while \output is active []

 [18]
Underfull \hbox (badness 10000) in paragraph at lines 38--42
[]\OT1/cmr/m/it/10 Our up-dated prac-ti-cal rec-om-men-da-tion: \OT1/cmr/m/n/10
 Use
 []


Underfull \hbox (badness 1418) in paragraph at lines 38--42
\OT1/cmr/m/n/10 Eval-u-ate sur-ro-gates by Spear-man $\OML/cmm/m/it/10 ^^Z$\OT1
/cmr/m/n/10 , not only R$[]$,
 []


Underfull \hbox (badness 2600) in paragraph at lines 38--42
\OT1/cmr/m/n/10 es-pe-cially for heavy-tailed or elec-tronic prop-er-ties.
 []


Underfull \hbox (badness 1609) in paragraph at lines 49--57
\OT1/cmr/m/n/10 un-cer-tainty cal-i-bra-tion anal-y-sis for each surrogate--
 []

)

Package natbib Warning: Citation `ward2018matminer' on page 19 undefined on inp
ut line 82.


Underfull \vbox (badness 10000) has occurred while \output is active []


(./main.bbl)

Package natbib Warning: There were undefined citations.

[19] (./main.aux)
Package rerunfilecheck Info: File `main.out' has not changed.
(rerunfilecheck)             Checksum: A582DF0008587785AC4FD119E9DA2C73;6702.
 ) 
Here is how much of TeX's memory you used:
 13466 strings out of 480247
 219131 string characters out of 5896151
 540262 words of memory out of 5000000
 31089 multiletter control sequences out of 15000+600000
 480971 words of font info for 73 fonts, out of 8000000 for 9000
 14 hyphenation exceptions out of 8191
 67i,13n,77p,672b,507s stack positions out of 5000i,500n,10000p,200000b,80000s
 </sessions/friendly-vibrant-mendel/.texlive2021/texmf-var/fonts/pk/ljfour/jk
nappen/ec/tcrm1000.600pk></usr/share/texlive/texmf-dist/fonts/type1/public/amsf
onts/cm/cmbx10.pfb></usr/share/texlive/texmf-dist/fonts/type1/public/amsfonts/c
m/cmbx12.pfb></usr/share/texlive/texmf-dist/fonts/type1/public/amsfonts/cm/cmbx
8.pfb></usr/share/texlive/texmf-dist/fonts/type1/public/amsfonts/cm/cmbx9.pfb><
/usr/share/texlive/texmf-dist/fonts/type1/public/amsfonts/cm/cmmi10.pfb></usr/s
hare/texlive/texmf-dist/fonts/type1/public/amsfonts/cm/cmmi7.pfb></usr/share/te
xlive/texmf-dist/fonts/type1/public/amsfonts/cm/cmmi8.pfb></usr/share/texlive/t
exmf-dist/fonts/type1/public/amsfonts/cm/cmmi9.pfb></usr/share/texlive/texmf-di
st/fonts/type1/public/amsfonts/cm/cmr10.pfb></usr/share/texlive/texmf-dist/font
s/type1/public/amsfonts/cm/cmr12.pfb></usr/share/texlive/texmf-dist/fonts/type1
/public/amsfonts/cm/cmr17.pfb></usr/share/texlive/texmf-dist/fonts/type1/public
/amsfonts/cm/cmr6.pfb></usr/share/texlive/texmf-dist/fonts/type1/public/amsfont
s/cm/cmr7.pfb></usr/share/texlive/texmf-dist/fonts/type1/public/amsfonts/cm/cmr
8.pfb></usr/share/texlive/texmf-dist/fonts/type1/public/amsfonts/cm/cmr9.pfb></
usr/share/texlive/texmf-dist/fonts/type1/public/amsfonts/cm/cmsy10.pfb></usr/sh
are/texlive/texmf-dist/fonts/type1/public/amsfonts/cm/cmsy7.pfb></usr/share/tex
live/texmf-dist/fonts/type1/public/amsfonts/cm/cmsy8.pfb></usr/share/texlive/te
xmf-dist/fonts/type1/public/amsfonts/cm/cmsy9.pfb></usr/share/texlive/texmf-dis
t/fonts/type1/public/amsfonts/cm/cmti10.pfb></usr/share/texlive/texmf-dist/font
s/type1/public/amsfonts/cm/cmti9.pfb></usr/share/texlive/texmf-dist/fonts/type1
/public/amsfonts/cm/cmtt10.pfb></usr/share/texlive/texmf-dist/fonts/type1/publi
c/amsfonts/cm/cmtt9.pfb>
Output written on main.pdf (19 pages, 6047198 bytes).
PDF statistics:
 1681 PDF objects out of 1728 (max. 8388607)
 517 compressed objects within 6 object streams
 84 named destinations out of 1000 (max. 500000)
 439 words of extra memory for PDF output out of 10000 (max. 10000000)

