Phase-3 v4 MG BASELINE seed=99 cycles=20 at Sun May  3 08:37:12 CDT 2026 on fc101
Tesla T4, 16384 MiB
MODELS_PROJECT_ROOT: /scratch/user/ahnafalvi/matinvent-bo/src/mattergen/mattergen
[2026-05-03 08:45:34,809][httpx][INFO] - HTTP Request: HEAD https://huggingface.co/jwchen25/MatInvent/resolve/main/reference_MP2020correction.gz "HTTP/1.1 302 Found"
[2026-05-03 08:46:52,587][httpx][INFO] - HTTP Request: HEAD https://huggingface.co/microsoft/mattergen/resolve/main/checkpoints/mattergen_base/checkpoints/last.ckpt "HTTP/1.1 302 Found"
[2026-05-03 08:46:52,726][httpx][INFO] - HTTP Request: HEAD https://huggingface.co/microsoft/mattergen/resolve/main/checkpoints/mattergen_base/config.yaml "HTTP/1.1 307 Temporary Redirect"
[2026-05-03 08:46:52,772][httpx][INFO] - HTTP Request: HEAD https://huggingface.co/api/resolve-cache/models/microsoft/mattergen/ea430eab64b80855029c2941b9fda15f245a771a/checkpoints%2Fmattergen_base%2Fconfig.yaml "HTTP/1.1 200 OK"
[2026-05-03 08:47:06,090][httpx][INFO] - HTTP Request: HEAD https://huggingface.co/microsoft/mattergen/resolve/main/checkpoints/mattergen_base/checkpoints/last.ckpt "HTTP/1.1 302 Found"
[2026-05-03 08:47:06,148][httpx][INFO] - HTTP Request: HEAD https://huggingface.co/microsoft/mattergen/resolve/main/checkpoints/mattergen_base/config.yaml "HTTP/1.1 307 Temporary Redirect"
[2026-05-03 08:47:06,160][httpx][INFO] - HTTP Request: HEAD https://huggingface.co/api/resolve-cache/models/microsoft/mattergen/ea430eab64b80855029c2941b9fda15f245a771a/checkpoints%2Fmattergen_base%2Fconfig.yaml "HTTP/1.1 200 OK"
[2026-05-03 08:47:09,333][root][INFO] - *****   RL START   *****
[2026-05-03 08:47:09,333][root][INFO] - *****   LOOP 0 START   *****
[2026-05-03 08:47:09,333][root][INFO] - SAMPLE:
[32m2026-05-03 09:10:38.509[0m | [1mINFO    [0m | [36mmattersim.forcefield.potential[0m:[36mfrom_checkpoint[0m:[36m891[0m - [1mLoading the pre-trained mattersim-v1.0.0-5M.pth model[0m
[2026-05-03 09:20:22,041][root][INFO] - Number of filtered samples: 20
[2026-05-03 09:20:22,083][root][INFO] - avg_energy_above_hull_per_atom: 0.069557, avg_rmsd_from_relaxation: 0.060570, frac_novel_unique_stable_structures: 0.333333, frac_stable_structures: 0.766667, frac_successful_jobs: 1.000000, avg_comp_validity: 1.000000, avg_structure_comp_validity: 1.000000, avg_structure_validity: 1.000000, frac_novel_structures: 0.533333, frac_novel_systems: 0.100000, frac_novel_unique_structures: 0.533333, frac_unique_structures: 1.000000, frac_unique_systems: 1.000000, precision: 0.466667, recall: 0.000045
[2026-05-03 09:20:22,109][root][INFO] - SCORE:
[2026-05-03 09:20:22,177][root][INFO] - Project root: /scratch/user/ahnafalvi/envs/matinvent-hcap-bo/lib/python3.10/site-packages/fairchem
[2026-05-03 09:20:22,648][root][INFO] - Checking local cache: /scratch/user/ahnafalvi/.cache/huggingface for model eSEN-30M-OAM
[2026-05-03 09:20:22,751][httpx][INFO] - HTTP Request: HEAD https://huggingface.co/facebook/OMAT24/resolve/main/esen_30m_oam.pt "HTTP/1.1 302 Found"
[2026-05-03 09:20:23,051][root][INFO] - local rank base: 0
[2026-05-03 09:20:24,420][root][INFO] - amp: false
cmd:
  checkpoint_dir: /scratch/user/ahnafalvi/matinvent-hcap-bo/results_bm/bm_p3v4_bm_mg_baseline_seed99_3003719/checkpoints/2026-05-03-09-19-44
  commit: core:None,experimental:NA
  identifier: ''
  logs_dir: /scratch/user/ahnafalvi/matinvent-hcap-bo/results_bm/bm_p3v4_bm_mg_baseline_seed99_3003719/logs/wandb/2026-05-03-09-19-44
  print_every: 100
  results_dir: /scratch/user/ahnafalvi/matinvent-hcap-bo/results_bm/bm_p3v4_bm_mg_baseline_seed99_3003719/results/2026-05-03-09-19-44
  seed: null
  timestamp_id: 2026-05-03-09-19-44
  version: 1.10.0
dataset:
  a2g_args:
    r_energy: true
    r_forces: true
    r_stress: true
  format: ase_db
  metadata_path: ''
  transforms:
    element_references: ''
    normalizer:
      energy:
        mean: 0.0
        stdev: 0.6274358
      forces:
        mean: 0.0
        stdev: 0.6274358
      stress:
        mean: 0.0
        stdev: 0.6274358
evaluation_metrics:
  metrics:
    energy:
    - mae
    - per_atom_mae
    forces:
    - mae
    - cosine_similarity
    stress:
    - mae
  primary_metric: forces_mae
gp_gpus: null
gpus: 1
logger: wandb
loss_functions:
- energy:
    coefficient: 20
    fn: per_atom_mae
- forces:
    coefficient: 20
    fn: l2mae
- stress:
    coefficient: 5
    fn: mae
model:
  backbone:
    act_type: gate
    cutoff: 6.0
    direct_forces: false
    distance_function: gaussian
    edge_channels: 128
    hidden_channels: 128
    lmax: 3
    max_neighbors: 300
    max_num_elements: 100
    mlp_type: spectral
    mmax: 2
    model: esen_backbone
    norm_type: rms_norm_sh
    num_distance_basis: 64
    num_layers: 10
    otf_graph: true
    regress_forces: true
    regress_stress: true
    sphere_channels: 128
    use_envelope: true
    use_pbc: true
    use_pbc_single: true
  heads:
    mptrj:
      module: esen_mlp_efs_head
  name: hydra
  otf_graph: true
  pass_through_head_outputs: true
optim:
  batch_size: 4
  clip_grad_norm: 100
  ema_decay: 0.999
  eval_batch_size: 4
  eval_every: 5000
  load_balancing: atoms
  lr_initial: 0.0004
  max_epochs: 1
  num_workers: 4
  optimizer: AdamW
  optimizer_params:
    weight_decay: 0.001
  scheduler: LambdaLR
  scheduler_params:
    epochs: 85271
    lambda_type: cosine
    lr: 0.0004
    lr_min_factor: 0.1
    warmup_epochs: 8527
    warmup_factor: 0.2
outputs:
  energy:
    level: system
    property: energy
  forces:
    eval_on_free_atoms: true
    level: atom
    property: forces
    train_on_free_atoms: true
  stress:
    level: system
    property: stress
relax_dataset: {}
slurm: {}
task: {}
test_dataset: {}
trainer: ocp
val_dataset: {}

[2026-05-03 09:20:24,420][root][INFO] - Loading model: hydra
[2026-05-03 09:20:24,796][root][INFO] - Loaded HydraModel with 30161153 parameters.
[2026-05-03 09:20:24,796][root][INFO] - Loading checkpoint in inference-only mode, not loading keys associated with trainer state!
[2026-05-03 09:20:24,830][root][WARNING] - No seed has been set in modelcheckpoint or OCPCalculator! Results may not be reproducible on re-run
[2026-05-03 09:22:45,730][root][INFO] - Evaluation costs to date: 16
[2026-05-03 09:22:45,731][root][INFO] - Number of samples that successfully obtained rewards: 16
[2026-05-03 09:22:45,731][root][INFO] - reward mean=0.1017 std=0.0957
[2026-05-03 09:22:45,731][root][INFO] - bulk_modulus mean=58.3390 std=36.7317
[2026-05-03 09:22:45,786][root][INFO] - 16 crystals generated so far, 16 unique components.  Burden: None, Div. Ratio: 1.0.
[2026-05-03 09:22:45,794][root][INFO] - Diversity filter: tol_n=0, buff_n=0
[2026-05-03 09:22:45,796][root][INFO] - replay buffer size=6
[2026-05-03 09:22:45,796][root][INFO] - buffer reward mean=0.21100164666751106
[2026-05-03 09:22:45,796][root][INFO] - FINETUNE:
[2026-05-03 09:30:41,594][root][INFO] - Epoch 0: loss: 0.0883, loss_diff: 0.0877, loss_kl: 0.0247
[2026-05-03 09:38:44,138][root][INFO] - Epoch 1: loss: 0.0851, loss_diff: 0.0810, loss_kl: 0.1670
[2026-05-03 09:46:42,828][root][INFO] - Epoch 2: loss: 0.0847, loss_diff: 0.0797, loss_kl: 0.2027
[2026-05-03 09:46:42,832][root][INFO] - *****   LOOP 0 FINISH   *****
[2026-05-03 09:46:42,833][root][INFO] - Total time taken: 59.56 min.


[2026-05-03 09:46:42,833][root][INFO] - *****   LOOP 1 START   *****
[2026-05-03 09:46:42,833][root][INFO] - SAMPLE:
[32m2026-05-03 10:10:40.996[0m | [1mINFO    [0m | [36mmattersim.forcefield.potential[0m:[36mfrom_checkpoint[0m:[36m891[0m - [1mLoading the pre-trained mattersim-v1.0.0-5M.pth model[0m
[2026-05-03 10:11:54,856][root][INFO] - Number of filtered samples: 24
[2026-05-03 10:11:54,895][root][INFO] - avg_energy_above_hull_per_atom: 0.074658, avg_rmsd_from_relaxation: 0.069261, frac_novel_unique_stable_structures: 0.461538, frac_stable_structures: 0.769231, frac_successful_jobs: 1.000000, avg_comp_validity: 1.000000, avg_structure_comp_validity: 1.000000, avg_structure_validity: 1.000000, frac_novel_structures: 0.692308, frac_novel_systems: 0.173077, frac_novel_unique_structures: 0.692308, frac_unique_structures: 1.000000, frac_unique_systems: 1.000000, precision: 0.307692, recall: 0.000069
[2026-05-03 10:11:54,918][root][INFO] - SCORE:
[2026-05-03 10:13:46,182][root][INFO] - Evaluation costs to date: 32
[2026-05-03 10:13:46,183][root][INFO] - Number of samples that successfully obtained rewards: 16
[2026-05-03 10:13:46,183][root][INFO] - reward mean=0.1089 std=0.1043
[2026-05-03 10:13:46,183][root][INFO] - bulk_modulus mean=61.0644 std=39.9594
[2026-05-03 10:13:46,317][root][INFO] - 32 crystals generated so far, 32 unique components.  Burden: None, Div. Ratio: 1.0.
[2026-05-03 10:13:46,360][root][INFO] - Diversity filter: tol_n=0, buff_n=0
[2026-05-03 10:13:46,363][root][INFO] - replay buffer size=12
[2026-05-03 10:13:46,363][root][INFO] - buffer reward mean=0.2126061941619356
[2026-05-03 10:13:46,363][root][INFO] - FINETUNE:
[2026-05-03 10:26:12,202][root][INFO] - Epoch 0: loss: 0.0806, loss_diff: 0.0776, loss_kl: 0.1216
[2026-05-03 10:38:40,567][root][INFO] - Epoch 1: loss: 0.0863, loss_diff: 0.0770, loss_kl: 0.3686
[2026-05-03 10:51:08,691][root][INFO] - Epoch 2: loss: 0.1004, loss_diff: 0.0769, loss_kl: 0.9386
[2026-05-03 10:51:08,695][root][INFO] - *****   LOOP 1 FINISH   *****
[2026-05-03 10:51:08,696][root][INFO] - Total time taken: 64.43 min.


[2026-05-03 10:51:08,696][root][INFO] - *****   LOOP 2 START   *****
[2026-05-03 10:51:08,696][root][INFO] - SAMPLE:
[32m2026-05-03 11:12:01.228[0m | [1mINFO    [0m | [36mmattersim.forcefield.potential[0m:[36mfrom_checkpoint[0m:[36m891[0m - [1mLoading the pre-trained mattersim-v1.0.0-5M.pth model[0m
[2026-05-03 11:12:47,562][root][INFO] - Number of filtered samples: 26
[2026-05-03 11:12:47,775][root][INFO] - avg_energy_above_hull_per_atom: 0.066912, avg_rmsd_from_relaxation: 0.080260, frac_novel_unique_stable_structures: 0.448276, frac_stable_structures: 0.810345, frac_successful_jobs: 1.000000, avg_comp_validity: 1.000000, avg_structure_comp_validity: 1.000000, avg_structure_validity: 1.000000, frac_novel_structures: 0.603448, frac_novel_systems: 0.017241, frac_novel_unique_structures: 0.603448, frac_unique_structures: 1.000000, frac_unique_systems: 1.000000, precision: 0.396552, recall: 0.000040
[2026-05-03 11:12:47,785][root][INFO] - SCORE:
[2026-05-03 11:14:16,999][root][INFO] - Evaluation costs to date: 48
[2026-05-03 11:14:17,000][root][INFO] - Number of samples that successfully obtained rewards: 16
[2026-05-03 11:14:17,000][root][INFO] - reward mean=0.0743 std=0.0512
[2026-05-03 11:14:17,000][root][INFO] - bulk_modulus mean=47.9815 std=19.8154
[2026-05-03 11:14:17,136][root][INFO] - 48 crystals generated so far, 48 unique components.  Burden: None, Div. Ratio: 1.0.
[2026-05-03 11:14:17,147][root][INFO] - Diversity filter: tol_n=0, buff_n=0
[2026-05-03 11:14:17,150][root][INFO] - replay buffer size=16
[2026-05-03 11:14:17,150][root][INFO] - buffer reward mean=0.19591077655741018
[2026-05-03 11:14:17,150][root][INFO] - FINETUNE:
[2026-05-03 11:30:54,708][root][INFO] - Epoch 0: loss: 0.0747, loss_diff: 0.0718, loss_kl: 0.1164
[2026-05-03 11:47:34,511][root][INFO] - Epoch 1: loss: 0.0746, loss_diff: 0.0707, loss_kl: 0.1552
[2026-05-03 12:04:04,134][root][INFO] - Epoch 2: loss: 0.0769, loss_diff: 0.0702, loss_kl: 0.2689
[2026-05-03 12:04:04,157][root][INFO] - *****   LOOP 2 FINISH   *****
[2026-05-03 12:04:04,157][root][INFO] - Total time taken: 72.92 min.


[2026-05-03 12:04:04,157][root][INFO] - *****   LOOP 3 START   *****
[2026-05-03 12:04:04,157][root][INFO] - SAMPLE:
[32m2026-05-03 12:26:38.134[0m | [1mINFO    [0m | [36mmattersim.forcefield.potential[0m:[36mfrom_checkpoint[0m:[36m891[0m - [1mLoading the pre-trained mattersim-v1.0.0-5M.pth model[0m
[2026-05-03 12:27:31,440][root][INFO] - Number of filtered samples: 24
[2026-05-03 12:27:31,571][root][INFO] - avg_energy_above_hull_per_atom: 0.078839, avg_rmsd_from_relaxation: 0.056651, frac_novel_unique_stable_structures: 0.421053, frac_stable_structures: 0.789474, frac_successful_jobs: 1.000000, avg_comp_validity: 1.000000, avg_structure_comp_validity: 1.000000, avg_structure_validity: 1.000000, frac_novel_structures: 0.631579, frac_novel_systems: 0.052632, frac_novel_unique_structures: 0.631579, frac_unique_structures: 1.000000, frac_unique_systems: 1.000000, precision: 0.368421, recall: 0.000050
[2026-05-03 12:27:31,594][root][INFO] - SCORE:
[2026-05-03 12:28:43,013][root][INFO] - Evaluation costs to date: 64
[2026-05-03 12:28:43,014][root][INFO] - Number of samples that successfully obtained rewards: 16
[2026-05-03 12:28:43,014][root][INFO] - reward mean=0.1068 std=0.0821
[2026-05-03 12:28:43,014][root][INFO] - bulk_modulus mean=60.3624 std=31.4748
[2026-05-03 12:28:43,169][root][INFO] - 64 crystals generated so far, 64 unique components.  Burden: None, Div. Ratio: 1.0.
[2026-05-03 12:28:43,179][root][INFO] - Diversity filter: tol_n=0, buff_n=0
[2026-05-03 12:28:43,182][root][INFO] - replay buffer size=22
[2026-05-03 12:28:43,182][root][INFO] - buffer reward mean=0.19617269754645017
[2026-05-03 12:28:43,183][root][INFO] - FINETUNE:
[2026-05-03 12:42:11,352][root][INFO] - Epoch 0: loss: 0.0732, loss_diff: 0.0692, loss_kl: 0.1607
[2026-05-03 12:55:42,043][root][INFO] - Epoch 1: loss: 0.0751, loss_diff: 0.0683, loss_kl: 0.2715
[2026-05-03 13:09:13,976][root][INFO] - Epoch 2: loss: 0.0869, loss_diff: 0.0679, loss_kl: 0.7605
[2026-05-03 13:09:13,979][root][INFO] - *****   LOOP 3 FINISH   *****
[2026-05-03 13:09:13,980][root][INFO] - Total time taken: 65.16 min.


[2026-05-03 13:09:13,980][root][INFO] - *****   LOOP 4 START   *****
[2026-05-03 13:09:13,981][root][INFO] - SAMPLE:
[32m2026-05-03 13:31:31.198[0m | [1mINFO    [0m | [36mmattersim.forcefield.potential[0m:[36mfrom_checkpoint[0m:[36m891[0m - [1mLoading the pre-trained mattersim-v1.0.0-5M.pth model[0m
[2026-05-03 13:32:45,272][root][INFO] - Number of filtered samples: 23
[2026-05-03 13:32:45,288][root][INFO] - avg_energy_above_hull_per_atom: 0.063631, avg_rmsd_from_relaxation: 0.040486, frac_novel_unique_stable_structures: 0.410714, frac_stable_structures: 0.857143, frac_successful_jobs: 1.000000, avg_comp_validity: 1.000000, avg_structure_comp_validity: 1.000000, avg_structure_validity: 1.000000, frac_novel_structures: 0.535714, frac_novel_systems: 0.071429, frac_novel_unique_structures: 0.535714, frac_unique_structures: 1.000000, frac_unique_systems: 1.000000, precision: 0.464286, recall: 0.000054
[2026-05-03 13:32:45,317][root][INFO] - SCORE:
[2026-05-03 13:35:28,507][root][INFO] - Evaluation costs to date: 80
[2026-05-03 13:35:28,508][root][INFO] - Number of samples that successfully obtained rewards: 16
[2026-05-03 13:35:28,509][root][INFO] - reward mean=0.1740 std=0.1545
[2026-05-03 13:35:28,509][root][INFO] - bulk_modulus mean=86.1152 std=58.7106
[2026-05-03 13:35:29,574][root][INFO] - 80 crystals generated so far, 80 unique components.  Burden: None, Div. Ratio: 1.0.
[2026-05-03 13:35:29,703][root][INFO] - Diversity filter: tol_n=0, buff_n=0
[2026-05-03 13:35:29,706][root][INFO] - replay buffer size=30
[2026-05-03 13:35:29,706][root][INFO] - buffer reward mean=0.21982770359571285
[2026-05-03 13:35:29,706][root][INFO] - FINETUNE:
[2026-05-03 13:49:25,117][root][INFO] - Epoch 0: loss: 0.0979, loss_diff: 0.0919, loss_kl: 0.2383
[2026-05-03 14:03:22,065][root][INFO] - Epoch 1: loss: 0.0966, loss_diff: 0.0892, loss_kl: 0.2969
[2026-05-03 14:18:01,967][root][INFO] - Epoch 2: loss: 0.0983, loss_diff: 0.0879, loss_kl: 0.4143
[2026-05-03 14:18:02,018][root][INFO] - *****   LOOP 4 FINISH   *****
[2026-05-03 14:18:02,019][root][INFO] - Total time taken: 68.80 min.


[2026-05-03 14:18:02,019][root][INFO] - *****   LOOP 5 START   *****
[2026-05-03 14:18:02,019][root][INFO] - SAMPLE:
[32m2026-05-03 14:43:13.257[0m | [1mINFO    [0m | [36mmattersim.forcefield.potential[0m:[36mfrom_checkpoint[0m:[36m891[0m - [1mLoading the pre-trained mattersim-v1.0.0-5M.pth model[0m
[2026-05-03 14:46:37,146][root][INFO] - Number of filtered samples: 20
[2026-05-03 14:46:37,165][root][INFO] - avg_energy_above_hull_per_atom: 0.076440, avg_rmsd_from_relaxation: 0.086844, frac_novel_unique_stable_structures: 0.363636, frac_stable_structures: 0.709091, frac_successful_jobs: 1.000000, avg_comp_validity: 1.000000, avg_structure_comp_validity: 1.000000, avg_structure_validity: 1.000000, frac_novel_structures: 0.654545, frac_novel_systems: 0.054545, frac_novel_unique_structures: 0.654545, frac_unique_structures: 1.000000, frac_unique_systems: 1.000000, precision: 0.345455, recall: 0.000031
[2026-05-03 14:46:37,176][root][INFO] - SCORE:
[2026-05-03 14:50:26,179][root][INFO] - Evaluation costs to date: 96
[2026-05-03 14:50:26,180][root][INFO] - Number of samples that successfully obtained rewards: 16
[2026-05-03 14:50:26,180][root][INFO] - reward mean=0.1499 std=0.1101
[2026-05-03 14:50:26,180][root][INFO] - bulk_modulus mean=76.5527 std=42.4551
[2026-05-03 14:50:29,182][root][INFO] - 96 crystals generated so far, 96 unique components.  Burden: None, Div. Ratio: 1.0.
[2026-05-03 14:50:29,639][root][INFO] - Diversity filter: tol_n=0, buff_n=0
[2026-05-03 14:50:29,666][root][INFO] - replay buffer size=38
[2026-05-03 14:50:29,666][root][INFO] - buffer reward mean=0.2231487550383694
[2026-05-03 14:50:29,667][root][INFO] - FINETUNE:
[2026-05-03 15:05:31,428][root][INFO] - Epoch 0: loss: 0.0958, loss_diff: 0.0896, loss_kl: 0.2484
[2026-05-03 15:20:29,450][root][INFO] - Epoch 1: loss: 0.1059, loss_diff: 0.0883, loss_kl: 0.7037
[2026-05-03 15:35:26,799][root][INFO] - Epoch 2: loss: 0.1059, loss_diff: 0.0877, loss_kl: 0.7285
[2026-05-03 15:35:26,802][root][INFO] - *****   LOOP 5 FINISH   *****
[2026-05-03 15:35:26,802][root][INFO] - Total time taken: 77.41 min.


[2026-05-03 15:35:26,803][root][INFO] - *****   LOOP 6 START   *****
[2026-05-03 15:35:26,803][root][INFO] - SAMPLE:
[32m2026-05-03 15:56:40.690[0m | [1mINFO    [0m | [36mmattersim.forcefield.potential[0m:[36mfrom_checkpoint[0m:[36m891[0m - [1mLoading the pre-trained mattersim-v1.0.0-5M.pth model[0m
[2026-05-03 15:57:22,164][root][INFO] - Number of filtered samples: 17
[2026-05-03 15:57:22,208][root][INFO] - avg_energy_above_hull_per_atom: 0.063030, avg_rmsd_from_relaxation: 0.026908, frac_novel_unique_stable_structures: 0.320755, frac_stable_structures: 0.830189, frac_successful_jobs: 1.000000, avg_comp_validity: 1.000000, avg_structure_comp_validity: 1.000000, avg_structure_validity: 1.000000, frac_novel_structures: 0.490566, frac_novel_systems: 0.018868, frac_novel_unique_structures: 0.490566, frac_unique_structures: 1.000000, frac_unique_systems: 0.981132, precision: 0.509434, recall: 0.000079
[2026-05-03 15:57:22,218][root][INFO] - SCORE:
[2026-05-03 15:59:53,312][root][INFO] - Evaluation costs to date: 112
[2026-05-03 15:59:53,313][root][INFO] - Number of samples that successfully obtained rewards: 16
[2026-05-03 15:59:53,314][root][INFO] - reward mean=0.1659 std=0.1259
[2026-05-03 15:59:53,314][root][INFO] - bulk_modulus mean=83.0447 std=47.8362
[2026-05-03 15:59:53,688][root][INFO] - 112 crystals generated so far, 112 unique components.  Burden: None, Div. Ratio: 1.0.
[2026-05-03 15:59:53,798][root][INFO] - Diversity filter: tol_n=0, buff_n=0
[2026-05-03 15:59:53,801][root][INFO] - replay buffer size=46
[2026-05-03 15:59:53,802][root][INFO] - buffer reward mean=0.2307140059767107
[2026-05-03 15:59:53,802][root][INFO] - FINETUNE:
[2026-05-03 16:14:45,826][root][INFO] - Epoch 0: loss: 0.1038, loss_diff: 0.1009, loss_kl: 0.1162
[2026-05-03 16:29:44,676][root][INFO] - Epoch 1: loss: 0.1038, loss_diff: 0.0975, loss_kl: 0.2542
[2026-05-03 16:44:38,359][root][INFO] - Epoch 2: loss: 0.1074, loss_diff: 0.0959, loss_kl: 0.4613
[2026-05-03 16:44:38,568][root][INFO] - *****   LOOP 6 FINISH   *****
[2026-05-03 16:44:38,569][root][INFO] - Total time taken: 69.20 min.


[2026-05-03 16:44:38,569][root][INFO] - *****   LOOP 7 START   *****
[2026-05-03 16:44:38,569][root][INFO] - SAMPLE:
[32m2026-05-03 17:09:03.688[0m | [1mINFO    [0m | [36mmattersim.forcefield.potential[0m:[36mfrom_checkpoint[0m:[36m891[0m - [1mLoading the pre-trained mattersim-v1.0.0-5M.pth model[0m
[2026-05-03 17:10:11,515][root][INFO] - Number of filtered samples: 24
[2026-05-03 17:10:11,809][root][INFO] - avg_energy_above_hull_per_atom: 0.079189, avg_rmsd_from_relaxation: 0.027545, frac_novel_unique_stable_structures: 0.436364, frac_stable_structures: 0.745455, frac_successful_jobs: 1.000000, avg_comp_validity: 1.000000, avg_structure_comp_validity: 1.000000, avg_structure_validity: 1.000000, frac_novel_structures: 0.690909, frac_novel_systems: 0.036364, frac_novel_unique_structures: 0.690909, frac_unique_structures: 1.000000, frac_unique_systems: 1.000000, precision: 0.309091, recall: 0.000072
[2026-05-03 17:10:11,825][root][INFO] - SCORE:
[2026-05-03 17:11:40,524][root][INFO] - Evaluation costs to date: 128
[2026-05-03 17:11:40,525][root][INFO] - Number of samples that successfully obtained rewards: 16
[2026-05-03 17:11:40,526][root][INFO] - reward mean=0.2221 std=0.1757
[2026-05-03 17:11:40,526][root][INFO] - bulk_modulus mean=104.3990 std=66.7732
[2026-05-03 17:11:41,682][root][INFO] - 128 crystals generated so far, 128 unique components.  Burden: None, Div. Ratio: 1.0.
[2026-05-03 17:11:42,128][root][INFO] - Diversity filter: tol_n=0, buff_n=0
[2026-05-03 17:11:42,132][root][INFO] - replay buffer size=54
[2026-05-03 17:11:42,132][root][INFO] - buffer reward mean=0.24999943347779646
[2026-05-03 17:11:42,132][root][INFO] - FINETUNE:
[2026-05-03 17:26:25,598][root][INFO] - Epoch 0: loss: 0.1095, loss_diff: 0.1055, loss_kl: 0.1627
[2026-05-03 17:41:09,535][root][INFO] - Epoch 1: loss: 0.1118, loss_diff: 0.1043, loss_kl: 0.2971
[2026-05-03 17:55:51,695][root][INFO] - Epoch 2: loss: 0.1155, loss_diff: 0.1034, loss_kl: 0.4819
[2026-05-03 17:55:52,224][root][INFO] - *****   LOOP 7 FINISH   *****
[2026-05-03 17:55:52,225][root][INFO] - Total time taken: 71.23 min.


[2026-05-03 17:55:52,225][root][INFO] - *****   LOOP 8 START   *****
[2026-05-03 17:55:52,226][root][INFO] - SAMPLE:
[32m2026-05-03 18:19:12.450[0m | [1mINFO    [0m | [36mmattersim.forcefield.potential[0m:[36mfrom_checkpoint[0m:[36m891[0m - [1mLoading the pre-trained mattersim-v1.0.0-5M.pth model[0m
[2026-05-03 18:20:20,015][root][INFO] - Number of filtered samples: 23
[2026-05-03 18:20:20,071][root][INFO] - avg_energy_above_hull_per_atom: 0.075266, avg_rmsd_from_relaxation: 0.051377, frac_novel_unique_stable_structures: 0.425926, frac_stable_structures: 0.759259, frac_successful_jobs: 1.000000, avg_comp_validity: 1.000000, avg_structure_comp_validity: 1.000000, avg_structure_validity: 1.000000, frac_novel_structures: 0.611111, frac_novel_systems: 0.055556, frac_novel_unique_structures: 0.611111, frac_unique_structures: 1.000000, frac_unique_systems: 1.000000, precision: 0.388889, recall: 0.000072
[2026-05-03 18:20:20,138][root][INFO] - SCORE:
[2026-05-03 18:21:53,244][root][INFO] - Evaluation costs to date: 144
[2026-05-03 18:21:53,245][root][INFO] - Number of samples that successfully obtained rewards: 16
[2026-05-03 18:21:53,289][root][INFO] - reward mean=0.1795 std=0.1349
[2026-05-03 18:21:53,289][root][INFO] - bulk_modulus mean=88.2021 std=51.2751
[2026-05-03 18:21:54,531][root][INFO] - 144 crystals generated so far, 144 unique components.  Burden: None, Div. Ratio: 1.0.
[2026-05-03 18:21:54,661][root][INFO] - Diversity filter: tol_n=0, buff_n=0
[2026-05-03 18:21:54,664][root][INFO] - replay buffer size=62
[2026-05-03 18:21:54,664][root][INFO] - buffer reward mean=0.25575893851777676
[2026-05-03 18:21:54,664][root][INFO] - FINETUNE:
[2026-05-03 18:35:39,977][root][INFO] - Epoch 0: loss: 0.0923, loss_diff: 0.0888, loss_kl: 0.1404
[2026-05-03 18:49:29,043][root][INFO] - Epoch 1: loss: 0.0922, loss_diff: 0.0872, loss_kl: 0.1988
[2026-05-03 19:03:14,593][root][INFO] - Epoch 2: loss: 0.0988, loss_diff: 0.0875, loss_kl: 0.4508
[2026-05-03 19:03:14,718][root][INFO] - *****   LOOP 8 FINISH   *****
[2026-05-03 19:03:14,718][root][INFO] - Total time taken: 67.37 min.


[2026-05-03 19:03:14,719][root][INFO] - *****   LOOP 9 START   *****
[2026-05-03 19:03:14,719][root][INFO] - SAMPLE:
[32m2026-05-03 19:25:53.512[0m | [1mINFO    [0m | [36mmattersim.forcefield.potential[0m:[36mfrom_checkpoint[0m:[36m891[0m - [1mLoading the pre-trained mattersim-v1.0.0-5M.pth model[0m
[2026-05-03 19:27:04,480][root][INFO] - Number of filtered samples: 19
[2026-05-03 19:27:04,539][root][INFO] - avg_energy_above_hull_per_atom: 0.079118, avg_rmsd_from_relaxation: 0.034720, frac_novel_unique_stable_structures: 0.339286, frac_stable_structures: 0.750000, frac_successful_jobs: 1.000000, avg_comp_validity: 1.000000, avg_structure_comp_validity: 1.000000, avg_structure_validity: 1.000000, frac_novel_structures: 0.535714, frac_novel_systems: 0.142857, frac_novel_unique_structures: 0.535714, frac_unique_structures: 1.000000, frac_unique_systems: 0.982143, precision: 0.464286, recall: 0.000047
[2026-05-03 19:27:04,567][root][INFO] - SCORE:
[2026-05-03 19:29:09,353][root][INFO] - Evaluation costs to date: 160
[2026-05-03 19:29:09,354][root][INFO] - Number of samples that successfully obtained rewards: 16
[2026-05-03 19:29:09,355][root][INFO] - reward mean=0.1821 std=0.1523
[2026-05-03 19:29:09,355][root][INFO] - bulk_modulus mean=89.1939 std=57.8553
[2026-05-03 19:29:10,895][root][INFO] - 160 crystals generated so far, 160 unique components.  Burden: None, Div. Ratio: 1.0.
[2026-05-03 19:29:11,418][root][INFO] - Diversity filter: tol_n=0, buff_n=0
[2026-05-03 19:29:11,421][root][INFO] - replay buffer size=70
[2026-05-03 19:29:11,421][root][INFO] - buffer reward mean=0.2613517226981301
[2026-05-03 19:29:11,422][root][INFO] - FINETUNE:
[2026-05-03 19:44:40,380][root][INFO] - Epoch 0: loss: 0.1114, loss_diff: 0.0991, loss_kl: 0.4922
[2026-05-03 20:00:02,698][root][INFO] - Epoch 1: loss: 0.1116, loss_diff: 0.0976, loss_kl: 0.5606
[2026-05-03 20:15:26,652][root][INFO] - Epoch 2: loss: 0.1249, loss_diff: 0.0967, loss_kl: 1.1274
[2026-05-03 20:15:27,028][root][INFO] - *****   LOOP 9 FINISH   *****
[2026-05-03 20:15:27,047][root][INFO] - Total time taken: 72.21 min.


[2026-05-03 20:15:27,048][root][INFO] - *****   LOOP 10 START   *****
[2026-05-03 20:15:27,048][root][INFO] - SAMPLE:
[32m2026-05-03 20:38:07.807[0m | [1mINFO    [0m | [36mmattersim.forcefield.potential[0m:[36mfrom_checkpoint[0m:[36m891[0m - [1mLoading the pre-trained mattersim-v1.0.0-5M.pth model[0m
[2026-05-03 20:39:05,857][root][INFO] - Number of filtered samples: 16
[2026-05-03 20:39:05,947][root][INFO] - avg_energy_above_hull_per_atom: 0.075537, avg_rmsd_from_relaxation: 0.031108, frac_novel_unique_stable_structures: 0.285714, frac_stable_structures: 0.678571, frac_successful_jobs: 1.000000, avg_comp_validity: 1.000000, avg_structure_comp_validity: 1.000000, avg_structure_validity: 1.000000, frac_novel_structures: 0.607143, frac_novel_systems: 0.089286, frac_novel_unique_structures: 0.607143, frac_unique_structures: 1.000000, frac_unique_systems: 0.982143, precision: 0.392857, recall: 0.000066
[2026-05-03 20:39:05,974][root][INFO] - SCORE:
[2026-05-03 20:41:14,647][root][INFO] - Evaluation costs to date: 176
[2026-05-03 20:41:14,647][root][INFO] - Number of samples that successfully obtained rewards: 16
[2026-05-03 20:41:14,647][root][INFO] - reward mean=0.1173 std=0.1267
[2026-05-03 20:41:14,648][root][INFO] - bulk_modulus mean=63.8922 std=48.8121
[2026-05-03 20:41:15,666][root][INFO] - 176 crystals generated so far, 176 unique components.  Burden: None, Div. Ratio: 1.0.
[2026-05-03 20:41:15,836][root][INFO] - Diversity filter: tol_n=0, buff_n=0
[2026-05-03 20:41:15,840][root][INFO] - replay buffer size=78
[2026-05-03 20:41:15,840][root][INFO] - buffer reward mean=0.2552016121208608
[2026-05-03 20:41:15,840][root][INFO] - FINETUNE:
[2026-05-03 20:56:56,850][root][INFO] - Epoch 0: loss: 0.0997, loss_diff: 0.0940, loss_kl: 0.2259
[2026-05-03 21:12:37,330][root][INFO] - Epoch 1: loss: 0.1002, loss_diff: 0.0903, loss_kl: 0.3956
[2026-05-03 21:28:18,333][root][INFO] - Epoch 2: loss: 0.1200, loss_diff: 0.0896, loss_kl: 1.2170
[2026-05-03 21:28:18,596][root][INFO] - *****   LOOP 10 FINISH   *****
[2026-05-03 21:28:18,597][root][INFO] - Total time taken: 72.86 min.


[2026-05-03 21:28:18,597][root][INFO] - *****   LOOP 11 START   *****
[2026-05-03 21:28:18,597][root][INFO] - SAMPLE:
[32m2026-05-03 21:49:57.586[0m | [1mINFO    [0m | [36mmattersim.forcefield.potential[0m:[36mfrom_checkpoint[0m:[36m891[0m - [1mLoading the pre-trained mattersim-v1.0.0-5M.pth model[0m
[2026-05-03 21:50:48,027][root][INFO] - Number of filtered samples: 22
[2026-05-03 21:50:48,354][root][INFO] - avg_energy_above_hull_per_atom: 0.084617, avg_rmsd_from_relaxation: 0.041379, frac_novel_unique_stable_structures: 0.372881, frac_stable_structures: 0.694915, frac_successful_jobs: 1.000000, avg_comp_validity: 1.000000, avg_structure_comp_validity: 1.000000, avg_structure_validity: 1.000000, frac_novel_structures: 0.661017, frac_novel_systems: 0.067797, frac_novel_unique_structures: 0.661017, frac_unique_structures: 1.000000, frac_unique_systems: 1.000000, precision: 0.338983, recall: 0.000047
[2026-05-03 21:50:48,381][root][INFO] - SCORE:
[2026-05-03 21:53:33,770][root][INFO] - Evaluation costs to date: 192
[2026-05-03 21:53:33,770][root][INFO] - Number of samples that successfully obtained rewards: 16
[2026-05-03 21:53:33,770][root][INFO] - reward mean=0.1403 std=0.1298
[2026-05-03 21:53:33,771][root][INFO] - bulk_modulus mean=72.6884 std=50.0270
[2026-05-03 21:53:34,277][root][INFO] - 192 crystals generated so far, 192 unique components.  Burden: None, Div. Ratio: 1.0.
[2026-05-03 21:53:34,289][root][INFO] - Diversity filter: tol_n=0, buff_n=0
[2026-05-03 21:53:34,292][root][INFO] - replay buffer size=86
[2026-05-03 21:53:34,293][root][INFO] - buffer reward mean=0.2537577464332908
[2026-05-03 21:53:34,293][root][INFO] - FINETUNE:
[2026-05-03 22:08:15,916][root][INFO] - Epoch 0: loss: 0.1061, loss_diff: 0.0994, loss_kl: 0.2686
[2026-05-03 22:23:01,201][root][INFO] - Epoch 1: loss: 0.1100, loss_diff: 0.0971, loss_kl: 0.5146
[2026-05-03 22:37:43,658][root][INFO] - Epoch 2: loss: 0.1335, loss_diff: 0.0959, loss_kl: 1.5061
[2026-05-03 22:37:43,701][root][INFO] - *****   LOOP 11 FINISH   *****
[2026-05-03 22:37:43,701][root][INFO] - Total time taken: 69.42 min.


[2026-05-03 22:37:43,702][root][INFO] - *****   LOOP 12 START   *****
[2026-05-03 22:37:43,702][root][INFO] - SAMPLE:
[32m2026-05-03 23:01:03.923[0m | [1mINFO    [0m | [36mmattersim.forcefield.potential[0m:[36mfrom_checkpoint[0m:[36m891[0m - [1mLoading the pre-trained mattersim-v1.0.0-5M.pth model[0m
[2026-05-03 23:03:10,150][root][INFO] - Number of filtered samples: 18
[2026-05-03 23:03:10,198][root][INFO] - avg_energy_above_hull_per_atom: 0.092741, avg_rmsd_from_relaxation: 0.083882, frac_novel_unique_stable_structures: 0.321429, frac_stable_structures: 0.678571, frac_successful_jobs: 1.000000, avg_comp_validity: 1.000000, avg_structure_comp_validity: 1.000000, avg_structure_validity: 1.000000, frac_novel_structures: 0.625000, frac_novel_systems: 0.178571, frac_novel_unique_structures: 0.625000, frac_unique_structures: 1.000000, frac_unique_systems: 1.000000, precision: 0.375000, recall: 0.000043
[2026-05-03 23:03:10,208][root][INFO] - SCORE:
[2026-05-03 23:04:31,092][root][INFO] - Evaluation costs to date: 208
[2026-05-03 23:04:31,093][root][INFO] - Number of samples that successfully obtained rewards: 16
[2026-05-03 23:04:31,093][root][INFO] - reward mean=0.0990 std=0.1030
[2026-05-03 23:04:31,093][root][INFO] - bulk_modulus mean=56.4797 std=40.4168
[2026-05-03 23:04:32,628][root][INFO] - 208 crystals generated so far, 208 unique components.  Burden: None, Div. Ratio: 1.0.
[2026-05-03 23:04:32,746][root][INFO] - Diversity filter: tol_n=0, buff_n=0
[2026-05-03 23:04:32,971][root][INFO] - replay buffer size=91
[2026-05-03 23:04:32,971][root][INFO] - buffer reward mean=0.25152036048110316
[2026-05-03 23:04:32,971][root][INFO] - FINETUNE:
[2026-05-03 23:18:26,325][root][INFO] - Epoch 0: loss: 0.0876, loss_diff: 0.0817, loss_kl: 0.2355
[2026-05-03 23:32:20,208][root][INFO] - Epoch 1: loss: 0.0891, loss_diff: 0.0795, loss_kl: 0.3819
[2026-05-03 23:46:14,182][root][INFO] - Epoch 2: loss: 0.1060, loss_diff: 0.0793, loss_kl: 1.0672
[2026-05-03 23:46:14,185][root][INFO] - *****   LOOP 12 FINISH   *****
[2026-05-03 23:46:14,186][root][INFO] - Total time taken: 68.51 min.


[2026-05-03 23:46:14,186][root][INFO] - *****   LOOP 13 START   *****
[2026-05-03 23:46:14,186][root][INFO] - SAMPLE:
[32m2026-05-04 00:08:59.936[0m | [1mINFO    [0m | [36mmattersim.forcefield.potential[0m:[36mfrom_checkpoint[0m:[36m891[0m - [1mLoading the pre-trained mattersim-v1.0.0-5M.pth model[0m
[2026-05-04 00:10:19,323][root][INFO] - Number of filtered samples: 18
[2026-05-04 00:10:19,511][root][INFO] - avg_energy_above_hull_per_atom: 0.072985, avg_rmsd_from_relaxation: 0.036294, frac_novel_unique_stable_structures: 0.305085, frac_stable_structures: 0.745763, frac_successful_jobs: 1.000000, avg_comp_validity: 1.000000, avg_structure_comp_validity: 1.000000, avg_structure_validity: 1.000000, frac_novel_structures: 0.542373, frac_novel_systems: 0.033898, frac_novel_unique_structures: 0.542373, frac_unique_structures: 1.000000, frac_unique_systems: 1.000000, precision: 0.457627, recall: 0.000048
[2026-05-04 00:10:19,522][root][INFO] - SCORE:
[2026-05-04 00:11:43,977][root][INFO] - Evaluation costs to date: 224
[2026-05-04 00:11:43,978][root][INFO] - Number of samples that successfully obtained rewards: 16
[2026-05-04 00:11:43,979][root][INFO] - reward mean=0.1577 std=0.1194
[2026-05-04 00:11:43,979][root][INFO] - bulk_modulus mean=79.5848 std=45.8342
[2026-05-04 00:11:45,462][root][INFO] - 224 crystals generated so far, 224 unique components.  Burden: None, Div. Ratio: 1.0.
[2026-05-04 00:11:46,130][root][INFO] - Diversity filter: tol_n=0, buff_n=0
[2026-05-04 00:11:46,134][root][INFO] - replay buffer size=99
[2026-05-04 00:11:46,134][root][INFO] - buffer reward mean=0.25205223482042577
[2026-05-04 00:11:46,134][root][INFO] - FINETUNE:
[2026-05-04 00:23:42,073][root][INFO] - Epoch 0: loss: 0.0934, loss_diff: 0.0872, loss_kl: 0.2501
[2026-05-04 00:35:37,005][root][INFO] - Epoch 1: loss: 0.0953, loss_diff: 0.0837, loss_kl: 0.4651
[2026-05-04 00:47:33,121][root][INFO] - Epoch 2: loss: 0.1168, loss_diff: 0.0833, loss_kl: 1.3400
[2026-05-04 00:47:33,124][root][INFO] - *****   LOOP 13 FINISH   *****
[2026-05-04 00:47:33,125][root][INFO] - Total time taken: 61.32 min.


[2026-05-04 00:47:33,125][root][INFO] - *****   LOOP 14 START   *****
[2026-05-04 00:47:33,125][root][INFO] - SAMPLE:
[32m2026-05-04 01:12:53.761[0m | [1mINFO    [0m | [36mmattersim.forcefield.potential[0m:[36mfrom_checkpoint[0m:[36m891[0m - [1mLoading the pre-trained mattersim-v1.0.0-5M.pth model[0m
[2026-05-04 01:14:22,499][root][INFO] - Number of filtered samples: 24
[2026-05-04 01:14:22,654][root][INFO] - avg_energy_above_hull_per_atom: 0.075162, avg_rmsd_from_relaxation: 0.073879, frac_novel_unique_stable_structures: 0.436364, frac_stable_structures: 0.727273, frac_successful_jobs: 1.000000, avg_comp_validity: 1.000000, avg_structure_comp_validity: 1.000000, avg_structure_validity: 1.000000, frac_novel_structures: 0.690909, frac_novel_systems: 0.072727, frac_novel_unique_structures: 0.690909, frac_unique_structures: 1.000000, frac_unique_systems: 1.000000, precision: 0.309091, recall: 0.000040
[2026-05-04 01:14:22,664][root][INFO] - SCORE:
[2026-05-04 01:16:55,925][root][INFO] - Evaluation costs to date: 240
[2026-05-04 01:16:55,926][root][INFO] - Number of samples that successfully obtained rewards: 16
[2026-05-04 01:16:55,939][root][INFO] - reward mean=0.1529 std=0.1404
[2026-05-04 01:16:55,940][root][INFO] - bulk_modulus mean=77.7642 std=53.7284
[2026-05-04 01:17:08,156][root][INFO] - 240 crystals generated so far, 240 unique components.  Burden: None, Div. Ratio: 1.0.
[2026-05-04 01:17:08,404][root][INFO] - Diversity filter: tol_n=0, buff_n=0
[2026-05-04 01:17:08,408][root][INFO] - replay buffer size=100
[2026-05-04 01:17:08,408][root][INFO] - buffer reward mean=0.2634622166425247
[2026-05-04 01:17:08,409][root][INFO] - FINETUNE:
[2026-05-04 01:30:57,553][root][INFO] - Epoch 0: loss: 0.0940, loss_diff: 0.0883, loss_kl: 0.2310
[2026-05-04 01:44:36,379][root][INFO] - Epoch 1: loss: 0.0952, loss_diff: 0.0854, loss_kl: 0.3922
[2026-05-04 01:58:15,023][root][INFO] - Epoch 2: loss: 0.1159, loss_diff: 0.0850, loss_kl: 1.2360
[2026-05-04 01:58:15,051][root][INFO] - *****   LOOP 14 FINISH   *****
[2026-05-04 01:58:15,052][root][INFO] - Total time taken: 70.70 min.


[2026-05-04 01:58:15,052][root][INFO] - *****   LOOP 15 START   *****
[2026-05-04 01:58:15,052][root][INFO] - SAMPLE:
[32m2026-05-04 02:19:23.812[0m | [1mINFO    [0m | [36mmattersim.forcefield.potential[0m:[36mfrom_checkpoint[0m:[36m891[0m - [1mLoading the pre-trained mattersim-v1.0.0-5M.pth model[0m
[2026-05-04 02:20:32,661][root][INFO] - Number of filtered samples: 21
[2026-05-04 02:20:33,043][root][INFO] - avg_energy_above_hull_per_atom: 0.065241, avg_rmsd_from_relaxation: 0.020258, frac_novel_unique_stable_structures: 0.375000, frac_stable_structures: 0.821429, frac_successful_jobs: 1.000000, avg_comp_validity: 1.000000, avg_structure_comp_validity: 1.000000, avg_structure_validity: 1.000000, frac_novel_structures: 0.535714, frac_novel_systems: 0.017857, frac_novel_unique_structures: 0.535714, frac_unique_structures: 1.000000, frac_unique_systems: 1.000000, precision: 0.464286, recall: 0.000040
[2026-05-04 02:20:33,071][root][INFO] - SCORE:
[2026-05-04 02:23:37,439][root][INFO] - Evaluation costs to date: 256
[2026-05-04 02:23:37,440][root][INFO] - Number of samples that successfully obtained rewards: 16
[2026-05-04 02:23:37,440][root][INFO] - reward mean=0.1894 std=0.1000
[2026-05-04 02:23:37,440][root][INFO] - bulk_modulus mean=91.9752 std=38.0062
[2026-05-04 02:23:39,214][root][INFO] - 256 crystals generated so far, 256 unique components.  Burden: None, Div. Ratio: 1.0.
[2026-05-04 02:23:39,356][root][INFO] - Diversity filter: tol_n=0, buff_n=0
[2026-05-04 02:23:39,359][root][INFO] - replay buffer size=100
[2026-05-04 02:23:39,359][root][INFO] - buffer reward mean=0.27460590566417176
[2026-05-04 02:23:39,359][root][INFO] - FINETUNE:
[2026-05-04 02:37:00,559][root][INFO] - Epoch 0: loss: 0.0930, loss_diff: 0.0874, loss_kl: 0.2248
[2026-05-04 02:50:20,462][root][INFO] - Epoch 1: loss: 0.0950, loss_diff: 0.0846, loss_kl: 0.4187
[2026-05-04 03:03:40,373][root][INFO] - Epoch 2: loss: 0.1156, loss_diff: 0.0830, loss_kl: 1.3024
[2026-05-04 03:03:40,548][root][INFO] - *****   LOOP 15 FINISH   *****
[2026-05-04 03:03:40,548][root][INFO] - Total time taken: 65.42 min.


[2026-05-04 03:03:40,549][root][INFO] - *****   LOOP 16 START   *****
[2026-05-04 03:03:40,549][root][INFO] - SAMPLE:
[32m2026-05-04 03:25:46.623[0m | [1mINFO    [0m | [36mmattersim.forcefield.potential[0m:[36mfrom_checkpoint[0m:[36m891[0m - [1mLoading the pre-trained mattersim-v1.0.0-5M.pth model[0m
[2026-05-04 03:27:06,322][root][INFO] - Number of filtered samples: 17
[2026-05-04 03:27:06,519][root][INFO] - avg_energy_above_hull_per_atom: 0.084525, avg_rmsd_from_relaxation: 0.059942, frac_novel_unique_stable_structures: 0.303571, frac_stable_structures: 0.642857, frac_successful_jobs: 1.000000, avg_comp_validity: 1.000000, avg_structure_comp_validity: 1.000000, avg_structure_validity: 1.000000, frac_novel_structures: 0.642857, frac_novel_systems: 0.125000, frac_novel_unique_structures: 0.642857, frac_unique_structures: 1.000000, frac_unique_systems: 1.000000, precision: 0.357143, recall: 0.000051
[2026-05-04 03:27:06,533][root][INFO] - SCORE:
[2026-05-04 03:28:21,368][root][INFO] - Evaluation costs to date: 272
[2026-05-04 03:28:21,369][root][INFO] - Number of samples that successfully obtained rewards: 16
[2026-05-04 03:28:21,370][root][INFO] - reward mean=0.1204 std=0.1119
[2026-05-04 03:28:21,370][root][INFO] - bulk_modulus mean=64.9030 std=43.5347
[2026-05-04 03:28:23,026][root][INFO] - 272 crystals generated so far, 272 unique components.  Burden: None, Div. Ratio: 1.0.
[2026-05-04 03:28:23,381][root][INFO] - Diversity filter: tol_n=0, buff_n=0
[2026-05-04 03:28:23,398][root][INFO] - replay buffer size=100
[2026-05-04 03:28:23,399][root][INFO] - buffer reward mean=0.2800638701853553
[2026-05-04 03:28:23,399][root][INFO] - FINETUNE:
[2026-05-04 03:41:13,387][root][INFO] - Epoch 0: loss: 0.0881, loss_diff: 0.0821, loss_kl: 0.2381
[2026-05-04 03:54:04,395][root][INFO] - Epoch 1: loss: 0.0919, loss_diff: 0.0808, loss_kl: 0.4439
[2026-05-04 04:06:54,436][root][INFO] - Epoch 2: loss: 0.1137, loss_diff: 0.0801, loss_kl: 1.3448
[2026-05-04 04:06:54,462][root][INFO] - *****   LOOP 16 FINISH   *****
[2026-05-04 04:06:54,462][root][INFO] - Total time taken: 63.23 min.


[2026-05-04 04:06:54,463][root][INFO] - *****   LOOP 17 START   *****
[2026-05-04 04:06:54,463][root][INFO] - SAMPLE:
[32m2026-05-04 04:29:50.837[0m | [1mINFO    [0m | [36mmattersim.forcefield.potential[0m:[36mfrom_checkpoint[0m:[36m891[0m - [1mLoading the pre-trained mattersim-v1.0.0-5M.pth model[0m
[2026-05-04 04:31:10,102][root][INFO] - Number of filtered samples: 24
[2026-05-04 04:31:10,178][root][INFO] - avg_energy_above_hull_per_atom: 0.078497, avg_rmsd_from_relaxation: 0.064138, frac_novel_unique_stable_structures: 0.436364, frac_stable_structures: 0.690909, frac_successful_jobs: 1.000000, avg_comp_validity: 1.000000, avg_structure_comp_validity: 1.000000, avg_structure_validity: 1.000000, frac_novel_structures: 0.672727, frac_novel_systems: 0.127273, frac_novel_unique_structures: 0.672727, frac_unique_structures: 1.000000, frac_unique_systems: 1.000000, precision: 0.327273, recall: 0.000053
[2026-05-04 04:31:10,189][root][INFO] - SCORE:
[2026-05-04 04:32:20,184][root][INFO] - Evaluation costs to date: 288
[2026-05-04 04:32:20,185][root][INFO] - Number of samples that successfully obtained rewards: 16
[2026-05-04 04:32:20,185][root][INFO] - reward mean=0.2060 std=0.1528
[2026-05-04 04:32:20,185][root][INFO] - bulk_modulus mean=98.2791 std=58.0513
[2026-05-04 04:32:21,680][root][INFO] - 288 crystals generated so far, 288 unique components.  Burden: None, Div. Ratio: 1.0.
[2026-05-04 04:32:22,090][root][INFO] - Diversity filter: tol_n=0, buff_n=0
[2026-05-04 04:32:22,093][root][INFO] - replay buffer size=100
[2026-05-04 04:32:22,093][root][INFO] - buffer reward mean=0.29392053785947714
[2026-05-04 04:32:22,093][root][INFO] - FINETUNE:
[2026-05-04 04:45:16,907][root][INFO] - Epoch 0: loss: 0.1058, loss_diff: 0.0996, loss_kl: 0.2495
[2026-05-04 04:58:12,024][root][INFO] - Epoch 1: loss: 0.1074, loss_diff: 0.0960, loss_kl: 0.4529
[2026-05-04 05:11:06,002][root][INFO] - Epoch 2: loss: 0.1252, loss_diff: 0.0943, loss_kl: 1.2356
[2026-05-04 05:11:06,018][root][INFO] - *****   LOOP 17 FINISH   *****
[2026-05-04 05:11:06,018][root][INFO] - Total time taken: 64.19 min.


[2026-05-04 05:11:06,019][root][INFO] - *****   LOOP 18 START   *****
[2026-05-04 05:11:06,019][root][INFO] - SAMPLE:
[32m2026-05-04 05:33:35.414[0m | [1mINFO    [0m | [36mmattersim.forcefield.potential[0m:[36mfrom_checkpoint[0m:[36m891[0m - [1mLoading the pre-trained mattersim-v1.0.0-5M.pth model[0m
[2026-05-04 05:35:00,368][root][INFO] - Number of filtered samples: 30
[2026-05-04 05:35:00,443][root][INFO] - avg_energy_above_hull_per_atom: 0.064625, avg_rmsd_from_relaxation: 0.047989, frac_novel_unique_stable_structures: 0.517241, frac_stable_structures: 0.810345, frac_successful_jobs: 1.000000, avg_comp_validity: 1.000000, avg_structure_comp_validity: 1.000000, avg_structure_validity: 1.000000, frac_novel_structures: 0.672414, frac_novel_systems: 0.086207, frac_novel_unique_structures: 0.672414, frac_unique_structures: 1.000000, frac_unique_systems: 1.000000, precision: 0.327586, recall: 0.000032
[2026-05-04 05:35:00,465][root][INFO] - SCORE:
[2026-05-04 05:36:22,959][root][INFO] - Evaluation costs to date: 304
[2026-05-04 05:36:22,960][root][INFO] - Number of samples that successfully obtained rewards: 16
[2026-05-04 05:36:22,960][root][INFO] - reward mean=0.1712 std=0.1078
[2026-05-04 05:36:22,960][root][INFO] - bulk_modulus mean=85.0536 std=40.9578
[2026-05-04 05:36:24,455][root][INFO] - 304 crystals generated so far, 304 unique components.  Burden: None, Div. Ratio: 1.0.
[2026-05-04 05:36:24,625][root][INFO] - Diversity filter: tol_n=0, buff_n=0
[2026-05-04 05:36:24,628][root][INFO] - replay buffer size=100
[2026-05-04 05:36:24,629][root][INFO] - buffer reward mean=0.3007683327886631
[2026-05-04 05:36:24,629][root][INFO] - FINETUNE:
[2026-05-04 05:50:00,242][root][INFO] - Epoch 0: loss: 0.0980, loss_diff: 0.0923, loss_kl: 0.2312
[2026-05-04 06:03:36,743][root][INFO] - Epoch 1: loss: 0.1012, loss_diff: 0.0914, loss_kl: 0.3918
[2026-05-04 06:17:11,772][root][INFO] - Epoch 2: loss: 0.1210, loss_diff: 0.0893, loss_kl: 1.2694
[2026-05-04 06:17:11,829][root][INFO] - *****   LOOP 18 FINISH   *****
[2026-05-04 06:17:11,829][root][INFO] - Total time taken: 66.10 min.


[2026-05-04 06:17:11,830][root][INFO] - *****   LOOP 19 START   *****
[2026-05-04 06:17:11,830][root][INFO] - SAMPLE:
[32m2026-05-04 06:38:32.678[0m | [1mINFO    [0m | [36mmattersim.forcefield.potential[0m:[36mfrom_checkpoint[0m:[36m891[0m - [1mLoading the pre-trained mattersim-v1.0.0-5M.pth model[0m
[2026-05-04 06:39:37,262][root][INFO] - Number of filtered samples: 19
[2026-05-04 06:39:37,315][root][INFO] - avg_energy_above_hull_per_atom: 0.062779, avg_rmsd_from_relaxation: 0.089793, frac_novel_unique_stable_structures: 0.351852, frac_stable_structures: 0.796296, frac_successful_jobs: 1.000000, avg_comp_validity: 1.000000, avg_structure_comp_validity: 1.000000, avg_structure_validity: 1.000000, frac_novel_structures: 0.537037, frac_novel_systems: 0.092593, frac_novel_unique_structures: 0.537037, frac_unique_structures: 1.000000, frac_unique_systems: 0.981481, precision: 0.462963, recall: 0.000053
[2026-05-04 06:39:37,349][root][INFO] - SCORE:
[2026-05-04 06:41:09,896][root][INFO] - Evaluation costs to date: 320
[2026-05-04 06:41:09,897][root][INFO] - Number of samples that successfully obtained rewards: 16
[2026-05-04 06:41:09,897][root][INFO] - reward mean=0.1519 std=0.1285
[2026-05-04 06:41:09,897][root][INFO] - bulk_modulus mean=77.7319 std=48.8287
[2026-05-04 06:41:11,275][root][INFO] - 320 crystals generated so far, 320 unique components.  Burden: None, Div. Ratio: 1.0.
[2026-05-04 06:41:11,688][root][INFO] - Diversity filter: tol_n=0, buff_n=0
[2026-05-04 06:41:11,692][root][INFO] - replay buffer size=100
[2026-05-04 06:41:11,692][root][INFO] - buffer reward mean=0.30885459937067217
[2026-05-04 06:41:11,692][root][INFO] - FINETUNE:
[2026-05-04 06:55:11,132][root][INFO] - Epoch 0: loss: 0.1083, loss_diff: 0.1021, loss_kl: 0.2481
[2026-05-04 07:09:12,854][root][INFO] - Epoch 1: loss: 0.1116, loss_diff: 0.1008, loss_kl: 0.4333
[2026-05-04 07:23:19,416][root][INFO] - Epoch 2: loss: 0.1326, loss_diff: 0.0996, loss_kl: 1.3226
[2026-05-04 07:23:19,424][root][INFO] - *****   LOOP 19 FINISH   *****
[2026-05-04 07:23:19,424][root][INFO] - Total time taken: 66.13 min.


[2026-05-04 07:23:21,940][root][INFO] - *****   RL END   *****
[2026-05-04 07:23:21,951][root][INFO] - Total time taken: 81372 s.
Closing LMDB environment /tmp/job.3003719/tmp975rzdct/reference_MP2020correction
Phase-3 v4 mg baseline (seed=99) finished at Mon May  4 07:24:33 CDT 2026
