Phase-3 v4 ADiT ACCEL seed=99 cycles=20 at Sun May  3 08:37:45 CDT 2026 on fc104
  GP_LTM_SEED=/scratch/user/ahnafalvi/matinvent-hcap-bo/data/bm/ltm_bm_seed_pool.parquet
  GP_LTM_PATH=/scratch/user/ahnafalvi/matinvent-hcap-bo/data/bm/ltm_bm_p3v4_bm_adit_accel_seed99_3003729.parquet
  GP_COLD_START_MIN=0
Tesla T4, 16384 MiB
MODELS_PROJECT_ROOT: /scratch/user/ahnafalvi/matinvent-bo/src/mattergen/mattergen
[2026-05-03 08:45:34,810][httpx][INFO] - HTTP Request: HEAD https://huggingface.co/jwchen25/MatInvent/resolve/main/reference_MP2020correction.gz "HTTP/1.1 302 Found"
[2026-05-03 08:51:40,251][root][INFO] - *****   RL START   *****
[2026-05-03 08:51:40,253][root][INFO] - *****   LOOP 0 START   *****
[2026-05-03 08:51:40,253][root][INFO] - SAMPLE:
[32m2026-05-03 08:52:47.756[0m | [1mINFO    [0m | [36mmattersim.forcefield.potential[0m:[36mfrom_checkpoint[0m:[36m891[0m - [1mLoading the pre-trained mattersim-v1.0.0-5M.pth model[0m
[2026-05-03 09:04:14,311][root][INFO] - Number of filtered samples: 9
[2026-05-03 09:04:14,330][root][INFO] - avg_energy_above_hull_per_atom: 0.067227, avg_rmsd_from_relaxation: 0.514299, frac_novel_unique_stable_structures: 0.176471, frac_stable_structures: 0.764706, frac_successful_jobs: 1.000000, avg_comp_validity: 1.000000, avg_structure_comp_validity: 1.000000, avg_structure_validity: 1.000000, frac_novel_structures: 0.411765, frac_novel_systems: 0.098039, frac_novel_unique_structures: 0.411765, frac_unique_structures: 0.980392, frac_unique_systems: 0.980392, precision: 0.588235, recall: 0.000072
[2026-05-03 09:04:14,420][root][INFO] - SCORE:
[2026-05-03 09:04:15,659][cached_path][INFO] - cache of https://orbitalmaterials-public-models.s3.us-west-1.amazonaws.com/forcefields/orb-v3/orb-v3-conservative-inf-omat-20250404.ckpt is up-to-date
[2026-05-03 09:07:57,664][root][INFO] - Project root: /scratch/user/ahnafalvi/envs/matinvent-hcap-bo/lib/python3.10/site-packages/fairchem
[2026-05-03 09:07:57,896][root][INFO] - Checking local cache: /scratch/user/ahnafalvi/.cache/huggingface for model eSEN-30M-OAM
[2026-05-03 09:07:57,982][httpx][INFO] - HTTP Request: HEAD https://huggingface.co/facebook/OMAT24/resolve/main/esen_30m_oam.pt "HTTP/1.1 302 Found"
[2026-05-03 09:07:58,224][root][INFO] - local rank base: 0
[2026-05-03 09:08:00,331][root][INFO] - amp: false
cmd:
  checkpoint_dir: /scratch/user/ahnafalvi/matinvent-hcap-bo/results_bm/bm_p3v4_bm_adit_accel_seed99_3003729/checkpoints/2026-05-03-09-06-56
  commit: core:None,experimental:NA
  identifier: ''
  logs_dir: /scratch/user/ahnafalvi/matinvent-hcap-bo/results_bm/bm_p3v4_bm_adit_accel_seed99_3003729/logs/wandb/2026-05-03-09-06-56
  print_every: 100
  results_dir: /scratch/user/ahnafalvi/matinvent-hcap-bo/results_bm/bm_p3v4_bm_adit_accel_seed99_3003729/results/2026-05-03-09-06-56
  seed: null
  timestamp_id: 2026-05-03-09-06-56
  version: 1.10.0
dataset:
  a2g_args:
    r_energy: true
    r_forces: true
    r_stress: true
  format: ase_db
  metadata_path: ''
  transforms:
    element_references: ''
    normalizer:
      energy:
        mean: 0.0
        stdev: 0.6274358
      forces:
        mean: 0.0
        stdev: 0.6274358
      stress:
        mean: 0.0
        stdev: 0.6274358
evaluation_metrics:
  metrics:
    energy:
    - mae
    - per_atom_mae
    forces:
    - mae
    - cosine_similarity
    stress:
    - mae
  primary_metric: forces_mae
gp_gpus: null
gpus: 1
logger: wandb
loss_functions:
- energy:
    coefficient: 20
    fn: per_atom_mae
- forces:
    coefficient: 20
    fn: l2mae
- stress:
    coefficient: 5
    fn: mae
model:
  backbone:
    act_type: gate
    cutoff: 6.0
    direct_forces: false
    distance_function: gaussian
    edge_channels: 128
    hidden_channels: 128
    lmax: 3
    max_neighbors: 300
    max_num_elements: 100
    mlp_type: spectral
    mmax: 2
    model: esen_backbone
    norm_type: rms_norm_sh
    num_distance_basis: 64
    num_layers: 10
    otf_graph: true
    regress_forces: true
    regress_stress: true
    sphere_channels: 128
    use_envelope: true
    use_pbc: true
    use_pbc_single: true
  heads:
    mptrj:
      module: esen_mlp_efs_head
  name: hydra
  otf_graph: true
  pass_through_head_outputs: true
optim:
  batch_size: 4
  clip_grad_norm: 100
  ema_decay: 0.999
  eval_batch_size: 4
  eval_every: 5000
  load_balancing: atoms
  lr_initial: 0.0004
  max_epochs: 1
  num_workers: 4
  optimizer: AdamW
  optimizer_params:
    weight_decay: 0.001
  scheduler: LambdaLR
  scheduler_params:
    epochs: 85271
    lambda_type: cosine
    lr: 0.0004
    lr_min_factor: 0.1
    warmup_epochs: 8527
    warmup_factor: 0.2
outputs:
  energy:
    level: system
    property: energy
  forces:
    eval_on_free_atoms: true
    level: atom
    property: forces
    train_on_free_atoms: true
  stress:
    level: system
    property: stress
relax_dataset: {}
slurm: {}
task: {}
test_dataset: {}
trainer: ocp
val_dataset: {}

[2026-05-03 09:08:00,331][root][INFO] - Loading model: hydra
[2026-05-03 09:08:00,652][root][INFO] - Loaded HydraModel with 30161153 parameters.
[2026-05-03 09:08:00,652][root][INFO] - Loading checkpoint in inference-only mode, not loading keys associated with trainer state!
[2026-05-03 09:08:00,686][root][WARNING] - No seed has been set in modelcheckpoint or OCPCalculator! Results may not be reproducible on re-run
[BMGPRoutedV4] cycle=0 N=9 K_eff=4 oracled=9 masked=0 ltm=509 GP_RMSE_train=0.010 GP_RMSE_cv5=25.892 GP_MAE_cv5=16.147 mean_oracle_K_GPa=134.18 anchor=False cold=True 357.8s
[2026-05-03 09:10:12,537][root][INFO] - Evaluation costs to date: 9
[2026-05-03 09:10:12,538][root][INFO] - Number of samples that successfully obtained rewards: 9
[2026-05-03 09:10:12,538][root][INFO] - reward mean=0.3005 std=0.1382
[2026-05-03 09:10:12,538][root][INFO] - bulk_modulus mean=134.1833 std=52.5147
[2026-05-03 09:10:12,570][root][INFO] - 9 crystals generated so far, 9 unique components.  Burden: None, Div. Ratio: 1.0.
[2026-05-03 09:10:12,581][root][INFO] - Diversity filter: tol_n=0, buff_n=0
[2026-05-03 09:10:12,583][root][INFO] - replay buffer size=8
[2026-05-03 09:10:12,583][root][INFO] - buffer reward mean=0.33470739049233666
[2026-05-03 09:10:12,583][root][INFO] - FINETUNE:
[2026-05-03 09:10:12,878][root][INFO] - Epoch 0: loss: 0.8236, loss_diff: 0.8235, loss_kl: 0.0059
[2026-05-03 09:10:13,117][root][INFO] - Epoch 1: loss: 0.7023, loss_diff: 0.7022, loss_kl: 0.0004
[2026-05-03 09:10:13,371][root][INFO] - Epoch 2: loss: 0.5744, loss_diff: 0.5744, loss_kl: 0.0006
[2026-05-03 09:10:13,372][root][INFO] - *****   LOOP 0 FINISH   *****
[2026-05-03 09:10:13,373][root][INFO] - Total time taken: 18.55 min.


[2026-05-03 09:10:13,373][root][INFO] - *****   LOOP 1 START   *****
[2026-05-03 09:10:13,373][root][INFO] - SAMPLE:
[32m2026-05-03 09:11:36.731[0m | [1mINFO    [0m | [36mmattersim.forcefield.potential[0m:[36mfrom_checkpoint[0m:[36m891[0m - [1mLoading the pre-trained mattersim-v1.0.0-5M.pth model[0m
[2026-05-03 09:15:04,842][root][INFO] - Number of filtered samples: 11
[2026-05-03 09:15:04,844][root][INFO] - avg_energy_above_hull_per_atom: 0.297792, avg_rmsd_from_relaxation: 0.508483, frac_novel_unique_stable_structures: 0.207547, frac_stable_structures: 0.660377, frac_successful_jobs: 1.000000, avg_comp_validity: 1.000000, avg_structure_comp_validity: 1.000000, avg_structure_validity: 1.000000, frac_novel_structures: 0.509434, frac_novel_systems: 0.113208, frac_novel_unique_structures: 0.509434, frac_unique_structures: 1.000000, frac_unique_systems: 0.981132, precision: 0.490566, recall: 0.000083
[2026-05-03 09:15:04,867][root][INFO] - SCORE:
[BMGPRoutedV4] cycle=1 N=11 K_eff=4 oracled=4 masked=7 ltm=513 GP_RMSE_train=0.010 GP_RMSE_cv5=24.916 GP_MAE_cv5=15.651 mean_oracle_K_GPa=61.96 anchor=False cold=False 102.5s
[2026-05-03 09:16:47,413][root][INFO] - Evaluation costs to date: 20
[2026-05-03 09:16:47,413][root][INFO] - Number of samples that successfully obtained rewards: 4
[2026-05-03 09:16:47,413][root][INFO] - reward mean=0.1104 std=0.0562
[2026-05-03 09:16:47,414][root][INFO] - bulk_modulus mean=61.9643 std=21.3605
[2026-05-03 09:16:47,451][root][INFO] - 13 crystals generated so far, 13 unique components.  Burden: None, Div. Ratio: 1.0.
[2026-05-03 09:16:47,457][root][INFO] - Diversity filter: tol_n=0, buff_n=0
[2026-05-03 09:16:47,459][root][INFO] - replay buffer size=9
[2026-05-03 09:16:47,460][root][INFO] - buffer reward mean=0.32052178438817225
[2026-05-03 09:16:47,460][root][INFO] - FINETUNE:
[2026-05-03 09:16:47,767][root][INFO] - Epoch 0: loss: 0.5396, loss_diff: 0.5396, loss_kl: 0.0014
[2026-05-03 09:16:48,073][root][INFO] - Epoch 1: loss: 0.4934, loss_diff: 0.4934, loss_kl: 0.0032
[2026-05-03 09:16:48,381][root][INFO] - Epoch 2: loss: 0.5608, loss_diff: 0.5608, loss_kl: 0.0025
[2026-05-03 09:16:48,382][root][INFO] - *****   LOOP 1 FINISH   *****
[2026-05-03 09:16:48,383][root][INFO] - Total time taken: 6.58 min.


[2026-05-03 09:16:48,383][root][INFO] - *****   LOOP 2 START   *****
[2026-05-03 09:16:48,383][root][INFO] - SAMPLE:
[32m2026-05-03 09:18:06.788[0m | [1mINFO    [0m | [36mmattersim.forcefield.potential[0m:[36mfrom_checkpoint[0m:[36m891[0m - [1mLoading the pre-trained mattersim-v1.0.0-5M.pth model[0m
[2026-05-03 09:20:50,593][root][INFO] - Number of filtered samples: 8
[2026-05-03 09:20:50,596][root][INFO] - avg_energy_above_hull_per_atom: 0.243887, avg_rmsd_from_relaxation: 0.581037, frac_novel_unique_stable_structures: 0.150943, frac_stable_structures: 0.603774, frac_successful_jobs: 1.000000, avg_comp_validity: 1.000000, avg_structure_comp_validity: 1.000000, avg_structure_validity: 1.000000, frac_novel_structures: 0.490566, frac_novel_systems: 0.075472, frac_novel_unique_structures: 0.490566, frac_unique_structures: 1.000000, frac_unique_systems: 1.000000, precision: 0.509434, recall: 0.000079
[2026-05-03 09:20:50,602][root][INFO] - SCORE:
[BMGPRoutedV4] cycle=2 N=8 K_eff=4 oracled=4 masked=4 ltm=517 GP_RMSE_train=0.010 GP_RMSE_cv5=26.479 GP_MAE_cv5=15.487 mean_oracle_K_GPa=86.26 anchor=False cold=False 96.8s
[2026-05-03 09:22:27,403][root][INFO] - Evaluation costs to date: 28
[2026-05-03 09:22:27,403][root][INFO] - Number of samples that successfully obtained rewards: 4
[2026-05-03 09:22:27,403][root][INFO] - reward mean=0.1744 std=0.0462
[2026-05-03 09:22:27,403][root][INFO] - bulk_modulus mean=86.2574 std=17.5661
[2026-05-03 09:22:27,446][root][INFO] - 17 crystals generated so far, 17 unique components.  Burden: None, Div. Ratio: 1.0.
[2026-05-03 09:22:27,452][root][INFO] - Diversity filter: tol_n=0, buff_n=0
[2026-05-03 09:22:27,454][root][INFO] - replay buffer size=13
[2026-05-03 09:22:27,455][root][INFO] - buffer reward mean=0.2755494114115281
[2026-05-03 09:22:27,455][root][INFO] - FINETUNE:
[2026-05-03 09:22:27,806][root][INFO] - Epoch 0: loss: 0.4210, loss_diff: 0.4209, loss_kl: 0.0030
[2026-05-03 09:22:28,147][root][INFO] - Epoch 1: loss: 0.6323, loss_diff: 0.6319, loss_kl: 0.0162
[2026-05-03 09:22:28,488][root][INFO] - Epoch 2: loss: 0.5407, loss_diff: 0.5406, loss_kl: 0.0031
[2026-05-03 09:22:28,489][root][INFO] - *****   LOOP 2 FINISH   *****
[2026-05-03 09:22:28,489][root][INFO] - Total time taken: 5.67 min.


[2026-05-03 09:22:28,490][root][INFO] - *****   LOOP 3 START   *****
[2026-05-03 09:22:28,490][root][INFO] - SAMPLE:
[32m2026-05-03 09:23:51.887[0m | [1mINFO    [0m | [36mmattersim.forcefield.potential[0m:[36mfrom_checkpoint[0m:[36m891[0m - [1mLoading the pre-trained mattersim-v1.0.0-5M.pth model[0m
[2026-05-03 09:27:05,255][root][INFO] - Number of filtered samples: 12
[2026-05-03 09:27:05,257][root][INFO] - avg_energy_above_hull_per_atom: 0.187406, avg_rmsd_from_relaxation: 0.492137, frac_novel_unique_stable_structures: 0.214286, frac_stable_structures: 0.696429, frac_successful_jobs: 1.000000, avg_comp_validity: 1.000000, avg_structure_comp_validity: 1.000000, avg_structure_validity: 1.000000, frac_novel_structures: 0.500000, frac_novel_systems: 0.089286, frac_novel_unique_structures: 0.500000, frac_unique_structures: 1.000000, frac_unique_systems: 1.000000, precision: 0.500000, recall: 0.000083
[2026-05-03 09:27:05,275][root][INFO] - SCORE:
[BMGPRoutedV4] cycle=3 N=12 K_eff=4 oracled=4 masked=8 ltm=521 GP_RMSE_train=0.010 GP_RMSE_cv5=26.254 GP_MAE_cv5=15.672 mean_oracle_K_GPa=131.33 anchor=False cold=False 94.2s
[2026-05-03 09:28:39,513][root][INFO] - Evaluation costs to date: 40
[2026-05-03 09:28:39,514][root][INFO] - Number of samples that successfully obtained rewards: 4
[2026-05-03 09:28:39,514][root][INFO] - reward mean=0.3043 std=0.2238
[2026-05-03 09:28:39,514][root][INFO] - bulk_modulus mean=131.3342 std=91.0036
[2026-05-03 09:28:39,563][root][INFO] - 21 crystals generated so far, 21 unique components.  Burden: None, Div. Ratio: 1.0.
[2026-05-03 09:28:39,599][root][INFO] - Diversity filter: tol_n=0, buff_n=0
[2026-05-03 09:28:39,602][root][INFO] - replay buffer size=16
[2026-05-03 09:28:39,602][root][INFO] - buffer reward mean=0.29996464350116947
[2026-05-03 09:28:39,602][root][INFO] - FINETUNE:
[2026-05-03 09:28:39,953][root][INFO] - Epoch 0: loss: 0.6451, loss_diff: 0.6450, loss_kl: 0.0035
[2026-05-03 09:28:40,301][root][INFO] - Epoch 1: loss: 0.5847, loss_diff: 0.5846, loss_kl: 0.0045
[2026-05-03 09:28:40,647][root][INFO] - Epoch 2: loss: 0.6142, loss_diff: 0.6141, loss_kl: 0.0028
[2026-05-03 09:28:40,648][root][INFO] - *****   LOOP 3 FINISH   *****
[2026-05-03 09:28:40,649][root][INFO] - Total time taken: 6.20 min.


[2026-05-03 09:28:40,649][root][INFO] - *****   LOOP 4 START   *****
[2026-05-03 09:28:40,649][root][INFO] - SAMPLE:
[32m2026-05-03 09:30:31.293[0m | [1mINFO    [0m | [36mmattersim.forcefield.potential[0m:[36mfrom_checkpoint[0m:[36m891[0m - [1mLoading the pre-trained mattersim-v1.0.0-5M.pth model[0m
[2026-05-03 09:33:45,187][root][INFO] - Number of filtered samples: 4
[2026-05-03 09:33:45,189][root][INFO] - avg_energy_above_hull_per_atom: 0.172679, avg_rmsd_from_relaxation: 0.543827, frac_novel_unique_stable_structures: 0.070175, frac_stable_structures: 0.684211, frac_successful_jobs: 1.000000, avg_comp_validity: 1.000000, avg_structure_comp_validity: 1.000000, avg_structure_validity: 1.000000, frac_novel_structures: 0.350877, frac_novel_systems: 0.052632, frac_novel_unique_structures: 0.350877, frac_unique_structures: 1.000000, frac_unique_systems: 1.000000, precision: 0.649123, recall: 0.000069
[2026-05-03 09:33:45,225][root][INFO] - SCORE:
[BMGPRoutedV4] cycle=4 N=4 K_eff=2 oracled=2 masked=2 ltm=523 GP_RMSE_train=0.010 GP_RMSE_cv5=24.104 GP_MAE_cv5=14.841 mean_oracle_K_GPa=64.36 anchor=False cold=False 90.2s
[2026-05-03 09:35:15,413][root][INFO] - Evaluation costs to date: 44
[2026-05-03 09:35:15,414][root][INFO] - Number of samples that successfully obtained rewards: 2
[2026-05-03 09:35:15,414][root][INFO] - reward mean=0.1167 std=0.0016
[2026-05-03 09:35:15,414][root][INFO] - bulk_modulus mean=64.3583 std=0.6020
[2026-05-03 09:35:15,737][root][INFO] - 23 crystals generated so far, 23 unique components.  Burden: None, Div. Ratio: 1.0.
[2026-05-03 09:35:15,772][root][INFO] - Diversity filter: tol_n=0, buff_n=0
[2026-05-03 09:35:15,775][root][INFO] - replay buffer size=18
[2026-05-03 09:35:15,775][root][INFO] - buffer reward mean=0.2796055063960221
[2026-05-03 09:35:15,775][root][INFO] - FINETUNE:
[2026-05-03 09:35:16,088][root][INFO] - Epoch 0: loss: 0.5989, loss_diff: 0.5987, loss_kl: 0.0074
[2026-05-03 09:35:16,391][root][INFO] - Epoch 1: loss: 0.5678, loss_diff: 0.5676, loss_kl: 0.0095
[2026-05-03 09:35:16,699][root][INFO] - Epoch 2: loss: 0.6219, loss_diff: 0.6218, loss_kl: 0.0047
[2026-05-03 09:35:16,700][root][INFO] - *****   LOOP 4 FINISH   *****
[2026-05-03 09:35:16,701][root][INFO] - Total time taken: 6.60 min.


[2026-05-03 09:35:16,701][root][INFO] - *****   LOOP 5 START   *****
[2026-05-03 09:35:16,701][root][INFO] - SAMPLE:
[32m2026-05-03 09:36:41.036[0m | [1mINFO    [0m | [36mmattersim.forcefield.potential[0m:[36mfrom_checkpoint[0m:[36m891[0m - [1mLoading the pre-trained mattersim-v1.0.0-5M.pth model[0m
[2026-05-03 09:39:47,637][root][INFO] - Number of filtered samples: 12
[2026-05-03 09:39:47,638][root][INFO] - avg_energy_above_hull_per_atom: 0.153551, avg_rmsd_from_relaxation: 0.533263, frac_novel_unique_stable_structures: 0.226415, frac_stable_structures: 0.754717, frac_successful_jobs: 1.000000, avg_comp_validity: 1.000000, avg_structure_comp_validity: 1.000000, avg_structure_validity: 1.000000, frac_novel_structures: 0.415094, frac_novel_systems: 0.075472, frac_novel_unique_structures: 0.415094, frac_unique_structures: 0.981132, frac_unique_systems: 0.981132, precision: 0.584906, recall: 0.000076
[2026-05-03 09:39:47,669][root][INFO] - SCORE:
[BMGPRoutedV4] cycle=5 N=12 K_eff=4 oracled=4 masked=8 ltm=527 GP_RMSE_train=0.010 GP_RMSE_cv5=24.478 GP_MAE_cv5=15.380 mean_oracle_K_GPa=110.36 anchor=False cold=False 114.7s
[2026-05-03 09:41:42,425][root][INFO] - Evaluation costs to date: 56
[2026-05-03 09:41:42,426][root][INFO] - Number of samples that successfully obtained rewards: 4
[2026-05-03 09:41:42,426][root][INFO] - reward mean=0.2489 std=0.2119
[2026-05-03 09:41:42,426][root][INFO] - bulk_modulus mean=110.3572 std=85.6391
[2026-05-03 09:41:42,542][root][INFO] - 27 crystals generated so far, 27 unique components.  Burden: None, Div. Ratio: 1.0.
[2026-05-03 09:41:42,547][root][INFO] - Diversity filter: tol_n=0, buff_n=0
[2026-05-03 09:41:42,550][root][INFO] - replay buffer size=20
[2026-05-03 09:41:42,550][root][INFO] - buffer reward mean=0.29682018308993885
[2026-05-03 09:41:42,550][root][INFO] - FINETUNE:
[2026-05-03 09:41:42,923][root][INFO] - Epoch 0: loss: 0.5224, loss_diff: 0.5223, loss_kl: 0.0049
[2026-05-03 09:41:43,251][root][INFO] - Epoch 1: loss: 0.5424, loss_diff: 0.5423, loss_kl: 0.0058
[2026-05-03 09:41:43,599][root][INFO] - Epoch 2: loss: 0.5926, loss_diff: 0.5924, loss_kl: 0.0083
[2026-05-03 09:41:43,600][root][INFO] - *****   LOOP 5 FINISH   *****
[2026-05-03 09:41:43,601][root][INFO] - Total time taken: 6.45 min.


[2026-05-03 09:41:43,601][root][INFO] - *****   LOOP 6 START   *****
[2026-05-03 09:41:43,601][root][INFO] - SAMPLE:
[32m2026-05-03 09:42:54.765[0m | [1mINFO    [0m | [36mmattersim.forcefield.potential[0m:[36mfrom_checkpoint[0m:[36m891[0m - [1mLoading the pre-trained mattersim-v1.0.0-5M.pth model[0m
[2026-05-03 09:46:21,480][root][INFO] - Number of filtered samples: 9
[2026-05-03 09:46:21,499][root][INFO] - avg_energy_above_hull_per_atom: 0.220613, avg_rmsd_from_relaxation: 0.557547, frac_novel_unique_stable_structures: 0.163636, frac_stable_structures: 0.636364, frac_successful_jobs: 1.000000, avg_comp_validity: 1.000000, avg_structure_comp_validity: 1.000000, avg_structure_validity: 1.000000, frac_novel_structures: 0.527273, frac_novel_systems: 0.090909, frac_novel_unique_structures: 0.527273, frac_unique_structures: 1.000000, frac_unique_systems: 1.000000, precision: 0.472727, recall: 0.000089
[2026-05-03 09:46:21,517][root][INFO] - SCORE:
[BMGPRoutedV4] cycle=6 N=9 K_eff=4 oracled=4 masked=5 ltm=531 GP_RMSE_train=0.010 GP_RMSE_cv5=23.587 GP_MAE_cv5=14.739 mean_oracle_K_GPa=88.53 anchor=False cold=False 115.0s
[2026-05-03 09:48:16,512][root][INFO] - Evaluation costs to date: 65
[2026-05-03 09:48:16,512][root][INFO] - Number of samples that successfully obtained rewards: 4
[2026-05-03 09:48:16,513][root][INFO] - reward mean=0.1846 std=0.1634
[2026-05-03 09:48:16,513][root][INFO] - bulk_modulus mean=88.5310 std=63.9445
[2026-05-03 09:48:16,582][root][INFO] - 31 crystals generated so far, 31 unique components.  Burden: None, Div. Ratio: 1.0.
[2026-05-03 09:48:16,586][root][INFO] - Diversity filter: tol_n=0, buff_n=0
[2026-05-03 09:48:16,589][root][INFO] - replay buffer size=22
[2026-05-03 09:48:16,589][root][INFO] - buffer reward mean=0.29930435908203146
[2026-05-03 09:48:16,589][root][INFO] - FINETUNE:
[2026-05-03 09:48:16,932][root][INFO] - Epoch 0: loss: 0.5354, loss_diff: 0.5352, loss_kl: 0.0074
[2026-05-03 09:48:17,280][root][INFO] - Epoch 1: loss: 0.5255, loss_diff: 0.5254, loss_kl: 0.0039
[2026-05-03 09:48:17,629][root][INFO] - Epoch 2: loss: 0.5391, loss_diff: 0.5389, loss_kl: 0.0074
[2026-05-03 09:48:17,630][root][INFO] - *****   LOOP 6 FINISH   *****
[2026-05-03 09:48:17,630][root][INFO] - Total time taken: 6.57 min.


[2026-05-03 09:48:17,631][root][INFO] - *****   LOOP 7 START   *****
[2026-05-03 09:48:17,631][root][INFO] - SAMPLE:
[32m2026-05-03 09:49:25.593[0m | [1mINFO    [0m | [36mmattersim.forcefield.potential[0m:[36mfrom_checkpoint[0m:[36m891[0m - [1mLoading the pre-trained mattersim-v1.0.0-5M.pth model[0m
[2026-05-03 09:51:53,416][root][INFO] - Number of filtered samples: 9
[2026-05-03 09:51:53,418][root][INFO] - avg_energy_above_hull_per_atom: 0.192766, avg_rmsd_from_relaxation: 0.465720, frac_novel_unique_stable_structures: 0.157895, frac_stable_structures: 0.701754, frac_successful_jobs: 1.000000, avg_comp_validity: 1.000000, avg_structure_comp_validity: 1.000000, avg_structure_validity: 1.000000, frac_novel_structures: 0.403509, frac_novel_systems: 0.017544, frac_novel_unique_structures: 0.403509, frac_unique_structures: 1.000000, frac_unique_systems: 1.000000, precision: 0.596491, recall: 0.000071
[2026-05-03 09:51:53,439][root][INFO] - SCORE:
[BMGPRoutedV4] cycle=7 N=9 K_eff=4 oracled=4 masked=5 ltm=535 GP_RMSE_train=0.010 GP_RMSE_cv5=24.856 GP_MAE_cv5=15.488 mean_oracle_K_GPa=93.62 anchor=False cold=False 98.2s
[2026-05-03 09:53:31,659][root][INFO] - Evaluation costs to date: 74
[2026-05-03 09:53:31,660][root][INFO] - Number of samples that successfully obtained rewards: 4
[2026-05-03 09:53:31,660][root][INFO] - reward mean=0.1937 std=0.1261
[2026-05-03 09:53:31,660][root][INFO] - bulk_modulus mean=93.6181 std=47.9156
[2026-05-03 09:53:31,760][root][INFO] - 35 crystals generated so far, 35 unique components.  Burden: None, Div. Ratio: 1.0.
[2026-05-03 09:53:31,767][root][INFO] - Diversity filter: tol_n=0, buff_n=0
[2026-05-03 09:53:31,770][root][INFO] - replay buffer size=25
[2026-05-03 09:53:31,770][root][INFO] - buffer reward mean=0.29383978957186013
[2026-05-03 09:53:31,770][root][INFO] - FINETUNE:
[2026-05-03 09:53:32,118][root][INFO] - Epoch 0: loss: 0.5913, loss_diff: 0.5911, loss_kl: 0.0076
[2026-05-03 09:53:32,468][root][INFO] - Epoch 1: loss: 0.5381, loss_diff: 0.5378, loss_kl: 0.0100
[2026-05-03 09:53:32,823][root][INFO] - Epoch 2: loss: 0.6641, loss_diff: 0.6639, loss_kl: 0.0095
[2026-05-03 09:53:32,825][root][INFO] - *****   LOOP 7 FINISH   *****
[2026-05-03 09:53:32,825][root][INFO] - Total time taken: 5.25 min.


[2026-05-03 09:53:32,825][root][INFO] - *****   LOOP 8 START   *****
[2026-05-03 09:53:32,825][root][INFO] - SAMPLE:
[32m2026-05-03 09:54:44.767[0m | [1mINFO    [0m | [36mmattersim.forcefield.potential[0m:[36mfrom_checkpoint[0m:[36m891[0m - [1mLoading the pre-trained mattersim-v1.0.0-5M.pth model[0m
[2026-05-03 09:58:02,481][root][INFO] - Number of filtered samples: 9
[2026-05-03 09:58:02,649][root][INFO] - avg_energy_above_hull_per_atom: 0.243596, avg_rmsd_from_relaxation: 0.658740, frac_novel_unique_stable_structures: 0.183673, frac_stable_structures: 0.653061, frac_successful_jobs: 1.000000, avg_comp_validity: 1.000000, avg_structure_comp_validity: 1.000000, avg_structure_validity: 1.000000, frac_novel_structures: 0.489796, frac_novel_systems: 0.061224, frac_novel_unique_structures: 0.489796, frac_unique_structures: 1.000000, frac_unique_systems: 1.000000, precision: 0.510204, recall: 0.000053
[2026-05-03 09:58:02,655][root][INFO] - SCORE:
[BMGPRoutedV4] cycle=8 N=9 K_eff=4 oracled=4 masked=5 ltm=539 GP_RMSE_train=0.010 GP_RMSE_cv5=23.789 GP_MAE_cv5=14.906 mean_oracle_K_GPa=114.85 anchor=False cold=False 118.5s
[2026-05-03 10:00:01,189][root][INFO] - Evaluation costs to date: 83
[2026-05-03 10:00:01,189][root][INFO] - Number of samples that successfully obtained rewards: 4
[2026-05-03 10:00:01,190][root][INFO] - reward mean=0.2496 std=0.1928
[2026-05-03 10:00:01,190][root][INFO] - bulk_modulus mean=114.8518 std=73.2824
[2026-05-03 10:00:01,281][root][INFO] - 39 crystals generated so far, 39 unique components.  Burden: None, Div. Ratio: 1.0.
[2026-05-03 10:00:01,288][root][INFO] - Diversity filter: tol_n=0, buff_n=0
[2026-05-03 10:00:01,291][root][INFO] - replay buffer size=28
[2026-05-03 10:00:01,291][root][INFO] - buffer reward mean=0.29787808322195264
[2026-05-03 10:00:01,291][root][INFO] - FINETUNE:
[2026-05-03 10:00:01,643][root][INFO] - Epoch 0: loss: 0.6492, loss_diff: 0.6490, loss_kl: 0.0087
[2026-05-03 10:00:01,991][root][INFO] - Epoch 1: loss: 0.5866, loss_diff: 0.5862, loss_kl: 0.0152
[2026-05-03 10:00:02,347][root][INFO] - Epoch 2: loss: 0.6431, loss_diff: 0.6429, loss_kl: 0.0065
[2026-05-03 10:00:02,349][root][INFO] - *****   LOOP 8 FINISH   *****
[2026-05-03 10:00:02,349][root][INFO] - Total time taken: 6.49 min.


[2026-05-03 10:00:02,349][root][INFO] - *****   LOOP 9 START   *****
[2026-05-03 10:00:02,349][root][INFO] - SAMPLE:
[32m2026-05-03 10:01:11.623[0m | [1mINFO    [0m | [36mmattersim.forcefield.potential[0m:[36mfrom_checkpoint[0m:[36m891[0m - [1mLoading the pre-trained mattersim-v1.0.0-5M.pth model[0m
[2026-05-03 10:03:41,409][root][INFO] - Number of filtered samples: 14
[2026-05-03 10:03:41,411][root][INFO] - avg_energy_above_hull_per_atom: 0.099660, avg_rmsd_from_relaxation: 0.532225, frac_novel_unique_stable_structures: 0.264151, frac_stable_structures: 0.773585, frac_successful_jobs: 1.000000, avg_comp_validity: 1.000000, avg_structure_comp_validity: 1.000000, avg_structure_validity: 1.000000, frac_novel_structures: 0.490566, frac_novel_systems: 0.132075, frac_novel_unique_structures: 0.490566, frac_unique_structures: 1.000000, frac_unique_systems: 1.000000, precision: 0.509434, recall: 0.000056
[2026-05-03 10:03:41,420][root][INFO] - SCORE:
[BMGPRoutedV4] cycle=9 N=14 K_eff=4 oracled=4 masked=10 ltm=543 GP_RMSE_train=0.009 GP_RMSE_cv5=23.859 GP_MAE_cv5=14.865 mean_oracle_K_GPa=139.17 anchor=False cold=False 122.3s
[2026-05-03 10:05:43,731][root][INFO] - Evaluation costs to date: 97
[2026-05-03 10:05:43,731][root][INFO] - Number of samples that successfully obtained rewards: 4
[2026-05-03 10:05:43,731][root][INFO] - reward mean=0.3209 std=0.2816
[2026-05-03 10:05:43,732][root][INFO] - bulk_modulus mean=139.1682 std=110.2025
[2026-05-03 10:05:43,819][root][INFO] - 43 crystals generated so far, 43 unique components.  Burden: None, Div. Ratio: 1.0.
[2026-05-03 10:05:43,825][root][INFO] - Diversity filter: tol_n=0, buff_n=0
[2026-05-03 10:05:43,827][root][INFO] - replay buffer size=31
[2026-05-03 10:05:43,827][root][INFO] - buffer reward mean=0.31045370843359466
[2026-05-03 10:05:43,827][root][INFO] - FINETUNE:
[2026-05-03 10:05:44,174][root][INFO] - Epoch 0: loss: 0.6674, loss_diff: 0.6671, loss_kl: 0.0089
[2026-05-03 10:05:44,520][root][INFO] - Epoch 1: loss: 0.7154, loss_diff: 0.7152, loss_kl: 0.0089
[2026-05-03 10:05:44,874][root][INFO] - Epoch 2: loss: 0.7070, loss_diff: 0.7068, loss_kl: 0.0075
[2026-05-03 10:05:44,875][root][INFO] - *****   LOOP 9 FINISH   *****
[2026-05-03 10:05:44,875][root][INFO] - Total time taken: 5.71 min.


[2026-05-03 10:05:44,875][root][INFO] - *****   LOOP 10 START   *****
[2026-05-03 10:05:44,875][root][INFO] - SAMPLE:
[32m2026-05-03 10:06:56.519[0m | [1mINFO    [0m | [36mmattersim.forcefield.potential[0m:[36mfrom_checkpoint[0m:[36m891[0m - [1mLoading the pre-trained mattersim-v1.0.0-5M.pth model[0m
[2026-05-03 10:11:08,395][root][INFO] - Number of filtered samples: 6
[2026-05-03 10:11:08,435][root][INFO] - avg_energy_above_hull_per_atom: 0.187926, avg_rmsd_from_relaxation: 0.679982, frac_novel_unique_stable_structures: 0.130435, frac_stable_structures: 0.586957, frac_successful_jobs: 1.000000, avg_comp_validity: 1.000000, avg_structure_comp_validity: 1.000000, avg_structure_validity: 1.000000, frac_novel_structures: 0.543478, frac_novel_systems: 0.065217, frac_novel_unique_structures: 0.543478, frac_unique_structures: 1.000000, frac_unique_systems: 1.000000, precision: 0.456522, recall: 0.000058
[2026-05-03 10:11:08,461][root][INFO] - SCORE:
[BMGPRoutedV4] cycle=10 N=6 K_eff=3 oracled=3 masked=3 ltm=546 GP_RMSE_train=0.009 GP_RMSE_cv5=23.764 GP_MAE_cv5=14.401 mean_oracle_K_GPa=93.28 anchor=False cold=False 111.4s
[2026-05-03 10:12:59,822][root][INFO] - Evaluation costs to date: 103
[2026-05-03 10:12:59,822][root][INFO] - Number of samples that successfully obtained rewards: 3
[2026-05-03 10:12:59,822][root][INFO] - reward mean=0.1928 std=0.1142
[2026-05-03 10:12:59,822][root][INFO] - bulk_modulus mean=93.2770 std=43.3996
[2026-05-03 10:12:59,913][root][INFO] - 46 crystals generated so far, 46 unique components.  Burden: None, Div. Ratio: 1.0.
[2026-05-03 10:12:59,918][root][INFO] - Diversity filter: tol_n=0, buff_n=0
[2026-05-03 10:12:59,920][root][INFO] - replay buffer size=33
[2026-05-03 10:12:59,921][root][INFO] - buffer reward mean=0.3065747037471069
[2026-05-03 10:12:59,921][root][INFO] - FINETUNE:
[2026-05-03 10:13:00,223][root][INFO] - Epoch 0: loss: 0.6377, loss_diff: 0.6372, loss_kl: 0.0212
[2026-05-03 10:13:00,522][root][INFO] - Epoch 1: loss: 0.6375, loss_diff: 0.6372, loss_kl: 0.0124
[2026-05-03 10:13:00,824][root][INFO] - Epoch 2: loss: 0.6470, loss_diff: 0.6461, loss_kl: 0.0372
[2026-05-03 10:13:00,825][root][INFO] - *****   LOOP 10 FINISH   *****
[2026-05-03 10:13:00,826][root][INFO] - Total time taken: 7.27 min.


[2026-05-03 10:13:00,826][root][INFO] - *****   LOOP 11 START   *****
[2026-05-03 10:13:00,826][root][INFO] - SAMPLE:
[32m2026-05-03 10:14:30.859[0m | [1mINFO    [0m | [36mmattersim.forcefield.potential[0m:[36mfrom_checkpoint[0m:[36m891[0m - [1mLoading the pre-trained mattersim-v1.0.0-5M.pth model[0m
[2026-05-03 10:18:00,890][root][INFO] - Number of filtered samples: 14
[2026-05-03 10:18:00,893][root][INFO] - avg_energy_above_hull_per_atom: 0.165377, avg_rmsd_from_relaxation: 0.577926, frac_novel_unique_stable_structures: 0.237288, frac_stable_structures: 0.694915, frac_successful_jobs: 1.000000, avg_comp_validity: 1.000000, avg_structure_comp_validity: 1.000000, avg_structure_validity: 1.000000, frac_novel_structures: 0.542373, frac_novel_systems: 0.084746, frac_novel_unique_structures: 0.542373, frac_unique_structures: 1.000000, frac_unique_systems: 1.000000, precision: 0.457627, recall: 0.000053
[2026-05-03 10:18:00,903][root][INFO] - SCORE:
[BMGPRoutedV4] cycle=11 N=14 K_eff=4 oracled=4 masked=10 ltm=550 GP_RMSE_train=0.009 GP_RMSE_cv5=22.523 GP_MAE_cv5=14.657 mean_oracle_K_GPa=99.79 anchor=False cold=False 123.5s
[2026-05-03 10:20:04,459][root][INFO] - Evaluation costs to date: 117
[2026-05-03 10:20:04,459][root][INFO] - Number of samples that successfully obtained rewards: 4
[2026-05-03 10:20:04,460][root][INFO] - reward mean=0.2100 std=0.1438
[2026-05-03 10:20:04,460][root][INFO] - bulk_modulus mean=99.7932 std=54.6597
[2026-05-03 10:20:04,563][root][INFO] - 50 crystals generated so far, 50 unique components.  Burden: None, Div. Ratio: 1.0.
[2026-05-03 10:20:04,568][root][INFO] - Diversity filter: tol_n=0, buff_n=0
[2026-05-03 10:20:04,571][root][INFO] - replay buffer size=36
[2026-05-03 10:20:04,571][root][INFO] - buffer reward mean=0.30360179170817697
[2026-05-03 10:20:04,571][root][INFO] - FINETUNE:
[2026-05-03 10:20:04,920][root][INFO] - Epoch 0: loss: 0.5650, loss_diff: 0.5644, loss_kl: 0.0257
[2026-05-03 10:20:05,266][root][INFO] - Epoch 1: loss: 0.4993, loss_diff: 0.4991, loss_kl: 0.0095
[2026-05-03 10:20:05,613][root][INFO] - Epoch 2: loss: 0.5858, loss_diff: 0.5856, loss_kl: 0.0078
[2026-05-03 10:20:05,614][root][INFO] - *****   LOOP 11 FINISH   *****
[2026-05-03 10:20:05,614][root][INFO] - Total time taken: 7.08 min.


[2026-05-03 10:20:05,614][root][INFO] - *****   LOOP 12 START   *****
[2026-05-03 10:20:05,614][root][INFO] - SAMPLE:
[32m2026-05-03 10:21:30.607[0m | [1mINFO    [0m | [36mmattersim.forcefield.potential[0m:[36mfrom_checkpoint[0m:[36m891[0m - [1mLoading the pre-trained mattersim-v1.0.0-5M.pth model[0m
[2026-05-03 10:24:31,080][root][INFO] - Number of filtered samples: 7
[2026-05-03 10:24:31,082][root][INFO] - avg_energy_above_hull_per_atom: 0.208271, avg_rmsd_from_relaxation: 0.530783, frac_novel_unique_stable_structures: 0.145833, frac_stable_structures: 0.687500, frac_successful_jobs: 1.000000, avg_comp_validity: 1.000000, avg_structure_comp_validity: 1.000000, avg_structure_validity: 1.000000, frac_novel_structures: 0.437500, frac_novel_systems: 0.125000, frac_novel_unique_structures: 0.437500, frac_unique_structures: 1.000000, frac_unique_systems: 1.000000, precision: 0.562500, recall: 0.000063
[2026-05-03 10:24:31,087][root][INFO] - SCORE:
[BMGPRoutedV4] cycle=12 N=7 K_eff=4 oracled=4 masked=3 ltm=554 GP_RMSE_train=0.009 GP_RMSE_cv5=23.013 GP_MAE_cv5=14.186 mean_oracle_K_GPa=96.44 anchor=False cold=False 196.8s
[2026-05-03 10:27:47,921][root][INFO] - Evaluation costs to date: 124
[2026-05-03 10:27:47,922][root][INFO] - Number of samples that successfully obtained rewards: 4
[2026-05-03 10:27:47,922][root][INFO] - reward mean=0.2011 std=0.1630
[2026-05-03 10:27:47,922][root][INFO] - bulk_modulus mean=96.4353 std=61.9443
[2026-05-03 10:27:50,539][root][INFO] - 54 crystals generated so far, 54 unique components.  Burden: None, Div. Ratio: 1.0.
[2026-05-03 10:27:50,544][root][INFO] - Diversity filter: tol_n=0, buff_n=0
[2026-05-03 10:27:50,547][root][INFO] - replay buffer size=38
[2026-05-03 10:27:50,547][root][INFO] - buffer reward mean=0.30663901706453833
[2026-05-03 10:27:50,547][root][INFO] - FINETUNE:
[2026-05-03 10:27:50,972][root][INFO] - Epoch 0: loss: 0.6904, loss_diff: 0.6899, loss_kl: 0.0173
[2026-05-03 10:27:51,324][root][INFO] - Epoch 1: loss: 0.6180, loss_diff: 0.6177, loss_kl: 0.0115
[2026-05-03 10:27:51,672][root][INFO] - Epoch 2: loss: 0.6069, loss_diff: 0.6066, loss_kl: 0.0129
[2026-05-03 10:27:51,673][root][INFO] - *****   LOOP 12 FINISH   *****
[2026-05-03 10:27:51,674][root][INFO] - Total time taken: 7.77 min.


[2026-05-03 10:27:51,674][root][INFO] - *****   LOOP 13 START   *****
[2026-05-03 10:27:51,674][root][INFO] - SAMPLE:
[32m2026-05-03 10:29:01.556[0m | [1mINFO    [0m | [36mmattersim.forcefield.potential[0m:[36mfrom_checkpoint[0m:[36m891[0m - [1mLoading the pre-trained mattersim-v1.0.0-5M.pth model[0m
[2026-05-03 10:31:57,880][root][INFO] - Number of filtered samples: 7
[2026-05-03 10:31:57,882][root][INFO] - avg_energy_above_hull_per_atom: 0.166549, avg_rmsd_from_relaxation: 0.591094, frac_novel_unique_stable_structures: 0.137255, frac_stable_structures: 0.705882, frac_successful_jobs: 1.000000, avg_comp_validity: 1.000000, avg_structure_comp_validity: 1.000000, avg_structure_validity: 1.000000, frac_novel_structures: 0.411765, frac_novel_systems: 0.078431, frac_novel_unique_structures: 0.411765, frac_unique_structures: 1.000000, frac_unique_systems: 1.000000, precision: 0.588235, recall: 0.000109
[2026-05-03 10:31:57,888][root][INFO] - SCORE:
[BMGPRoutedV4] cycle=13 N=7 K_eff=4 oracled=4 masked=3 ltm=558 GP_RMSE_train=0.009 GP_RMSE_cv5=22.267 GP_MAE_cv5=14.150 mean_oracle_K_GPa=82.68 anchor=False cold=False 132.1s
[2026-05-03 10:34:10,027][root][INFO] - Evaluation costs to date: 131
[2026-05-03 10:34:10,027][root][INFO] - Number of samples that successfully obtained rewards: 4
[2026-05-03 10:34:10,027][root][INFO] - reward mean=0.1649 std=0.1199
[2026-05-03 10:34:10,027][root][INFO] - bulk_modulus mean=82.6790 std=45.5566
[2026-05-03 10:34:10,144][root][INFO] - 58 crystals generated so far, 58 unique components.  Burden: None, Div. Ratio: 1.0.
[2026-05-03 10:34:10,151][root][INFO] - Diversity filter: tol_n=0, buff_n=0
[2026-05-03 10:34:10,154][root][INFO] - replay buffer size=40
[2026-05-03 10:34:10,154][root][INFO] - buffer reward mean=0.30425998821353106
[2026-05-03 10:34:10,154][root][INFO] - FINETUNE:
[2026-05-03 10:34:10,550][root][INFO] - Epoch 0: loss: 0.5284, loss_diff: 0.5282, loss_kl: 0.0097
[2026-05-03 10:34:10,895][root][INFO] - Epoch 1: loss: 0.5822, loss_diff: 0.5814, loss_kl: 0.0328
[2026-05-03 10:34:11,243][root][INFO] - Epoch 2: loss: 0.5481, loss_diff: 0.5478, loss_kl: 0.0103
[2026-05-03 10:34:11,244][root][INFO] - *****   LOOP 13 FINISH   *****
[2026-05-03 10:34:11,245][root][INFO] - Total time taken: 6.33 min.


[2026-05-03 10:34:11,245][root][INFO] - *****   LOOP 14 START   *****
[2026-05-03 10:34:11,245][root][INFO] - SAMPLE:
[32m2026-05-03 10:35:39.094[0m | [1mINFO    [0m | [36mmattersim.forcefield.potential[0m:[36mfrom_checkpoint[0m:[36m891[0m - [1mLoading the pre-trained mattersim-v1.0.0-5M.pth model[0m
[2026-05-03 10:39:41,322][root][INFO] - Number of filtered samples: 9
[2026-05-03 10:39:41,394][root][INFO] - avg_energy_above_hull_per_atom: 0.172885, avg_rmsd_from_relaxation: 0.771339, frac_novel_unique_stable_structures: 0.160714, frac_stable_structures: 0.553571, frac_successful_jobs: 1.000000, avg_comp_validity: 1.000000, avg_structure_comp_validity: 1.000000, avg_structure_validity: 1.000000, frac_novel_structures: 0.589286, frac_novel_systems: 0.053571, frac_novel_unique_structures: 0.589286, frac_unique_structures: 1.000000, frac_unique_systems: 0.982143, precision: 0.410714, recall: 0.000038
[2026-05-03 10:39:41,401][root][INFO] - SCORE:
[BMGPRoutedV4] cycle=14 N=9 K_eff=4 oracled=4 masked=5 ltm=562 GP_RMSE_train=0.009 GP_RMSE_cv5=23.799 GP_MAE_cv5=14.749 mean_oracle_K_GPa=111.32 anchor=False cold=False 143.2s
[2026-05-03 10:42:04,642][root][INFO] - Evaluation costs to date: 140
[2026-05-03 10:42:04,643][root][INFO] - Number of samples that successfully obtained rewards: 4
[2026-05-03 10:42:04,643][root][INFO] - reward mean=0.2403 std=0.1586
[2026-05-03 10:42:04,643][root][INFO] - bulk_modulus mean=111.3248 std=60.2754
[2026-05-03 10:42:04,769][root][INFO] - 62 crystals generated so far, 62 unique components.  Burden: None, Div. Ratio: 1.0.
[2026-05-03 10:42:04,776][root][INFO] - Diversity filter: tol_n=0, buff_n=0
[2026-05-03 10:42:04,780][root][INFO] - replay buffer size=43
[2026-05-03 10:42:04,780][root][INFO] - buffer reward mean=0.30399008786929865
[2026-05-03 10:42:04,780][root][INFO] - FINETUNE:
[2026-05-03 10:42:05,153][root][INFO] - Epoch 0: loss: 0.7145, loss_diff: 0.7140, loss_kl: 0.0173
[2026-05-03 10:42:05,501][root][INFO] - Epoch 1: loss: 0.5694, loss_diff: 0.5685, loss_kl: 0.0336
[2026-05-03 10:42:05,849][root][INFO] - Epoch 2: loss: 0.6593, loss_diff: 0.6587, loss_kl: 0.0217
[2026-05-03 10:42:05,850][root][INFO] - *****   LOOP 14 FINISH   *****
[2026-05-03 10:42:05,850][root][INFO] - Total time taken: 7.91 min.


[2026-05-03 10:42:05,850][root][INFO] - *****   LOOP 15 START   *****
[2026-05-03 10:42:05,850][root][INFO] - SAMPLE:
[32m2026-05-03 10:43:12.560[0m | [1mINFO    [0m | [36mmattersim.forcefield.potential[0m:[36mfrom_checkpoint[0m:[36m891[0m - [1mLoading the pre-trained mattersim-v1.0.0-5M.pth model[0m
[2026-05-03 10:46:46,684][root][INFO] - Number of filtered samples: 12
[2026-05-03 10:46:46,686][root][INFO] - avg_energy_above_hull_per_atom: 0.148018, avg_rmsd_from_relaxation: 0.617781, frac_novel_unique_stable_structures: 0.214286, frac_stable_structures: 0.660714, frac_successful_jobs: 1.000000, avg_comp_validity: 1.000000, avg_structure_comp_validity: 1.000000, avg_structure_validity: 1.000000, frac_novel_structures: 0.517857, frac_novel_systems: 0.125000, frac_novel_unique_structures: 0.517857, frac_unique_structures: 1.000000, frac_unique_systems: 0.982143, precision: 0.482143, recall: 0.000063
[2026-05-03 10:46:46,694][root][INFO] - SCORE:
[BMGPRoutedV4] cycle=15 N=12 K_eff=4 oracled=4 masked=8 ltm=566 GP_RMSE_train=0.009 GP_RMSE_cv5=21.915 GP_MAE_cv5=14.024 mean_oracle_K_GPa=114.92 anchor=False cold=False 106.0s
[2026-05-03 10:48:32,713][root][INFO] - Evaluation costs to date: 152
[2026-05-03 10:48:32,713][root][INFO] - Number of samples that successfully obtained rewards: 4
[2026-05-03 10:48:32,713][root][INFO] - reward mean=0.2498 std=0.1361
[2026-05-03 10:48:32,713][root][INFO] - bulk_modulus mean=114.9151 std=51.7249
[2026-05-03 10:48:32,839][root][INFO] - 66 crystals generated so far, 66 unique components.  Burden: None, Div. Ratio: 1.0.
[2026-05-03 10:48:32,845][root][INFO] - Diversity filter: tol_n=0, buff_n=0
[2026-05-03 10:48:32,848][root][INFO] - replay buffer size=46
[2026-05-03 10:48:32,848][root][INFO] - buffer reward mean=0.30446254952783197
[2026-05-03 10:48:32,848][root][INFO] - FINETUNE:
[2026-05-03 10:48:33,187][root][INFO] - Epoch 0: loss: 0.5100, loss_diff: 0.5096, loss_kl: 0.0146
[2026-05-03 10:48:33,533][root][INFO] - Epoch 1: loss: 0.5513, loss_diff: 0.5510, loss_kl: 0.0115
[2026-05-03 10:48:33,884][root][INFO] - Epoch 2: loss: 0.6816, loss_diff: 0.6813, loss_kl: 0.0142
[2026-05-03 10:48:33,885][root][INFO] - *****   LOOP 15 FINISH   *****
[2026-05-03 10:48:33,885][root][INFO] - Total time taken: 6.47 min.


[2026-05-03 10:48:33,885][root][INFO] - *****   LOOP 16 START   *****
[2026-05-03 10:48:33,885][root][INFO] - SAMPLE:
[32m2026-05-03 10:50:04.349[0m | [1mINFO    [0m | [36mmattersim.forcefield.potential[0m:[36mfrom_checkpoint[0m:[36m891[0m - [1mLoading the pre-trained mattersim-v1.0.0-5M.pth model[0m
[2026-05-03 10:53:34,231][root][INFO] - Number of filtered samples: 11
[2026-05-03 10:53:34,233][root][INFO] - avg_energy_above_hull_per_atom: 0.162388, avg_rmsd_from_relaxation: 0.477077, frac_novel_unique_stable_structures: 0.189655, frac_stable_structures: 0.724138, frac_successful_jobs: 1.000000, avg_comp_validity: 1.000000, avg_structure_comp_validity: 1.000000, avg_structure_validity: 1.000000, frac_novel_structures: 0.413793, frac_novel_systems: 0.086207, frac_novel_unique_structures: 0.413793, frac_unique_structures: 1.000000, frac_unique_systems: 1.000000, precision: 0.586207, recall: 0.000111
[2026-05-03 10:53:34,242][root][INFO] - SCORE:
[BMGPRoutedV4] cycle=16 N=11 K_eff=4 oracled=4 masked=7 ltm=570 GP_RMSE_train=0.009 GP_RMSE_cv5=23.352 GP_MAE_cv5=14.346 mean_oracle_K_GPa=130.65 anchor=False cold=False 213.6s
[2026-05-03 10:57:07,847][root][INFO] - Evaluation costs to date: 163
[2026-05-03 10:57:07,848][root][INFO] - Number of samples that successfully obtained rewards: 4
[2026-05-03 10:57:07,848][root][INFO] - reward mean=0.2912 std=0.1690
[2026-05-03 10:57:07,848][root][INFO] - bulk_modulus mean=130.6477 std=64.2214
[2026-05-03 10:57:07,983][root][INFO] - 70 crystals generated so far, 70 unique components.  Burden: None, Div. Ratio: 1.0.
[2026-05-03 10:57:07,989][root][INFO] - Diversity filter: tol_n=0, buff_n=0
[2026-05-03 10:57:07,992][root][INFO] - replay buffer size=49
[2026-05-03 10:57:07,992][root][INFO] - buffer reward mean=0.3093359708802838
[2026-05-03 10:57:07,992][root][INFO] - FINETUNE:
[2026-05-03 10:57:08,341][root][INFO] - Epoch 0: loss: 0.7328, loss_diff: 0.7324, loss_kl: 0.0155
[2026-05-03 10:57:08,699][root][INFO] - Epoch 1: loss: 0.7489, loss_diff: 0.7487, loss_kl: 0.0119
[2026-05-03 10:57:09,051][root][INFO] - Epoch 2: loss: 0.7964, loss_diff: 0.7960, loss_kl: 0.0157
[2026-05-03 10:57:09,053][root][INFO] - *****   LOOP 16 FINISH   *****
[2026-05-03 10:57:09,053][root][INFO] - Total time taken: 8.59 min.


[2026-05-03 10:57:09,053][root][INFO] - *****   LOOP 17 START   *****
[2026-05-03 10:57:09,053][root][INFO] - SAMPLE:
[32m2026-05-03 10:58:17.830[0m | [1mINFO    [0m | [36mmattersim.forcefield.potential[0m:[36mfrom_checkpoint[0m:[36m891[0m - [1mLoading the pre-trained mattersim-v1.0.0-5M.pth model[0m
[2026-05-03 11:01:04,564][root][INFO] - Number of filtered samples: 11
[2026-05-03 11:01:04,565][root][INFO] - avg_energy_above_hull_per_atom: 0.123648, avg_rmsd_from_relaxation: 0.564890, frac_novel_unique_stable_structures: 0.215686, frac_stable_structures: 0.725490, frac_successful_jobs: 1.000000, avg_comp_validity: 1.000000, avg_structure_comp_validity: 1.000000, avg_structure_validity: 1.000000, frac_novel_structures: 0.450980, frac_novel_systems: 0.078431, frac_novel_unique_structures: 0.450980, frac_unique_structures: 1.000000, frac_unique_systems: 0.980392, precision: 0.549020, recall: 0.000059
[2026-05-03 11:01:04,572][root][INFO] - SCORE:
[BMGPRoutedV4] cycle=17 N=11 K_eff=4 oracled=4 masked=7 ltm=574 GP_RMSE_train=0.009 GP_RMSE_cv5=20.683 GP_MAE_cv5=13.289 mean_oracle_K_GPa=101.01 anchor=False cold=False 127.4s
[2026-05-03 11:03:11,987][root][INFO] - Evaluation costs to date: 174
[2026-05-03 11:03:11,987][root][INFO] - Number of samples that successfully obtained rewards: 4
[2026-05-03 11:03:11,988][root][INFO] - reward mean=0.2132 std=0.1315
[2026-05-03 11:03:11,988][root][INFO] - bulk_modulus mean=101.0052 std=49.9697
[2026-05-03 11:03:12,837][root][INFO] - 74 crystals generated so far, 74 unique components.  Burden: None, Div. Ratio: 1.0.
[2026-05-03 11:03:12,843][root][INFO] - Diversity filter: tol_n=0, buff_n=0
[2026-05-03 11:03:12,846][root][INFO] - replay buffer size=52
[2026-05-03 11:03:12,846][root][INFO] - buffer reward mean=0.3066053227229099
[2026-05-03 11:03:12,846][root][INFO] - FINETUNE:
[2026-05-03 11:03:13,185][root][INFO] - Epoch 0: loss: 0.6051, loss_diff: 0.6048, loss_kl: 0.0144
[2026-05-03 11:03:15,023][root][INFO] - Epoch 1: loss: 0.4203, loss_diff: 0.4200, loss_kl: 0.0121
[2026-05-03 11:03:17,131][root][INFO] - Epoch 2: loss: 0.5064, loss_diff: 0.5061, loss_kl: 0.0107
[2026-05-03 11:03:19,362][root][INFO] - *****   LOOP 17 FINISH   *****
[2026-05-03 11:03:21,320][root][INFO] - Total time taken: 6.17 min.


[2026-05-03 11:03:21,320][root][INFO] - *****   LOOP 18 START   *****
[2026-05-03 11:03:21,320][root][INFO] - SAMPLE:
[32m2026-05-03 11:04:42.128[0m | [1mINFO    [0m | [36mmattersim.forcefield.potential[0m:[36mfrom_checkpoint[0m:[36m891[0m - [1mLoading the pre-trained mattersim-v1.0.0-5M.pth model[0m
[2026-05-03 11:08:07,906][root][INFO] - Number of filtered samples: 7
[2026-05-03 11:08:07,909][root][INFO] - avg_energy_above_hull_per_atom: 0.219282, avg_rmsd_from_relaxation: 0.681083, frac_novel_unique_stable_structures: 0.129630, frac_stable_structures: 0.574074, frac_successful_jobs: 1.000000, avg_comp_validity: 1.000000, avg_structure_comp_validity: 1.000000, avg_structure_validity: 1.000000, frac_novel_structures: 0.537037, frac_novel_systems: 0.092593, frac_novel_unique_structures: 0.537037, frac_unique_structures: 1.000000, frac_unique_systems: 1.000000, precision: 0.462963, recall: 0.000079
[2026-05-03 11:08:07,936][root][INFO] - SCORE:
[BMGPRoutedV4] cycle=18 N=7 K_eff=4 oracled=4 masked=3 ltm=578 GP_RMSE_train=0.009 GP_RMSE_cv5=22.373 GP_MAE_cv5=13.673 mean_oracle_K_GPa=98.67 anchor=False cold=False 107.6s
[2026-05-03 11:09:55,567][root][INFO] - Evaluation costs to date: 181
[2026-05-03 11:09:55,567][root][INFO] - Number of samples that successfully obtained rewards: 4
[2026-05-03 11:09:55,567][root][INFO] - reward mean=0.2070 std=0.1335
[2026-05-03 11:09:55,568][root][INFO] - bulk_modulus mean=98.6666 std=50.7455
[2026-05-03 11:09:55,713][root][INFO] - 78 crystals generated so far, 78 unique components.  Burden: None, Div. Ratio: 1.0.
[2026-05-03 11:09:55,718][root][INFO] - Diversity filter: tol_n=0, buff_n=0
[2026-05-03 11:09:55,721][root][INFO] - replay buffer size=55
[2026-05-03 11:09:55,721][root][INFO] - buffer reward mean=0.30393524024825336
[2026-05-03 11:09:55,721][root][INFO] - FINETUNE:
[2026-05-03 11:09:56,059][root][INFO] - Epoch 0: loss: 0.5344, loss_diff: 0.5338, loss_kl: 0.0244
[2026-05-03 11:09:56,407][root][INFO] - Epoch 1: loss: 0.5068, loss_diff: 0.5064, loss_kl: 0.0171
[2026-05-03 11:09:56,756][root][INFO] - Epoch 2: loss: 0.5700, loss_diff: 0.5695, loss_kl: 0.0191
[2026-05-03 11:09:56,757][root][INFO] - *****   LOOP 18 FINISH   *****
[2026-05-03 11:09:56,757][root][INFO] - Total time taken: 6.59 min.


[2026-05-03 11:09:56,757][root][INFO] - *****   LOOP 19 START   *****
[2026-05-03 11:09:56,757][root][INFO] - SAMPLE:
[32m2026-05-03 11:11:20.326[0m | [1mINFO    [0m | [36mmattersim.forcefield.potential[0m:[36mfrom_checkpoint[0m:[36m891[0m - [1mLoading the pre-trained mattersim-v1.0.0-5M.pth model[0m
[2026-05-03 11:14:53,273][root][INFO] - Number of filtered samples: 9
[2026-05-03 11:14:53,277][root][INFO] - avg_energy_above_hull_per_atom: 0.089073, avg_rmsd_from_relaxation: 0.653462, frac_novel_unique_stable_structures: 0.163636, frac_stable_structures: 0.618182, frac_successful_jobs: 1.000000, avg_comp_validity: 1.000000, avg_structure_comp_validity: 1.000000, avg_structure_validity: 1.000000, frac_novel_structures: 0.490909, frac_novel_systems: 0.109091, frac_novel_unique_structures: 0.490909, frac_unique_structures: 1.000000, frac_unique_systems: 1.000000, precision: 0.509091, recall: 0.000056
[2026-05-03 11:14:53,285][root][INFO] - SCORE:
[BMGPRoutedV4] cycle=19 N=9 K_eff=4 oracled=4 masked=5 ltm=582 GP_RMSE_train=0.009 GP_RMSE_cv5=22.165 GP_MAE_cv5=13.830 mean_oracle_K_GPa=99.81 anchor=False cold=False 171.0s
[2026-05-03 11:17:44,325][root][INFO] - Evaluation costs to date: 190
[2026-05-03 11:17:44,326][root][INFO] - Number of samples that successfully obtained rewards: 4
[2026-05-03 11:17:44,326][root][INFO] - reward mean=0.2100 std=0.1086
[2026-05-03 11:17:44,326][root][INFO] - bulk_modulus mean=99.8075 std=41.2694
[2026-05-03 11:17:44,483][root][INFO] - 82 crystals generated so far, 82 unique components.  Burden: None, Div. Ratio: 1.0.
[2026-05-03 11:17:44,490][root][INFO] - Diversity filter: tol_n=0, buff_n=0
[2026-05-03 11:17:44,492][root][INFO] - replay buffer size=59
[2026-05-03 11:17:44,493][root][INFO] - buffer reward mean=0.2975680875103807
[2026-05-03 11:17:44,493][root][INFO] - FINETUNE:
[2026-05-03 11:17:44,839][root][INFO] - Epoch 0: loss: 0.6444, loss_diff: 0.6440, loss_kl: 0.0181
[2026-05-03 11:17:45,187][root][INFO] - Epoch 1: loss: 0.5835, loss_diff: 0.5830, loss_kl: 0.0200
[2026-05-03 11:17:45,536][root][INFO] - Epoch 2: loss: 0.5294, loss_diff: 0.5289, loss_kl: 0.0187
[2026-05-03 11:17:45,537][root][INFO] - *****   LOOP 19 FINISH   *****
[2026-05-03 11:17:45,537][root][INFO] - Total time taken: 7.81 min.


[2026-05-03 11:17:46,135][root][INFO] - *****   RL END   *****
[2026-05-03 11:17:46,135][root][INFO] - Total time taken: 8765 s.
Closing LMDB environment /tmp/job.3003729/tmpbsur0044/reference_MP2020correction
Phase-3 v4 adit accel (seed=99) finished at Sun May  3 11:17:59 CDT 2026
