/scratch/user/ahnafalvi/envs/matinvent-hcap-bo/lib/python3.10/site-packages/hydra/_internal/defaults_list.py:251: UserWarning: In 'base': Defaults list is missing `_self_`. See https://hydra.cc/docs/1.2/upgrades/1.0_to_1.1/default_composition_order for more information
  warnings.warn(msg, UserWarning)
/scratch/user/ahnafalvi/envs/matinvent-hcap-bo/lib/python3.10/site-packages/hydra/_internal/hydra.py:119: UserWarning: Future Hydra versions will no longer change working directory at job runtime by default.
See https://hydra.cc/docs/1.2/upgrades/1.1_to_1.2/changes_to_job_working_dir/ for more information.
  ret = run_job(
[BMGPRoutedV4] queued 500 warm-start BM samples from /scratch/user/ahnafalvi/matinvent-hcap-bo/data/bm/ltm_bm_seed_pool.parquet
[BMGPRoutedV4] init: K=4 K_ratio=0.5 anchor_every=999 cold_min=0 target_K=300.0 acq=ei
/scratch/user/ahnafalvi/envs/matinvent-hcap-bo/lib/python3.10/site-packages/lightning/fabric/utilities/cloud_io.py:73: You are using `torch.load` with `weights_only=False` (the current default value), which uses the default pickle module implicitly. It is possible to construct malicious pickle data which will execute arbitrary code during unpickling (See https://github.com/pytorch/pytorch/blob/main/SECURITY.md#untrusted-models for more details). In a future release, the default value for `weights_only` will be flipped to `True`. This limits the functions that could be executed during unpickling. Arbitrary objects will no longer be allowed to be loaded via this mode unless they are explicitly allowlisted by the user via `torch.serialization.add_safe_globals`. We recommend you start setting `weights_only=True` for any use case where you don't have full control of the loaded file. Please open an issue on GitHub for any issues related to this experimental feature.
/scratch/user/ahnafalvi/envs/matinvent-hcap-bo/lib/python3.10/site-packages/lightning/pytorch/utilities/parsing.py:213: Attribute 'encoder' is an instance of `nn.Module` and is already saved during checkpointing. It is recommended to ignore them using `self.save_hyperparameters(ignore=['encoder'])`.
/scratch/user/ahnafalvi/envs/matinvent-hcap-bo/lib/python3.10/site-packages/lightning/pytorch/utilities/parsing.py:213: Attribute 'decoder' is an instance of `nn.Module` and is already saved during checkpointing. It is recommended to ignore them using `self.save_hyperparameters(ignore=['decoder'])`.
/scratch/user/ahnafalvi/envs/matinvent-hcap-bo/lib/python3.10/site-packages/uncertainties/core.py:1024: UserWarning: Using UFloat objects with std_dev==0 may give unexpected results.
  warn("Using UFloat objects with std_dev==0 may give unexpected results.")
/scratch/user/ahnafalvi/envs/matinvent-hcap-bo/lib/python3.10/site-packages/google/api_core/_python_version_support.py:275: FutureWarning: You are using a Python version (3.10.19) which Google will stop supporting in new releases of google.api_core once it reaches its end of life (2026-10-04). Please upgrade to the latest Python version, or at least Python 3.11, to continue receiving updates for google.api_core past that date.
  warnings.warn(message, FutureWarning)
/scratch/user/ahnafalvi/envs/matinvent-hcap-bo/lib/python3.10/site-packages/orb_models/utils.py:30: UserWarning: Setting global torch default dtype to torch.float32.
  warnings.warn(f"Setting global torch default dtype to {torch_dtype}.")
W0503 09:06:09.434000 1174381 site-packages/torch/_dynamo/convert_frame.py:844] [0/8] torch._dynamo hit config.cache_size_limit (8)
W0503 09:06:09.434000 1174381 site-packages/torch/_dynamo/convert_frame.py:844] [0/8]    function: 'forward' (/scratch/user/ahnafalvi/envs/matinvent-hcap-bo/lib/python3.10/site-packages/orb_models/forcefield/gns.py:476)
W0503 09:06:09.434000 1174381 site-packages/torch/_dynamo/convert_frame.py:844] [0/8]    last reason: 0/0: tensor 'L['batch'][0]' size mismatch at index 0. expected 496, actual 1044
W0503 09:06:09.434000 1174381 site-packages/torch/_dynamo/convert_frame.py:844] [0/8] To log all recompilation reasons, use TORCH_LOGS="recompiles".
W0503 09:06:09.434000 1174381 site-packages/torch/_dynamo/convert_frame.py:844] [0/8] To diagnose recompilation issues, see https://pytorch.org/docs/main/torch.compiler_troubleshooting.html.
/scratch/user/ahnafalvi/matinvent-hcap-bo/src/ltm.py:106: FutureWarning: The behavior of DataFrame concatenation with empty or all-NA entries is deprecated. In a future version, this will no longer exclude empty or all-NA columns when determining the result dtypes. To retain the old behavior, exclude the relevant entries before the concat operation.
  self._df = pd.concat([self._df, new_df], ignore_index=True)
[BMGPRoutedV4] re-embedded 500 warm-start rows
/scratch/user/ahnafalvi/envs/matinvent-hcap-bo/lib/python3.10/site-packages/fairchem/core/models/escn/so3.py:23: FutureWarning: You are using `torch.load` with `weights_only=False` (the current default value), which uses the default pickle module implicitly. It is possible to construct malicious pickle data which will execute arbitrary code during unpickling (See https://github.com/pytorch/pytorch/blob/main/SECURITY.md#untrusted-models for more details). In a future release, the default value for `weights_only` will be flipped to `True`. This limits the functions that could be executed during unpickling. Arbitrary objects will no longer be allowed to be loaded via this mode unless they are explicitly allowlisted by the user via `torch.serialization.add_safe_globals`. We recommend you start setting `weights_only=True` for any use case where you don't have full control of the loaded file. Please open an issue on GitHub for any issues related to this experimental feature.
  _Jd = torch.load(os.path.join(os.path.dirname(__file__), "Jd.pt"))
/scratch/user/ahnafalvi/envs/matinvent-hcap-bo/lib/python3.10/site-packages/fairchem/core/models/scn/spherical_harmonics.py:23: FutureWarning: You are using `torch.load` with `weights_only=False` (the current default value), which uses the default pickle module implicitly. It is possible to construct malicious pickle data which will execute arbitrary code during unpickling (See https://github.com/pytorch/pytorch/blob/main/SECURITY.md#untrusted-models for more details). In a future release, the default value for `weights_only` will be flipped to `True`. This limits the functions that could be executed during unpickling. Arbitrary objects will no longer be allowed to be loaded via this mode unless they are explicitly allowlisted by the user via `torch.serialization.add_safe_globals`. We recommend you start setting `weights_only=True` for any use case where you don't have full control of the loaded file. Please open an issue on GitHub for any issues related to this experimental feature.
  _Jd = torch.load(os.path.join(os.path.dirname(__file__), "Jd.pt"))
/scratch/user/ahnafalvi/envs/matinvent-hcap-bo/lib/python3.10/site-packages/fairchem/core/models/equiformer_v2/wigner.py:10: FutureWarning: You are using `torch.load` with `weights_only=False` (the current default value), which uses the default pickle module implicitly. It is possible to construct malicious pickle data which will execute arbitrary code during unpickling (See https://github.com/pytorch/pytorch/blob/main/SECURITY.md#untrusted-models for more details). In a future release, the default value for `weights_only` will be flipped to `True`. This limits the functions that could be executed during unpickling. Arbitrary objects will no longer be allowed to be loaded via this mode unless they are explicitly allowlisted by the user via `torch.serialization.add_safe_globals`. We recommend you start setting `weights_only=True` for any use case where you don't have full control of the loaded file. Please open an issue on GitHub for any issues related to this experimental feature.
  _Jd = torch.load(os.path.join(os.path.dirname(__file__), "Jd.pt"))
/scratch/user/ahnafalvi/envs/matinvent-hcap-bo/lib/python3.10/site-packages/fairchem/core/common/relaxation/ase_utils.py:200: FutureWarning: You are using `torch.load` with `weights_only=False` (the current default value), which uses the default pickle module implicitly. It is possible to construct malicious pickle data which will execute arbitrary code during unpickling (See https://github.com/pytorch/pytorch/blob/main/SECURITY.md#untrusted-models for more details). In a future release, the default value for `weights_only` will be flipped to `True`. This limits the functions that could be executed during unpickling. Arbitrary objects will no longer be allowed to be loaded via this mode unless they are explicitly allowlisted by the user via `torch.serialization.add_safe_globals`. We recommend you start setting `weights_only=True` for any use case where you don't have full control of the loaded file. Please open an issue on GitHub for any issues related to this experimental feature.
  checkpoint = torch.load(checkpoint_path, map_location=torch.device("cpu"))
/scratch/user/ahnafalvi/envs/matinvent-hcap-bo/lib/python3.10/site-packages/fairchem/core/models/esen/esen.py:91: FutureWarning: You are using `torch.load` with `weights_only=False` (the current default value), which uses the default pickle module implicitly. It is possible to construct malicious pickle data which will execute arbitrary code during unpickling (See https://github.com/pytorch/pytorch/blob/main/SECURITY.md#untrusted-models for more details). In a future release, the default value for `weights_only` will be flipped to `True`. This limits the functions that could be executed during unpickling. Arbitrary objects will no longer be allowed to be loaded via this mode unless they are explicitly allowlisted by the user via `torch.serialization.add_safe_globals`. We recommend you start setting `weights_only=True` for any use case where you don't have full control of the loaded file. Please open an issue on GitHub for any issues related to this experimental feature.
  Jd_list = torch.load(os.path.join(os.path.dirname(__file__), "Jd.pt"))
/scratch/user/ahnafalvi/envs/matinvent-hcap-bo/lib/python3.10/site-packages/botorch/models/utils/assorted.py:271: InputDataWarning: Data (input features) is not contained to the unit cube. Please consider min-max scaling the input data.
  check_min_max_scaling(
/scratch/user/ahnafalvi/envs/matinvent-hcap-bo/lib/python3.10/site-packages/gpytorch/likelihoods/noise_models.py:150: NumericalWarning: Very small noise values detected. This will likely lead to numerical instabilities. Rounding small noise values up to 1e-06.
  warnings.warn(
/scratch/user/ahnafalvi/envs/matinvent-hcap-bo/lib/python3.10/site-packages/botorch/models/utils/assorted.py:271: InputDataWarning: Data (input features) is not contained to the unit cube. Please consider min-max scaling the input data.
  check_min_max_scaling(
/scratch/user/ahnafalvi/envs/matinvent-hcap-bo/lib/python3.10/site-packages/botorch/models/utils/assorted.py:271: InputDataWarning: Data (input features) is not contained to the unit cube. Please consider min-max scaling the input data.
  check_min_max_scaling(
/scratch/user/ahnafalvi/envs/matinvent-hcap-bo/lib/python3.10/site-packages/botorch/models/utils/assorted.py:271: InputDataWarning: Data (input features) is not contained to the unit cube. Please consider min-max scaling the input data.
  check_min_max_scaling(
/scratch/user/ahnafalvi/envs/matinvent-hcap-bo/lib/python3.10/site-packages/botorch/models/utils/assorted.py:271: InputDataWarning: Data (input features) is not contained to the unit cube. Please consider min-max scaling the input data.
  check_min_max_scaling(
/scratch/user/ahnafalvi/envs/matinvent-hcap-bo/lib/python3.10/site-packages/botorch/models/utils/assorted.py:271: InputDataWarning: Data (input features) is not contained to the unit cube. Please consider min-max scaling the input data.
  check_min_max_scaling(
/scratch/user/ahnafalvi/envs/matinvent-hcap-bo/lib/python3.10/site-packages/uncertainties/core.py:1024: UserWarning: Using UFloat objects with std_dev==0 may give unexpected results.
  warn("Using UFloat objects with std_dev==0 may give unexpected results.")
/scratch/user/ahnafalvi/envs/matinvent-hcap-bo/lib/python3.10/site-packages/botorch/models/utils/assorted.py:271: InputDataWarning: Data (input features) is not contained to the unit cube. Please consider min-max scaling the input data.
  check_min_max_scaling(
/scratch/user/ahnafalvi/envs/matinvent-hcap-bo/lib/python3.10/site-packages/gpytorch/likelihoods/noise_models.py:150: NumericalWarning: Very small noise values detected. This will likely lead to numerical instabilities. Rounding small noise values up to 1e-06.
  warnings.warn(
/scratch/user/ahnafalvi/envs/matinvent-hcap-bo/lib/python3.10/site-packages/botorch/models/utils/assorted.py:271: InputDataWarning: Data (input features) is not contained to the unit cube. Please consider min-max scaling the input data.
  check_min_max_scaling(
/scratch/user/ahnafalvi/envs/matinvent-hcap-bo/lib/python3.10/site-packages/botorch/models/utils/assorted.py:271: InputDataWarning: Data (input features) is not contained to the unit cube. Please consider min-max scaling the input data.
  check_min_max_scaling(
/scratch/user/ahnafalvi/envs/matinvent-hcap-bo/lib/python3.10/site-packages/botorch/models/utils/assorted.py:271: InputDataWarning: Data (input features) is not contained to the unit cube. Please consider min-max scaling the input data.
  check_min_max_scaling(
/scratch/user/ahnafalvi/envs/matinvent-hcap-bo/lib/python3.10/site-packages/botorch/models/utils/assorted.py:271: InputDataWarning: Data (input features) is not contained to the unit cube. Please consider min-max scaling the input data.
  check_min_max_scaling(
/scratch/user/ahnafalvi/envs/matinvent-hcap-bo/lib/python3.10/site-packages/botorch/models/utils/assorted.py:271: InputDataWarning: Data (input features) is not contained to the unit cube. Please consider min-max scaling the input data.
  check_min_max_scaling(
/scratch/user/ahnafalvi/envs/matinvent-hcap-bo/lib/python3.10/site-packages/uncertainties/core.py:1024: UserWarning: Using UFloat objects with std_dev==0 may give unexpected results.
  warn("Using UFloat objects with std_dev==0 may give unexpected results.")
/scratch/user/ahnafalvi/envs/matinvent-hcap-bo/lib/python3.10/site-packages/botorch/models/utils/assorted.py:271: InputDataWarning: Data (input features) is not contained to the unit cube. Please consider min-max scaling the input data.
  check_min_max_scaling(
/scratch/user/ahnafalvi/envs/matinvent-hcap-bo/lib/python3.10/site-packages/gpytorch/likelihoods/noise_models.py:150: NumericalWarning: Very small noise values detected. This will likely lead to numerical instabilities. Rounding small noise values up to 1e-06.
  warnings.warn(
/scratch/user/ahnafalvi/envs/matinvent-hcap-bo/lib/python3.10/site-packages/botorch/models/utils/assorted.py:271: InputDataWarning: Data (input features) is not contained to the unit cube. Please consider min-max scaling the input data.
  check_min_max_scaling(
/scratch/user/ahnafalvi/envs/matinvent-hcap-bo/lib/python3.10/site-packages/botorch/models/utils/assorted.py:271: InputDataWarning: Data (input features) is not contained to the unit cube. Please consider min-max scaling the input data.
  check_min_max_scaling(
/scratch/user/ahnafalvi/envs/matinvent-hcap-bo/lib/python3.10/site-packages/botorch/models/utils/assorted.py:271: InputDataWarning: Data (input features) is not contained to the unit cube. Please consider min-max scaling the input data.
  check_min_max_scaling(
/scratch/user/ahnafalvi/envs/matinvent-hcap-bo/lib/python3.10/site-packages/botorch/models/utils/assorted.py:271: InputDataWarning: Data (input features) is not contained to the unit cube. Please consider min-max scaling the input data.
  check_min_max_scaling(
/scratch/user/ahnafalvi/envs/matinvent-hcap-bo/lib/python3.10/site-packages/botorch/models/utils/assorted.py:271: InputDataWarning: Data (input features) is not contained to the unit cube. Please consider min-max scaling the input data.
  check_min_max_scaling(
/scratch/user/ahnafalvi/envs/matinvent-hcap-bo/lib/python3.10/site-packages/uncertainties/core.py:1024: UserWarning: Using UFloat objects with std_dev==0 may give unexpected results.
  warn("Using UFloat objects with std_dev==0 may give unexpected results.")
/scratch/user/ahnafalvi/envs/matinvent-hcap-bo/lib/python3.10/site-packages/botorch/models/utils/assorted.py:271: InputDataWarning: Data (input features) is not contained to the unit cube. Please consider min-max scaling the input data.
  check_min_max_scaling(
/scratch/user/ahnafalvi/envs/matinvent-hcap-bo/lib/python3.10/site-packages/gpytorch/likelihoods/noise_models.py:150: NumericalWarning: Very small noise values detected. This will likely lead to numerical instabilities. Rounding small noise values up to 1e-06.
  warnings.warn(
/scratch/user/ahnafalvi/envs/matinvent-hcap-bo/lib/python3.10/site-packages/botorch/models/utils/assorted.py:271: InputDataWarning: Data (input features) is not contained to the unit cube. Please consider min-max scaling the input data.
  check_min_max_scaling(
/scratch/user/ahnafalvi/envs/matinvent-hcap-bo/lib/python3.10/site-packages/botorch/models/utils/assorted.py:271: InputDataWarning: Data (input features) is not contained to the unit cube. Please consider min-max scaling the input data.
  check_min_max_scaling(
/scratch/user/ahnafalvi/envs/matinvent-hcap-bo/lib/python3.10/site-packages/botorch/models/utils/assorted.py:271: InputDataWarning: Data (input features) is not contained to the unit cube. Please consider min-max scaling the input data.
  check_min_max_scaling(
/scratch/user/ahnafalvi/envs/matinvent-hcap-bo/lib/python3.10/site-packages/botorch/models/utils/assorted.py:271: InputDataWarning: Data (input features) is not contained to the unit cube. Please consider min-max scaling the input data.
  check_min_max_scaling(
/scratch/user/ahnafalvi/envs/matinvent-hcap-bo/lib/python3.10/site-packages/botorch/models/utils/assorted.py:271: InputDataWarning: Data (input features) is not contained to the unit cube. Please consider min-max scaling the input data.
  check_min_max_scaling(
/scratch/user/ahnafalvi/envs/matinvent-hcap-bo/lib/python3.10/site-packages/uncertainties/core.py:1024: UserWarning: Using UFloat objects with std_dev==0 may give unexpected results.
  warn("Using UFloat objects with std_dev==0 may give unexpected results.")
/scratch/user/ahnafalvi/envs/matinvent-hcap-bo/lib/python3.10/site-packages/botorch/models/utils/assorted.py:271: InputDataWarning: Data (input features) is not contained to the unit cube. Please consider min-max scaling the input data.
  check_min_max_scaling(
/scratch/user/ahnafalvi/envs/matinvent-hcap-bo/lib/python3.10/site-packages/gpytorch/likelihoods/noise_models.py:150: NumericalWarning: Very small noise values detected. This will likely lead to numerical instabilities. Rounding small noise values up to 1e-06.
  warnings.warn(
/scratch/user/ahnafalvi/envs/matinvent-hcap-bo/lib/python3.10/site-packages/botorch/models/utils/assorted.py:271: InputDataWarning: Data (input features) is not contained to the unit cube. Please consider min-max scaling the input data.
  check_min_max_scaling(
/scratch/user/ahnafalvi/envs/matinvent-hcap-bo/lib/python3.10/site-packages/botorch/models/utils/assorted.py:271: InputDataWarning: Data (input features) is not contained to the unit cube. Please consider min-max scaling the input data.
  check_min_max_scaling(
/scratch/user/ahnafalvi/envs/matinvent-hcap-bo/lib/python3.10/site-packages/botorch/models/utils/assorted.py:271: InputDataWarning: Data (input features) is not contained to the unit cube. Please consider min-max scaling the input data.
  check_min_max_scaling(
/scratch/user/ahnafalvi/envs/matinvent-hcap-bo/lib/python3.10/site-packages/botorch/models/utils/assorted.py:271: InputDataWarning: Data (input features) is not contained to the unit cube. Please consider min-max scaling the input data.
  check_min_max_scaling(
/scratch/user/ahnafalvi/envs/matinvent-hcap-bo/lib/python3.10/site-packages/botorch/models/utils/assorted.py:271: InputDataWarning: Data (input features) is not contained to the unit cube. Please consider min-max scaling the input data.
  check_min_max_scaling(
/scratch/user/ahnafalvi/envs/matinvent-hcap-bo/lib/python3.10/site-packages/uncertainties/core.py:1024: UserWarning: Using UFloat objects with std_dev==0 may give unexpected results.
  warn("Using UFloat objects with std_dev==0 may give unexpected results.")
/scratch/user/ahnafalvi/envs/matinvent-hcap-bo/lib/python3.10/site-packages/botorch/models/utils/assorted.py:271: InputDataWarning: Data (input features) is not contained to the unit cube. Please consider min-max scaling the input data.
  check_min_max_scaling(
/scratch/user/ahnafalvi/envs/matinvent-hcap-bo/lib/python3.10/site-packages/gpytorch/likelihoods/noise_models.py:150: NumericalWarning: Very small noise values detected. This will likely lead to numerical instabilities. Rounding small noise values up to 1e-06.
  warnings.warn(
/scratch/user/ahnafalvi/envs/matinvent-hcap-bo/lib/python3.10/site-packages/botorch/models/utils/assorted.py:271: InputDataWarning: Data (input features) is not contained to the unit cube. Please consider min-max scaling the input data.
  check_min_max_scaling(
/scratch/user/ahnafalvi/envs/matinvent-hcap-bo/lib/python3.10/site-packages/botorch/models/utils/assorted.py:271: InputDataWarning: Data (input features) is not contained to the unit cube. Please consider min-max scaling the input data.
  check_min_max_scaling(
/scratch/user/ahnafalvi/envs/matinvent-hcap-bo/lib/python3.10/site-packages/botorch/models/utils/assorted.py:271: InputDataWarning: Data (input features) is not contained to the unit cube. Please consider min-max scaling the input data.
  check_min_max_scaling(
/scratch/user/ahnafalvi/envs/matinvent-hcap-bo/lib/python3.10/site-packages/botorch/models/utils/assorted.py:271: InputDataWarning: Data (input features) is not contained to the unit cube. Please consider min-max scaling the input data.
  check_min_max_scaling(
/scratch/user/ahnafalvi/envs/matinvent-hcap-bo/lib/python3.10/site-packages/botorch/models/utils/assorted.py:271: InputDataWarning: Data (input features) is not contained to the unit cube. Please consider min-max scaling the input data.
  check_min_max_scaling(
/scratch/user/ahnafalvi/envs/matinvent-hcap-bo/lib/python3.10/site-packages/uncertainties/core.py:1024: UserWarning: Using UFloat objects with std_dev==0 may give unexpected results.
  warn("Using UFloat objects with std_dev==0 may give unexpected results.")
/scratch/user/ahnafalvi/envs/matinvent-hcap-bo/lib/python3.10/site-packages/botorch/models/utils/assorted.py:271: InputDataWarning: Data (input features) is not contained to the unit cube. Please consider min-max scaling the input data.
  check_min_max_scaling(
/scratch/user/ahnafalvi/envs/matinvent-hcap-bo/lib/python3.10/site-packages/gpytorch/likelihoods/noise_models.py:150: NumericalWarning: Very small noise values detected. This will likely lead to numerical instabilities. Rounding small noise values up to 1e-06.
  warnings.warn(
/scratch/user/ahnafalvi/envs/matinvent-hcap-bo/lib/python3.10/site-packages/botorch/models/utils/assorted.py:271: InputDataWarning: Data (input features) is not contained to the unit cube. Please consider min-max scaling the input data.
  check_min_max_scaling(
/scratch/user/ahnafalvi/envs/matinvent-hcap-bo/lib/python3.10/site-packages/botorch/models/utils/assorted.py:271: InputDataWarning: Data (input features) is not contained to the unit cube. Please consider min-max scaling the input data.
  check_min_max_scaling(
/scratch/user/ahnafalvi/envs/matinvent-hcap-bo/lib/python3.10/site-packages/botorch/models/utils/assorted.py:271: InputDataWarning: Data (input features) is not contained to the unit cube. Please consider min-max scaling the input data.
  check_min_max_scaling(
/scratch/user/ahnafalvi/envs/matinvent-hcap-bo/lib/python3.10/site-packages/botorch/models/utils/assorted.py:271: InputDataWarning: Data (input features) is not contained to the unit cube. Please consider min-max scaling the input data.
  check_min_max_scaling(
/scratch/user/ahnafalvi/envs/matinvent-hcap-bo/lib/python3.10/site-packages/botorch/models/utils/assorted.py:271: InputDataWarning: Data (input features) is not contained to the unit cube. Please consider min-max scaling the input data.
  check_min_max_scaling(
/scratch/user/ahnafalvi/envs/matinvent-hcap-bo/lib/python3.10/site-packages/uncertainties/core.py:1024: UserWarning: Using UFloat objects with std_dev==0 may give unexpected results.
  warn("Using UFloat objects with std_dev==0 may give unexpected results.")
/scratch/user/ahnafalvi/envs/matinvent-hcap-bo/lib/python3.10/site-packages/botorch/models/utils/assorted.py:271: InputDataWarning: Data (input features) is not contained to the unit cube. Please consider min-max scaling the input data.
  check_min_max_scaling(
/scratch/user/ahnafalvi/envs/matinvent-hcap-bo/lib/python3.10/site-packages/gpytorch/likelihoods/noise_models.py:150: NumericalWarning: Very small noise values detected. This will likely lead to numerical instabilities. Rounding small noise values up to 1e-06.
  warnings.warn(
/scratch/user/ahnafalvi/envs/matinvent-hcap-bo/lib/python3.10/site-packages/botorch/models/utils/assorted.py:271: InputDataWarning: Data (input features) is not contained to the unit cube. Please consider min-max scaling the input data.
  check_min_max_scaling(
/scratch/user/ahnafalvi/envs/matinvent-hcap-bo/lib/python3.10/site-packages/botorch/models/utils/assorted.py:271: InputDataWarning: Data (input features) is not contained to the unit cube. Please consider min-max scaling the input data.
  check_min_max_scaling(
/scratch/user/ahnafalvi/envs/matinvent-hcap-bo/lib/python3.10/site-packages/botorch/models/utils/assorted.py:271: InputDataWarning: Data (input features) is not contained to the unit cube. Please consider min-max scaling the input data.
  check_min_max_scaling(
/scratch/user/ahnafalvi/envs/matinvent-hcap-bo/lib/python3.10/site-packages/botorch/models/utils/assorted.py:271: InputDataWarning: Data (input features) is not contained to the unit cube. Please consider min-max scaling the input data.
  check_min_max_scaling(
/scratch/user/ahnafalvi/envs/matinvent-hcap-bo/lib/python3.10/site-packages/botorch/models/utils/assorted.py:271: InputDataWarning: Data (input features) is not contained to the unit cube. Please consider min-max scaling the input data.
  check_min_max_scaling(
/scratch/user/ahnafalvi/envs/matinvent-hcap-bo/lib/python3.10/site-packages/uncertainties/core.py:1024: UserWarning: Using UFloat objects with std_dev==0 may give unexpected results.
  warn("Using UFloat objects with std_dev==0 may give unexpected results.")
/scratch/user/ahnafalvi/envs/matinvent-hcap-bo/lib/python3.10/site-packages/botorch/models/utils/assorted.py:271: InputDataWarning: Data (input features) is not contained to the unit cube. Please consider min-max scaling the input data.
  check_min_max_scaling(
/scratch/user/ahnafalvi/envs/matinvent-hcap-bo/lib/python3.10/site-packages/gpytorch/likelihoods/noise_models.py:150: NumericalWarning: Very small noise values detected. This will likely lead to numerical instabilities. Rounding small noise values up to 1e-06.
  warnings.warn(
/scratch/user/ahnafalvi/envs/matinvent-hcap-bo/lib/python3.10/site-packages/botorch/models/utils/assorted.py:271: InputDataWarning: Data (input features) is not contained to the unit cube. Please consider min-max scaling the input data.
  check_min_max_scaling(
/scratch/user/ahnafalvi/envs/matinvent-hcap-bo/lib/python3.10/site-packages/botorch/models/utils/assorted.py:271: InputDataWarning: Data (input features) is not contained to the unit cube. Please consider min-max scaling the input data.
  check_min_max_scaling(
/scratch/user/ahnafalvi/envs/matinvent-hcap-bo/lib/python3.10/site-packages/botorch/models/utils/assorted.py:271: InputDataWarning: Data (input features) is not contained to the unit cube. Please consider min-max scaling the input data.
  check_min_max_scaling(
/scratch/user/ahnafalvi/envs/matinvent-hcap-bo/lib/python3.10/site-packages/botorch/models/utils/assorted.py:271: InputDataWarning: Data (input features) is not contained to the unit cube. Please consider min-max scaling the input data.
  check_min_max_scaling(
/scratch/user/ahnafalvi/envs/matinvent-hcap-bo/lib/python3.10/site-packages/botorch/models/utils/assorted.py:271: InputDataWarning: Data (input features) is not contained to the unit cube. Please consider min-max scaling the input data.
  check_min_max_scaling(
/scratch/user/ahnafalvi/envs/matinvent-hcap-bo/lib/python3.10/site-packages/uncertainties/core.py:1024: UserWarning: Using UFloat objects with std_dev==0 may give unexpected results.
  warn("Using UFloat objects with std_dev==0 may give unexpected results.")
/scratch/user/ahnafalvi/envs/matinvent-hcap-bo/lib/python3.10/site-packages/botorch/models/utils/assorted.py:271: InputDataWarning: Data (input features) is not contained to the unit cube. Please consider min-max scaling the input data.
  check_min_max_scaling(
/scratch/user/ahnafalvi/envs/matinvent-hcap-bo/lib/python3.10/site-packages/gpytorch/likelihoods/noise_models.py:150: NumericalWarning: Very small noise values detected. This will likely lead to numerical instabilities. Rounding small noise values up to 1e-06.
  warnings.warn(
/scratch/user/ahnafalvi/envs/matinvent-hcap-bo/lib/python3.10/site-packages/botorch/models/utils/assorted.py:271: InputDataWarning: Data (input features) is not contained to the unit cube. Please consider min-max scaling the input data.
  check_min_max_scaling(
/scratch/user/ahnafalvi/envs/matinvent-hcap-bo/lib/python3.10/site-packages/botorch/models/utils/assorted.py:271: InputDataWarning: Data (input features) is not contained to the unit cube. Please consider min-max scaling the input data.
  check_min_max_scaling(
/scratch/user/ahnafalvi/envs/matinvent-hcap-bo/lib/python3.10/site-packages/botorch/models/utils/assorted.py:271: InputDataWarning: Data (input features) is not contained to the unit cube. Please consider min-max scaling the input data.
  check_min_max_scaling(
/scratch/user/ahnafalvi/envs/matinvent-hcap-bo/lib/python3.10/site-packages/botorch/models/utils/assorted.py:271: InputDataWarning: Data (input features) is not contained to the unit cube. Please consider min-max scaling the input data.
  check_min_max_scaling(
/scratch/user/ahnafalvi/envs/matinvent-hcap-bo/lib/python3.10/site-packages/botorch/models/utils/assorted.py:271: InputDataWarning: Data (input features) is not contained to the unit cube. Please consider min-max scaling the input data.
  check_min_max_scaling(
/scratch/user/ahnafalvi/envs/matinvent-hcap-bo/lib/python3.10/site-packages/uncertainties/core.py:1024: UserWarning: Using UFloat objects with std_dev==0 may give unexpected results.
  warn("Using UFloat objects with std_dev==0 may give unexpected results.")
/scratch/user/ahnafalvi/envs/matinvent-hcap-bo/lib/python3.10/site-packages/botorch/models/utils/assorted.py:271: InputDataWarning: Data (input features) is not contained to the unit cube. Please consider min-max scaling the input data.
  check_min_max_scaling(
/scratch/user/ahnafalvi/envs/matinvent-hcap-bo/lib/python3.10/site-packages/gpytorch/likelihoods/noise_models.py:150: NumericalWarning: Very small noise values detected. This will likely lead to numerical instabilities. Rounding small noise values up to 1e-06.
  warnings.warn(
/scratch/user/ahnafalvi/envs/matinvent-hcap-bo/lib/python3.10/site-packages/botorch/models/utils/assorted.py:271: InputDataWarning: Data (input features) is not contained to the unit cube. Please consider min-max scaling the input data.
  check_min_max_scaling(
/scratch/user/ahnafalvi/envs/matinvent-hcap-bo/lib/python3.10/site-packages/botorch/models/utils/assorted.py:271: InputDataWarning: Data (input features) is not contained to the unit cube. Please consider min-max scaling the input data.
  check_min_max_scaling(
/scratch/user/ahnafalvi/envs/matinvent-hcap-bo/lib/python3.10/site-packages/botorch/models/utils/assorted.py:271: InputDataWarning: Data (input features) is not contained to the unit cube. Please consider min-max scaling the input data.
  check_min_max_scaling(
/scratch/user/ahnafalvi/envs/matinvent-hcap-bo/lib/python3.10/site-packages/botorch/models/utils/assorted.py:271: InputDataWarning: Data (input features) is not contained to the unit cube. Please consider min-max scaling the input data.
  check_min_max_scaling(
/scratch/user/ahnafalvi/envs/matinvent-hcap-bo/lib/python3.10/site-packages/botorch/models/utils/assorted.py:271: InputDataWarning: Data (input features) is not contained to the unit cube. Please consider min-max scaling the input data.
  check_min_max_scaling(
/scratch/user/ahnafalvi/envs/matinvent-hcap-bo/lib/python3.10/site-packages/uncertainties/core.py:1024: UserWarning: Using UFloat objects with std_dev==0 may give unexpected results.
  warn("Using UFloat objects with std_dev==0 may give unexpected results.")
/scratch/user/ahnafalvi/envs/matinvent-hcap-bo/lib/python3.10/site-packages/botorch/models/utils/assorted.py:271: InputDataWarning: Data (input features) is not contained to the unit cube. Please consider min-max scaling the input data.
  check_min_max_scaling(
/scratch/user/ahnafalvi/envs/matinvent-hcap-bo/lib/python3.10/site-packages/gpytorch/likelihoods/noise_models.py:150: NumericalWarning: Very small noise values detected. This will likely lead to numerical instabilities. Rounding small noise values up to 1e-06.
  warnings.warn(
/scratch/user/ahnafalvi/envs/matinvent-hcap-bo/lib/python3.10/site-packages/botorch/models/utils/assorted.py:271: InputDataWarning: Data (input features) is not contained to the unit cube. Please consider min-max scaling the input data.
  check_min_max_scaling(
/scratch/user/ahnafalvi/envs/matinvent-hcap-bo/lib/python3.10/site-packages/botorch/models/utils/assorted.py:271: InputDataWarning: Data (input features) is not contained to the unit cube. Please consider min-max scaling the input data.
  check_min_max_scaling(
/scratch/user/ahnafalvi/envs/matinvent-hcap-bo/lib/python3.10/site-packages/botorch/models/utils/assorted.py:271: InputDataWarning: Data (input features) is not contained to the unit cube. Please consider min-max scaling the input data.
  check_min_max_scaling(
/scratch/user/ahnafalvi/envs/matinvent-hcap-bo/lib/python3.10/site-packages/botorch/models/utils/assorted.py:271: InputDataWarning: Data (input features) is not contained to the unit cube. Please consider min-max scaling the input data.
  check_min_max_scaling(
/scratch/user/ahnafalvi/envs/matinvent-hcap-bo/lib/python3.10/site-packages/botorch/models/utils/assorted.py:271: InputDataWarning: Data (input features) is not contained to the unit cube. Please consider min-max scaling the input data.
  check_min_max_scaling(
/scratch/user/ahnafalvi/envs/matinvent-hcap-bo/lib/python3.10/site-packages/uncertainties/core.py:1024: UserWarning: Using UFloat objects with std_dev==0 may give unexpected results.
  warn("Using UFloat objects with std_dev==0 may give unexpected results.")
/scratch/user/ahnafalvi/envs/matinvent-hcap-bo/lib/python3.10/site-packages/botorch/models/utils/assorted.py:271: InputDataWarning: Data (input features) is not contained to the unit cube. Please consider min-max scaling the input data.
  check_min_max_scaling(
/scratch/user/ahnafalvi/envs/matinvent-hcap-bo/lib/python3.10/site-packages/gpytorch/likelihoods/noise_models.py:150: NumericalWarning: Very small noise values detected. This will likely lead to numerical instabilities. Rounding small noise values up to 1e-06.
  warnings.warn(
/scratch/user/ahnafalvi/envs/matinvent-hcap-bo/lib/python3.10/site-packages/botorch/models/utils/assorted.py:271: InputDataWarning: Data (input features) is not contained to the unit cube. Please consider min-max scaling the input data.
  check_min_max_scaling(
/scratch/user/ahnafalvi/envs/matinvent-hcap-bo/lib/python3.10/site-packages/botorch/models/utils/assorted.py:271: InputDataWarning: Data (input features) is not contained to the unit cube. Please consider min-max scaling the input data.
  check_min_max_scaling(
/scratch/user/ahnafalvi/envs/matinvent-hcap-bo/lib/python3.10/site-packages/botorch/models/utils/assorted.py:271: InputDataWarning: Data (input features) is not contained to the unit cube. Please consider min-max scaling the input data.
  check_min_max_scaling(
/scratch/user/ahnafalvi/envs/matinvent-hcap-bo/lib/python3.10/site-packages/botorch/models/utils/assorted.py:271: InputDataWarning: Data (input features) is not contained to the unit cube. Please consider min-max scaling the input data.
  check_min_max_scaling(
/scratch/user/ahnafalvi/envs/matinvent-hcap-bo/lib/python3.10/site-packages/botorch/models/utils/assorted.py:271: InputDataWarning: Data (input features) is not contained to the unit cube. Please consider min-max scaling the input data.
  check_min_max_scaling(
/scratch/user/ahnafalvi/envs/matinvent-hcap-bo/lib/python3.10/site-packages/uncertainties/core.py:1024: UserWarning: Using UFloat objects with std_dev==0 may give unexpected results.
  warn("Using UFloat objects with std_dev==0 may give unexpected results.")
/scratch/user/ahnafalvi/envs/matinvent-hcap-bo/lib/python3.10/site-packages/botorch/models/utils/assorted.py:271: InputDataWarning: Data (input features) is not contained to the unit cube. Please consider min-max scaling the input data.
  check_min_max_scaling(
/scratch/user/ahnafalvi/envs/matinvent-hcap-bo/lib/python3.10/site-packages/gpytorch/likelihoods/noise_models.py:150: NumericalWarning: Very small noise values detected. This will likely lead to numerical instabilities. Rounding small noise values up to 1e-06.
  warnings.warn(
/scratch/user/ahnafalvi/envs/matinvent-hcap-bo/lib/python3.10/site-packages/botorch/models/utils/assorted.py:271: InputDataWarning: Data (input features) is not contained to the unit cube. Please consider min-max scaling the input data.
  check_min_max_scaling(
/scratch/user/ahnafalvi/envs/matinvent-hcap-bo/lib/python3.10/site-packages/botorch/models/utils/assorted.py:271: InputDataWarning: Data (input features) is not contained to the unit cube. Please consider min-max scaling the input data.
  check_min_max_scaling(
/scratch/user/ahnafalvi/envs/matinvent-hcap-bo/lib/python3.10/site-packages/botorch/models/utils/assorted.py:271: InputDataWarning: Data (input features) is not contained to the unit cube. Please consider min-max scaling the input data.
  check_min_max_scaling(
/scratch/user/ahnafalvi/envs/matinvent-hcap-bo/lib/python3.10/site-packages/botorch/models/utils/assorted.py:271: InputDataWarning: Data (input features) is not contained to the unit cube. Please consider min-max scaling the input data.
  check_min_max_scaling(
/scratch/user/ahnafalvi/envs/matinvent-hcap-bo/lib/python3.10/site-packages/botorch/models/utils/assorted.py:271: InputDataWarning: Data (input features) is not contained to the unit cube. Please consider min-max scaling the input data.
  check_min_max_scaling(
/scratch/user/ahnafalvi/envs/matinvent-hcap-bo/lib/python3.10/site-packages/uncertainties/core.py:1024: UserWarning: Using UFloat objects with std_dev==0 may give unexpected results.
  warn("Using UFloat objects with std_dev==0 may give unexpected results.")
/scratch/user/ahnafalvi/envs/matinvent-hcap-bo/lib/python3.10/site-packages/botorch/models/utils/assorted.py:271: InputDataWarning: Data (input features) is not contained to the unit cube. Please consider min-max scaling the input data.
  check_min_max_scaling(
/scratch/user/ahnafalvi/envs/matinvent-hcap-bo/lib/python3.10/site-packages/gpytorch/likelihoods/noise_models.py:150: NumericalWarning: Very small noise values detected. This will likely lead to numerical instabilities. Rounding small noise values up to 1e-06.
  warnings.warn(
/scratch/user/ahnafalvi/envs/matinvent-hcap-bo/lib/python3.10/site-packages/botorch/models/utils/assorted.py:271: InputDataWarning: Data (input features) is not contained to the unit cube. Please consider min-max scaling the input data.
  check_min_max_scaling(
/scratch/user/ahnafalvi/envs/matinvent-hcap-bo/lib/python3.10/site-packages/botorch/models/utils/assorted.py:271: InputDataWarning: Data (input features) is not contained to the unit cube. Please consider min-max scaling the input data.
  check_min_max_scaling(
/scratch/user/ahnafalvi/envs/matinvent-hcap-bo/lib/python3.10/site-packages/botorch/models/utils/assorted.py:271: InputDataWarning: Data (input features) is not contained to the unit cube. Please consider min-max scaling the input data.
  check_min_max_scaling(
/scratch/user/ahnafalvi/envs/matinvent-hcap-bo/lib/python3.10/site-packages/botorch/models/utils/assorted.py:271: InputDataWarning: Data (input features) is not contained to the unit cube. Please consider min-max scaling the input data.
  check_min_max_scaling(
/scratch/user/ahnafalvi/envs/matinvent-hcap-bo/lib/python3.10/site-packages/botorch/models/utils/assorted.py:271: InputDataWarning: Data (input features) is not contained to the unit cube. Please consider min-max scaling the input data.
  check_min_max_scaling(
/scratch/user/ahnafalvi/envs/matinvent-hcap-bo/lib/python3.10/site-packages/uncertainties/core.py:1024: UserWarning: Using UFloat objects with std_dev==0 may give unexpected results.
  warn("Using UFloat objects with std_dev==0 may give unexpected results.")
/scratch/user/ahnafalvi/envs/matinvent-hcap-bo/lib/python3.10/site-packages/botorch/models/utils/assorted.py:271: InputDataWarning: Data (input features) is not contained to the unit cube. Please consider min-max scaling the input data.
  check_min_max_scaling(
/scratch/user/ahnafalvi/envs/matinvent-hcap-bo/lib/python3.10/site-packages/gpytorch/likelihoods/noise_models.py:150: NumericalWarning: Very small noise values detected. This will likely lead to numerical instabilities. Rounding small noise values up to 1e-06.
  warnings.warn(
/scratch/user/ahnafalvi/envs/matinvent-hcap-bo/lib/python3.10/site-packages/botorch/models/utils/assorted.py:271: InputDataWarning: Data (input features) is not contained to the unit cube. Please consider min-max scaling the input data.
  check_min_max_scaling(
/scratch/user/ahnafalvi/envs/matinvent-hcap-bo/lib/python3.10/site-packages/botorch/models/utils/assorted.py:271: InputDataWarning: Data (input features) is not contained to the unit cube. Please consider min-max scaling the input data.
  check_min_max_scaling(
/scratch/user/ahnafalvi/envs/matinvent-hcap-bo/lib/python3.10/site-packages/botorch/models/utils/assorted.py:271: InputDataWarning: Data (input features) is not contained to the unit cube. Please consider min-max scaling the input data.
  check_min_max_scaling(
/scratch/user/ahnafalvi/envs/matinvent-hcap-bo/lib/python3.10/site-packages/botorch/models/utils/assorted.py:271: InputDataWarning: Data (input features) is not contained to the unit cube. Please consider min-max scaling the input data.
  check_min_max_scaling(
/scratch/user/ahnafalvi/envs/matinvent-hcap-bo/lib/python3.10/site-packages/botorch/models/utils/assorted.py:271: InputDataWarning: Data (input features) is not contained to the unit cube. Please consider min-max scaling the input data.
  check_min_max_scaling(
/scratch/user/ahnafalvi/envs/matinvent-hcap-bo/lib/python3.10/site-packages/uncertainties/core.py:1024: UserWarning: Using UFloat objects with std_dev==0 may give unexpected results.
  warn("Using UFloat objects with std_dev==0 may give unexpected results.")
/scratch/user/ahnafalvi/envs/matinvent-hcap-bo/lib/python3.10/site-packages/botorch/models/utils/assorted.py:271: InputDataWarning: Data (input features) is not contained to the unit cube. Please consider min-max scaling the input data.
  check_min_max_scaling(
/scratch/user/ahnafalvi/envs/matinvent-hcap-bo/lib/python3.10/site-packages/gpytorch/likelihoods/noise_models.py:150: NumericalWarning: Very small noise values detected. This will likely lead to numerical instabilities. Rounding small noise values up to 1e-06.
  warnings.warn(
/scratch/user/ahnafalvi/envs/matinvent-hcap-bo/lib/python3.10/site-packages/botorch/models/utils/assorted.py:271: InputDataWarning: Data (input features) is not contained to the unit cube. Please consider min-max scaling the input data.
  check_min_max_scaling(
/scratch/user/ahnafalvi/envs/matinvent-hcap-bo/lib/python3.10/site-packages/botorch/models/utils/assorted.py:271: InputDataWarning: Data (input features) is not contained to the unit cube. Please consider min-max scaling the input data.
  check_min_max_scaling(
/scratch/user/ahnafalvi/envs/matinvent-hcap-bo/lib/python3.10/site-packages/botorch/models/utils/assorted.py:271: InputDataWarning: Data (input features) is not contained to the unit cube. Please consider min-max scaling the input data.
  check_min_max_scaling(
/scratch/user/ahnafalvi/envs/matinvent-hcap-bo/lib/python3.10/site-packages/botorch/models/utils/assorted.py:271: InputDataWarning: Data (input features) is not contained to the unit cube. Please consider min-max scaling the input data.
  check_min_max_scaling(
/scratch/user/ahnafalvi/envs/matinvent-hcap-bo/lib/python3.10/site-packages/botorch/models/utils/assorted.py:271: InputDataWarning: Data (input features) is not contained to the unit cube. Please consider min-max scaling the input data.
  check_min_max_scaling(
/scratch/user/ahnafalvi/envs/matinvent-hcap-bo/lib/python3.10/site-packages/uncertainties/core.py:1024: UserWarning: Using UFloat objects with std_dev==0 may give unexpected results.
  warn("Using UFloat objects with std_dev==0 may give unexpected results.")
/scratch/user/ahnafalvi/envs/matinvent-hcap-bo/lib/python3.10/site-packages/botorch/models/utils/assorted.py:271: InputDataWarning: Data (input features) is not contained to the unit cube. Please consider min-max scaling the input data.
  check_min_max_scaling(
/scratch/user/ahnafalvi/envs/matinvent-hcap-bo/lib/python3.10/site-packages/gpytorch/likelihoods/noise_models.py:150: NumericalWarning: Very small noise values detected. This will likely lead to numerical instabilities. Rounding small noise values up to 1e-06.
  warnings.warn(
/scratch/user/ahnafalvi/envs/matinvent-hcap-bo/lib/python3.10/site-packages/botorch/models/utils/assorted.py:271: InputDataWarning: Data (input features) is not contained to the unit cube. Please consider min-max scaling the input data.
  check_min_max_scaling(
/scratch/user/ahnafalvi/envs/matinvent-hcap-bo/lib/python3.10/site-packages/botorch/models/utils/assorted.py:271: InputDataWarning: Data (input features) is not contained to the unit cube. Please consider min-max scaling the input data.
  check_min_max_scaling(
/scratch/user/ahnafalvi/envs/matinvent-hcap-bo/lib/python3.10/site-packages/botorch/models/utils/assorted.py:271: InputDataWarning: Data (input features) is not contained to the unit cube. Please consider min-max scaling the input data.
  check_min_max_scaling(
/scratch/user/ahnafalvi/envs/matinvent-hcap-bo/lib/python3.10/site-packages/botorch/models/utils/assorted.py:271: InputDataWarning: Data (input features) is not contained to the unit cube. Please consider min-max scaling the input data.
  check_min_max_scaling(
/scratch/user/ahnafalvi/envs/matinvent-hcap-bo/lib/python3.10/site-packages/botorch/models/utils/assorted.py:271: InputDataWarning: Data (input features) is not contained to the unit cube. Please consider min-max scaling the input data.
  check_min_max_scaling(
/scratch/user/ahnafalvi/envs/matinvent-hcap-bo/lib/python3.10/site-packages/uncertainties/core.py:1024: UserWarning: Using UFloat objects with std_dev==0 may give unexpected results.
  warn("Using UFloat objects with std_dev==0 may give unexpected results.")
/scratch/user/ahnafalvi/envs/matinvent-hcap-bo/lib/python3.10/site-packages/botorch/models/utils/assorted.py:271: InputDataWarning: Data (input features) is not contained to the unit cube. Please consider min-max scaling the input data.
  check_min_max_scaling(
/scratch/user/ahnafalvi/envs/matinvent-hcap-bo/lib/python3.10/site-packages/gpytorch/likelihoods/noise_models.py:150: NumericalWarning: Very small noise values detected. This will likely lead to numerical instabilities. Rounding small noise values up to 1e-06.
  warnings.warn(
/scratch/user/ahnafalvi/envs/matinvent-hcap-bo/lib/python3.10/site-packages/botorch/models/utils/assorted.py:271: InputDataWarning: Data (input features) is not contained to the unit cube. Please consider min-max scaling the input data.
  check_min_max_scaling(
/scratch/user/ahnafalvi/envs/matinvent-hcap-bo/lib/python3.10/site-packages/botorch/models/utils/assorted.py:271: InputDataWarning: Data (input features) is not contained to the unit cube. Please consider min-max scaling the input data.
  check_min_max_scaling(
/scratch/user/ahnafalvi/envs/matinvent-hcap-bo/lib/python3.10/site-packages/botorch/models/utils/assorted.py:271: InputDataWarning: Data (input features) is not contained to the unit cube. Please consider min-max scaling the input data.
  check_min_max_scaling(
/scratch/user/ahnafalvi/envs/matinvent-hcap-bo/lib/python3.10/site-packages/botorch/models/utils/assorted.py:271: InputDataWarning: Data (input features) is not contained to the unit cube. Please consider min-max scaling the input data.
  check_min_max_scaling(
/scratch/user/ahnafalvi/envs/matinvent-hcap-bo/lib/python3.10/site-packages/botorch/models/utils/assorted.py:271: InputDataWarning: Data (input features) is not contained to the unit cube. Please consider min-max scaling the input data.
  check_min_max_scaling(
/scratch/user/ahnafalvi/envs/matinvent-hcap-bo/lib/python3.10/site-packages/uncertainties/core.py:1024: UserWarning: Using UFloat objects with std_dev==0 may give unexpected results.
  warn("Using UFloat objects with std_dev==0 may give unexpected results.")
/scratch/user/ahnafalvi/envs/matinvent-hcap-bo/lib/python3.10/site-packages/botorch/models/utils/assorted.py:271: InputDataWarning: Data (input features) is not contained to the unit cube. Please consider min-max scaling the input data.
  check_min_max_scaling(
/scratch/user/ahnafalvi/envs/matinvent-hcap-bo/lib/python3.10/site-packages/gpytorch/likelihoods/noise_models.py:150: NumericalWarning: Very small noise values detected. This will likely lead to numerical instabilities. Rounding small noise values up to 1e-06.
  warnings.warn(
/scratch/user/ahnafalvi/envs/matinvent-hcap-bo/lib/python3.10/site-packages/botorch/models/utils/assorted.py:271: InputDataWarning: Data (input features) is not contained to the unit cube. Please consider min-max scaling the input data.
  check_min_max_scaling(
/scratch/user/ahnafalvi/envs/matinvent-hcap-bo/lib/python3.10/site-packages/botorch/models/utils/assorted.py:271: InputDataWarning: Data (input features) is not contained to the unit cube. Please consider min-max scaling the input data.
  check_min_max_scaling(
/scratch/user/ahnafalvi/envs/matinvent-hcap-bo/lib/python3.10/site-packages/botorch/models/utils/assorted.py:271: InputDataWarning: Data (input features) is not contained to the unit cube. Please consider min-max scaling the input data.
  check_min_max_scaling(
/scratch/user/ahnafalvi/envs/matinvent-hcap-bo/lib/python3.10/site-packages/botorch/models/utils/assorted.py:271: InputDataWarning: Data (input features) is not contained to the unit cube. Please consider min-max scaling the input data.
  check_min_max_scaling(
/scratch/user/ahnafalvi/envs/matinvent-hcap-bo/lib/python3.10/site-packages/botorch/models/utils/assorted.py:271: InputDataWarning: Data (input features) is not contained to the unit cube. Please consider min-max scaling the input data.
  check_min_max_scaling(
