Phase-3 v4 ADiT ACCEL seed=17 cycles=20 at Sun May  3 08:37:45 CDT 2026 on fc104
  GP_LTM_SEED=/scratch/user/ahnafalvi/matinvent-hcap-bo/data/bm/ltm_bm_seed_pool.parquet
  GP_LTM_PATH=/scratch/user/ahnafalvi/matinvent-hcap-bo/data/bm/ltm_bm_p3v4_bm_adit_accel_seed17_3003728.parquet
  GP_COLD_START_MIN=0
Tesla T4, 16384 MiB
MODELS_PROJECT_ROOT: /scratch/user/ahnafalvi/matinvent-bo/src/mattergen/mattergen
[2026-05-03 08:45:34,811][httpx][INFO] - HTTP Request: HEAD https://huggingface.co/jwchen25/MatInvent/resolve/main/reference_MP2020correction.gz "HTTP/1.1 302 Found"
[2026-05-03 08:48:07,921][root][INFO] - *****   RL START   *****
[2026-05-03 08:48:07,922][root][INFO] - *****   LOOP 0 START   *****
[2026-05-03 08:48:07,922][root][INFO] - SAMPLE:
[32m2026-05-03 08:49:26.933[0m | [1mINFO    [0m | [36mmattersim.forcefield.potential[0m:[36mfrom_checkpoint[0m:[36m891[0m - [1mLoading the pre-trained mattersim-v1.0.0-5M.pth model[0m
[2026-05-03 09:00:07,451][root][INFO] - Number of filtered samples: 10
[2026-05-03 09:00:07,489][root][INFO] - avg_energy_above_hull_per_atom: 0.179416, avg_rmsd_from_relaxation: 0.410462, frac_novel_unique_stable_structures: 0.188679, frac_stable_structures: 0.735849, frac_successful_jobs: 1.000000, avg_comp_validity: 1.000000, avg_structure_comp_validity: 1.000000, avg_structure_validity: 1.000000, frac_novel_structures: 0.377358, frac_novel_systems: 0.094340, frac_novel_unique_structures: 0.377358, frac_unique_structures: 1.000000, frac_unique_systems: 1.000000, precision: 0.622642, recall: 0.000086
[2026-05-03 09:00:07,503][root][INFO] - SCORE:
[2026-05-03 09:00:48,391][cached_path][INFO] - cache of https://orbitalmaterials-public-models.s3.us-west-1.amazonaws.com/forcefields/orb-v3/orb-v3-conservative-inf-omat-20250404.ckpt is up-to-date
[2026-05-03 09:06:32,593][root][INFO] - Project root: /scratch/user/ahnafalvi/envs/matinvent-hcap-bo/lib/python3.10/site-packages/fairchem
[2026-05-03 09:06:33,213][root][INFO] - Checking local cache: /scratch/user/ahnafalvi/.cache/huggingface for model eSEN-30M-OAM
[2026-05-03 09:06:33,344][httpx][INFO] - HTTP Request: HEAD https://huggingface.co/facebook/OMAT24/resolve/main/esen_30m_oam.pt "HTTP/1.1 302 Found"
[2026-05-03 09:06:33,842][root][INFO] - local rank base: 0
[2026-05-03 09:06:36,084][root][INFO] - amp: false
cmd:
  checkpoint_dir: /scratch/user/ahnafalvi/matinvent-hcap-bo/results_bm/bm_p3v4_bm_adit_accel_seed17_3003728/checkpoints/2026-05-03-09-06-56
  commit: core:None,experimental:NA
  identifier: ''
  logs_dir: /scratch/user/ahnafalvi/matinvent-hcap-bo/results_bm/bm_p3v4_bm_adit_accel_seed17_3003728/logs/wandb/2026-05-03-09-06-56
  print_every: 100
  results_dir: /scratch/user/ahnafalvi/matinvent-hcap-bo/results_bm/bm_p3v4_bm_adit_accel_seed17_3003728/results/2026-05-03-09-06-56
  seed: null
  timestamp_id: 2026-05-03-09-06-56
  version: 1.10.0
dataset:
  a2g_args:
    r_energy: true
    r_forces: true
    r_stress: true
  format: ase_db
  metadata_path: ''
  transforms:
    element_references: ''
    normalizer:
      energy:
        mean: 0.0
        stdev: 0.6274358
      forces:
        mean: 0.0
        stdev: 0.6274358
      stress:
        mean: 0.0
        stdev: 0.6274358
evaluation_metrics:
  metrics:
    energy:
    - mae
    - per_atom_mae
    forces:
    - mae
    - cosine_similarity
    stress:
    - mae
  primary_metric: forces_mae
gp_gpus: null
gpus: 1
logger: wandb
loss_functions:
- energy:
    coefficient: 20
    fn: per_atom_mae
- forces:
    coefficient: 20
    fn: l2mae
- stress:
    coefficient: 5
    fn: mae
model:
  backbone:
    act_type: gate
    cutoff: 6.0
    direct_forces: false
    distance_function: gaussian
    edge_channels: 128
    hidden_channels: 128
    lmax: 3
    max_neighbors: 300
    max_num_elements: 100
    mlp_type: spectral
    mmax: 2
    model: esen_backbone
    norm_type: rms_norm_sh
    num_distance_basis: 64
    num_layers: 10
    otf_graph: true
    regress_forces: true
    regress_stress: true
    sphere_channels: 128
    use_envelope: true
    use_pbc: true
    use_pbc_single: true
  heads:
    mptrj:
      module: esen_mlp_efs_head
  name: hydra
  otf_graph: true
  pass_through_head_outputs: true
optim:
  batch_size: 4
  clip_grad_norm: 100
  ema_decay: 0.999
  eval_batch_size: 4
  eval_every: 5000
  load_balancing: atoms
  lr_initial: 0.0004
  max_epochs: 1
  num_workers: 4
  optimizer: AdamW
  optimizer_params:
    weight_decay: 0.001
  scheduler: LambdaLR
  scheduler_params:
    epochs: 85271
    lambda_type: cosine
    lr: 0.0004
    lr_min_factor: 0.1
    warmup_epochs: 8527
    warmup_factor: 0.2
outputs:
  energy:
    level: system
    property: energy
  forces:
    eval_on_free_atoms: true
    level: atom
    property: forces
    train_on_free_atoms: true
  stress:
    level: system
    property: stress
relax_dataset: {}
slurm: {}
task: {}
test_dataset: {}
trainer: ocp
val_dataset: {}

[2026-05-03 09:06:36,084][root][INFO] - Loading model: hydra
[2026-05-03 09:06:36,449][root][INFO] - Loaded HydraModel with 30161153 parameters.
[2026-05-03 09:06:36,449][root][INFO] - Loading checkpoint in inference-only mode, not loading keys associated with trainer state!
[2026-05-03 09:06:36,484][root][WARNING] - No seed has been set in modelcheckpoint or OCPCalculator! Results may not be reproducible on re-run
[BMGPRoutedV4] cycle=0 N=10 K_eff=4 oracled=10 masked=0 ltm=510 GP_RMSE_train=0.010 GP_RMSE_cv5=24.011 GP_MAE_cv5=15.376 mean_oracle_K_GPa=122.65 anchor=False cold=True 589.0s
[2026-05-03 09:09:56,712][root][INFO] - Evaluation costs to date: 10
[2026-05-03 09:09:56,712][root][INFO] - Number of samples that successfully obtained rewards: 10
[2026-05-03 09:09:56,712][root][INFO] - reward mean=0.2701 std=0.1368
[2026-05-03 09:09:56,712][root][INFO] - bulk_modulus mean=122.6541 std=51.9841
[2026-05-03 09:09:56,758][root][INFO] - 10 crystals generated so far, 10 unique components.  Burden: None, Div. Ratio: 1.0.
[2026-05-03 09:09:56,776][root][INFO] - Diversity filter: tol_n=0, buff_n=0
[2026-05-03 09:09:56,779][root][INFO] - replay buffer size=8
[2026-05-03 09:09:56,779][root][INFO] - buffer reward mean=0.30474223788649674
[2026-05-03 09:09:56,779][root][INFO] - FINETUNE:
[2026-05-03 09:09:57,076][root][INFO] - Epoch 0: loss: 0.5042, loss_diff: 0.5042, loss_kl: 0.0007
[2026-05-03 09:09:57,317][root][INFO] - Epoch 1: loss: 0.5822, loss_diff: 0.5816, loss_kl: 0.0258
[2026-05-03 09:09:57,573][root][INFO] - Epoch 2: loss: 0.7530, loss_diff: 0.7529, loss_kl: 0.0009
[2026-05-03 09:09:57,574][root][INFO] - *****   LOOP 0 FINISH   *****
[2026-05-03 09:09:57,574][root][INFO] - Total time taken: 21.83 min.


[2026-05-03 09:09:57,574][root][INFO] - *****   LOOP 1 START   *****
[2026-05-03 09:09:57,575][root][INFO] - SAMPLE:
[32m2026-05-03 09:11:20.039[0m | [1mINFO    [0m | [36mmattersim.forcefield.potential[0m:[36mfrom_checkpoint[0m:[36m891[0m - [1mLoading the pre-trained mattersim-v1.0.0-5M.pth model[0m
[2026-05-03 09:14:03,090][root][INFO] - Number of filtered samples: 9
[2026-05-03 09:14:03,091][root][INFO] - avg_energy_above_hull_per_atom: 0.083246, avg_rmsd_from_relaxation: 0.504399, frac_novel_unique_stable_structures: 0.173077, frac_stable_structures: 0.750000, frac_successful_jobs: 1.000000, avg_comp_validity: 1.000000, avg_structure_comp_validity: 1.000000, avg_structure_validity: 1.000000, frac_novel_structures: 0.403846, frac_novel_systems: 0.057692, frac_novel_unique_structures: 0.403846, frac_unique_structures: 1.000000, frac_unique_systems: 1.000000, precision: 0.596154, recall: 0.000097
[2026-05-03 09:14:03,108][root][INFO] - SCORE:
[BMGPRoutedV4] cycle=1 N=9 K_eff=4 oracled=4 masked=5 ltm=514 GP_RMSE_train=0.010 GP_RMSE_cv5=27.405 GP_MAE_cv5=16.656 mean_oracle_K_GPa=110.41 anchor=False cold=False 101.2s
[2026-05-03 09:15:44,290][root][INFO] - Evaluation costs to date: 19
[2026-05-03 09:15:44,291][root][INFO] - Number of samples that successfully obtained rewards: 4
[2026-05-03 09:15:44,291][root][INFO] - reward mean=0.2379 std=0.1516
[2026-05-03 09:15:44,291][root][INFO] - bulk_modulus mean=110.4065 std=57.5953
[2026-05-03 09:15:44,392][root][INFO] - 14 crystals generated so far, 14 unique components.  Burden: None, Div. Ratio: 1.0.
[2026-05-03 09:15:44,398][root][INFO] - Diversity filter: tol_n=0, buff_n=0
[2026-05-03 09:15:44,401][root][INFO] - replay buffer size=11
[2026-05-03 09:15:44,402][root][INFO] - buffer reward mean=0.30376830159159185
[2026-05-03 09:15:44,402][root][INFO] - FINETUNE:
[2026-05-03 09:15:44,721][root][INFO] - Epoch 0: loss: 0.5608, loss_diff: 0.5608, loss_kl: 0.0012
[2026-05-03 09:15:45,020][root][INFO] - Epoch 1: loss: 0.5619, loss_diff: 0.5619, loss_kl: 0.0012
[2026-05-03 09:15:45,327][root][INFO] - Epoch 2: loss: 0.5919, loss_diff: 0.5918, loss_kl: 0.0018
[2026-05-03 09:15:45,329][root][INFO] - *****   LOOP 1 FINISH   *****
[2026-05-03 09:15:45,329][root][INFO] - Total time taken: 5.80 min.


[2026-05-03 09:15:45,329][root][INFO] - *****   LOOP 2 START   *****
[2026-05-03 09:15:45,329][root][INFO] - SAMPLE:
[32m2026-05-03 09:16:55.550[0m | [1mINFO    [0m | [36mmattersim.forcefield.potential[0m:[36mfrom_checkpoint[0m:[36m891[0m - [1mLoading the pre-trained mattersim-v1.0.0-5M.pth model[0m
[2026-05-03 09:19:26,938][root][INFO] - Number of filtered samples: 6
[2026-05-03 09:19:26,940][root][INFO] - avg_energy_above_hull_per_atom: 0.071727, avg_rmsd_from_relaxation: 0.520831, frac_novel_unique_stable_structures: 0.109091, frac_stable_structures: 0.763636, frac_successful_jobs: 1.000000, avg_comp_validity: 1.000000, avg_structure_comp_validity: 1.000000, avg_structure_validity: 1.000000, frac_novel_structures: 0.327273, frac_novel_systems: 0.054545, frac_novel_unique_structures: 0.327273, frac_unique_structures: 1.000000, frac_unique_systems: 1.000000, precision: 0.672727, recall: 0.000084
[2026-05-03 09:19:26,963][root][INFO] - SCORE:
[BMGPRoutedV4] cycle=2 N=6 K_eff=3 oracled=3 masked=3 ltm=517 GP_RMSE_train=0.010 GP_RMSE_cv5=26.998 GP_MAE_cv5=16.287 mean_oracle_K_GPa=81.33 anchor=False cold=False 116.0s
[2026-05-03 09:21:23,004][root][INFO] - Evaluation costs to date: 25
[2026-05-03 09:21:23,004][root][INFO] - Number of samples that successfully obtained rewards: 3
[2026-05-03 09:21:23,004][root][INFO] - reward mean=0.1614 std=0.1320
[2026-05-03 09:21:23,004][root][INFO] - bulk_modulus mean=81.3345 std=50.1611
[2026-05-03 09:21:23,050][root][INFO] - 17 crystals generated so far, 17 unique components.  Burden: None, Div. Ratio: 1.0.
[2026-05-03 09:21:23,054][root][INFO] - Diversity filter: tol_n=0, buff_n=0
[2026-05-03 09:21:23,057][root][INFO] - replay buffer size=12
[2026-05-03 09:21:23,057][root][INFO] - buffer reward mean=0.3072975394052868
[2026-05-03 09:21:23,057][root][INFO] - FINETUNE:
[2026-05-03 09:21:23,401][root][INFO] - Epoch 0: loss: 0.4819, loss_diff: 0.4818, loss_kl: 0.0018
[2026-05-03 09:21:23,742][root][INFO] - Epoch 1: loss: 0.5582, loss_diff: 0.5581, loss_kl: 0.0019
[2026-05-03 09:21:24,087][root][INFO] - Epoch 2: loss: 0.5412, loss_diff: 0.5411, loss_kl: 0.0017
[2026-05-03 09:21:24,087][root][INFO] - *****   LOOP 2 FINISH   *****
[2026-05-03 09:21:24,088][root][INFO] - Total time taken: 5.65 min.


[2026-05-03 09:21:24,088][root][INFO] - *****   LOOP 3 START   *****
[2026-05-03 09:21:24,088][root][INFO] - SAMPLE:
[32m2026-05-03 09:22:36.678[0m | [1mINFO    [0m | [36mmattersim.forcefield.potential[0m:[36mfrom_checkpoint[0m:[36m891[0m - [1mLoading the pre-trained mattersim-v1.0.0-5M.pth model[0m
[2026-05-03 09:26:06,420][root][INFO] - Number of filtered samples: 9
[2026-05-03 09:26:06,422][root][INFO] - avg_energy_above_hull_per_atom: 0.097538, avg_rmsd_from_relaxation: 0.445099, frac_novel_unique_stable_structures: 0.152542, frac_stable_structures: 0.796610, frac_successful_jobs: 1.000000, avg_comp_validity: 1.000000, avg_structure_comp_validity: 1.000000, avg_structure_validity: 1.000000, frac_novel_structures: 0.338983, frac_novel_systems: 0.050847, frac_novel_unique_structures: 0.338983, frac_unique_structures: 1.000000, frac_unique_systems: 1.000000, precision: 0.661017, recall: 0.000083
[2026-05-03 09:26:06,455][root][INFO] - SCORE:
[BMGPRoutedV4] cycle=3 N=9 K_eff=4 oracled=4 masked=5 ltm=521 GP_RMSE_train=0.010 GP_RMSE_cv5=27.612 GP_MAE_cv5=16.595 mean_oracle_K_GPa=125.88 anchor=False cold=False 136.1s
[2026-05-03 09:28:22,701][root][INFO] - Evaluation costs to date: 34
[2026-05-03 09:28:22,701][root][INFO] - Number of samples that successfully obtained rewards: 4
[2026-05-03 09:28:22,701][root][INFO] - reward mean=0.2786 std=0.2855
[2026-05-03 09:28:22,701][root][INFO] - bulk_modulus mean=125.8828 std=108.4914
[2026-05-03 09:28:22,794][root][INFO] - 21 crystals generated so far, 21 unique components.  Burden: None, Div. Ratio: 1.0.
[2026-05-03 09:28:22,869][root][INFO] - Diversity filter: tol_n=0, buff_n=0
[2026-05-03 09:28:22,871][root][INFO] - replay buffer size=15
[2026-05-03 09:28:22,872][root][INFO] - buffer reward mean=0.31526911622025555
[2026-05-03 09:28:22,872][root][INFO] - FINETUNE:
[2026-05-03 09:28:23,284][root][INFO] - Epoch 0: loss: 0.7523, loss_diff: 0.7522, loss_kl: 0.0027
[2026-05-03 09:28:23,632][root][INFO] - Epoch 1: loss: 0.6001, loss_diff: 0.6000, loss_kl: 0.0037
[2026-05-03 09:28:23,982][root][INFO] - Epoch 2: loss: 0.7510, loss_diff: 0.7509, loss_kl: 0.0042
[2026-05-03 09:28:23,983][root][INFO] - *****   LOOP 3 FINISH   *****
[2026-05-03 09:28:23,984][root][INFO] - Total time taken: 7.00 min.


[2026-05-03 09:28:23,984][root][INFO] - *****   LOOP 4 START   *****
[2026-05-03 09:28:23,984][root][INFO] - SAMPLE:
[32m2026-05-03 09:30:01.631[0m | [1mINFO    [0m | [36mmattersim.forcefield.potential[0m:[36mfrom_checkpoint[0m:[36m891[0m - [1mLoading the pre-trained mattersim-v1.0.0-5M.pth model[0m
[2026-05-03 09:32:42,236][root][INFO] - Number of filtered samples: 9
[2026-05-03 09:32:42,238][root][INFO] - avg_energy_above_hull_per_atom: 0.169968, avg_rmsd_from_relaxation: 0.497005, frac_novel_unique_stable_structures: 0.166667, frac_stable_structures: 0.703704, frac_successful_jobs: 1.000000, avg_comp_validity: 1.000000, avg_structure_comp_validity: 1.000000, avg_structure_validity: 1.000000, frac_novel_structures: 0.388889, frac_novel_systems: 0.037037, frac_novel_unique_structures: 0.388889, frac_unique_structures: 1.000000, frac_unique_systems: 0.962963, precision: 0.611111, recall: 0.000082
[2026-05-03 09:32:42,246][root][INFO] - SCORE:
[BMGPRoutedV4] cycle=4 N=9 K_eff=4 oracled=4 masked=5 ltm=525 GP_RMSE_train=0.010 GP_RMSE_cv5=23.628 GP_MAE_cv5=14.825 mean_oracle_K_GPa=111.61 anchor=False cold=False 127.8s
[2026-05-03 09:34:50,102][root][INFO] - Evaluation costs to date: 43
[2026-05-03 09:34:50,103][root][INFO] - Number of samples that successfully obtained rewards: 4
[2026-05-03 09:34:50,103][root][INFO] - reward mean=0.2411 std=0.0734
[2026-05-03 09:34:50,103][root][INFO] - bulk_modulus mean=111.6074 std=27.8944
[2026-05-03 09:34:50,165][root][INFO] - 25 crystals generated so far, 25 unique components.  Burden: None, Div. Ratio: 1.0.
[2026-05-03 09:34:50,170][root][INFO] - Diversity filter: tol_n=0, buff_n=0
[2026-05-03 09:34:50,173][root][INFO] - replay buffer size=19
[2026-05-03 09:34:50,173][root][INFO] - buffer reward mean=0.299648681916393
[2026-05-03 09:34:50,173][root][INFO] - FINETUNE:
[2026-05-03 09:34:50,536][root][INFO] - Epoch 0: loss: 0.4601, loss_diff: 0.4600, loss_kl: 0.0038
[2026-05-03 09:34:50,887][root][INFO] - Epoch 1: loss: 0.5621, loss_diff: 0.5620, loss_kl: 0.0046
[2026-05-03 09:34:51,248][root][INFO] - Epoch 2: loss: 0.5468, loss_diff: 0.5467, loss_kl: 0.0058
[2026-05-03 09:34:51,250][root][INFO] - *****   LOOP 4 FINISH   *****
[2026-05-03 09:34:51,250][root][INFO] - Total time taken: 6.45 min.


[2026-05-03 09:34:51,250][root][INFO] - *****   LOOP 5 START   *****
[2026-05-03 09:34:51,250][root][INFO] - SAMPLE:
[32m2026-05-03 09:36:29.374[0m | [1mINFO    [0m | [36mmattersim.forcefield.potential[0m:[36mfrom_checkpoint[0m:[36m891[0m - [1mLoading the pre-trained mattersim-v1.0.0-5M.pth model[0m
[2026-05-03 09:40:40,120][root][INFO] - Number of filtered samples: 11
[2026-05-03 09:40:40,122][root][INFO] - avg_energy_above_hull_per_atom: 0.090680, avg_rmsd_from_relaxation: 0.607309, frac_novel_unique_stable_structures: 0.200000, frac_stable_structures: 0.636364, frac_successful_jobs: 1.000000, avg_comp_validity: 1.000000, avg_structure_comp_validity: 1.000000, avg_structure_validity: 1.000000, frac_novel_structures: 0.527273, frac_novel_systems: 0.109091, frac_novel_unique_structures: 0.527273, frac_unique_structures: 1.000000, frac_unique_systems: 0.981818, precision: 0.472727, recall: 0.000083
[2026-05-03 09:40:40,154][root][INFO] - SCORE:
[BMGPRoutedV4] cycle=5 N=11 K_eff=4 oracled=4 masked=7 ltm=529 GP_RMSE_train=0.010 GP_RMSE_cv5=24.105 GP_MAE_cv5=15.024 mean_oracle_K_GPa=116.04 anchor=False cold=False 112.7s
[2026-05-03 09:42:32,914][root][INFO] - Evaluation costs to date: 54
[2026-05-03 09:42:32,915][root][INFO] - Number of samples that successfully obtained rewards: 4
[2026-05-03 09:42:32,915][root][INFO] - reward mean=0.2527 std=0.1222
[2026-05-03 09:42:32,915][root][INFO] - bulk_modulus mean=116.0404 std=46.4456
[2026-05-03 09:42:32,983][root][INFO] - 29 crystals generated so far, 29 unique components.  Burden: None, Div. Ratio: 1.0.
[2026-05-03 09:42:32,990][root][INFO] - Diversity filter: tol_n=0, buff_n=0
[2026-05-03 09:42:32,992][root][INFO] - replay buffer size=22
[2026-05-03 09:42:32,993][root][INFO] - buffer reward mean=0.30096626219579037
[2026-05-03 09:42:32,993][root][INFO] - FINETUNE:
[2026-05-03 09:42:33,338][root][INFO] - Epoch 0: loss: 0.7912, loss_diff: 0.7908, loss_kl: 0.0165
[2026-05-03 09:42:33,691][root][INFO] - Epoch 1: loss: 0.7081, loss_diff: 0.7080, loss_kl: 0.0056
[2026-05-03 09:42:34,042][root][INFO] - Epoch 2: loss: 0.6085, loss_diff: 0.6084, loss_kl: 0.0047
[2026-05-03 09:42:34,043][root][INFO] - *****   LOOP 5 FINISH   *****
[2026-05-03 09:42:34,044][root][INFO] - Total time taken: 7.71 min.


[2026-05-03 09:42:34,044][root][INFO] - *****   LOOP 6 START   *****
[2026-05-03 09:42:34,044][root][INFO] - SAMPLE:
[32m2026-05-03 09:43:44.912[0m | [1mINFO    [0m | [36mmattersim.forcefield.potential[0m:[36mfrom_checkpoint[0m:[36m891[0m - [1mLoading the pre-trained mattersim-v1.0.0-5M.pth model[0m
[2026-05-03 09:47:22,645][root][INFO] - Number of filtered samples: 8
[2026-05-03 09:47:22,647][root][INFO] - avg_energy_above_hull_per_atom: 0.127651, avg_rmsd_from_relaxation: 0.687446, frac_novel_unique_stable_structures: 0.140351, frac_stable_structures: 0.719298, frac_successful_jobs: 1.000000, avg_comp_validity: 1.000000, avg_structure_comp_validity: 1.000000, avg_structure_validity: 1.000000, frac_novel_structures: 0.421053, frac_novel_systems: 0.035088, frac_novel_unique_structures: 0.421053, frac_unique_structures: 1.000000, frac_unique_systems: 0.982456, precision: 0.578947, recall: 0.000083
[2026-05-03 09:47:22,673][root][INFO] - SCORE:
[BMGPRoutedV4] cycle=6 N=8 K_eff=4 oracled=4 masked=4 ltm=533 GP_RMSE_train=0.010 GP_RMSE_cv5=26.163 GP_MAE_cv5=15.405 mean_oracle_K_GPa=67.53 anchor=False cold=False 122.9s
[2026-05-03 09:49:25,536][root][INFO] - Evaluation costs to date: 62
[2026-05-03 09:49:25,537][root][INFO] - Number of samples that successfully obtained rewards: 4
[2026-05-03 09:49:25,537][root][INFO] - reward mean=0.1251 std=0.1298
[2026-05-03 09:49:25,537][root][INFO] - bulk_modulus mean=67.5295 std=49.3210
[2026-05-03 09:49:27,346][root][INFO] - 33 crystals generated so far, 33 unique components.  Burden: None, Div. Ratio: 1.0.
[2026-05-03 09:49:27,352][root][INFO] - Diversity filter: tol_n=0, buff_n=0
[2026-05-03 09:49:27,355][root][INFO] - replay buffer size=24
[2026-05-03 09:49:27,356][root][INFO] - buffer reward mean=0.2951733080734604
[2026-05-03 09:49:27,356][root][INFO] - FINETUNE:
[2026-05-03 09:49:27,794][root][INFO] - Epoch 0: loss: 0.6539, loss_diff: 0.6538, loss_kl: 0.0058
[2026-05-03 09:49:28,143][root][INFO] - Epoch 1: loss: 0.5096, loss_diff: 0.5092, loss_kl: 0.0168
[2026-05-03 09:49:28,492][root][INFO] - Epoch 2: loss: 0.6793, loss_diff: 0.6791, loss_kl: 0.0062
[2026-05-03 09:49:28,493][root][INFO] - *****   LOOP 6 FINISH   *****
[2026-05-03 09:49:28,493][root][INFO] - Total time taken: 6.91 min.


[2026-05-03 09:49:28,494][root][INFO] - *****   LOOP 7 START   *****
[2026-05-03 09:49:28,494][root][INFO] - SAMPLE:
[32m2026-05-03 09:50:42.911[0m | [1mINFO    [0m | [36mmattersim.forcefield.potential[0m:[36mfrom_checkpoint[0m:[36m891[0m - [1mLoading the pre-trained mattersim-v1.0.0-5M.pth model[0m
[2026-05-03 09:54:02,410][root][INFO] - Number of filtered samples: 9
[2026-05-03 09:54:02,413][root][INFO] - avg_energy_above_hull_per_atom: 0.159759, avg_rmsd_from_relaxation: 0.594399, frac_novel_unique_stable_structures: 0.166667, frac_stable_structures: 0.629630, frac_successful_jobs: 1.000000, avg_comp_validity: 1.000000, avg_structure_comp_validity: 1.000000, avg_structure_validity: 1.000000, frac_novel_structures: 0.481481, frac_novel_systems: 0.055556, frac_novel_unique_structures: 0.481481, frac_unique_structures: 1.000000, frac_unique_systems: 1.000000, precision: 0.518519, recall: 0.000115
[2026-05-03 09:54:02,419][root][INFO] - SCORE:
[BMGPRoutedV4] cycle=7 N=9 K_eff=4 oracled=4 masked=5 ltm=537 GP_RMSE_train=0.010 GP_RMSE_cv5=28.163 GP_MAE_cv5=16.703 mean_oracle_K_GPa=122.43 anchor=False cold=False 131.9s
[2026-05-03 09:56:14,411][root][INFO] - Evaluation costs to date: 71
[2026-05-03 09:56:14,411][root][INFO] - Number of samples that successfully obtained rewards: 4
[2026-05-03 09:56:14,411][root][INFO] - reward mean=0.2696 std=0.2209
[2026-05-03 09:56:14,412][root][INFO] - bulk_modulus mean=122.4299 std=83.9596
[2026-05-03 09:56:14,502][root][INFO] - 37 crystals generated so far, 37 unique components.  Burden: None, Div. Ratio: 1.0.
[2026-05-03 09:56:14,508][root][INFO] - Diversity filter: tol_n=0, buff_n=0
[2026-05-03 09:56:14,511][root][INFO] - replay buffer size=28
[2026-05-03 09:56:14,511][root][INFO] - buffer reward mean=0.2915131585623123
[2026-05-03 09:56:14,511][root][INFO] - FINETUNE:
[2026-05-03 09:56:14,888][root][INFO] - Epoch 0: loss: 0.6922, loss_diff: 0.6920, loss_kl: 0.0055
[2026-05-03 09:56:15,223][root][INFO] - Epoch 1: loss: 0.8642, loss_diff: 0.8640, loss_kl: 0.0083
[2026-05-03 09:56:15,579][root][INFO] - Epoch 2: loss: 0.6939, loss_diff: 0.6938, loss_kl: 0.0040
[2026-05-03 09:56:15,580][root][INFO] - *****   LOOP 7 FINISH   *****
[2026-05-03 09:56:15,580][root][INFO] - Total time taken: 6.78 min.


[2026-05-03 09:56:15,580][root][INFO] - *****   LOOP 8 START   *****
[2026-05-03 09:56:15,581][root][INFO] - SAMPLE:
[32m2026-05-03 09:57:26.270[0m | [1mINFO    [0m | [36mmattersim.forcefield.potential[0m:[36mfrom_checkpoint[0m:[36m891[0m - [1mLoading the pre-trained mattersim-v1.0.0-5M.pth model[0m
[2026-05-03 10:00:19,604][root][INFO] - Number of filtered samples: 9
[2026-05-03 10:00:19,606][root][INFO] - avg_energy_above_hull_per_atom: 0.107156, avg_rmsd_from_relaxation: 0.525682, frac_novel_unique_stable_structures: 0.166667, frac_stable_structures: 0.685185, frac_successful_jobs: 1.000000, avg_comp_validity: 1.000000, avg_structure_comp_validity: 1.000000, avg_structure_validity: 1.000000, frac_novel_structures: 0.462963, frac_novel_systems: 0.074074, frac_novel_unique_structures: 0.462963, frac_unique_structures: 1.000000, frac_unique_systems: 1.000000, precision: 0.537037, recall: 0.000054
[2026-05-03 10:00:19,613][root][INFO] - SCORE:
[BMGPRoutedV4] cycle=8 N=9 K_eff=4 oracled=4 masked=5 ltm=541 GP_RMSE_train=0.010 GP_RMSE_cv5=24.798 GP_MAE_cv5=14.327 mean_oracle_K_GPa=128.07 anchor=False cold=False 99.1s
[2026-05-03 10:01:58,782][root][INFO] - Evaluation costs to date: 80
[2026-05-03 10:01:58,782][root][INFO] - Number of samples that successfully obtained rewards: 4
[2026-05-03 10:01:58,782][root][INFO] - reward mean=0.2844 std=0.0642
[2026-05-03 10:01:58,782][root][INFO] - bulk_modulus mean=128.0701 std=24.3970
[2026-05-03 10:01:58,926][root][INFO] - 41 crystals generated so far, 41 unique components.  Burden: None, Div. Ratio: 1.0.
[2026-05-03 10:01:58,932][root][INFO] - Diversity filter: tol_n=0, buff_n=0
[2026-05-03 10:01:58,935][root][INFO] - replay buffer size=32
[2026-05-03 10:01:58,935][root][INFO] - buffer reward mean=0.2906233890929608
[2026-05-03 10:01:58,935][root][INFO] - FINETUNE:
[2026-05-03 10:01:59,292][root][INFO] - Epoch 0: loss: 0.7638, loss_diff: 0.7636, loss_kl: 0.0078
[2026-05-03 10:01:59,647][root][INFO] - Epoch 1: loss: 0.6625, loss_diff: 0.6622, loss_kl: 0.0092
[2026-05-03 10:02:00,010][root][INFO] - Epoch 2: loss: 0.6941, loss_diff: 0.6939, loss_kl: 0.0075
[2026-05-03 10:02:00,011][root][INFO] - *****   LOOP 8 FINISH   *****
[2026-05-03 10:02:00,012][root][INFO] - Total time taken: 5.74 min.


[2026-05-03 10:02:00,012][root][INFO] - *****   LOOP 9 START   *****
[2026-05-03 10:02:00,012][root][INFO] - SAMPLE:
[32m2026-05-03 10:03:20.411[0m | [1mINFO    [0m | [36mmattersim.forcefield.potential[0m:[36mfrom_checkpoint[0m:[36m891[0m - [1mLoading the pre-trained mattersim-v1.0.0-5M.pth model[0m
[2026-05-03 10:10:48,719][root][INFO] - Number of filtered samples: 18
[2026-05-03 10:10:48,790][root][INFO] - avg_energy_above_hull_per_atom: 0.260472, avg_rmsd_from_relaxation: 0.639615, frac_novel_unique_stable_structures: 0.305085, frac_stable_structures: 0.694915, frac_successful_jobs: 1.000000, avg_comp_validity: 1.000000, avg_structure_comp_validity: 1.000000, avg_structure_validity: 1.000000, frac_novel_structures: 0.542373, frac_novel_systems: 0.084746, frac_novel_unique_structures: 0.542373, frac_unique_structures: 0.983051, frac_unique_systems: 0.949153, precision: 0.457627, recall: 0.000102
[2026-05-03 10:10:48,801][root][INFO] - SCORE:
[BMGPRoutedV4] cycle=9 N=16 K_eff=4 oracled=4 masked=12 ltm=545 GP_RMSE_train=0.010 GP_RMSE_cv5=24.021 GP_MAE_cv5=14.409 mean_oracle_K_GPa=91.09 anchor=False cold=False 116.8s
[2026-05-03 10:12:45,590][root][INFO] - Evaluation costs to date: 96
[2026-05-03 10:12:45,590][root][INFO] - Number of samples that successfully obtained rewards: 4
[2026-05-03 10:12:45,590][root][INFO] - reward mean=0.1871 std=0.1219
[2026-05-03 10:12:45,590][root][INFO] - bulk_modulus mean=91.0910 std=46.3102
[2026-05-03 10:12:45,713][root][INFO] - 45 crystals generated so far, 45 unique components.  Burden: None, Div. Ratio: 1.0.
[2026-05-03 10:12:45,719][root][INFO] - Diversity filter: tol_n=0, buff_n=0
[2026-05-03 10:12:45,722][root][INFO] - replay buffer size=35
[2026-05-03 10:12:45,722][root][INFO] - buffer reward mean=0.2868169975588696
[2026-05-03 10:12:45,722][root][INFO] - FINETUNE:
[2026-05-03 10:12:46,227][root][INFO] - Epoch 0: loss: 0.6275, loss_diff: 0.6266, loss_kl: 0.0379
[2026-05-03 10:12:46,578][root][INFO] - Epoch 1: loss: 0.9507, loss_diff: 0.9506, loss_kl: 0.0075
[2026-05-03 10:12:46,927][root][INFO] - Epoch 2: loss: 0.4875, loss_diff: 0.4873, loss_kl: 0.0089
[2026-05-03 10:12:46,927][root][INFO] - *****   LOOP 9 FINISH   *****
[2026-05-03 10:12:46,928][root][INFO] - Total time taken: 10.78 min.


[2026-05-03 10:12:46,928][root][INFO] - *****   LOOP 10 START   *****
[2026-05-03 10:12:46,928][root][INFO] - SAMPLE:
[32m2026-05-03 10:14:20.923[0m | [1mINFO    [0m | [36mmattersim.forcefield.potential[0m:[36mfrom_checkpoint[0m:[36m891[0m - [1mLoading the pre-trained mattersim-v1.0.0-5M.pth model[0m
[2026-05-03 10:17:12,575][root][INFO] - Number of filtered samples: 8
[2026-05-03 10:17:12,576][root][INFO] - avg_energy_above_hull_per_atom: 0.211085, avg_rmsd_from_relaxation: 0.645728, frac_novel_unique_stable_structures: 0.153846, frac_stable_structures: 0.615385, frac_successful_jobs: 1.000000, avg_comp_validity: 1.000000, avg_structure_comp_validity: 1.000000, avg_structure_validity: 1.000000, frac_novel_structures: 0.500000, frac_novel_systems: 0.057692, frac_novel_unique_structures: 0.500000, frac_unique_structures: 1.000000, frac_unique_systems: 1.000000, precision: 0.500000, recall: 0.000060
[2026-05-03 10:17:12,598][root][INFO] - SCORE:
[BMGPRoutedV4] cycle=10 N=8 K_eff=4 oracled=4 masked=4 ltm=549 GP_RMSE_train=0.010 GP_RMSE_cv5=22.354 GP_MAE_cv5=14.160 mean_oracle_K_GPa=122.07 anchor=False cold=False 152.7s
[2026-05-03 10:19:45,258][root][INFO] - Evaluation costs to date: 104
[2026-05-03 10:19:45,259][root][INFO] - Number of samples that successfully obtained rewards: 4
[2026-05-03 10:19:45,259][root][INFO] - reward mean=0.2714 std=0.1756
[2026-05-03 10:19:45,260][root][INFO] - bulk_modulus mean=122.0695 std=68.3826
[2026-05-03 10:19:45,372][root][INFO] - 49 crystals generated so far, 49 unique components.  Burden: None, Div. Ratio: 1.0.
[2026-05-03 10:19:45,380][root][INFO] - Diversity filter: tol_n=0, buff_n=0
[2026-05-03 10:19:45,384][root][INFO] - replay buffer size=38
[2026-05-03 10:19:45,384][root][INFO] - buffer reward mean=0.2927450493832133
[2026-05-03 10:19:45,384][root][INFO] - FINETUNE:
[2026-05-03 10:19:45,759][root][INFO] - Epoch 0: loss: 0.5378, loss_diff: 0.5375, loss_kl: 0.0137
[2026-05-03 10:19:46,106][root][INFO] - Epoch 1: loss: 0.5194, loss_diff: 0.5190, loss_kl: 0.0136
[2026-05-03 10:19:46,465][root][INFO] - Epoch 2: loss: 0.5665, loss_diff: 0.5663, loss_kl: 0.0100
[2026-05-03 10:19:46,466][root][INFO] - *****   LOOP 10 FINISH   *****
[2026-05-03 10:19:46,467][root][INFO] - Total time taken: 6.99 min.


[2026-05-03 10:19:46,467][root][INFO] - *****   LOOP 11 START   *****
[2026-05-03 10:19:46,467][root][INFO] - SAMPLE:
[32m2026-05-03 10:21:11.029[0m | [1mINFO    [0m | [36mmattersim.forcefield.potential[0m:[36mfrom_checkpoint[0m:[36m891[0m - [1mLoading the pre-trained mattersim-v1.0.0-5M.pth model[0m
[2026-05-03 10:24:03,199][root][INFO] - Number of filtered samples: 11
[2026-05-03 10:24:03,200][root][INFO] - avg_energy_above_hull_per_atom: 0.172502, avg_rmsd_from_relaxation: 0.601220, frac_novel_unique_stable_structures: 0.220000, frac_stable_structures: 0.740000, frac_successful_jobs: 1.000000, avg_comp_validity: 1.000000, avg_structure_comp_validity: 1.000000, avg_structure_validity: 1.000000, frac_novel_structures: 0.440000, frac_novel_systems: 0.040000, frac_novel_unique_structures: 0.440000, frac_unique_structures: 1.000000, frac_unique_systems: 0.980000, precision: 0.560000, recall: 0.000056
[2026-05-03 10:24:03,207][root][INFO] - SCORE:
[BMGPRoutedV4] cycle=11 N=11 K_eff=4 oracled=4 masked=7 ltm=553 GP_RMSE_train=0.010 GP_RMSE_cv5=24.714 GP_MAE_cv5=14.447 mean_oracle_K_GPa=81.40 anchor=False cold=False 117.2s
[2026-05-03 10:26:00,397][root][INFO] - Evaluation costs to date: 115
[2026-05-03 10:26:00,397][root][INFO] - Number of samples that successfully obtained rewards: 4
[2026-05-03 10:26:00,398][root][INFO] - reward mean=0.1616 std=0.0474
[2026-05-03 10:26:00,398][root][INFO] - bulk_modulus mean=81.3991 std=18.0025
[2026-05-03 10:26:00,517][root][INFO] - 53 crystals generated so far, 53 unique components.  Burden: None, Div. Ratio: 1.0.
[2026-05-03 10:26:00,524][root][INFO] - Diversity filter: tol_n=0, buff_n=0
[2026-05-03 10:26:00,527][root][INFO] - replay buffer size=41
[2026-05-03 10:26:00,527][root][INFO] - buffer reward mean=0.28487888030421227
[2026-05-03 10:26:00,527][root][INFO] - FINETUNE:
[2026-05-03 10:26:00,897][root][INFO] - Epoch 0: loss: 0.5187, loss_diff: 0.5182, loss_kl: 0.0207
[2026-05-03 10:26:01,234][root][INFO] - Epoch 1: loss: 0.3891, loss_diff: 0.3889, loss_kl: 0.0077
[2026-05-03 10:26:01,698][root][INFO] - Epoch 2: loss: 0.4720, loss_diff: 0.4718, loss_kl: 0.0086
[2026-05-03 10:26:01,699][root][INFO] - *****   LOOP 11 FINISH   *****
[2026-05-03 10:26:01,699][root][INFO] - Total time taken: 6.25 min.


[2026-05-03 10:26:01,699][root][INFO] - *****   LOOP 12 START   *****
[2026-05-03 10:26:01,699][root][INFO] - SAMPLE:
[32m2026-05-03 10:27:22.708[0m | [1mINFO    [0m | [36mmattersim.forcefield.potential[0m:[36mfrom_checkpoint[0m:[36m891[0m - [1mLoading the pre-trained mattersim-v1.0.0-5M.pth model[0m
[2026-05-03 10:30:17,066][root][INFO] - Number of filtered samples: 12
[2026-05-03 10:30:17,067][root][INFO] - avg_energy_above_hull_per_atom: 0.149508, avg_rmsd_from_relaxation: 0.556059, frac_novel_unique_stable_structures: 0.226415, frac_stable_structures: 0.792453, frac_successful_jobs: 1.000000, avg_comp_validity: 1.000000, avg_structure_comp_validity: 1.000000, avg_structure_validity: 1.000000, frac_novel_structures: 0.396226, frac_novel_systems: 0.150943, frac_novel_unique_structures: 0.396226, frac_unique_structures: 1.000000, frac_unique_systems: 1.000000, precision: 0.603774, recall: 0.000078
[2026-05-03 10:30:17,076][root][INFO] - SCORE:
[BMGPRoutedV4] cycle=12 N=12 K_eff=4 oracled=4 masked=8 ltm=557 GP_RMSE_train=0.009 GP_RMSE_cv5=24.863 GP_MAE_cv5=14.161 mean_oracle_K_GPa=121.17 anchor=False cold=False 85.2s
[2026-05-03 10:31:42,318][root][INFO] - Evaluation costs to date: 127
[2026-05-03 10:31:42,318][root][INFO] - Number of samples that successfully obtained rewards: 4
[2026-05-03 10:31:42,318][root][INFO] - reward mean=0.2662 std=0.1088
[2026-05-03 10:31:42,319][root][INFO] - bulk_modulus mean=121.1697 std=41.3400
[2026-05-03 10:31:42,482][root][INFO] - 57 crystals generated so far, 57 unique components.  Burden: None, Div. Ratio: 1.0.
[2026-05-03 10:31:42,503][root][INFO] - Diversity filter: tol_n=0, buff_n=0
[2026-05-03 10:31:42,506][root][INFO] - replay buffer size=45
[2026-05-03 10:31:42,506][root][INFO] - buffer reward mean=0.28322174952819207
[2026-05-03 10:31:42,506][root][INFO] - FINETUNE:
[2026-05-03 10:31:42,863][root][INFO] - Epoch 0: loss: 0.5865, loss_diff: 0.5862, loss_kl: 0.0120
[2026-05-03 10:31:43,219][root][INFO] - Epoch 1: loss: 0.5712, loss_diff: 0.5708, loss_kl: 0.0132
[2026-05-03 10:31:43,581][root][INFO] - Epoch 2: loss: 0.7977, loss_diff: 0.7975, loss_kl: 0.0107
[2026-05-03 10:31:43,582][root][INFO] - *****   LOOP 12 FINISH   *****
[2026-05-03 10:31:43,582][root][INFO] - Total time taken: 5.70 min.


[2026-05-03 10:31:43,583][root][INFO] - *****   LOOP 13 START   *****
[2026-05-03 10:31:43,583][root][INFO] - SAMPLE:
[32m2026-05-03 10:32:56.412[0m | [1mINFO    [0m | [36mmattersim.forcefield.potential[0m:[36mfrom_checkpoint[0m:[36m891[0m - [1mLoading the pre-trained mattersim-v1.0.0-5M.pth model[0m
[2026-05-03 10:35:33,277][root][INFO] - Number of filtered samples: 9
[2026-05-03 10:35:33,279][root][INFO] - avg_energy_above_hull_per_atom: 0.121207, avg_rmsd_from_relaxation: 0.741981, frac_novel_unique_stable_structures: 0.187500, frac_stable_structures: 0.604167, frac_successful_jobs: 1.000000, avg_comp_validity: 1.000000, avg_structure_comp_validity: 1.000000, avg_structure_validity: 1.000000, frac_novel_structures: 0.541667, frac_novel_systems: 0.145833, frac_novel_unique_structures: 0.541667, frac_unique_structures: 1.000000, frac_unique_systems: 1.000000, precision: 0.458333, recall: 0.000054
[2026-05-03 10:35:33,286][root][INFO] - SCORE:
[BMGPRoutedV4] cycle=13 N=9 K_eff=4 oracled=4 masked=5 ltm=561 GP_RMSE_train=0.009 GP_RMSE_cv5=24.631 GP_MAE_cv5=14.897 mean_oracle_K_GPa=104.87 anchor=False cold=False 129.7s
[2026-05-03 10:37:42,997][root][INFO] - Evaluation costs to date: 136
[2026-05-03 10:37:42,997][root][INFO] - Number of samples that successfully obtained rewards: 4
[2026-05-03 10:37:42,997][root][INFO] - reward mean=0.2268 std=0.1667
[2026-05-03 10:37:42,997][root][INFO] - bulk_modulus mean=104.8722 std=65.1481
[2026-05-03 10:37:43,133][root][INFO] - 61 crystals generated so far, 61 unique components.  Burden: None, Div. Ratio: 1.0.
[2026-05-03 10:37:43,139][root][INFO] - Diversity filter: tol_n=0, buff_n=0
[2026-05-03 10:37:43,142][root][INFO] - replay buffer size=48
[2026-05-03 10:37:43,142][root][INFO] - buffer reward mean=0.2844195036588271
[2026-05-03 10:37:43,142][root][INFO] - FINETUNE:
[2026-05-03 10:37:43,639][root][INFO] - Epoch 0: loss: 0.5012, loss_diff: 0.5010, loss_kl: 0.0062
[2026-05-03 10:37:43,988][root][INFO] - Epoch 1: loss: 0.5146, loss_diff: 0.5143, loss_kl: 0.0100
[2026-05-03 10:37:44,338][root][INFO] - Epoch 2: loss: 0.5027, loss_diff: 0.5025, loss_kl: 0.0076
[2026-05-03 10:37:44,339][root][INFO] - *****   LOOP 13 FINISH   *****
[2026-05-03 10:37:44,340][root][INFO] - Total time taken: 6.01 min.


[2026-05-03 10:37:44,340][root][INFO] - *****   LOOP 14 START   *****
[2026-05-03 10:37:44,340][root][INFO] - SAMPLE:
[32m2026-05-03 10:38:54.314[0m | [1mINFO    [0m | [36mmattersim.forcefield.potential[0m:[36mfrom_checkpoint[0m:[36m891[0m - [1mLoading the pre-trained mattersim-v1.0.0-5M.pth model[0m
[2026-05-03 10:46:38,976][root][INFO] - Number of filtered samples: 11
[2026-05-03 10:46:39,001][root][INFO] - avg_energy_above_hull_per_atom: 0.154371, avg_rmsd_from_relaxation: 0.687625, frac_novel_unique_stable_structures: 0.200000, frac_stable_structures: 0.654545, frac_successful_jobs: 1.000000, avg_comp_validity: 1.000000, avg_structure_comp_validity: 1.000000, avg_structure_validity: 1.000000, frac_novel_structures: 0.545455, frac_novel_systems: 0.054545, frac_novel_unique_structures: 0.545455, frac_unique_structures: 1.000000, frac_unique_systems: 1.000000, precision: 0.454545, recall: 0.000058
[2026-05-03 10:46:39,008][root][INFO] - SCORE:
[BMGPRoutedV4] cycle=14 N=11 K_eff=4 oracled=4 masked=7 ltm=565 GP_RMSE_train=0.009 GP_RMSE_cv5=23.013 GP_MAE_cv5=14.138 mean_oracle_K_GPa=80.67 anchor=False cold=False 98.8s
[2026-05-03 10:48:17,816][root][INFO] - Evaluation costs to date: 147
[2026-05-03 10:48:17,816][root][INFO] - Number of samples that successfully obtained rewards: 4
[2026-05-03 10:48:17,816][root][INFO] - reward mean=0.1708 std=0.1375
[2026-05-03 10:48:17,817][root][INFO] - bulk_modulus mean=80.6663 std=57.7290
[2026-05-03 10:48:17,950][root][INFO] - 65 crystals generated so far, 65 unique components.  Burden: None, Div. Ratio: 1.0.
[2026-05-03 10:48:17,956][root][INFO] - Diversity filter: tol_n=0, buff_n=0
[2026-05-03 10:48:17,959][root][INFO] - replay buffer size=50
[2026-05-03 10:48:17,959][root][INFO] - buffer reward mean=0.2850557696922888
[2026-05-03 10:48:17,959][root][INFO] - FINETUNE:
[2026-05-03 10:48:18,302][root][INFO] - Epoch 0: loss: 0.5261, loss_diff: 0.5259, loss_kl: 0.0080
[2026-05-03 10:48:18,652][root][INFO] - Epoch 1: loss: 0.5640, loss_diff: 0.5637, loss_kl: 0.0119
[2026-05-03 10:48:19,000][root][INFO] - Epoch 2: loss: 0.4633, loss_diff: 0.4631, loss_kl: 0.0086
[2026-05-03 10:48:19,001][root][INFO] - *****   LOOP 14 FINISH   *****
[2026-05-03 10:48:19,002][root][INFO] - Total time taken: 10.58 min.


[2026-05-03 10:48:19,002][root][INFO] - *****   LOOP 15 START   *****
[2026-05-03 10:48:19,002][root][INFO] - SAMPLE:
[32m2026-05-03 10:49:55.239[0m | [1mINFO    [0m | [36mmattersim.forcefield.potential[0m:[36mfrom_checkpoint[0m:[36m891[0m - [1mLoading the pre-trained mattersim-v1.0.0-5M.pth model[0m
[2026-05-03 10:54:03,205][root][INFO] - Number of filtered samples: 16
[2026-05-03 10:54:03,208][root][INFO] - avg_energy_above_hull_per_atom: 0.140410, avg_rmsd_from_relaxation: 0.763712, frac_novel_unique_stable_structures: 0.280702, frac_stable_structures: 0.684211, frac_successful_jobs: 1.000000, avg_comp_validity: 1.000000, avg_structure_comp_validity: 1.000000, avg_structure_validity: 1.000000, frac_novel_structures: 0.578947, frac_novel_systems: 0.122807, frac_novel_unique_structures: 0.578947, frac_unique_structures: 1.000000, frac_unique_systems: 1.000000, precision: 0.421053, recall: 0.000050
[2026-05-03 10:54:03,217][root][INFO] - SCORE:
[BMGPRoutedV4] cycle=15 N=16 K_eff=4 oracled=4 masked=12 ltm=569 GP_RMSE_train=0.009 GP_RMSE_cv5=21.720 GP_MAE_cv5=13.830 mean_oracle_K_GPa=72.04 anchor=False cold=False 128.8s
[2026-05-03 10:56:12,000][root][INFO] - Evaluation costs to date: 163
[2026-05-03 10:56:12,001][root][INFO] - Number of samples that successfully obtained rewards: 4
[2026-05-03 10:56:12,001][root][INFO] - reward mean=0.1397 std=0.1139
[2026-05-03 10:56:12,001][root][INFO] - bulk_modulus mean=72.0351 std=44.5935
[2026-05-03 10:56:12,144][root][INFO] - 69 crystals generated so far, 69 unique components.  Burden: None, Div. Ratio: 1.0.
[2026-05-03 10:56:12,149][root][INFO] - Diversity filter: tol_n=0, buff_n=0
[2026-05-03 10:56:12,152][root][INFO] - replay buffer size=53
[2026-05-03 10:56:12,152][root][INFO] - buffer reward mean=0.27946618741076606
[2026-05-03 10:56:12,152][root][INFO] - FINETUNE:
[2026-05-03 10:56:12,506][root][INFO] - Epoch 0: loss: 0.4734, loss_diff: 0.4731, loss_kl: 0.0140
[2026-05-03 10:56:12,861][root][INFO] - Epoch 1: loss: 0.4213, loss_diff: 0.4209, loss_kl: 0.0170
[2026-05-03 10:56:13,220][root][INFO] - Epoch 2: loss: 0.4391, loss_diff: 0.4386, loss_kl: 0.0177
[2026-05-03 10:56:13,221][root][INFO] - *****   LOOP 15 FINISH   *****
[2026-05-03 10:56:13,222][root][INFO] - Total time taken: 7.90 min.


[2026-05-03 10:56:13,222][root][INFO] - *****   LOOP 16 START   *****
[2026-05-03 10:56:13,222][root][INFO] - SAMPLE:
[32m2026-05-03 10:57:23.418[0m | [1mINFO    [0m | [36mmattersim.forcefield.potential[0m:[36mfrom_checkpoint[0m:[36m891[0m - [1mLoading the pre-trained mattersim-v1.0.0-5M.pth model[0m
[2026-05-03 11:01:21,810][root][INFO] - Number of filtered samples: 9
[2026-05-03 11:01:21,812][root][INFO] - avg_energy_above_hull_per_atom: 0.140658, avg_rmsd_from_relaxation: 0.613617, frac_novel_unique_stable_structures: 0.163636, frac_stable_structures: 0.527273, frac_successful_jobs: 1.000000, avg_comp_validity: 1.000000, avg_structure_comp_validity: 1.000000, avg_structure_validity: 1.000000, frac_novel_structures: 0.581818, frac_novel_systems: 0.090909, frac_novel_unique_structures: 0.581818, frac_unique_structures: 1.000000, frac_unique_systems: 0.981818, precision: 0.418182, recall: 0.000070
[2026-05-03 11:01:21,819][root][INFO] - SCORE:
[BMGPRoutedV4] cycle=16 N=9 K_eff=4 oracled=4 masked=5 ltm=573 GP_RMSE_train=0.009 GP_RMSE_cv5=22.847 GP_MAE_cv5=14.019 mean_oracle_K_GPa=82.17 anchor=False cold=False 107.9s
[2026-05-03 11:03:09,709][root][INFO] - Evaluation costs to date: 172
[2026-05-03 11:03:09,709][root][INFO] - Number of samples that successfully obtained rewards: 4
[2026-05-03 11:03:09,710][root][INFO] - reward mean=0.1688 std=0.1484
[2026-05-03 11:03:09,710][root][INFO] - bulk_modulus mean=82.1723 std=58.7033
[2026-05-03 11:03:13,516][root][INFO] - 73 crystals generated so far, 73 unique components.  Burden: None, Div. Ratio: 1.0.
[2026-05-03 11:03:13,522][root][INFO] - Diversity filter: tol_n=0, buff_n=0
[2026-05-03 11:03:13,525][root][INFO] - replay buffer size=55
[2026-05-03 11:03:13,525][root][INFO] - buffer reward mean=0.2807942806103978
[2026-05-03 11:03:13,525][root][INFO] - FINETUNE:
[2026-05-03 11:03:13,946][root][INFO] - Epoch 0: loss: 0.4592, loss_diff: 0.4589, loss_kl: 0.0121
[2026-05-03 11:03:14,296][root][INFO] - Epoch 1: loss: 0.6088, loss_diff: 0.6085, loss_kl: 0.0114
[2026-05-03 11:03:14,645][root][INFO] - Epoch 2: loss: 0.5224, loss_diff: 0.5221, loss_kl: 0.0095
[2026-05-03 11:03:14,646][root][INFO] - *****   LOOP 16 FINISH   *****
[2026-05-03 11:03:14,647][root][INFO] - Total time taken: 7.02 min.


[2026-05-03 11:03:14,647][root][INFO] - *****   LOOP 17 START   *****
[2026-05-03 11:03:14,647][root][INFO] - SAMPLE:
[32m2026-05-03 11:04:34.125[0m | [1mINFO    [0m | [36mmattersim.forcefield.potential[0m:[36mfrom_checkpoint[0m:[36m891[0m - [1mLoading the pre-trained mattersim-v1.0.0-5M.pth model[0m
[2026-05-03 11:08:09,952][root][INFO] - Number of filtered samples: 8
[2026-05-03 11:08:09,955][root][INFO] - avg_energy_above_hull_per_atom: 0.188212, avg_rmsd_from_relaxation: 0.786343, frac_novel_unique_stable_structures: 0.142857, frac_stable_structures: 0.517857, frac_successful_jobs: 1.000000, avg_comp_validity: 1.000000, avg_structure_comp_validity: 1.000000, avg_structure_validity: 1.000000, frac_novel_structures: 0.607143, frac_novel_systems: 0.178571, frac_novel_unique_structures: 0.607143, frac_unique_structures: 1.000000, frac_unique_systems: 0.982143, precision: 0.392857, recall: 0.000098
[2026-05-03 11:08:09,961][root][INFO] - SCORE:
[BMGPRoutedV4] cycle=17 N=8 K_eff=4 oracled=4 masked=4 ltm=577 GP_RMSE_train=0.009 GP_RMSE_cv5=22.441 GP_MAE_cv5=14.255 mean_oracle_K_GPa=82.92 anchor=False cold=False 99.6s
[2026-05-03 11:09:49,572][root][INFO] - Evaluation costs to date: 180
[2026-05-03 11:09:49,573][root][INFO] - Number of samples that successfully obtained rewards: 4
[2026-05-03 11:09:49,573][root][INFO] - reward mean=0.1656 std=0.1228
[2026-05-03 11:09:49,573][root][INFO] - bulk_modulus mean=82.9157 std=46.6820
[2026-05-03 11:09:49,735][root][INFO] - 77 crystals generated so far, 77 unique components.  Burden: None, Div. Ratio: 1.0.
[2026-05-03 11:09:49,742][root][INFO] - Diversity filter: tol_n=0, buff_n=0
[2026-05-03 11:09:49,745][root][INFO] - replay buffer size=57
[2026-05-03 11:09:49,745][root][INFO] - buffer reward mean=0.28072932414278834
[2026-05-03 11:09:49,745][root][INFO] - FINETUNE:
[2026-05-03 11:09:50,154][root][INFO] - Epoch 0: loss: 0.4295, loss_diff: 0.4292, loss_kl: 0.0134
[2026-05-03 11:09:50,505][root][INFO] - Epoch 1: loss: 0.4896, loss_diff: 0.4893, loss_kl: 0.0141
[2026-05-03 11:09:50,856][root][INFO] - Epoch 2: loss: 0.4187, loss_diff: 0.4183, loss_kl: 0.0166
[2026-05-03 11:09:50,857][root][INFO] - *****   LOOP 17 FINISH   *****
[2026-05-03 11:09:50,858][root][INFO] - Total time taken: 6.60 min.


[2026-05-03 11:09:50,858][root][INFO] - *****   LOOP 18 START   *****
[2026-05-03 11:09:50,858][root][INFO] - SAMPLE:
[32m2026-05-03 11:11:10.372[0m | [1mINFO    [0m | [36mmattersim.forcefield.potential[0m:[36mfrom_checkpoint[0m:[36m891[0m - [1mLoading the pre-trained mattersim-v1.0.0-5M.pth model[0m
[2026-05-03 11:14:31,985][root][INFO] - Number of filtered samples: 13
[2026-05-03 11:14:31,988][root][INFO] - avg_energy_above_hull_per_atom: 0.264953, avg_rmsd_from_relaxation: 0.553863, frac_novel_unique_stable_structures: 0.224138, frac_stable_structures: 0.689655, frac_successful_jobs: 1.000000, avg_comp_validity: 1.000000, avg_structure_comp_validity: 1.000000, avg_structure_validity: 1.000000, frac_novel_structures: 0.482759, frac_novel_systems: 0.103448, frac_novel_unique_structures: 0.482759, frac_unique_structures: 1.000000, frac_unique_systems: 1.000000, precision: 0.517241, recall: 0.000084
[2026-05-03 11:14:31,996][root][INFO] - SCORE:
[BMGPRoutedV4] cycle=18 N=13 K_eff=4 oracled=4 masked=9 ltm=581 GP_RMSE_train=0.009 GP_RMSE_cv5=23.152 GP_MAE_cv5=14.214 mean_oracle_K_GPa=89.90 anchor=False cold=False 104.2s
[2026-05-03 11:16:16,176][root][INFO] - Evaluation costs to date: 193
[2026-05-03 11:16:16,176][root][INFO] - Number of samples that successfully obtained rewards: 4
[2026-05-03 11:16:16,176][root][INFO] - reward mean=0.1839 std=0.1510
[2026-05-03 11:16:16,176][root][INFO] - bulk_modulus mean=89.8962 std=57.3946
[2026-05-03 11:16:16,345][root][INFO] - 81 crystals generated so far, 81 unique components.  Burden: None, Div. Ratio: 1.0.
[2026-05-03 11:16:16,352][root][INFO] - Diversity filter: tol_n=0, buff_n=0
[2026-05-03 11:16:16,355][root][INFO] - replay buffer size=59
[2026-05-03 11:16:16,356][root][INFO] - buffer reward mean=0.2816540893809058
[2026-05-03 11:16:16,356][root][INFO] - FINETUNE:
[2026-05-03 11:16:17,208][root][INFO] - Epoch 0: loss: 0.5069, loss_diff: 0.5066, loss_kl: 0.0149
[2026-05-03 11:16:17,546][root][INFO] - Epoch 1: loss: 0.5332, loss_diff: 0.5326, loss_kl: 0.0203
[2026-05-03 11:16:17,901][root][INFO] - Epoch 2: loss: 0.6070, loss_diff: 0.6067, loss_kl: 0.0121
[2026-05-03 11:16:17,902][root][INFO] - *****   LOOP 18 FINISH   *****
[2026-05-03 11:16:17,902][root][INFO] - Total time taken: 6.45 min.


[2026-05-03 11:16:17,902][root][INFO] - *****   LOOP 19 START   *****
[2026-05-03 11:16:17,902][root][INFO] - SAMPLE:
[32m2026-05-03 11:17:26.054[0m | [1mINFO    [0m | [36mmattersim.forcefield.potential[0m:[36mfrom_checkpoint[0m:[36m891[0m - [1mLoading the pre-trained mattersim-v1.0.0-5M.pth model[0m
[2026-05-03 11:21:00,000][root][INFO] - Number of filtered samples: 1
[2026-05-03 11:21:00,003][root][INFO] - avg_energy_above_hull_per_atom: 0.140638, avg_rmsd_from_relaxation: 0.800661, frac_novel_unique_stable_structures: 0.017544, frac_stable_structures: 0.456140, frac_successful_jobs: 1.000000, avg_comp_validity: 1.000000, avg_structure_comp_validity: 1.000000, avg_structure_validity: 1.000000, frac_novel_structures: 0.561404, frac_novel_systems: 0.070175, frac_novel_unique_structures: 0.561404, frac_unique_structures: 1.000000, frac_unique_systems: 1.000000, precision: 0.438596, recall: 0.000045
[2026-05-03 11:21:00,005][root][INFO] - SCORE:
[BMGPRoutedV4] cycle=19 N=1 K_eff=1 oracled=1 masked=0 ltm=582 GP_RMSE_train=0.009 GP_RMSE_cv5=25.155 GP_MAE_cv5=15.154 mean_oracle_K_GPa=86.24 anchor=False cold=False 91.8s
[2026-05-03 11:22:31,815][root][INFO] - Evaluation costs to date: 194
[2026-05-03 11:22:31,815][root][INFO] - Number of samples that successfully obtained rewards: 1
[2026-05-03 11:22:31,815][root][INFO] - reward mean=0.1743 std=0.0000
[2026-05-03 11:22:31,815][root][INFO] - bulk_modulus mean=86.2363 std=0.0000
[2026-05-03 11:22:31,982][root][INFO] - 82 crystals generated so far, 82 unique components.  Burden: None, Div. Ratio: 1.0.
[2026-05-03 11:22:31,987][root][INFO] - Diversity filter: tol_n=0, buff_n=0
[2026-05-03 11:22:32,001][root][INFO] - replay buffer size=60
[2026-05-03 11:22:32,001][root][INFO] - buffer reward mean=0.2798649548363334
[2026-05-03 11:22:32,001][root][INFO] - FINETUNE:
[2026-05-03 11:22:32,318][root][INFO] - Epoch 0: loss: 0.5127, loss_diff: 0.5121, loss_kl: 0.0250
[2026-05-03 11:22:32,607][root][INFO] - Epoch 1: loss: 0.3772, loss_diff: 0.3769, loss_kl: 0.0128
[2026-05-03 11:22:32,901][root][INFO] - Epoch 2: loss: 0.4322, loss_diff: 0.4319, loss_kl: 0.0118
[2026-05-03 11:22:32,901][root][INFO] - *****   LOOP 19 FINISH   *****
[2026-05-03 11:22:32,902][root][INFO] - Total time taken: 6.25 min.


[2026-05-03 11:22:33,501][root][INFO] - *****   RL END   *****
[2026-05-03 11:22:33,502][root][INFO] - Total time taken: 9265 s.
Closing LMDB environment /tmp/job.3003728/tmplmgeb_c8/reference_MP2020correction
Phase-3 v4 adit accel (seed=17) finished at Sun May  3 11:22:39 CDT 2026
