Phase-3 v4 CF ACCEL seed=99 cycles=20 at Sun May  3 08:37:53 CDT 2026 on fc103
  GP_LTM_SEED=/scratch/user/ahnafalvi/matinvent-hcap-bo/data/bm/ltm_bm_seed_pool.parquet
  GP_LTM_PATH=/scratch/user/ahnafalvi/matinvent-hcap-bo/data/bm/ltm_bm_p3v4_bm_cf_accel_seed99_3003725.parquet
  GP_COLD_START_MIN=0
Tesla T4, 16384 MiB
MODELS_PROJECT_ROOT: /scratch/user/ahnafalvi/matinvent-bo/src/mattergen/mattergen
[2026-05-03 08:45:34,811][httpx][INFO] - HTTP Request: HEAD https://huggingface.co/jwchen25/MatInvent/resolve/main/reference_MP2020correction.gz "HTTP/1.1 302 Found"
edge_style: fc
[2026-05-03 08:53:48,514][hydra.utils][INFO] - Using lattice polar decomposition with sigma=0.1
edge_style: fc
[2026-05-03 08:54:02,592][hydra.utils][INFO] - Using lattice polar decomposition with sigma=0.1
edge_style: fc
[2026-05-03 08:54:14,749][hydra.utils][INFO] - Using lattice polar decomposition with sigma=0.1
edge_style: fc
[2026-05-03 08:54:28,189][hydra.utils][INFO] - Using lattice polar decomposition with sigma=0.1
[2026-05-03 08:54:28,233][root][INFO] - *****   RL START   *****
[2026-05-03 08:54:28,233][root][INFO] - *****   LOOP 0 START   *****
[2026-05-03 08:54:28,233][root][INFO] - SAMPLE:
[32m2026-05-03 08:57:40.160[0m | [1mINFO    [0m | [36mmattersim.forcefield.potential[0m:[36mfrom_checkpoint[0m:[36m891[0m - [1mLoading the pre-trained mattersim-v1.0.0-5M.pth model[0m
[2026-05-03 09:10:29,948][root][INFO] - Number of filtered samples: 6
[2026-05-03 09:10:29,950][root][INFO] - avg_energy_above_hull_per_atom: 0.217364, avg_rmsd_from_relaxation: 0.741960, frac_novel_unique_stable_structures: 0.122449, frac_stable_structures: 0.265306, frac_successful_jobs: 1.000000, avg_comp_validity: 1.000000, avg_structure_comp_validity: 1.000000, avg_structure_validity: 1.000000, frac_novel_structures: 0.836735, frac_novel_systems: 0.204082, frac_novel_unique_structures: 0.836735, frac_unique_structures: 1.000000, frac_unique_systems: 1.000000, precision: 0.163265, recall: 0.000024
[2026-05-03 09:10:29,972][root][INFO] - SCORE:
[2026-05-03 09:10:31,489][cached_path][INFO] - cache of https://orbitalmaterials-public-models.s3.us-west-1.amazonaws.com/forcefields/orb-v3/orb-v3-conservative-inf-omat-20250404.ckpt is up-to-date
[2026-05-03 09:17:35,185][root][INFO] - Project root: /scratch/user/ahnafalvi/envs/matinvent-hcap-bo/lib/python3.10/site-packages/fairchem
[2026-05-03 09:17:35,584][root][INFO] - Checking local cache: /scratch/user/ahnafalvi/.cache/huggingface for model eSEN-30M-OAM
[2026-05-03 09:17:35,684][httpx][INFO] - HTTP Request: HEAD https://huggingface.co/facebook/OMAT24/resolve/main/esen_30m_oam.pt "HTTP/1.1 302 Found"
[2026-05-03 09:17:36,236][root][INFO] - local rank base: 0
[2026-05-03 09:17:40,480][root][INFO] - amp: false
cmd:
  checkpoint_dir: /scratch/user/ahnafalvi/matinvent-hcap-bo/results_bm/bm_p3v4_bm_cf_accel_seed99_3003725/checkpoints/2026-05-03-09-17-36
  commit: core:None,experimental:NA
  identifier: ''
  logs_dir: /scratch/user/ahnafalvi/matinvent-hcap-bo/results_bm/bm_p3v4_bm_cf_accel_seed99_3003725/logs/wandb/2026-05-03-09-17-36
  print_every: 100
  results_dir: /scratch/user/ahnafalvi/matinvent-hcap-bo/results_bm/bm_p3v4_bm_cf_accel_seed99_3003725/results/2026-05-03-09-17-36
  seed: null
  timestamp_id: 2026-05-03-09-17-36
  version: 1.10.0
dataset:
  a2g_args:
    r_energy: true
    r_forces: true
    r_stress: true
  format: ase_db
  metadata_path: ''
  transforms:
    element_references: ''
    normalizer:
      energy:
        mean: 0.0
        stdev: 0.6274358
      forces:
        mean: 0.0
        stdev: 0.6274358
      stress:
        mean: 0.0
        stdev: 0.6274358
evaluation_metrics:
  metrics:
    energy:
    - mae
    - per_atom_mae
    forces:
    - mae
    - cosine_similarity
    stress:
    - mae
  primary_metric: forces_mae
gp_gpus: null
gpus: 1
logger: wandb
loss_functions:
- energy:
    coefficient: 20
    fn: per_atom_mae
- forces:
    coefficient: 20
    fn: l2mae
- stress:
    coefficient: 5
    fn: mae
model:
  backbone:
    act_type: gate
    cutoff: 6.0
    direct_forces: false
    distance_function: gaussian
    edge_channels: 128
    hidden_channels: 128
    lmax: 3
    max_neighbors: 300
    max_num_elements: 100
    mlp_type: spectral
    mmax: 2
    model: esen_backbone
    norm_type: rms_norm_sh
    num_distance_basis: 64
    num_layers: 10
    otf_graph: true
    regress_forces: true
    regress_stress: true
    sphere_channels: 128
    use_envelope: true
    use_pbc: true
    use_pbc_single: true
  heads:
    mptrj:
      module: esen_mlp_efs_head
  name: hydra
  otf_graph: true
  pass_through_head_outputs: true
optim:
  batch_size: 4
  clip_grad_norm: 100
  ema_decay: 0.999
  eval_batch_size: 4
  eval_every: 5000
  load_balancing: atoms
  lr_initial: 0.0004
  max_epochs: 1
  num_workers: 4
  optimizer: AdamW
  optimizer_params:
    weight_decay: 0.001
  scheduler: LambdaLR
  scheduler_params:
    epochs: 85271
    lambda_type: cosine
    lr: 0.0004
    lr_min_factor: 0.1
    warmup_epochs: 8527
    warmup_factor: 0.2
outputs:
  energy:
    level: system
    property: energy
  forces:
    eval_on_free_atoms: true
    level: atom
    property: forces
    train_on_free_atoms: true
  stress:
    level: system
    property: stress
relax_dataset: {}
slurm: {}
task: {}
test_dataset: {}
trainer: ocp
val_dataset: {}

[2026-05-03 09:17:40,480][root][INFO] - Loading model: hydra
[2026-05-03 09:17:40,805][root][INFO] - Loaded HydraModel with 30161153 parameters.
[2026-05-03 09:17:40,805][root][INFO] - Loading checkpoint in inference-only mode, not loading keys associated with trainer state!
[2026-05-03 09:17:40,837][root][WARNING] - No seed has been set in modelcheckpoint or OCPCalculator! Results may not be reproducible on re-run
[BMGPRoutedV4] cycle=0 N=6 K_eff=3 oracled=6 masked=0 ltm=506 GP_RMSE_train=0.010 GP_RMSE_cv5=23.928 GP_MAE_cv5=14.715 mean_oracle_K_GPa=58.25 anchor=False cold=True 579.3s
[2026-05-03 09:20:09,511][root][INFO] - Evaluation costs to date: 6
[2026-05-03 09:20:09,512][root][INFO] - Number of samples that successfully obtained rewards: 6
[2026-05-03 09:20:09,512][root][INFO] - reward mean=0.1007 std=0.0785
[2026-05-03 09:20:09,512][root][INFO] - bulk_modulus mean=58.2476 std=29.8183
[2026-05-03 09:20:09,555][root][INFO] - 6 crystals generated so far, 6 unique components.  Burden: None, Div. Ratio: 1.0.
[2026-05-03 09:20:09,560][root][INFO] - Diversity filter: tol_n=0, buff_n=0
[2026-05-03 09:20:09,563][root][INFO] - replay buffer size=3
[2026-05-03 09:20:09,563][root][INFO] - buffer reward mean=0.16455046732522519
[2026-05-03 09:20:09,563][root][INFO] - FINETUNE:
[2026-05-03 09:20:09,756][root][INFO] - Epoch 0: loss: 0.1448, loss_diff: 0.1448, loss_kl: 0.0000
[2026-05-03 09:20:09,893][root][INFO] - Epoch 1: loss: 0.1395, loss_diff: 0.1395, loss_kl: 0.0000
[2026-05-03 09:20:10,032][root][INFO] - Epoch 2: loss: 0.1470, loss_diff: 0.1470, loss_kl: 0.0000
[2026-05-03 09:20:10,033][root][INFO] - *****   LOOP 0 FINISH   *****
[2026-05-03 09:20:10,033][root][INFO] - Total time taken: 25.70 min.


[2026-05-03 09:20:10,033][root][INFO] - *****   LOOP 1 START   *****
[2026-05-03 09:20:10,033][root][INFO] - SAMPLE:
[32m2026-05-03 09:23:08.956[0m | [1mINFO    [0m | [36mmattersim.forcefield.potential[0m:[36mfrom_checkpoint[0m:[36m891[0m - [1mLoading the pre-trained mattersim-v1.0.0-5M.pth model[0m
[2026-05-03 09:29:35,511][root][INFO] - Number of filtered samples: 6
[2026-05-03 09:29:35,512][root][INFO] - avg_energy_above_hull_per_atom: 0.246765, avg_rmsd_from_relaxation: 0.992734, frac_novel_unique_stable_structures: 0.115385, frac_stable_structures: 0.307692, frac_successful_jobs: 1.000000, avg_comp_validity: 1.000000, avg_structure_comp_validity: 1.000000, avg_structure_validity: 1.000000, frac_novel_structures: 0.807692, frac_novel_systems: 0.115385, frac_novel_unique_structures: 0.807692, frac_unique_structures: 1.000000, frac_unique_systems: 1.000000, precision: 0.192308, recall: 0.000024
[2026-05-03 09:29:35,518][root][INFO] - SCORE:
[BMGPRoutedV4] cycle=1 N=6 K_eff=3 oracled=3 masked=3 ltm=509 GP_RMSE_train=0.010 GP_RMSE_cv5=26.716 GP_MAE_cv5=16.413 mean_oracle_K_GPa=42.51 anchor=False cold=False 129.1s
[2026-05-03 09:31:44,724][root][INFO] - Evaluation costs to date: 12
[2026-05-03 09:31:44,724][root][INFO] - Number of samples that successfully obtained rewards: 3
[2026-05-03 09:31:44,725][root][INFO] - reward mean=0.0592 std=0.0477
[2026-05-03 09:31:44,725][root][INFO] - bulk_modulus mean=42.5075 std=18.1337
[2026-05-03 09:31:44,757][root][INFO] - 9 crystals generated so far, 9 unique components.  Burden: None, Div. Ratio: 1.0.
[2026-05-03 09:31:44,765][root][INFO] - Diversity filter: tol_n=0, buff_n=0
[2026-05-03 09:31:44,768][root][INFO] - replay buffer size=4
[2026-05-03 09:31:44,768][root][INFO] - buffer reward mean=0.15494504093966857
[2026-05-03 09:31:44,768][root][INFO] - FINETUNE:
[2026-05-03 09:31:44,929][root][INFO] - Epoch 0: loss: 0.1646, loss_diff: 0.1646, loss_kl: 0.0000
[2026-05-03 09:31:45,059][root][INFO] - Epoch 1: loss: 0.1555, loss_diff: 0.1555, loss_kl: 0.0000
[2026-05-03 09:31:45,191][root][INFO] - Epoch 2: loss: 0.1575, loss_diff: 0.1575, loss_kl: 0.0000
[2026-05-03 09:31:45,191][root][INFO] - *****   LOOP 1 FINISH   *****
[2026-05-03 09:31:45,192][root][INFO] - Total time taken: 11.59 min.


[2026-05-03 09:31:45,192][root][INFO] - *****   LOOP 2 START   *****
[2026-05-03 09:31:45,192][root][INFO] - SAMPLE:
[32m2026-05-03 09:34:12.780[0m | [1mINFO    [0m | [36mmattersim.forcefield.potential[0m:[36mfrom_checkpoint[0m:[36m891[0m - [1mLoading the pre-trained mattersim-v1.0.0-5M.pth model[0m
[2026-05-03 09:40:13,539][root][INFO] - Number of filtered samples: 5
[2026-05-03 09:40:13,566][root][INFO] - avg_energy_above_hull_per_atom: 0.179763, avg_rmsd_from_relaxation: 0.988909, frac_novel_unique_stable_structures: 0.098039, frac_stable_structures: 0.274510, frac_successful_jobs: 1.000000, avg_comp_validity: 1.000000, avg_structure_comp_validity: 1.000000, avg_structure_validity: 1.000000, frac_novel_structures: 0.784314, frac_novel_systems: 0.215686, frac_novel_unique_structures: 0.784314, frac_unique_structures: 1.000000, frac_unique_systems: 1.000000, precision: 0.215686, recall: 0.000034
[2026-05-03 09:40:13,571][root][INFO] - SCORE:
[BMGPRoutedV4] cycle=2 N=5 K_eff=3 oracled=3 masked=2 ltm=512 GP_RMSE_train=0.010 GP_RMSE_cv5=26.255 GP_MAE_cv5=16.425 mean_oracle_K_GPa=65.91 anchor=False cold=False 140.0s
[2026-05-03 09:42:33,569][root][INFO] - Evaluation costs to date: 17
[2026-05-03 09:42:33,569][root][INFO] - Number of samples that successfully obtained rewards: 3
[2026-05-03 09:42:33,569][root][INFO] - reward mean=0.1208 std=0.0700
[2026-05-03 09:42:33,570][root][INFO] - bulk_modulus mean=65.9066 std=26.6029
[2026-05-03 09:42:33,602][root][INFO] - 12 crystals generated so far, 12 unique components.  Burden: None, Div. Ratio: 1.0.
[2026-05-03 09:42:33,608][root][INFO] - Diversity filter: tol_n=0, buff_n=0
[2026-05-03 09:42:33,611][root][INFO] - replay buffer size=5
[2026-05-03 09:42:33,612][root][INFO] - buffer reward mean=0.16743111031652733
[2026-05-03 09:42:33,612][root][INFO] - FINETUNE:
[2026-05-03 09:42:33,799][root][INFO] - Epoch 0: loss: 0.2012, loss_diff: 0.2012, loss_kl: 0.0000
[2026-05-03 09:42:33,944][root][INFO] - Epoch 1: loss: 0.1966, loss_diff: 0.1966, loss_kl: 0.0000
[2026-05-03 09:42:34,088][root][INFO] - Epoch 2: loss: 0.1963, loss_diff: 0.1963, loss_kl: 0.0000
[2026-05-03 09:42:34,088][root][INFO] - *****   LOOP 2 FINISH   *****
[2026-05-03 09:42:34,089][root][INFO] - Total time taken: 10.81 min.


[2026-05-03 09:42:34,089][root][INFO] - *****   LOOP 3 START   *****
[2026-05-03 09:42:34,089][root][INFO] - SAMPLE:
[32m2026-05-03 09:45:33.209[0m | [1mINFO    [0m | [36mmattersim.forcefield.potential[0m:[36mfrom_checkpoint[0m:[36m891[0m - [1mLoading the pre-trained mattersim-v1.0.0-5M.pth model[0m
[2026-05-03 09:52:19,088][root][INFO] - Number of filtered samples: 13
[2026-05-03 09:52:19,091][root][INFO] - avg_energy_above_hull_per_atom: 0.211951, avg_rmsd_from_relaxation: 0.932491, frac_novel_unique_stable_structures: 0.265306, frac_stable_structures: 0.448980, frac_successful_jobs: 1.000000, avg_comp_validity: 1.000000, avg_structure_comp_validity: 1.000000, avg_structure_validity: 1.000000, frac_novel_structures: 0.795918, frac_novel_systems: 0.224490, frac_novel_unique_structures: 0.795918, frac_unique_structures: 1.000000, frac_unique_systems: 1.000000, precision: 0.204082, recall: 0.000025
[2026-05-03 09:52:19,099][root][INFO] - SCORE:
[BMGPRoutedV4] cycle=3 N=13 K_eff=4 oracled=4 masked=9 ltm=516 GP_RMSE_train=0.010 GP_RMSE_cv5=26.079 GP_MAE_cv5=15.277 mean_oracle_K_GPa=92.48 anchor=False cold=False 110.7s
[2026-05-03 09:54:09,815][root][INFO] - Evaluation costs to date: 30
[2026-05-03 09:54:09,815][root][INFO] - Number of samples that successfully obtained rewards: 4
[2026-05-03 09:54:09,815][root][INFO] - reward mean=0.1907 std=0.1420
[2026-05-03 09:54:09,815][root][INFO] - bulk_modulus mean=92.4849 std=53.9711
[2026-05-03 09:54:10,090][root][INFO] - 16 crystals generated so far, 16 unique components.  Burden: None, Div. Ratio: 1.0.
[2026-05-03 09:54:10,095][root][INFO] - Diversity filter: tol_n=0, buff_n=0
[2026-05-03 09:54:10,098][root][INFO] - replay buffer size=7
[2026-05-03 09:54:10,099][root][INFO] - buffer reward mean=0.2101445207919949
[2026-05-03 09:54:10,099][root][INFO] - FINETUNE:
[2026-05-03 09:54:10,306][root][INFO] - Epoch 0: loss: 0.2559, loss_diff: 0.2559, loss_kl: 0.0000
[2026-05-03 09:54:10,485][root][INFO] - Epoch 1: loss: 0.2486, loss_diff: 0.2486, loss_kl: 0.0000
[2026-05-03 09:54:10,664][root][INFO] - Epoch 2: loss: 0.2446, loss_diff: 0.2446, loss_kl: 0.0001
[2026-05-03 09:54:10,665][root][INFO] - *****   LOOP 3 FINISH   *****
[2026-05-03 09:54:10,665][root][INFO] - Total time taken: 11.61 min.


[2026-05-03 09:54:10,665][root][INFO] - *****   LOOP 4 START   *****
[2026-05-03 09:54:10,665][root][INFO] - SAMPLE:
[32m2026-05-03 09:57:20.338[0m | [1mINFO    [0m | [36mmattersim.forcefield.potential[0m:[36mfrom_checkpoint[0m:[36m891[0m - [1mLoading the pre-trained mattersim-v1.0.0-5M.pth model[0m
[2026-05-03 10:04:01,255][root][INFO] - Number of filtered samples: 3
[2026-05-03 10:04:01,276][root][INFO] - avg_energy_above_hull_per_atom: 0.324196, avg_rmsd_from_relaxation: 0.910349, frac_novel_unique_stable_structures: 0.060000, frac_stable_structures: 0.220000, frac_successful_jobs: 1.000000, avg_comp_validity: 1.000000, avg_structure_comp_validity: 1.000000, avg_structure_validity: 1.000000, frac_novel_structures: 0.820000, frac_novel_systems: 0.220000, frac_novel_unique_structures: 0.820000, frac_unique_structures: 1.000000, frac_unique_systems: 1.000000, precision: 0.180000, recall: 0.000031
[2026-05-03 10:04:01,281][root][INFO] - SCORE:
[BMGPRoutedV4] cycle=4 N=3 K_eff=2 oracled=2 masked=1 ltm=518 GP_RMSE_train=0.010 GP_RMSE_cv5=24.920 GP_MAE_cv5=15.282 mean_oracle_K_GPa=98.31 anchor=False cold=False 78.4s
[2026-05-03 10:05:19,725][root][INFO] - Evaluation costs to date: 33
[2026-05-03 10:05:19,726][root][INFO] - Number of samples that successfully obtained rewards: 2
[2026-05-03 10:05:19,726][root][INFO] - reward mean=0.2061 std=0.0105
[2026-05-03 10:05:19,726][root][INFO] - bulk_modulus mean=98.3109 std=4.0064
[2026-05-03 10:05:19,769][root][INFO] - 18 crystals generated so far, 18 unique components.  Burden: None, Div. Ratio: 1.0.
[2026-05-03 10:05:19,774][root][INFO] - Diversity filter: tol_n=0, buff_n=0
[2026-05-03 10:05:19,776][root][INFO] - replay buffer size=9
[2026-05-03 10:05:19,776][root][INFO] - buffer reward mean=0.2092416150345298
[2026-05-03 10:05:19,776][root][INFO] - FINETUNE:
[2026-05-03 10:05:19,943][root][INFO] - Epoch 0: loss: 0.3028, loss_diff: 0.3028, loss_kl: 0.0001
[2026-05-03 10:05:20,088][root][INFO] - Epoch 1: loss: 0.2964, loss_diff: 0.2964, loss_kl: 0.0001
[2026-05-03 10:05:20,235][root][INFO] - Epoch 2: loss: 0.2942, loss_diff: 0.2942, loss_kl: 0.0001
[2026-05-03 10:05:20,236][root][INFO] - *****   LOOP 4 FINISH   *****
[2026-05-03 10:05:20,236][root][INFO] - Total time taken: 11.16 min.


[2026-05-03 10:05:20,236][root][INFO] - *****   LOOP 5 START   *****
[2026-05-03 10:05:20,237][root][INFO] - SAMPLE:
[32m2026-05-03 10:08:16.577[0m | [1mINFO    [0m | [36mmattersim.forcefield.potential[0m:[36mfrom_checkpoint[0m:[36m891[0m - [1mLoading the pre-trained mattersim-v1.0.0-5M.pth model[0m
[2026-05-03 10:14:15,795][root][INFO] - Number of filtered samples: 5
[2026-05-03 10:14:15,798][root][INFO] - avg_energy_above_hull_per_atom: 0.237349, avg_rmsd_from_relaxation: 1.016756, frac_novel_unique_stable_structures: 0.106383, frac_stable_structures: 0.212766, frac_successful_jobs: 1.000000, avg_comp_validity: 1.000000, avg_structure_comp_validity: 1.000000, avg_structure_validity: 1.000000, frac_novel_structures: 0.893617, frac_novel_systems: 0.340426, frac_novel_unique_structures: 0.893617, frac_unique_structures: 1.000000, frac_unique_systems: 1.000000, precision: 0.106383, recall: 0.000008
[2026-05-03 10:14:15,848][root][INFO] - SCORE:
[BMGPRoutedV4] cycle=5 N=5 K_eff=3 oracled=3 masked=2 ltm=521 GP_RMSE_train=0.010 GP_RMSE_cv5=27.265 GP_MAE_cv5=16.446 mean_oracle_K_GPa=52.02 anchor=False cold=False 127.6s
[2026-05-03 10:16:23,435][root][INFO] - Evaluation costs to date: 38
[2026-05-03 10:16:23,436][root][INFO] - Number of samples that successfully obtained rewards: 3
[2026-05-03 10:16:23,436][root][INFO] - reward mean=0.0843 std=0.0575
[2026-05-03 10:16:23,436][root][INFO] - bulk_modulus mean=52.0212 std=21.8630
[2026-05-03 10:16:23,486][root][INFO] - 21 crystals generated so far, 21 unique components.  Burden: None, Div. Ratio: 1.0.
[2026-05-03 10:16:23,492][root][INFO] - Diversity filter: tol_n=0, buff_n=0
[2026-05-03 10:16:23,494][root][INFO] - replay buffer size=10
[2026-05-03 10:16:23,495][root][INFO] - buffer reward mean=0.2047426893346363
[2026-05-03 10:16:23,495][root][INFO] - FINETUNE:
[2026-05-03 10:16:23,692][root][INFO] - Epoch 0: loss: 0.2541, loss_diff: 0.2541, loss_kl: 0.0001
[2026-05-03 10:16:23,861][root][INFO] - Epoch 1: loss: 0.2454, loss_diff: 0.2454, loss_kl: 0.0001
[2026-05-03 10:16:24,033][root][INFO] - Epoch 2: loss: 0.2508, loss_diff: 0.2508, loss_kl: 0.0001
[2026-05-03 10:16:24,034][root][INFO] - *****   LOOP 5 FINISH   *****
[2026-05-03 10:16:24,034][root][INFO] - Total time taken: 11.06 min.


[2026-05-03 10:16:24,034][root][INFO] - *****   LOOP 6 START   *****
[2026-05-03 10:16:24,034][root][INFO] - SAMPLE:
[32m2026-05-03 10:18:49.452[0m | [1mINFO    [0m | [36mmattersim.forcefield.potential[0m:[36mfrom_checkpoint[0m:[36m891[0m - [1mLoading the pre-trained mattersim-v1.0.0-5M.pth model[0m
[2026-05-03 10:23:59,929][root][INFO] - Number of filtered samples: 4
[2026-05-03 10:23:59,931][root][INFO] - avg_energy_above_hull_per_atom: 0.173659, avg_rmsd_from_relaxation: 0.732014, frac_novel_unique_stable_structures: 0.078431, frac_stable_structures: 0.372549, frac_successful_jobs: 1.000000, avg_comp_validity: 1.000000, avg_structure_comp_validity: 1.000000, avg_structure_validity: 1.000000, frac_novel_structures: 0.647059, frac_novel_systems: 0.196078, frac_novel_unique_structures: 0.647059, frac_unique_structures: 1.000000, frac_unique_systems: 1.000000, precision: 0.352941, recall: 0.000047
[2026-05-03 10:23:59,955][root][INFO] - SCORE:
[BMGPRoutedV4] cycle=6 N=4 K_eff=2 oracled=2 masked=2 ltm=523 GP_RMSE_train=0.010 GP_RMSE_cv5=26.404 GP_MAE_cv5=15.675 mean_oracle_K_GPa=161.27 anchor=False cold=False 127.1s
[2026-05-03 10:26:07,073][root][INFO] - Evaluation costs to date: 42
[2026-05-03 10:26:07,073][root][INFO] - Number of samples that successfully obtained rewards: 2
[2026-05-03 10:26:07,073][root][INFO] - reward mean=0.3718 std=0.2192
[2026-05-03 10:26:07,074][root][INFO] - bulk_modulus mean=161.2696 std=83.2963
[2026-05-03 10:26:07,122][root][INFO] - 23 crystals generated so far, 23 unique components.  Burden: None, Div. Ratio: 1.0.
[2026-05-03 10:26:07,127][root][INFO] - Diversity filter: tol_n=0, buff_n=0
[2026-05-03 10:26:07,130][root][INFO] - replay buffer size=12
[2026-05-03 10:26:07,130][root][INFO] - buffer reward mean=0.23257926527989467
[2026-05-03 10:26:07,131][root][INFO] - FINETUNE:
[2026-05-03 10:26:07,336][root][INFO] - Epoch 0: loss: 0.3414, loss_diff: 0.3414, loss_kl: 0.0002
[2026-05-03 10:26:07,513][root][INFO] - Epoch 1: loss: 0.3350, loss_diff: 0.3350, loss_kl: 0.0002
[2026-05-03 10:26:07,693][root][INFO] - Epoch 2: loss: 0.3393, loss_diff: 0.3393, loss_kl: 0.0002
[2026-05-03 10:26:07,765][root][INFO] - *****   LOOP 6 FINISH   *****
[2026-05-03 10:26:07,766][root][INFO] - Total time taken: 9.73 min.


[2026-05-03 10:26:07,766][root][INFO] - *****   LOOP 7 START   *****
[2026-05-03 10:26:07,766][root][INFO] - SAMPLE:
[32m2026-05-03 10:29:31.795[0m | [1mINFO    [0m | [36mmattersim.forcefield.potential[0m:[36mfrom_checkpoint[0m:[36m891[0m - [1mLoading the pre-trained mattersim-v1.0.0-5M.pth model[0m
[2026-05-03 10:35:37,465][root][INFO] - Number of filtered samples: 8
[2026-05-03 10:35:37,560][root][INFO] - avg_energy_above_hull_per_atom: 0.300250, avg_rmsd_from_relaxation: 0.975714, frac_novel_unique_stable_structures: 0.166667, frac_stable_structures: 0.250000, frac_successful_jobs: 1.000000, avg_comp_validity: 1.000000, avg_structure_comp_validity: 1.000000, avg_structure_validity: 1.000000, frac_novel_structures: 0.895833, frac_novel_systems: 0.250000, frac_novel_unique_structures: 0.895833, frac_unique_structures: 1.000000, frac_unique_systems: 0.979167, precision: 0.104167, recall: 0.000013
[2026-05-03 10:35:37,568][root][INFO] - SCORE:
[BMGPRoutedV4] cycle=7 N=8 K_eff=4 oracled=4 masked=4 ltm=527 GP_RMSE_train=0.010 GP_RMSE_cv5=25.361 GP_MAE_cv5=15.997 mean_oracle_K_GPa=87.67 anchor=False cold=False 111.8s
[2026-05-03 10:37:29,577][root][INFO] - Evaluation costs to date: 50
[2026-05-03 10:37:29,577][root][INFO] - Number of samples that successfully obtained rewards: 4
[2026-05-03 10:37:29,577][root][INFO] - reward mean=0.1781 std=0.1901
[2026-05-03 10:37:29,577][root][INFO] - bulk_modulus mean=87.6713 std=72.2417
[2026-05-03 10:37:29,667][root][INFO] - 27 crystals generated so far, 27 unique components.  Burden: None, Div. Ratio: 1.0.
[2026-05-03 10:37:29,675][root][INFO] - Diversity filter: tol_n=0, buff_n=0
[2026-05-03 10:37:29,708][root][INFO] - replay buffer size=14
[2026-05-03 10:37:29,708][root][INFO] - buffer reward mean=0.24482821992353393
[2026-05-03 10:37:29,708][root][INFO] - FINETUNE:
[2026-05-03 10:37:29,958][root][INFO] - Epoch 0: loss: 0.2774, loss_diff: 0.2774, loss_kl: 0.0002
[2026-05-03 10:37:30,141][root][INFO] - Epoch 1: loss: 0.2839, loss_diff: 0.2839, loss_kl: 0.0003
[2026-05-03 10:37:30,327][root][INFO] - Epoch 2: loss: 0.2746, loss_diff: 0.2745, loss_kl: 0.0003
[2026-05-03 10:37:30,328][root][INFO] - *****   LOOP 7 FINISH   *****
[2026-05-03 10:37:30,328][root][INFO] - Total time taken: 11.38 min.


[2026-05-03 10:37:30,328][root][INFO] - *****   LOOP 8 START   *****
[2026-05-03 10:37:30,328][root][INFO] - SAMPLE:
[32m2026-05-03 10:40:38.508[0m | [1mINFO    [0m | [36mmattersim.forcefield.potential[0m:[36mfrom_checkpoint[0m:[36m891[0m - [1mLoading the pre-trained mattersim-v1.0.0-5M.pth model[0m
[2026-05-03 10:48:04,719][root][INFO] - Number of filtered samples: 4
[2026-05-03 10:48:04,721][root][INFO] - avg_energy_above_hull_per_atom: 0.218910, avg_rmsd_from_relaxation: 1.007610, frac_novel_unique_stable_structures: 0.080000, frac_stable_structures: 0.200000, frac_successful_jobs: 1.000000, avg_comp_validity: 1.000000, avg_structure_comp_validity: 1.000000, avg_structure_validity: 1.000000, frac_novel_structures: 0.860000, frac_novel_systems: 0.200000, frac_novel_unique_structures: 0.860000, frac_unique_structures: 1.000000, frac_unique_systems: 1.000000, precision: 0.140000, recall: 0.000017
[2026-05-03 10:48:04,732][root][INFO] - SCORE:
[BMGPRoutedV4] cycle=8 N=4 K_eff=2 oracled=2 masked=2 ltm=529 GP_RMSE_train=0.010 GP_RMSE_cv5=25.298 GP_MAE_cv5=15.842 mean_oracle_K_GPa=83.06 anchor=False cold=False 111.6s
[2026-05-03 10:49:56,361][root][INFO] - Evaluation costs to date: 54
[2026-05-03 10:49:56,362][root][INFO] - Number of samples that successfully obtained rewards: 2
[2026-05-03 10:49:56,362][root][INFO] - reward mean=0.1659 std=0.0378
[2026-05-03 10:49:56,362][root][INFO] - bulk_modulus mean=83.0595 std=14.3498
[2026-05-03 10:49:56,426][root][INFO] - 29 crystals generated so far, 29 unique components.  Burden: None, Div. Ratio: 1.0.
[2026-05-03 10:49:56,432][root][INFO] - Diversity filter: tol_n=0, buff_n=0
[2026-05-03 10:49:56,435][root][INFO] - replay buffer size=16
[2026-05-03 10:49:56,435][root][INFO] - buffer reward mean=0.23496793296656893
[2026-05-03 10:49:56,435][root][INFO] - FINETUNE:
[2026-05-03 10:49:56,659][root][INFO] - Epoch 0: loss: 0.2959, loss_diff: 0.2959, loss_kl: 0.0004
[2026-05-03 10:49:56,843][root][INFO] - Epoch 1: loss: 0.2941, loss_diff: 0.2941, loss_kl: 0.0004
[2026-05-03 10:49:57,028][root][INFO] - Epoch 2: loss: 0.3040, loss_diff: 0.3040, loss_kl: 0.0005
[2026-05-03 10:49:57,028][root][INFO] - *****   LOOP 8 FINISH   *****
[2026-05-03 10:49:57,029][root][INFO] - Total time taken: 12.44 min.


[2026-05-03 10:49:57,029][root][INFO] - *****   LOOP 9 START   *****
[2026-05-03 10:49:57,029][root][INFO] - SAMPLE:
[32m2026-05-03 10:53:44.098[0m | [1mINFO    [0m | [36mmattersim.forcefield.potential[0m:[36mfrom_checkpoint[0m:[36m891[0m - [1mLoading the pre-trained mattersim-v1.0.0-5M.pth model[0m
[2026-05-03 10:58:03,619][root][INFO] - Number of filtered samples: 4
[2026-05-03 10:58:03,621][root][INFO] - avg_energy_above_hull_per_atom: 0.288338, avg_rmsd_from_relaxation: 0.937389, frac_novel_unique_stable_structures: 0.083333, frac_stable_structures: 0.333333, frac_successful_jobs: 1.000000, avg_comp_validity: 1.000000, avg_structure_comp_validity: 1.000000, avg_structure_validity: 1.000000, frac_novel_structures: 0.708333, frac_novel_systems: 0.145833, frac_novel_unique_structures: 0.708333, frac_unique_structures: 1.000000, frac_unique_systems: 1.000000, precision: 0.291667, recall: 0.000030
[2026-05-03 10:58:03,626][root][INFO] - SCORE:
[BMGPRoutedV4] cycle=9 N=4 K_eff=2 oracled=2 masked=2 ltm=531 GP_RMSE_train=0.010 GP_RMSE_cv5=26.733 GP_MAE_cv5=16.612 mean_oracle_K_GPa=104.14 anchor=False cold=False 83.1s
[2026-05-03 10:59:26,742][root][INFO] - Evaluation costs to date: 58
[2026-05-03 10:59:26,743][root][INFO] - Number of samples that successfully obtained rewards: 2
[2026-05-03 10:59:26,743][root][INFO] - reward mean=0.2214 std=0.1419
[2026-05-03 10:59:26,743][root][INFO] - bulk_modulus mean=104.1371 std=53.9190
[2026-05-03 10:59:26,817][root][INFO] - 31 crystals generated so far, 31 unique components.  Burden: None, Div. Ratio: 1.0.
[2026-05-03 10:59:26,824][root][INFO] - Diversity filter: tol_n=0, buff_n=0
[2026-05-03 10:59:26,827][root][INFO] - replay buffer size=17
[2026-05-03 10:59:26,828][root][INFO] - buffer reward mean=0.24251719684050416
[2026-05-03 10:59:26,828][root][INFO] - FINETUNE:
[2026-05-03 10:59:27,081][root][INFO] - Epoch 0: loss: 0.3480, loss_diff: 0.3480, loss_kl: 0.0004
[2026-05-03 10:59:27,292][root][INFO] - Epoch 1: loss: 0.3426, loss_diff: 0.3426, loss_kl: 0.0005
[2026-05-03 10:59:27,509][root][INFO] - Epoch 2: loss: 0.3407, loss_diff: 0.3407, loss_kl: 0.0005
[2026-05-03 10:59:27,510][root][INFO] - *****   LOOP 9 FINISH   *****
[2026-05-03 10:59:27,510][root][INFO] - Total time taken: 9.51 min.


[2026-05-03 10:59:27,510][root][INFO] - *****   LOOP 10 START   *****
[2026-05-03 10:59:27,511][root][INFO] - SAMPLE:
[32m2026-05-03 11:04:03.239[0m | [1mINFO    [0m | [36mmattersim.forcefield.potential[0m:[36mfrom_checkpoint[0m:[36m891[0m - [1mLoading the pre-trained mattersim-v1.0.0-5M.pth model[0m
[2026-05-03 11:09:39,092][root][INFO] - Number of filtered samples: 7
[2026-05-03 11:09:39,096][root][INFO] - avg_energy_above_hull_per_atom: 0.271854, avg_rmsd_from_relaxation: 0.815792, frac_novel_unique_stable_structures: 0.155556, frac_stable_structures: 0.355556, frac_successful_jobs: 1.000000, avg_comp_validity: 1.000000, avg_structure_comp_validity: 1.000000, avg_structure_validity: 1.000000, frac_novel_structures: 0.800000, frac_novel_systems: 0.200000, frac_novel_unique_structures: 0.800000, frac_unique_structures: 1.000000, frac_unique_systems: 1.000000, precision: 0.200000, recall: 0.000019
[2026-05-03 11:09:39,124][root][INFO] - SCORE:
[BMGPRoutedV4] cycle=10 N=7 K_eff=4 oracled=4 masked=3 ltm=535 GP_RMSE_train=0.010 GP_RMSE_cv5=27.129 GP_MAE_cv5=16.138 mean_oracle_K_GPa=78.24 anchor=False cold=False 93.7s
[2026-05-03 11:11:12,967][root][INFO] - Evaluation costs to date: 65
[2026-05-03 11:11:12,968][root][INFO] - Number of samples that successfully obtained rewards: 4
[2026-05-03 11:11:12,968][root][INFO] - reward mean=0.1533 std=0.1216
[2026-05-03 11:11:12,968][root][INFO] - bulk_modulus mean=78.2362 std=46.1949
[2026-05-03 11:11:13,045][root][INFO] - 35 crystals generated so far, 35 unique components.  Burden: None, Div. Ratio: 1.0.
[2026-05-03 11:11:13,061][root][INFO] - Diversity filter: tol_n=0, buff_n=0
[2026-05-03 11:11:13,064][root][INFO] - replay buffer size=19
[2026-05-03 11:11:13,064][root][INFO] - buffer reward mean=0.24514157564693415
[2026-05-03 11:11:13,064][root][INFO] - FINETUNE:
[2026-05-03 11:11:13,317][root][INFO] - Epoch 0: loss: 0.3318, loss_diff: 0.3318, loss_kl: 0.0004
[2026-05-03 11:11:13,521][root][INFO] - Epoch 1: loss: 0.3208, loss_diff: 0.3208, loss_kl: 0.0005
[2026-05-03 11:11:13,723][root][INFO] - Epoch 2: loss: 0.3293, loss_diff: 0.3293, loss_kl: 0.0005
[2026-05-03 11:11:13,724][root][INFO] - *****   LOOP 10 FINISH   *****
[2026-05-03 11:11:13,724][root][INFO] - Total time taken: 11.77 min.


[2026-05-03 11:11:13,724][root][INFO] - *****   LOOP 11 START   *****
[2026-05-03 11:11:13,724][root][INFO] - SAMPLE:
[32m2026-05-03 11:15:50.892[0m | [1mINFO    [0m | [36mmattersim.forcefield.potential[0m:[36mfrom_checkpoint[0m:[36m891[0m - [1mLoading the pre-trained mattersim-v1.0.0-5M.pth model[0m
[2026-05-03 11:22:55,329][root][INFO] - Number of filtered samples: 11
[2026-05-03 11:22:55,332][root][INFO] - avg_energy_above_hull_per_atom: 0.325461, avg_rmsd_from_relaxation: 0.910977, frac_novel_unique_stable_structures: 0.207547, frac_stable_structures: 0.339623, frac_successful_jobs: 1.000000, avg_comp_validity: 1.000000, avg_structure_comp_validity: 1.000000, avg_structure_validity: 1.000000, frac_novel_structures: 0.811321, frac_novel_systems: 0.226415, frac_novel_unique_structures: 0.811321, frac_unique_structures: 1.000000, frac_unique_systems: 1.000000, precision: 0.188679, recall: 0.000039
[2026-05-03 11:22:55,339][root][INFO] - SCORE:
[BMGPRoutedV4] cycle=11 N=11 K_eff=4 oracled=4 masked=7 ltm=539 GP_RMSE_train=0.010 GP_RMSE_cv5=26.367 GP_MAE_cv5=16.167 mean_oracle_K_GPa=79.87 anchor=False cold=False 145.1s
[2026-05-03 11:25:20,507][root][INFO] - Evaluation costs to date: 76
[2026-05-03 11:25:20,508][root][INFO] - Number of samples that successfully obtained rewards: 4
[2026-05-03 11:25:20,508][root][INFO] - reward mean=0.1575 std=0.1554
[2026-05-03 11:25:20,508][root][INFO] - bulk_modulus mean=79.8684 std=59.0405
[2026-05-03 11:25:20,587][root][INFO] - 39 crystals generated so far, 39 unique components.  Burden: None, Div. Ratio: 1.0.
[2026-05-03 11:25:20,593][root][INFO] - Diversity filter: tol_n=0, buff_n=0
[2026-05-03 11:25:20,596][root][INFO] - replay buffer size=21
[2026-05-03 11:25:20,596][root][INFO] - buffer reward mean=0.24960673593785773
[2026-05-03 11:25:20,596][root][INFO] - FINETUNE:
[2026-05-03 11:25:20,855][root][INFO] - Epoch 0: loss: 0.2835, loss_diff: 0.2835, loss_kl: 0.0006
[2026-05-03 11:25:21,113][root][INFO] - Epoch 1: loss: 0.2872, loss_diff: 0.2871, loss_kl: 0.0006
[2026-05-03 11:25:21,372][root][INFO] - Epoch 2: loss: 0.2842, loss_diff: 0.2841, loss_kl: 0.0006
[2026-05-03 11:25:21,373][root][INFO] - *****   LOOP 11 FINISH   *****
[2026-05-03 11:25:21,373][root][INFO] - Total time taken: 14.13 min.


[2026-05-03 11:25:21,373][root][INFO] - *****   LOOP 12 START   *****
[2026-05-03 11:25:21,374][root][INFO] - SAMPLE:
[32m2026-05-03 11:31:18.582[0m | [1mINFO    [0m | [36mmattersim.forcefield.potential[0m:[36mfrom_checkpoint[0m:[36m891[0m - [1mLoading the pre-trained mattersim-v1.0.0-5M.pth model[0m
[2026-05-03 11:38:51,886][root][INFO] - Number of filtered samples: 3
[2026-05-03 11:38:51,977][root][INFO] - avg_energy_above_hull_per_atom: 0.268096, avg_rmsd_from_relaxation: 0.985266, frac_novel_unique_stable_structures: 0.057692, frac_stable_structures: 0.192308, frac_successful_jobs: 1.000000, avg_comp_validity: 1.000000, avg_structure_comp_validity: 1.000000, avg_structure_validity: 1.000000, frac_novel_structures: 0.865385, frac_novel_systems: 0.307692, frac_novel_unique_structures: 0.865385, frac_unique_structures: 1.000000, frac_unique_systems: 1.000000, precision: 0.134615, recall: 0.000138
[2026-05-03 11:38:51,984][root][INFO] - SCORE:
[BMGPRoutedV4] cycle=12 N=3 K_eff=2 oracled=2 masked=1 ltm=541 GP_RMSE_train=0.010 GP_RMSE_cv5=27.010 GP_MAE_cv5=15.990 mean_oracle_K_GPa=95.14 anchor=False cold=False 133.2s
[2026-05-03 11:41:05,238][root][INFO] - Evaluation costs to date: 79
[2026-05-03 11:41:05,238][root][INFO] - Number of samples that successfully obtained rewards: 2
[2026-05-03 11:41:05,239][root][INFO] - reward mean=0.1977 std=0.1228
[2026-05-03 11:41:05,239][root][INFO] - bulk_modulus mean=95.1358 std=46.6657
[2026-05-03 11:41:05,367][root][INFO] - 41 crystals generated so far, 41 unique components.  Burden: None, Div. Ratio: 1.0.
[2026-05-03 11:41:05,374][root][INFO] - Diversity filter: tol_n=0, buff_n=0
[2026-05-03 11:41:05,378][root][INFO] - replay buffer size=22
[2026-05-03 11:41:05,378][root][INFO] - buffer reward mean=0.2528305223044175
[2026-05-03 11:41:05,378][root][INFO] - FINETUNE:
[2026-05-03 11:41:05,773][root][INFO] - Epoch 0: loss: 0.3381, loss_diff: 0.3381, loss_kl: 0.0005
[2026-05-03 11:41:05,982][root][INFO] - Epoch 1: loss: 0.3384, loss_diff: 0.3384, loss_kl: 0.0006
[2026-05-03 11:41:06,196][root][INFO] - Epoch 2: loss: 0.3507, loss_diff: 0.3507, loss_kl: 0.0006
[2026-05-03 11:41:06,197][root][INFO] - *****   LOOP 12 FINISH   *****
[2026-05-03 11:41:06,197][root][INFO] - Total time taken: 15.75 min.


[2026-05-03 11:41:06,197][root][INFO] - *****   LOOP 13 START   *****
[2026-05-03 11:41:06,197][root][INFO] - SAMPLE:
[32m2026-05-03 11:45:28.711[0m | [1mINFO    [0m | [36mmattersim.forcefield.potential[0m:[36mfrom_checkpoint[0m:[36m891[0m - [1mLoading the pre-trained mattersim-v1.0.0-5M.pth model[0m
[2026-05-03 11:51:12,442][root][INFO] - Number of filtered samples: 9
[2026-05-03 11:51:12,447][root][INFO] - avg_energy_above_hull_per_atom: 0.248198, avg_rmsd_from_relaxation: 0.992510, frac_novel_unique_stable_structures: 0.195652, frac_stable_structures: 0.260870, frac_successful_jobs: 1.000000, avg_comp_validity: 1.000000, avg_structure_comp_validity: 1.000000, avg_structure_validity: 1.000000, frac_novel_structures: 0.913043, frac_novel_systems: 0.195652, frac_novel_unique_structures: 0.913043, frac_unique_structures: 1.000000, frac_unique_systems: 1.000000, precision: 0.086957, recall: 0.000005
[2026-05-03 11:51:12,483][root][INFO] - SCORE:
[BMGPRoutedV4] cycle=13 N=9 K_eff=4 oracled=4 masked=5 ltm=545 GP_RMSE_train=0.010 GP_RMSE_cv5=24.090 GP_MAE_cv5=14.538 mean_oracle_K_GPa=106.22 anchor=False cold=False 83.4s
[2026-05-03 11:52:35,936][root][INFO] - Evaluation costs to date: 88
[2026-05-03 11:52:35,936][root][INFO] - Number of samples that successfully obtained rewards: 4
[2026-05-03 11:52:35,936][root][INFO] - reward mean=0.2269 std=0.1171
[2026-05-03 11:52:35,937][root][INFO] - bulk_modulus mean=106.2182 std=44.4858
[2026-05-03 11:52:36,068][root][INFO] - 45 crystals generated so far, 45 unique components.  Burden: None, Div. Ratio: 1.0.
[2026-05-03 11:52:36,077][root][INFO] - Diversity filter: tol_n=0, buff_n=0
[2026-05-03 11:52:36,080][root][INFO] - replay buffer size=25
[2026-05-03 11:52:36,081][root][INFO] - buffer reward mean=0.25777882738753083
[2026-05-03 11:52:36,081][root][INFO] - FINETUNE:
[2026-05-03 11:52:36,290][root][INFO] - Epoch 0: loss: 0.3882, loss_diff: 0.3882, loss_kl: 0.0005
[2026-05-03 11:52:36,453][root][INFO] - Epoch 1: loss: 0.3955, loss_diff: 0.3955, loss_kl: 0.0006
[2026-05-03 11:52:36,616][root][INFO] - Epoch 2: loss: 0.3955, loss_diff: 0.3954, loss_kl: 0.0006
[2026-05-03 11:52:36,617][root][INFO] - *****   LOOP 13 FINISH   *****
[2026-05-03 11:52:36,617][root][INFO] - Total time taken: 11.51 min.


[2026-05-03 11:52:36,617][root][INFO] - *****   LOOP 14 START   *****
[2026-05-03 11:52:36,617][root][INFO] - SAMPLE:
[32m2026-05-03 11:57:35.936[0m | [1mINFO    [0m | [36mmattersim.forcefield.potential[0m:[36mfrom_checkpoint[0m:[36m891[0m - [1mLoading the pre-trained mattersim-v1.0.0-5M.pth model[0m
[2026-05-03 12:04:43,358][root][INFO] - Number of filtered samples: 9
[2026-05-03 12:04:43,383][root][INFO] - avg_energy_above_hull_per_atom: 0.184812, avg_rmsd_from_relaxation: 0.888867, frac_novel_unique_stable_structures: 0.173077, frac_stable_structures: 0.384615, frac_successful_jobs: 1.000000, avg_comp_validity: 1.000000, avg_structure_comp_validity: 1.000000, avg_structure_validity: 1.000000, frac_novel_structures: 0.788462, frac_novel_systems: 0.230769, frac_novel_unique_structures: 0.788462, frac_unique_structures: 1.000000, frac_unique_systems: 1.000000, precision: 0.211538, recall: 0.000032
[2026-05-03 12:04:43,393][root][INFO] - SCORE:
[BMGPRoutedV4] cycle=14 N=9 K_eff=4 oracled=4 masked=5 ltm=549 GP_RMSE_train=0.010 GP_RMSE_cv5=25.297 GP_MAE_cv5=15.164 mean_oracle_K_GPa=90.36 anchor=False cold=False 117.8s
[2026-05-03 12:06:41,357][root][INFO] - Evaluation costs to date: 97
[2026-05-03 12:06:41,357][root][INFO] - Number of samples that successfully obtained rewards: 4
[2026-05-03 12:06:41,357][root][INFO] - reward mean=0.1852 std=0.1046
[2026-05-03 12:06:41,357][root][INFO] - bulk_modulus mean=90.3573 std=39.7636
[2026-05-03 12:06:41,461][root][INFO] - 49 crystals generated so far, 49 unique components.  Burden: None, Div. Ratio: 1.0.
[2026-05-03 12:06:41,470][root][INFO] - Diversity filter: tol_n=0, buff_n=0
[2026-05-03 12:06:41,474][root][INFO] - replay buffer size=28
[2026-05-03 12:06:41,474][root][INFO] - buffer reward mean=0.25472360811629774
[2026-05-03 12:06:41,474][root][INFO] - FINETUNE:
[2026-05-03 12:06:41,737][root][INFO] - Epoch 0: loss: 0.3355, loss_diff: 0.3355, loss_kl: 0.0006
[2026-05-03 12:06:41,909][root][INFO] - Epoch 1: loss: 0.3490, loss_diff: 0.3490, loss_kl: 0.0006
[2026-05-03 12:06:42,082][root][INFO] - Epoch 2: loss: 0.3433, loss_diff: 0.3432, loss_kl: 0.0006
[2026-05-03 12:06:42,083][root][INFO] - *****   LOOP 14 FINISH   *****
[2026-05-03 12:06:42,083][root][INFO] - Total time taken: 14.09 min.


[2026-05-03 12:06:42,083][root][INFO] - *****   LOOP 15 START   *****
[2026-05-03 12:06:42,083][root][INFO] - SAMPLE:
[32m2026-05-03 12:11:03.281[0m | [1mINFO    [0m | [36mmattersim.forcefield.potential[0m:[36mfrom_checkpoint[0m:[36m891[0m - [1mLoading the pre-trained mattersim-v1.0.0-5M.pth model[0m
[2026-05-03 12:18:31,300][root][INFO] - Number of filtered samples: 7
[2026-05-03 12:18:31,322][root][INFO] - avg_energy_above_hull_per_atom: 0.178065, avg_rmsd_from_relaxation: 0.890234, frac_novel_unique_stable_structures: 0.162791, frac_stable_structures: 0.348837, frac_successful_jobs: 1.000000, avg_comp_validity: 1.000000, avg_structure_comp_validity: 1.000000, avg_structure_validity: 1.000000, frac_novel_structures: 0.813953, frac_novel_systems: 0.186047, frac_novel_unique_structures: 0.813953, frac_unique_structures: 1.000000, frac_unique_systems: 1.000000, precision: 0.186047, recall: 0.000017
[2026-05-03 12:18:31,666][root][INFO] - SCORE:
[BMGPRoutedV4] cycle=15 N=7 K_eff=4 oracled=4 masked=3 ltm=553 GP_RMSE_train=0.010 GP_RMSE_cv5=25.765 GP_MAE_cv5=15.885 mean_oracle_K_GPa=65.39 anchor=False cold=False 114.2s
[2026-05-03 12:20:29,864][root][INFO] - Evaluation costs to date: 104
[2026-05-03 12:20:29,865][root][INFO] - Number of samples that successfully obtained rewards: 4
[2026-05-03 12:20:29,865][root][INFO] - reward mean=0.1206 std=0.1216
[2026-05-03 12:20:29,865][root][INFO] - bulk_modulus mean=65.3895 std=46.6407
[2026-05-03 12:20:30,946][root][INFO] - 53 crystals generated so far, 53 unique components.  Burden: None, Div. Ratio: 1.0.
[2026-05-03 12:20:30,953][root][INFO] - Diversity filter: tol_n=0, buff_n=0
[2026-05-03 12:20:30,955][root][INFO] - replay buffer size=30
[2026-05-03 12:20:30,956][root][INFO] - buffer reward mean=0.2527996007444655
[2026-05-03 12:20:30,956][root][INFO] - FINETUNE:
[2026-05-03 12:20:31,337][root][INFO] - Epoch 0: loss: 0.3164, loss_diff: 0.3164, loss_kl: 0.0006
[2026-05-03 12:20:31,607][root][INFO] - Epoch 1: loss: 0.3140, loss_diff: 0.3140, loss_kl: 0.0007
[2026-05-03 12:20:31,879][root][INFO] - Epoch 2: loss: 0.3087, loss_diff: 0.3087, loss_kl: 0.0007
[2026-05-03 12:20:31,879][root][INFO] - *****   LOOP 15 FINISH   *****
[2026-05-03 12:20:31,880][root][INFO] - Total time taken: 13.83 min.


[2026-05-03 12:20:31,880][root][INFO] - *****   LOOP 16 START   *****
[2026-05-03 12:20:31,880][root][INFO] - SAMPLE:
[32m2026-05-03 12:25:21.906[0m | [1mINFO    [0m | [36mmattersim.forcefield.potential[0m:[36mfrom_checkpoint[0m:[36m891[0m - [1mLoading the pre-trained mattersim-v1.0.0-5M.pth model[0m
[2026-05-03 12:32:28,098][root][INFO] - Number of filtered samples: 8
[2026-05-03 12:32:28,100][root][INFO] - avg_energy_above_hull_per_atom: 0.455134, avg_rmsd_from_relaxation: 1.008285, frac_novel_unique_stable_structures: 0.156863, frac_stable_structures: 0.313725, frac_successful_jobs: 1.000000, avg_comp_validity: 1.000000, avg_structure_comp_validity: 1.000000, avg_structure_validity: 1.000000, frac_novel_structures: 0.843137, frac_novel_systems: 0.196078, frac_novel_unique_structures: 0.843137, frac_unique_structures: 1.000000, frac_unique_systems: 1.000000, precision: 0.156863, recall: 0.000015
[2026-05-03 12:32:28,125][root][INFO] - SCORE:
[BMGPRoutedV4] cycle=16 N=8 K_eff=4 oracled=4 masked=4 ltm=557 GP_RMSE_train=0.010 GP_RMSE_cv5=23.501 GP_MAE_cv5=14.000 mean_oracle_K_GPa=138.33 anchor=False cold=False 96.0s
[2026-05-03 12:34:04,085][root][INFO] - Evaluation costs to date: 112
[2026-05-03 12:34:04,086][root][INFO] - Number of samples that successfully obtained rewards: 4
[2026-05-03 12:34:04,086][root][INFO] - reward mean=0.3114 std=0.3018
[2026-05-03 12:34:04,086][root][INFO] - bulk_modulus mean=138.3250 std=114.6693
[2026-05-03 12:34:04,197][root][INFO] - 57 crystals generated so far, 57 unique components.  Burden: None, Div. Ratio: 1.0.
[2026-05-03 12:34:04,203][root][INFO] - Diversity filter: tol_n=0, buff_n=0
[2026-05-03 12:34:04,206][root][INFO] - replay buffer size=34
[2026-05-03 12:34:04,206][root][INFO] - buffer reward mean=0.25969160499981625
[2026-05-03 12:34:04,206][root][INFO] - FINETUNE:
[2026-05-03 12:34:04,464][root][INFO] - Epoch 0: loss: 0.3565, loss_diff: 0.3565, loss_kl: 0.0007
[2026-05-03 12:34:04,719][root][INFO] - Epoch 1: loss: 0.3556, loss_diff: 0.3556, loss_kl: 0.0006
[2026-05-03 12:34:04,966][root][INFO] - Epoch 2: loss: 0.3597, loss_diff: 0.3597, loss_kl: 0.0006
[2026-05-03 12:34:04,966][root][INFO] - *****   LOOP 16 FINISH   *****
[2026-05-03 12:34:04,966][root][INFO] - Total time taken: 13.55 min.


[2026-05-03 12:34:04,967][root][INFO] - *****   LOOP 17 START   *****
[2026-05-03 12:34:04,967][root][INFO] - SAMPLE:
[32m2026-05-03 12:36:18.041[0m | [1mINFO    [0m | [36mmattersim.forcefield.potential[0m:[36mfrom_checkpoint[0m:[36m891[0m - [1mLoading the pre-trained mattersim-v1.0.0-5M.pth model[0m
[2026-05-03 12:43:42,548][root][INFO] - Number of filtered samples: 2
[2026-05-03 12:43:42,550][root][INFO] - avg_energy_above_hull_per_atom: 0.236481, avg_rmsd_from_relaxation: 0.922784, frac_novel_unique_stable_structures: 0.043478, frac_stable_structures: 0.282609, frac_successful_jobs: 1.000000, avg_comp_validity: 1.000000, avg_structure_comp_validity: 1.000000, avg_structure_validity: 1.000000, frac_novel_structures: 0.717391, frac_novel_systems: 0.130435, frac_novel_unique_structures: 0.717391, frac_unique_structures: 1.000000, frac_unique_systems: 0.978261, precision: 0.282609, recall: 0.000032
[2026-05-03 12:43:42,571][root][INFO] - SCORE:
[BMGPRoutedV4] cycle=17 N=2 K_eff=1 oracled=1 masked=1 ltm=558 GP_RMSE_train=0.009 GP_RMSE_cv5=24.596 GP_MAE_cv5=14.902 mean_oracle_K_GPa=145.75 anchor=False cold=False 87.1s
[2026-05-03 12:45:09,815][root][INFO] - Evaluation costs to date: 114
[2026-05-03 12:45:09,815][root][INFO] - Number of samples that successfully obtained rewards: 1
[2026-05-03 12:45:09,815][root][INFO] - reward mean=0.3309 std=0.0000
[2026-05-03 12:45:09,816][root][INFO] - bulk_modulus mean=145.7493 std=0.0000
[2026-05-03 12:45:09,969][root][INFO] - 58 crystals generated so far, 58 unique components.  Burden: None, Div. Ratio: 1.0.
[2026-05-03 12:45:10,544][root][INFO] - Diversity filter: tol_n=0, buff_n=0
[2026-05-03 12:45:10,547][root][INFO] - replay buffer size=35
[2026-05-03 12:45:10,547][root][INFO] - buffer reward mean=0.2617266786243297
[2026-05-03 12:45:10,547][root][INFO] - FINETUNE:
[2026-05-03 12:45:10,753][root][INFO] - Epoch 0: loss: 0.2977, loss_diff: 0.2977, loss_kl: 0.0007
[2026-05-03 12:45:10,934][root][INFO] - Epoch 1: loss: 0.2898, loss_diff: 0.2898, loss_kl: 0.0007
[2026-05-03 12:45:11,119][root][INFO] - Epoch 2: loss: 0.2908, loss_diff: 0.2908, loss_kl: 0.0008
[2026-05-03 12:45:11,119][root][INFO] - *****   LOOP 17 FINISH   *****
[2026-05-03 12:45:11,120][root][INFO] - Total time taken: 11.10 min.


[2026-05-03 12:45:11,120][root][INFO] - *****   LOOP 18 START   *****
[2026-05-03 12:45:11,120][root][INFO] - SAMPLE:
[32m2026-05-03 12:47:06.976[0m | [1mINFO    [0m | [36mmattersim.forcefield.potential[0m:[36mfrom_checkpoint[0m:[36m891[0m - [1mLoading the pre-trained mattersim-v1.0.0-5M.pth model[0m
[2026-05-03 12:52:25,372][root][INFO] - Number of filtered samples: 8
[2026-05-03 12:52:25,374][root][INFO] - avg_energy_above_hull_per_atom: 0.166390, avg_rmsd_from_relaxation: 0.927174, frac_novel_unique_stable_structures: 0.177778, frac_stable_structures: 0.377778, frac_successful_jobs: 1.000000, avg_comp_validity: 1.000000, avg_structure_comp_validity: 1.000000, avg_structure_validity: 1.000000, frac_novel_structures: 0.733333, frac_novel_systems: 0.133333, frac_novel_unique_structures: 0.733333, frac_unique_structures: 1.000000, frac_unique_systems: 1.000000, precision: 0.266667, recall: 0.000033
[2026-05-03 12:52:25,381][root][INFO] - SCORE:
[BMGPRoutedV4] cycle=18 N=8 K_eff=4 oracled=4 masked=4 ltm=562 GP_RMSE_train=0.009 GP_RMSE_cv5=24.428 GP_MAE_cv5=14.455 mean_oracle_K_GPa=64.21 anchor=False cold=False 103.4s
[2026-05-03 12:54:09,080][root][INFO] - Evaluation costs to date: 122
[2026-05-03 12:54:09,080][root][INFO] - Number of samples that successfully obtained rewards: 4
[2026-05-03 12:54:09,081][root][INFO] - reward mean=0.1163 std=0.1148
[2026-05-03 12:54:09,081][root][INFO] - bulk_modulus mean=64.2052 std=43.6360
[2026-05-03 12:54:09,205][root][INFO] - 62 crystals generated so far, 62 unique components.  Burden: None, Div. Ratio: 1.0.
[2026-05-03 12:54:09,213][root][INFO] - Diversity filter: tol_n=0, buff_n=0
[2026-05-03 12:54:09,216][root][INFO] - replay buffer size=37
[2026-05-03 12:54:09,217][root][INFO] - buffer reward mean=0.25987691217638026
[2026-05-03 12:54:09,217][root][INFO] - FINETUNE:
[2026-05-03 12:54:09,471][root][INFO] - Epoch 0: loss: 0.3495, loss_diff: 0.3494, loss_kl: 0.0008
[2026-05-03 12:54:09,680][root][INFO] - Epoch 1: loss: 0.3528, loss_diff: 0.3528, loss_kl: 0.0009
[2026-05-03 12:54:09,895][root][INFO] - Epoch 2: loss: 0.3471, loss_diff: 0.3470, loss_kl: 0.0009
[2026-05-03 12:54:09,896][root][INFO] - *****   LOOP 18 FINISH   *****
[2026-05-03 12:54:09,896][root][INFO] - Total time taken: 8.98 min.


[2026-05-03 12:54:09,896][root][INFO] - *****   LOOP 19 START   *****
[2026-05-03 12:54:09,896][root][INFO] - SAMPLE:
[32m2026-05-03 12:55:53.307[0m | [1mINFO    [0m | [36mmattersim.forcefield.potential[0m:[36mfrom_checkpoint[0m:[36m891[0m - [1mLoading the pre-trained mattersim-v1.0.0-5M.pth model[0m
[2026-05-03 13:00:08,348][root][INFO] - Number of filtered samples: 7
[2026-05-03 13:00:08,350][root][INFO] - avg_energy_above_hull_per_atom: 0.168762, avg_rmsd_from_relaxation: 0.946517, frac_novel_unique_stable_structures: 0.142857, frac_stable_structures: 0.326531, frac_successful_jobs: 1.000000, avg_comp_validity: 1.000000, avg_structure_comp_validity: 1.000000, avg_structure_validity: 1.000000, frac_novel_structures: 0.795918, frac_novel_systems: 0.224490, frac_novel_unique_structures: 0.795918, frac_unique_structures: 1.000000, frac_unique_systems: 1.000000, precision: 0.204082, recall: 0.000021
[2026-05-03 13:00:08,355][root][INFO] - SCORE:
[BMGPRoutedV4] cycle=19 N=7 K_eff=4 oracled=4 masked=3 ltm=566 GP_RMSE_train=0.009 GP_RMSE_cv5=26.057 GP_MAE_cv5=15.394 mean_oracle_K_GPa=92.23 anchor=False cold=False 122.7s
[2026-05-03 13:02:11,106][root][INFO] - Evaluation costs to date: 129
[2026-05-03 13:02:11,107][root][INFO] - Number of samples that successfully obtained rewards: 4
[2026-05-03 13:02:11,107][root][INFO] - reward mean=0.1901 std=0.1121
[2026-05-03 13:02:11,107][root][INFO] - bulk_modulus mean=92.2319 std=42.5805
[2026-05-03 13:02:11,232][root][INFO] - 66 crystals generated so far, 66 unique components.  Burden: None, Div. Ratio: 1.0.
[2026-05-03 13:02:11,237][root][INFO] - Diversity filter: tol_n=0, buff_n=0
[2026-05-03 13:02:11,240][root][INFO] - replay buffer size=39
[2026-05-03 13:02:11,240][root][INFO] - buffer reward mean=0.261804534011682
[2026-05-03 13:02:11,240][root][INFO] - FINETUNE:
[2026-05-03 13:02:11,530][root][INFO] - Epoch 0: loss: 0.3389, loss_diff: 0.3388, loss_kl: 0.0009
[2026-05-03 13:02:11,808][root][INFO] - Epoch 1: loss: 0.3323, loss_diff: 0.3322, loss_kl: 0.0009
[2026-05-03 13:02:12,091][root][INFO] - Epoch 2: loss: 0.3419, loss_diff: 0.3418, loss_kl: 0.0009
[2026-05-03 13:02:12,091][root][INFO] - *****   LOOP 19 FINISH   *****
[2026-05-03 13:02:12,092][root][INFO] - Total time taken: 8.04 min.


[2026-05-03 13:02:12,660][root][INFO] - *****   RL END   *****
[2026-05-03 13:02:12,660][root][INFO] - Total time taken: 14864 s.
Closing LMDB environment /tmp/job.3003725/tmpg503op12/reference_MP2020correction
Phase-3 v4 cf accel (seed=99) finished at Sun May  3 13:02:22 CDT 2026
