================================================================
Diffusion smoke test on fc103 at Wed Apr 29 05:47:03 CDT 2026
  output_dir = /scratch/user/ahnafalvi/matinvent-hcap-bo/results/diffusion_smoke_3000598
================================================================
Tesla T4, 16384 MiB
[smoke] testing 3 backends → /scratch/user/ahnafalvi/matinvent-hcap-bo/results/diffusion_smoke_3000598

[smoke] === adit ===
[smoke] adit           PASS  n=4  formulas=['O8Si2Th2', 'Te3', 'Ca10Ge6', 'CrEuO6SrZr']  (4.0s)

[smoke] === crysbfn ===
[smoke] crysbfn        FAIL  RuntimeError: Remote crysbfn failed (code 1). stderr (tail):
REMOTE RUNNER FAILED: ModuleNotFoundError: No module named 'matminer'
Traceback (most recent call last):
  File "/scratch/user/ahnafalvi/matinvent-hcap-bo/src/diffusion/runners/remote_runner.py", line 41, in main
    atoms_list = adapter.sample(
  File "/scratch/user/ahnafalvi/matinvent-hcap-bo/src/diffusion/adapters/crysbfn.py", line 132, in sample
    model = self._load()
  File "/scratch/user/ahnafalvi/matinvent-hcap-bo/src/diffusion/adapters/cry

[smoke] === crystalflow ===
[smoke] crystalflow    PASS  n=4  formulas=['Rh8Si4', 'BrCl7K2O8', 'Cl6Cs3Tl', 'MnOs2V']  (38.2s)

[smoke] DONE — pass: 2 / 3
Smoke finished at Wed Apr 29 05:48:06 CDT 2026
Summary:
{
  "results": [
    {
      "model": "adit",
      "ok": true,
      "n_returned": 4,
      "formulas": [
        "O8Si2Th2",
        "Te3",
        "Ca10Ge6",
        "CrEuO6SrZr"
      ],
      "natoms": [
        12,
        3,
        16,
        10
      ],
      "elapsed_s": 4.0
    },
    {
      "model": "crysbfn",
      "ok": false,
      "error_type": "RuntimeError",
      "error_msg": "Remote crysbfn failed (code 1). stderr (tail):\nREMOTE RUNNER FAILED: ModuleNotFoundError: No module named 'matminer'\nTraceback (most recent call last):\n  File \"/scratch/user/ahnafalvi/matinvent-hcap-bo/src/diffusion/runners/remote_runner.py\", line 41, in main\n    atoms_list = adapter.sample(\n  File \"/scratch/user/ahnafalvi/matinvent-hcap-bo/src/diffusion/adapters/crysbfn.py\", line 132, in sample\n    model = self._load()\n  File \"/scratch/user/ahnafalvi/matinvent-hcap-bo/src/diffusion/adapters/cry",
      "traceback": "Traceback (most recent call last):\n  File \"/scratch/user/ahnafalvi/matinvent-hcap-bo/src/phases/diffusion_smoke.py\", line 54, in _smoke_one\n    atoms_list = adapter.sample(n=n, seed=0)\n  File \"/scratch/user/ahnafalvi/matinvent-hcap-bo/src/diffusion/remote.py\", line 117, in sample\n    raise RuntimeError(\nRuntimeError: Remote crysbfn failed (code 1). stderr (tail):\nREMOTE RUNNER FAILED: ModuleNotFoundError: No module named 'matminer'\nTraceback (most recent call last):\n  File \"/scratch/user/ahnafalvi/matinvent-hcap-bo/src/diffusion/runners/remote_runner.py\", line 41, in main\n    atoms_list = adapter.sample(\n  File \"/scratch/user/ahnafalvi/matinvent-hcap-bo/src/diffusion/adapters/crysbfn.py\", line 132, in sample\n    model = self._load()\n  File \"/scratch/user/ahnafalvi/matinvent-hcap-bo/src/diffusion/adapters/crysbfn.py\", line 70, in _load\n    from crysbfn.pl_modules.crysbfn_plmodel import CrysBFN_PL_Model  # type: ignore\n  File \"/scratch/user/ahnafalvi/diffusion-zoo-repos/CrysBFN/crysbfn/pl_modules/crysbfn_plmodel.py\", line 24, in <module>\n    from crysbfn.common.data_utils import lattices_to_params_shape\n  File \"/scratch/user/ahnafalvi/diffusion-zoo-repos/CrysBFN/crysbfn/common/data_utils.py\", line 919, in <module>\n    from matminer.featurizers.site.fingerprint import CrystalNNFingerprint\nModuleNotFoundError: No module named 'matminer'\n\n",
      "elapsed_s": 20.5
    },
    {
      "model": "crystalflow",
      "ok": true,
      "n_returned": 4,
      "formulas": [
        "Rh8Si4",
        "BrCl7K2O8",
        "Cl6Cs3Tl",
        "MnOs2V"
      ],
      "natoms": [
        12,
        18,
        10,
        4
      ],
      "elapsed_s": 38.2
    }
  ],
  "n_pass": 2,
  "n_fail": 1
}