================================================================
Diffusion smoke test on fc103 at Wed Apr 29 05:09:45 CDT 2026
  output_dir = /scratch/user/ahnafalvi/matinvent-hcap-bo/results/diffusion_smoke_3000590
================================================================
Tesla T4, 16384 MiB
[smoke] testing 4 backends → /scratch/user/ahnafalvi/matinvent-hcap-bo/results/diffusion_smoke_3000590

[smoke] === adit ===
[smoke] adit           PASS  n=2  formulas=['Fe4La4O10', 'As5ITe7']  (221.4s)

[smoke] === crysbfn ===
[smoke] crysbfn        FAIL  RuntimeError: Remote crysbfn failed (code 1). stderr (tail):
REMOTE RUNNER FAILED: ModuleNotFoundError: No module named 'p_tqdm'
Traceback (most recent call last):
  File "/scratch/user/ahnafalvi/matinvent-hcap-bo/src/diffusion/runners/remote_runner.py", line 41, in main
    atoms_list = adapter.sample(
  File "/scratch/user/ahnafalvi/matinvent-hcap-bo/src/diffusion/adapters/crysbfn.py", line 122, in sample
    model = self._load()
  File "/scratch/user/ahnafalvi/matinvent-hcap-bo/src/diffusion/adapters/crysb

[smoke] === crystalformer ===
[smoke] crystalformer  FAIL  RuntimeError: Remote crystalformer failed (code 1). stderr (tail):
REMOTE RUNNER FAILED: RuntimeError: CrystalFormer subprocess failed (code 1). stderr (tail):
Traceback (most recent call last):
  File "/scratch/user/ahnafalvi/diffusion-zoo-repos/CrystalFormer/main.py", line 1, in <module>
    import jax
ModuleNotFoundError: No module named 'jax'

Traceback (most recent call last):
  File "/scratch/user/ahnafalvi/matinvent-hcap-bo/src/diffusion/runners/remote_runner.py", line 41, in main
    atoms_list = adap

[smoke] === crystalflow ===
[smoke] crystalflow    FAIL  RuntimeError: Remote crystalflow failed (code 1). stderr (tail):
REMOTE RUNNER FAILED: ModuleNotFoundError: No module named 'smact'
Traceback (most recent call last):
  File "/scratch/user/ahnafalvi/matinvent-hcap-bo/src/diffusion/runners/remote_runner.py", line 41, in main
    atoms_list = adapter.sample(
  File "/scratch/user/ahnafalvi/matinvent-hcap-bo/src/diffusion/adapters/crystalflow.py", line 111, in sample
    from generation import SampleDataset, diffusion  # type: ignore
  File "/scratch/user/ahnafa

[smoke] DONE — pass: 1 / 4
Smoke finished at Wed Apr 29 05:16:52 CDT 2026
Summary:
{
  "results": [
    {
      "model": "adit",
      "ok": true,
      "n_returned": 2,
      "formulas": [
        "Fe4La4O10",
        "As5ITe7"
      ],
      "natoms": [
        18,
        13
      ],
      "elapsed_s": 221.4
    },
    {
      "model": "crysbfn",
      "ok": false,
      "error_type": "RuntimeError",
      "error_msg": "Remote crysbfn failed (code 1). stderr (tail):\nREMOTE RUNNER FAILED: ModuleNotFoundError: No module named 'p_tqdm'\nTraceback (most recent call last):\n  File \"/scratch/user/ahnafalvi/matinvent-hcap-bo/src/diffusion/runners/remote_runner.py\", line 41, in main\n    atoms_list = adapter.sample(\n  File \"/scratch/user/ahnafalvi/matinvent-hcap-bo/src/diffusion/adapters/crysbfn.py\", line 122, in sample\n    model = self._load()\n  File \"/scratch/user/ahnafalvi/matinvent-hcap-bo/src/diffusion/adapters/crysb",
      "traceback": "Traceback (most recent call last):\n  File \"/scratch/user/ahnafalvi/matinvent-hcap-bo/src/phases/diffusion_smoke.py\", line 51, in _smoke_one\n    atoms_list = adapter.sample(n=n, seed=0)\n  File \"/scratch/user/ahnafalvi/matinvent-hcap-bo/src/diffusion/remote.py\", line 117, in sample\n    raise RuntimeError(\nRuntimeError: Remote crysbfn failed (code 1). stderr (tail):\nREMOTE RUNNER FAILED: ModuleNotFoundError: No module named 'p_tqdm'\nTraceback (most recent call last):\n  File \"/scratch/user/ahnafalvi/matinvent-hcap-bo/src/diffusion/runners/remote_runner.py\", line 41, in main\n    atoms_list = adapter.sample(\n  File \"/scratch/user/ahnafalvi/matinvent-hcap-bo/src/diffusion/adapters/crysbfn.py\", line 122, in sample\n    model = self._load()\n  File \"/scratch/user/ahnafalvi/matinvent-hcap-bo/src/diffusion/adapters/crysbfn.py\", line 60, in _load\n    from crysbfn.pl_modules.crysbfn_plmodel import CrysBFN_PL_Model  # type: ignore\n  File \"/scratch/user/ahnafalvi/diffusion-zoo-repos/CrysBFN/crysbfn/pl_modules/crysbfn_plmodel.py\", line 4, in <module>\n    from p_tqdm import p_map\nModuleNotFoundError: No module named 'p_tqdm'\n\n",
      "elapsed_s": 115.4
    },
    {
      "model": "crystalformer",
      "ok": false,
      "error_type": "RuntimeError",
      "error_msg": "Remote crystalformer failed (code 1). stderr (tail):\nREMOTE RUNNER FAILED: RuntimeError: CrystalFormer subprocess failed (code 1). stderr (tail):\nTraceback (most recent call last):\n  File \"/scratch/user/ahnafalvi/diffusion-zoo-repos/CrystalFormer/main.py\", line 1, in <module>\n    import jax\nModuleNotFoundError: No module named 'jax'\n\nTraceback (most recent call last):\n  File \"/scratch/user/ahnafalvi/matinvent-hcap-bo/src/diffusion/runners/remote_runner.py\", line 41, in main\n    atoms_list = adap",
      "traceback": "Traceback (most recent call last):\n  File \"/scratch/user/ahnafalvi/matinvent-hcap-bo/src/phases/diffusion_smoke.py\", line 51, in _smoke_one\n    atoms_list = adapter.sample(n=n, seed=0)\n  File \"/scratch/user/ahnafalvi/matinvent-hcap-bo/src/diffusion/remote.py\", line 117, in sample\n    raise RuntimeError(\nRuntimeError: Remote crystalformer failed (code 1). stderr (tail):\nREMOTE RUNNER FAILED: RuntimeError: CrystalFormer subprocess failed (code 1). stderr (tail):\nTraceback (most recent call last):\n  File \"/scratch/user/ahnafalvi/diffusion-zoo-repos/CrystalFormer/main.py\", line 1, in <module>\n    import jax\nModuleNotFoundError: No module named 'jax'\n\nTraceback (most recent call last):\n  File \"/scratch/user/ahnafalvi/matinvent-hcap-bo/src/diffusion/runners/remote_runner.py\", line 41, in main\n    atoms_list = adapter.sample(\n  File \"/scratch/user/ahnafalvi/matinvent-hcap-bo/src/diffusion/adapters/crystalformer.py\", line 123, in sample\n    raise RuntimeError(\nRuntimeError: CrystalFormer subprocess failed (code 1). stderr (tail):\nTraceback (most recent call last):\n  File \"/scratch/user/ahnafalvi/diffusion-zoo-repos/CrystalFormer/main.py\", line 1, in <module>\n    import jax\nModuleNotFoundError: No module named 'jax'\n\n\n",
      "elapsed_s": 1.8
    },
    {
      "model": "crystalflow",
      "ok": false,
      "error_type": "RuntimeError",
      "error_msg": "Remote crystalflow failed (code 1). stderr (tail):\nREMOTE RUNNER FAILED: ModuleNotFoundError: No module named 'smact'\nTraceback (most recent call last):\n  File \"/scratch/user/ahnafalvi/matinvent-hcap-bo/src/diffusion/runners/remote_runner.py\", line 41, in main\n    atoms_list = adapter.sample(\n  File \"/scratch/user/ahnafalvi/matinvent-hcap-bo/src/diffusion/adapters/crystalflow.py\", line 111, in sample\n    from generation import SampleDataset, diffusion  # type: ignore\n  File \"/scratch/user/ahnafa",
      "traceback": "Traceback (most recent call last):\n  File \"/scratch/user/ahnafalvi/matinvent-hcap-bo/src/phases/diffusion_smoke.py\", line 51, in _smoke_one\n    atoms_list = adapter.sample(n=n, seed=0)\n  File \"/scratch/user/ahnafalvi/matinvent-hcap-bo/src/diffusion/remote.py\", line 117, in sample\n    raise RuntimeError(\nRuntimeError: Remote crystalflow failed (code 1). stderr (tail):\nREMOTE RUNNER FAILED: ModuleNotFoundError: No module named 'smact'\nTraceback (most recent call last):\n  File \"/scratch/user/ahnafalvi/matinvent-hcap-bo/src/diffusion/runners/remote_runner.py\", line 41, in main\n    atoms_list = adapter.sample(\n  File \"/scratch/user/ahnafalvi/matinvent-hcap-bo/src/diffusion/adapters/crystalflow.py\", line 111, in sample\n    from generation import SampleDataset, diffusion  # type: ignore\n  File \"/scratch/user/ahnafalvi/diffusion-zoo-repos/CrystalFlow/scripts/generation.py\", line 15, in <module>\n    from eval_utils import load_model, lattices_to_params_shape, get_crystals_list, recommand_step_lr\n  File \"/scratch/user/ahnafalvi/diffusion-zoo-repos/CrystalFlow/scripts/eval_utils.py\", line 13, in <module>\n    import smact\nModuleNotFoundError: No module named 'smact'\n\n",
      "elapsed_s": 69.0
    }
  ],
  "n_pass": 1,
  "n_fail": 3
}