================================================================
Diffusion smoke test on fc103 at Wed Apr 29 06:08:10 CDT 2026
  output_dir = /scratch/user/ahnafalvi/matinvent-hcap-bo/results/diffusion_smoke_3000601
================================================================
Tesla T4, 16384 MiB
[smoke] testing 3 backends → /scratch/user/ahnafalvi/matinvent-hcap-bo/results/diffusion_smoke_3000601

[smoke] === adit ===
[smoke] adit           PASS  n=4  formulas=['O8Si2Th2', 'Te3', 'Ca10Ge6', 'CrEuO6SrZr']  (4.8s)

[smoke] === crysbfn ===
[smoke] crysbfn        FAIL  RuntimeError: Remote crysbfn failed (code 1). stderr (tail):
REMOTE RUNNER FAILED: KeyError: 'pytorch-lightning_version'
Traceback (most recent call last):
  File "/scratch/user/ahnafalvi/matinvent-hcap-bo/src/diffusion/runners/remote_runner.py", line 41, in main
    atoms_list = adapter.sample(
  File "/scratch/user/ahnafalvi/matinvent-hcap-bo/src/diffusion/adapters/crysbfn.py", line 132, in sample
    model = self._load()
  File "/scratch/user/ahnafalvi/matinvent-hcap-bo/src/diffusion/adapters/crysbfn.py", 

[smoke] === crystalflow ===
[smoke] crystalflow    PASS  n=4  formulas=['Cl6Cs2Zr2', 'AsBiTe3', 'Cl2Li3Lu2O8P', 'BiLuO6Pb2']  (44.8s)

[smoke] DONE — pass: 2 / 3
Smoke finished at Wed Apr 29 06:09:45 CDT 2026
Summary:
{
  "results": [
    {
      "model": "adit",
      "ok": true,
      "n_returned": 4,
      "formulas": [
        "O8Si2Th2",
        "Te3",
        "Ca10Ge6",
        "CrEuO6SrZr"
      ],
      "natoms": [
        12,
        3,
        16,
        10
      ],
      "elapsed_s": 4.8
    },
    {
      "model": "crysbfn",
      "ok": false,
      "error_type": "RuntimeError",
      "error_msg": "Remote crysbfn failed (code 1). stderr (tail):\nREMOTE RUNNER FAILED: KeyError: 'pytorch-lightning_version'\nTraceback (most recent call last):\n  File \"/scratch/user/ahnafalvi/matinvent-hcap-bo/src/diffusion/runners/remote_runner.py\", line 41, in main\n    atoms_list = adapter.sample(\n  File \"/scratch/user/ahnafalvi/matinvent-hcap-bo/src/diffusion/adapters/crysbfn.py\", line 132, in sample\n    model = self._load()\n  File \"/scratch/user/ahnafalvi/matinvent-hcap-bo/src/diffusion/adapters/crysbfn.py\", ",
      "traceback": "Traceback (most recent call last):\n  File \"/scratch/user/ahnafalvi/matinvent-hcap-bo/src/phases/diffusion_smoke.py\", line 54, in _smoke_one\n    atoms_list = adapter.sample(n=n, seed=0)\n  File \"/scratch/user/ahnafalvi/matinvent-hcap-bo/src/diffusion/remote.py\", line 117, in sample\n    raise RuntimeError(\nRuntimeError: Remote crysbfn failed (code 1). stderr (tail):\nREMOTE RUNNER FAILED: KeyError: 'pytorch-lightning_version'\nTraceback (most recent call last):\n  File \"/scratch/user/ahnafalvi/matinvent-hcap-bo/src/diffusion/runners/remote_runner.py\", line 41, in main\n    atoms_list = adapter.sample(\n  File \"/scratch/user/ahnafalvi/matinvent-hcap-bo/src/diffusion/adapters/crysbfn.py\", line 132, in sample\n    model = self._load()\n  File \"/scratch/user/ahnafalvi/matinvent-hcap-bo/src/diffusion/adapters/crysbfn.py\", line 71, in _load\n    self._model = CrysBFN_PL_Model.load_from_checkpoint(\n  File \"/scratch/user/ahnafalvi/envs/mat-zoo-modern/lib/python3.10/site-packages/pytorch_lightning/utilities/model_helpers.py\", line 130, in wrapper\n    return self.method(cls_type, *args, **kwargs)\n  File \"/scratch/user/ahnafalvi/envs/mat-zoo-modern/lib/python3.10/site-packages/pytorch_lightning/core/module.py\", line 1797, in load_from_checkpoint\n    loaded = _load_from_checkpoint(\n  File \"/scratch/user/ahnafalvi/envs/mat-zoo-modern/lib/python3.10/site-packages/pytorch_lightning/core/saving.py\", line 68, in _load_from_checkpoint\n    checkpoint = _pl_migrate_checkpoint(\n  File \"/scratch/user/ahnafalvi/envs/mat-zoo-modern/lib/python3.10/site-packages/pytorch_lightning/utilities/migration/utils.py\", line 143, in _pl_migrate_checkpoint\n    old_version = _get_version(checkpoint)\n  File \"/scratch/user/ahnafalvi/envs/mat-zoo-modern/lib/python3.10/site-packages/pytorch_lightning/utilities/migration/utils.py\", line 164, in _get_version\n    return checkpoint[\"pytorch-lightning_version\"]\nKeyError: 'pytorch-lightning_version'\n\n",
      "elapsed_s": 38.4
    },
    {
      "model": "crystalflow",
      "ok": true,
      "n_returned": 4,
      "formulas": [
        "Cl6Cs2Zr2",
        "AsBiTe3",
        "Cl2Li3Lu2O8P",
        "BiLuO6Pb2"
      ],
      "natoms": [
        10,
        5,
        16,
        10
      ],
      "elapsed_s": 44.8
    }
  ],
  "n_pass": 2,
  "n_fail": 1
}