
A module that was compiled using NumPy 1.x cannot be run in
NumPy 2.3.5 as it may crash. To support both 1.x and 2.x
versions of NumPy, modules must be compiled with NumPy 2.0.
Some module may need to rebuild instead e.g. with 'pybind11>=2.12'.

If you are a user of the module, the easiest solution will be to
downgrade to 'numpy<2' or try to upgrade the affected module.
We expect that some modules will need time to support NumPy 2.

Traceback (most recent call last):  File "<frozen runpy>", line 198, in _run_module_as_main
  File "<frozen runpy>", line 88, in _run_code
  File "/scratch/user/ahnafalvi/matinvent-hcap-bo/src/cli.py", line 44, in <module>
    sys.exit(main())
  File "/scratch/user/ahnafalvi/matinvent-hcap-bo/src/cli.py", line 39, in main
    mod = importlib.import_module(_PHASES[args.phase])
  File "/scratch/user/ahnafalvi/envs/matinvent-hcap-fairchem/lib/python3.11/importlib/__init__.py", line 126, in import_module
    return _bootstrap._gcd_import(name[level:], package, level)
  File "/scratch/user/ahnafalvi/matinvent-hcap-bo/src/phases/oracle_3way.py", line 23, in <module>
    import pandas as pd
  File "/scratch/user/ahnafalvi/envs/matinvent-hcap-fairchem/lib/python3.11/site-packages/pandas/__init__.py", line 49, in <module>
    from pandas.core.api import (
  File "/scratch/user/ahnafalvi/envs/matinvent-hcap-fairchem/lib/python3.11/site-packages/pandas/core/api.py", line 28, in <module>
    from pandas.core.arrays import Categorical
  File "/scratch/user/ahnafalvi/envs/matinvent-hcap-fairchem/lib/python3.11/site-packages/pandas/core/arrays/__init__.py", line 1, in <module>
    from pandas.core.arrays.arrow import ArrowExtensionArray
  File "/scratch/user/ahnafalvi/envs/matinvent-hcap-fairchem/lib/python3.11/site-packages/pandas/core/arrays/arrow/__init__.py", line 5, in <module>
    from pandas.core.arrays.arrow.array import ArrowExtensionArray
  File "/scratch/user/ahnafalvi/envs/matinvent-hcap-fairchem/lib/python3.11/site-packages/pandas/core/arrays/arrow/array.py", line 53, in <module>
    from pandas.core import (
  File "/scratch/user/ahnafalvi/envs/matinvent-hcap-fairchem/lib/python3.11/site-packages/pandas/core/ops/__init__.py", line 8, in <module>
    from pandas.core.ops.array_ops import (
  File "/scratch/user/ahnafalvi/envs/matinvent-hcap-fairchem/lib/python3.11/site-packages/pandas/core/ops/array_ops.py", line 56, in <module>
    from pandas.core.computation import expressions
  File "/scratch/user/ahnafalvi/envs/matinvent-hcap-fairchem/lib/python3.11/site-packages/pandas/core/computation/expressions.py", line 21, in <module>
    from pandas.core.computation.check import NUMEXPR_INSTALLED
  File "/scratch/user/ahnafalvi/envs/matinvent-hcap-fairchem/lib/python3.11/site-packages/pandas/core/computation/check.py", line 5, in <module>
    ne = import_optional_dependency("numexpr", errors="warn")
  File "/scratch/user/ahnafalvi/envs/matinvent-hcap-fairchem/lib/python3.11/site-packages/pandas/compat/_optional.py", line 135, in import_optional_dependency
    module = importlib.import_module(name)
  File "/scratch/user/ahnafalvi/envs/matinvent-hcap-fairchem/lib/python3.11/importlib/__init__.py", line 126, in import_module
    return _bootstrap._gcd_import(name[level:], package, level)
  File "/home/ahnafalvi/.local/lib/python3.11/site-packages/numexpr/__init__.py", line 24, in <module>
    from numexpr.interpreter import MAX_THREADS, use_vml, __BLOCK_SIZE1__
AttributeError: _ARRAY_API not found
Traceback (most recent call last):
  File "<frozen runpy>", line 198, in _run_module_as_main
  File "<frozen runpy>", line 88, in _run_code
  File "/scratch/user/ahnafalvi/matinvent-hcap-bo/src/cli.py", line 44, in <module>
    sys.exit(main())
             ^^^^^^
  File "/scratch/user/ahnafalvi/matinvent-hcap-bo/src/cli.py", line 40, in main
    return int(mod.run(config_path=args.config, output_dir=args.output_dir) or 0)
               ^^^^^^^^^^^^^^^^^^^^^^^^^^^^^^^^^^^^^^^^^^^^^^^^^^^^^^^^^^^^
  File "/scratch/user/ahnafalvi/matinvent-hcap-bo/src/phases/oracle_3way.py", line 51, in run
    atoms_list, labels = _validation_pool()
                         ^^^^^^^^^^^^^^^^^^
  File "/scratch/user/ahnafalvi/matinvent-hcap-bo/src/phases/oracle_3way.py", line 37, in _validation_pool
    bulk("Al2O3", "fluorite", a=4.78),
    ^^^^^^^^^^^^^^^^^^^^^^^^^^^^^^^^^
  File "/scratch/user/ahnafalvi/envs/matinvent-hcap-fairchem/lib/python3.11/site-packages/ase/build/bulk.py", line 121, in bulk
    raise ValueError('Please specify {} for {} and not {}'
ValueError: Please specify 3 atoms for fluorite and not 5
