Phase 1 BASELINE (rl_epoch=10, exact MatInvent + LocalESEN) starting at Tue Apr 28 07:21:05 CDT 2026 on fc023
Tesla T4, 16384 MiB
MODELS_PROJECT_ROOT: /scratch/user/ahnafalvi/matinvent-bo/src/mattergen/mattergen
[2026-04-28 07:23:52,002][httpx][INFO] - HTTP Request: HEAD https://huggingface.co/jwchen25/MatInvent/resolve/main/reference_MP2020correction.gz "HTTP/1.1 302 Found"
[2026-04-28 07:24:18,853][httpx][INFO] - HTTP Request: HEAD https://huggingface.co/microsoft/mattergen/resolve/main/checkpoints/mattergen_base/checkpoints/last.ckpt "HTTP/1.1 302 Found"
[2026-04-28 07:24:18,953][httpx][INFO] - HTTP Request: HEAD https://huggingface.co/microsoft/mattergen/resolve/main/checkpoints/mattergen_base/config.yaml "HTTP/1.1 307 Temporary Redirect"
[2026-04-28 07:24:18,987][httpx][INFO] - HTTP Request: HEAD https://huggingface.co/api/resolve-cache/models/microsoft/mattergen/ea430eab64b80855029c2941b9fda15f245a771a/checkpoints%2Fmattergen_base%2Fconfig.yaml "HTTP/1.1 200 OK"
[2026-04-28 07:24:30,848][httpx][INFO] - HTTP Request: HEAD https://huggingface.co/microsoft/mattergen/resolve/main/checkpoints/mattergen_base/checkpoints/last.ckpt "HTTP/1.1 302 Found"
[2026-04-28 07:24:30,909][httpx][INFO] - HTTP Request: HEAD https://huggingface.co/microsoft/mattergen/resolve/main/checkpoints/mattergen_base/config.yaml "HTTP/1.1 307 Temporary Redirect"
[2026-04-28 07:24:30,921][httpx][INFO] - HTTP Request: HEAD https://huggingface.co/api/resolve-cache/models/microsoft/mattergen/ea430eab64b80855029c2941b9fda15f245a771a/checkpoints%2Fmattergen_base%2Fconfig.yaml "HTTP/1.1 200 OK"
[2026-04-28 07:24:34,302][root][INFO] - *****   RL START   *****
[2026-04-28 07:24:34,302][root][INFO] - *****   LOOP 0 START   *****
[2026-04-28 07:24:34,302][root][INFO] - SAMPLE:
[32m2026-04-28 07:48:17.157[0m | [1mINFO    [0m | [36mmattersim.forcefield.potential[0m:[36mfrom_checkpoint[0m:[36m891[0m - [1mLoading the pre-trained mattersim-v1.0.0-5M.pth model[0m
[2026-04-28 08:00:34,125][root][INFO] - Number of filtered samples: 30
[2026-04-28 08:00:34,158][root][INFO] - avg_energy_above_hull_per_atom: 0.067643, avg_rmsd_from_relaxation: 0.037201, frac_novel_unique_stable_structures: 0.526316, frac_stable_structures: 0.877193, frac_successful_jobs: 1.000000, avg_comp_validity: 1.000000, avg_structure_comp_validity: 1.000000, avg_structure_validity: 1.000000, frac_novel_structures: 0.649123, frac_novel_systems: 0.087719, frac_novel_unique_structures: 0.649123, frac_unique_structures: 1.000000, frac_unique_systems: 1.000000, precision: 0.350877, recall: 0.000077
[2026-04-28 08:00:34,187][root][INFO] - SCORE:
[2026-04-28 08:00:43,043][root][INFO] - Project root: /scratch/user/ahnafalvi/envs/matinvent-hcap-bo/lib/python3.10/site-packages/fairchem
[2026-04-28 08:01:03,316][root][INFO] - Checking local cache: /scratch/user/ahnafalvi/.cache/huggingface for model eSEN-30M-OAM
[2026-04-28 08:01:03,466][httpx][INFO] - HTTP Request: HEAD https://huggingface.co/facebook/OMAT24/resolve/main/esen_30m_oam.pt "HTTP/1.1 302 Found"
[2026-04-28 08:01:06,388][root][INFO] - local rank base: 0
[2026-04-28 08:01:06,513][root][INFO] - amp: false
cmd:
  checkpoint_dir: /scratch/user/ahnafalvi/matinvent-hcap-bo/results/hcap_p1_baseline_2999707/checkpoints/2026-04-28-08-00-48
  commit: core:None,experimental:NA
  identifier: ''
  logs_dir: /scratch/user/ahnafalvi/matinvent-hcap-bo/results/hcap_p1_baseline_2999707/logs/wandb/2026-04-28-08-00-48
  print_every: 100
  results_dir: /scratch/user/ahnafalvi/matinvent-hcap-bo/results/hcap_p1_baseline_2999707/results/2026-04-28-08-00-48
  seed: null
  timestamp_id: 2026-04-28-08-00-48
  version: 1.10.0
dataset:
  a2g_args:
    r_energy: true
    r_forces: true
    r_stress: true
  format: ase_db
  metadata_path: ''
  transforms:
    element_references: ''
    normalizer:
      energy:
        mean: 0.0
        stdev: 0.6274358
      forces:
        mean: 0.0
        stdev: 0.6274358
      stress:
        mean: 0.0
        stdev: 0.6274358
evaluation_metrics:
  metrics:
    energy:
    - mae
    - per_atom_mae
    forces:
    - mae
    - cosine_similarity
    stress:
    - mae
  primary_metric: forces_mae
gp_gpus: null
gpus: 1
logger: wandb
loss_functions:
- energy:
    coefficient: 20
    fn: per_atom_mae
- forces:
    coefficient: 20
    fn: l2mae
- stress:
    coefficient: 5
    fn: mae
model:
  backbone:
    act_type: gate
    cutoff: 6.0
    direct_forces: false
    distance_function: gaussian
    edge_channels: 128
    hidden_channels: 128
    lmax: 3
    max_neighbors: 300
    max_num_elements: 100
    mlp_type: spectral
    mmax: 2
    model: esen_backbone
    norm_type: rms_norm_sh
    num_distance_basis: 64
    num_layers: 10
    otf_graph: true
    regress_forces: true
    regress_stress: true
    sphere_channels: 128
    use_envelope: true
    use_pbc: true
    use_pbc_single: true
  heads:
    mptrj:
      module: esen_mlp_efs_head
  name: hydra
  otf_graph: true
  pass_through_head_outputs: true
optim:
  batch_size: 4
  clip_grad_norm: 100
  ema_decay: 0.999
  eval_batch_size: 4
  eval_every: 5000
  load_balancing: atoms
  lr_initial: 0.0004
  max_epochs: 1
  num_workers: 4
  optimizer: AdamW
  optimizer_params:
    weight_decay: 0.001
  scheduler: LambdaLR
  scheduler_params:
    epochs: 85271
    lambda_type: cosine
    lr: 0.0004
    lr_min_factor: 0.1
    warmup_epochs: 8527
    warmup_factor: 0.2
outputs:
  energy:
    level: system
    property: energy
  forces:
    eval_on_free_atoms: true
    level: atom
    property: forces
    train_on_free_atoms: true
  stress:
    level: system
    property: stress
relax_dataset: {}
slurm: {}
task: {}
test_dataset: {}
trainer: ocp
val_dataset: {}

[2026-04-28 08:01:06,513][root][INFO] - Loading model: hydra
[2026-04-28 08:01:08,571][root][INFO] - Loaded HydraModel with 30161153 parameters.
[2026-04-28 08:01:08,571][root][INFO] - Loading checkpoint in inference-only mode, not loading keys associated with trainer state!
[2026-04-28 08:01:08,609][root][WARNING] - No seed has been set in modelcheckpoint or OCPCalculator! Results may not be reproducible on re-run
