Phase 1 BASELINE (rl_epoch=10, exact MatInvent + LocalESEN) starting at Tue Apr 28 08:08:52 CDT 2026 on fc101
Tesla T4, 16384 MiB
MODELS_PROJECT_ROOT: /scratch/user/ahnafalvi/matinvent-bo/src/mattergen/mattergen
[2026-04-28 08:12:08,265][httpx][INFO] - HTTP Request: HEAD https://huggingface.co/jwchen25/MatInvent/resolve/main/reference_MP2020correction.gz "HTTP/1.1 302 Found"
[2026-04-28 08:12:52,478][httpx][INFO] - HTTP Request: HEAD https://huggingface.co/microsoft/mattergen/resolve/main/checkpoints/mattergen_base/checkpoints/last.ckpt "HTTP/1.1 302 Found"
[2026-04-28 08:12:52,584][httpx][INFO] - HTTP Request: HEAD https://huggingface.co/microsoft/mattergen/resolve/main/checkpoints/mattergen_base/config.yaml "HTTP/1.1 307 Temporary Redirect"
[2026-04-28 08:12:52,596][httpx][INFO] - HTTP Request: HEAD https://huggingface.co/api/resolve-cache/models/microsoft/mattergen/ea430eab64b80855029c2941b9fda15f245a771a/checkpoints%2Fmattergen_base%2Fconfig.yaml "HTTP/1.1 200 OK"
[2026-04-28 08:13:03,864][httpx][INFO] - HTTP Request: HEAD https://huggingface.co/microsoft/mattergen/resolve/main/checkpoints/mattergen_base/checkpoints/last.ckpt "HTTP/1.1 302 Found"
[2026-04-28 08:13:03,923][httpx][INFO] - HTTP Request: HEAD https://huggingface.co/microsoft/mattergen/resolve/main/checkpoints/mattergen_base/config.yaml "HTTP/1.1 307 Temporary Redirect"
[2026-04-28 08:13:03,935][httpx][INFO] - HTTP Request: HEAD https://huggingface.co/api/resolve-cache/models/microsoft/mattergen/ea430eab64b80855029c2941b9fda15f245a771a/checkpoints%2Fmattergen_base%2Fconfig.yaml "HTTP/1.1 200 OK"
[2026-04-28 08:13:07,113][root][INFO] - *****   RL START   *****
[2026-04-28 08:13:07,113][root][INFO] - *****   LOOP 0 START   *****
[2026-04-28 08:13:07,114][root][INFO] - SAMPLE:
[32m2026-04-28 08:38:57.946[0m | [1mINFO    [0m | [36mmattersim.forcefield.potential[0m:[36mfrom_checkpoint[0m:[36m891[0m - [1mLoading the pre-trained mattersim-v1.0.0-5M.pth model[0m
[2026-04-28 08:49:11,069][root][INFO] - Number of filtered samples: 21
[2026-04-28 08:49:11,088][root][INFO] - avg_energy_above_hull_per_atom: 0.076092, avg_rmsd_from_relaxation: 0.050310, frac_novel_unique_stable_structures: 0.396226, frac_stable_structures: 0.698113, frac_successful_jobs: 1.000000, avg_comp_validity: 1.000000, avg_structure_comp_validity: 1.000000, avg_structure_validity: 1.000000, frac_novel_structures: 0.698113, frac_novel_systems: 0.113208, frac_novel_unique_structures: 0.698113, frac_unique_structures: 1.000000, frac_unique_systems: 1.000000, precision: 0.301887, recall: 0.000039
[2026-04-28 08:49:11,098][root][INFO] - SCORE:
[2026-04-28 08:49:20,939][root][INFO] - Project root: /scratch/user/ahnafalvi/envs/matinvent-hcap-bo/lib/python3.10/site-packages/fairchem
[2026-04-28 08:49:42,813][root][INFO] - Checking local cache: /scratch/user/ahnafalvi/.cache/huggingface for model eSEN-30M-OAM
[2026-04-28 08:49:43,644][httpx][INFO] - HTTP Request: HEAD https://huggingface.co/facebook/OMAT24/resolve/main/esen_30m_oam.pt "HTTP/1.1 302 Found"
[2026-04-28 08:49:46,491][root][INFO] - local rank base: 0
[2026-04-28 08:49:46,766][root][INFO] - amp: false
cmd:
  checkpoint_dir: /scratch/user/ahnafalvi/matinvent-hcap-bo/results/hcap_p1_baseline_2999710/checkpoints/2026-04-28-08-49-52
  commit: core:None,experimental:NA
  identifier: ''
  logs_dir: /scratch/user/ahnafalvi/matinvent-hcap-bo/results/hcap_p1_baseline_2999710/logs/wandb/2026-04-28-08-49-52
  print_every: 100
  results_dir: /scratch/user/ahnafalvi/matinvent-hcap-bo/results/hcap_p1_baseline_2999710/results/2026-04-28-08-49-52
  seed: null
  timestamp_id: 2026-04-28-08-49-52
  version: 1.10.0
dataset:
  a2g_args:
    r_energy: true
    r_forces: true
    r_stress: true
  format: ase_db
  metadata_path: ''
  transforms:
    element_references: ''
    normalizer:
      energy:
        mean: 0.0
        stdev: 0.6274358
      forces:
        mean: 0.0
        stdev: 0.6274358
      stress:
        mean: 0.0
        stdev: 0.6274358
evaluation_metrics:
  metrics:
    energy:
    - mae
    - per_atom_mae
    forces:
    - mae
    - cosine_similarity
    stress:
    - mae
  primary_metric: forces_mae
gp_gpus: null
gpus: 1
logger: wandb
loss_functions:
- energy:
    coefficient: 20
    fn: per_atom_mae
- forces:
    coefficient: 20
    fn: l2mae
- stress:
    coefficient: 5
    fn: mae
model:
  backbone:
    act_type: gate
    cutoff: 6.0
    direct_forces: false
    distance_function: gaussian
    edge_channels: 128
    hidden_channels: 128
    lmax: 3
    max_neighbors: 300
    max_num_elements: 100
    mlp_type: spectral
    mmax: 2
    model: esen_backbone
    norm_type: rms_norm_sh
    num_distance_basis: 64
    num_layers: 10
    otf_graph: true
    regress_forces: true
    regress_stress: true
    sphere_channels: 128
    use_envelope: true
    use_pbc: true
    use_pbc_single: true
  heads:
    mptrj:
      module: esen_mlp_efs_head
  name: hydra
  otf_graph: true
  pass_through_head_outputs: true
optim:
  batch_size: 4
  clip_grad_norm: 100
  ema_decay: 0.999
  eval_batch_size: 4
  eval_every: 5000
  load_balancing: atoms
  lr_initial: 0.0004
  max_epochs: 1
  num_workers: 4
  optimizer: AdamW
  optimizer_params:
    weight_decay: 0.001
  scheduler: LambdaLR
  scheduler_params:
    epochs: 85271
    lambda_type: cosine
    lr: 0.0004
    lr_min_factor: 0.1
    warmup_epochs: 8527
    warmup_factor: 0.2
outputs:
  energy:
    level: system
    property: energy
  forces:
    eval_on_free_atoms: true
    level: atom
    property: forces
    train_on_free_atoms: true
  stress:
    level: system
    property: stress
relax_dataset: {}
slurm: {}
task: {}
test_dataset: {}
trainer: ocp
val_dataset: {}

[2026-04-28 08:49:46,766][root][INFO] - Loading model: hydra
[2026-04-28 08:49:49,428][root][INFO] - Loaded HydraModel with 30161153 parameters.
[2026-04-28 08:49:49,429][root][INFO] - Loading checkpoint in inference-only mode, not loading keys associated with trainer state!
[2026-04-28 08:49:49,462][root][WARNING] - No seed has been set in modelcheckpoint or OCPCalculator! Results may not be reproducible on re-run
[2026-04-28 09:03:27,806][root][INFO] - Evaluation costs to date: 16
[2026-04-28 09:03:27,807][root][INFO] - Number of samples that successfully obtained rewards: 7
[2026-04-28 09:03:27,808][root][INFO] - reward mean=0.0180 std=0.0230
[2026-04-28 09:03:27,808][root][INFO] - heat_capacity mean=0.2333 std=0.0825
[2026-04-28 09:03:28,793][root][INFO] - 7 crystals generated so far, 7 unique components.  Burden: None, Div. Ratio: 1.0.
[2026-04-28 09:03:28,848][root][INFO] - Diversity filter: tol_n=0, buff_n=0
[2026-04-28 09:03:28,851][root][INFO] - replay buffer size=0
[2026-04-28 09:03:28,860][root][INFO] - buffer reward mean=nan
[2026-04-28 09:03:28,860][root][INFO] - FINETUNE:
[2026-04-28 09:09:00,173][root][INFO] - Epoch 0: loss: 0.0074, loss_diff: 0.0072, loss_kl: 0.0083
[2026-04-28 09:14:51,202][root][INFO] - Epoch 1: loss: 0.0074, loss_diff: 0.0068, loss_kl: 0.0221
[2026-04-28 09:20:18,980][root][INFO] - Epoch 2: loss: 0.0093, loss_diff: 0.0070, loss_kl: 0.0926
[2026-04-28 09:20:18,987][root][INFO] - *****   LOOP 0 FINISH   *****
[2026-04-28 09:20:18,987][root][INFO] - Total time taken: 67.20 min.


[2026-04-28 09:20:18,988][root][INFO] - *****   LOOP 1 START   *****
[2026-04-28 09:20:18,988][root][INFO] - SAMPLE:
[32m2026-04-28 09:42:08.942[0m | [1mINFO    [0m | [36mmattersim.forcefield.potential[0m:[36mfrom_checkpoint[0m:[36m891[0m - [1mLoading the pre-trained mattersim-v1.0.0-5M.pth model[0m
[2026-04-28 09:43:10,759][root][INFO] - Number of filtered samples: 18
[2026-04-28 09:43:10,778][root][INFO] - avg_energy_above_hull_per_atom: 0.070478, avg_rmsd_from_relaxation: 0.041366, frac_novel_unique_stable_structures: 0.310345, frac_stable_structures: 0.775862, frac_successful_jobs: 1.000000, avg_comp_validity: 1.000000, avg_structure_comp_validity: 1.000000, avg_structure_validity: 1.000000, frac_novel_structures: 0.534483, frac_novel_systems: 0.120690, frac_novel_unique_structures: 0.534483, frac_unique_structures: 1.000000, frac_unique_systems: 1.000000, precision: 0.465517, recall: 0.000052
[2026-04-28 09:43:10,787][root][INFO] - SCORE:
[2026-04-28 10:03:06,557][root][INFO] - Evaluation costs to date: 32
[2026-04-28 10:03:06,612][root][INFO] - Number of samples that successfully obtained rewards: 10
[2026-04-28 10:03:06,629][root][INFO] - reward mean=0.0097 std=0.0122
[2026-04-28 10:03:06,629][root][INFO] - heat_capacity mean=0.2324 std=0.0567
[2026-04-28 10:03:07,963][root][INFO] - 17 crystals generated so far, 17 unique components.  Burden: None, Div. Ratio: 1.0.
[2026-04-28 10:03:08,207][root][INFO] - Diversity filter: tol_n=0, buff_n=0
[2026-04-28 10:03:08,257][root][INFO] - replay buffer size=0
[2026-04-28 10:03:08,258][root][INFO] - buffer reward mean=nan
[2026-04-28 10:03:08,258][root][INFO] - FINETUNE:
[2026-04-28 10:08:39,005][root][INFO] - Epoch 0: loss: 0.0071, loss_diff: 0.0048, loss_kl: 0.0915
[2026-04-28 10:14:11,658][root][INFO] - Epoch 1: loss: 0.0133, loss_diff: 0.0047, loss_kl: 0.3442
[2026-04-28 10:19:44,026][root][INFO] - Epoch 2: loss: 0.0446, loss_diff: 0.0047, loss_kl: 1.5950
[2026-04-28 10:19:44,049][root][INFO] - *****   LOOP 1 FINISH   *****
[2026-04-28 10:19:44,050][root][INFO] - Total time taken: 59.42 min.


[2026-04-28 10:19:44,050][root][INFO] - *****   LOOP 2 START   *****
[2026-04-28 10:19:44,050][root][INFO] - SAMPLE:
[32m2026-04-28 10:42:08.086[0m | [1mINFO    [0m | [36mmattersim.forcefield.potential[0m:[36mfrom_checkpoint[0m:[36m891[0m - [1mLoading the pre-trained mattersim-v1.0.0-5M.pth model[0m
[2026-04-28 10:42:48,654][root][INFO] - Number of filtered samples: 18
[2026-04-28 10:42:48,686][root][INFO] - avg_energy_above_hull_per_atom: 0.071649, avg_rmsd_from_relaxation: 0.060047, frac_novel_unique_stable_structures: 0.321429, frac_stable_structures: 0.803571, frac_successful_jobs: 1.000000, avg_comp_validity: 1.000000, avg_structure_comp_validity: 1.000000, avg_structure_validity: 1.000000, frac_novel_structures: 0.482143, frac_novel_systems: 0.071429, frac_novel_unique_structures: 0.482143, frac_unique_structures: 1.000000, frac_unique_systems: 1.000000, precision: 0.517857, recall: 0.000052
[2026-04-28 10:42:48,695][root][INFO] - SCORE:
[2026-04-28 10:53:47,826][root][INFO] - Evaluation costs to date: 48
[2026-04-28 10:53:47,957][root][INFO] - Number of samples that successfully obtained rewards: 10
[2026-04-28 10:53:47,973][root][INFO] - reward mean=0.0345 std=0.0679
[2026-04-28 10:53:47,973][root][INFO] - heat_capacity mean=0.2588 std=0.1483
[2026-04-28 10:53:49,390][root][INFO] - 27 crystals generated so far, 27 unique components.  Burden: None, Div. Ratio: 1.0.
[2026-04-28 10:53:49,652][root][INFO] - Diversity filter: tol_n=0, buff_n=0
[2026-04-28 10:53:49,709][root][INFO] - replay buffer size=2
[2026-04-28 10:53:49,709][root][INFO] - buffer reward mean=0.16740424031874587
[2026-04-28 10:53:49,709][root][INFO] - FINETUNE:
[2026-04-28 11:00:31,379][root][INFO] - Epoch 0: loss: 0.0287, loss_diff: 0.0229, loss_kl: 0.2308
[2026-04-28 11:07:03,923][root][INFO] - Epoch 1: loss: 0.0327, loss_diff: 0.0224, loss_kl: 0.4120
[2026-04-28 11:13:33,143][root][INFO] - Epoch 2: loss: 0.0370, loss_diff: 0.0210, loss_kl: 0.6374
[2026-04-28 11:13:33,213][root][INFO] - *****   LOOP 2 FINISH   *****
[2026-04-28 11:13:33,213][root][INFO] - Total time taken: 53.82 min.


[2026-04-28 11:13:33,214][root][INFO] - *****   LOOP 3 START   *****
[2026-04-28 11:13:33,214][root][INFO] - SAMPLE:
[32m2026-04-28 11:36:34.745[0m | [1mINFO    [0m | [36mmattersim.forcefield.potential[0m:[36mfrom_checkpoint[0m:[36m891[0m - [1mLoading the pre-trained mattersim-v1.0.0-5M.pth model[0m
[2026-04-28 11:37:30,896][root][INFO] - Number of filtered samples: 21
[2026-04-28 11:37:30,917][root][INFO] - avg_energy_above_hull_per_atom: 0.069796, avg_rmsd_from_relaxation: 0.034303, frac_novel_unique_stable_structures: 0.388889, frac_stable_structures: 0.833333, frac_successful_jobs: 1.000000, avg_comp_validity: 1.000000, avg_structure_comp_validity: 1.000000, avg_structure_validity: 1.000000, frac_novel_structures: 0.518519, frac_novel_systems: 0.037037, frac_novel_unique_structures: 0.518519, frac_unique_structures: 1.000000, frac_unique_systems: 1.000000, precision: 0.481481, recall: 0.000078
[2026-04-28 11:37:30,927][root][INFO] - SCORE:
[2026-04-28 12:07:13,619][root][INFO] - Evaluation costs to date: 64
[2026-04-28 12:07:13,854][root][INFO] - Number of samples that successfully obtained rewards: 7
[2026-04-28 12:07:13,859][root][INFO] - reward mean=0.0105 std=0.0258
[2026-04-28 12:07:13,859][root][INFO] - heat_capacity mean=0.2108 std=0.0735
[2026-04-28 12:07:16,550][root][INFO] - 34 crystals generated so far, 34 unique components.  Burden: None, Div. Ratio: 1.0.
[2026-04-28 12:07:16,762][root][INFO] - Diversity filter: tol_n=0, buff_n=0
[2026-04-28 12:07:16,785][root][INFO] - replay buffer size=2
[2026-04-28 12:07:16,785][root][INFO] - buffer reward mean=0.16740424031874587
[2026-04-28 12:07:16,786][root][INFO] - FINETUNE:
[2026-04-28 12:18:50,391][root][INFO] - Epoch 0: loss: 0.0315, loss_diff: 0.0202, loss_kl: 0.4529
[2026-04-28 12:26:38,436][root][INFO] - Epoch 1: loss: 0.0372, loss_diff: 0.0200, loss_kl: 0.6871
[2026-04-28 12:39:33,647][root][INFO] - Epoch 2: loss: 0.0428, loss_diff: 0.0191, loss_kl: 0.9480
[2026-04-28 12:39:34,108][root][INFO] - *****   LOOP 3 FINISH   *****
[2026-04-28 12:39:34,108][root][INFO] - Total time taken: 86.01 min.


[2026-04-28 12:39:34,162][root][INFO] - *****   LOOP 4 START   *****
[2026-04-28 12:39:34,162][root][INFO] - SAMPLE:
[32m2026-04-28 13:06:22.054[0m | [1mINFO    [0m | [36mmattersim.forcefield.potential[0m:[36mfrom_checkpoint[0m:[36m891[0m - [1mLoading the pre-trained mattersim-v1.0.0-5M.pth model[0m
[2026-04-28 13:07:32,302][root][INFO] - Number of filtered samples: 29
[2026-04-28 13:07:32,417][root][INFO] - avg_energy_above_hull_per_atom: 0.067648, avg_rmsd_from_relaxation: 0.080145, frac_novel_unique_stable_structures: 0.517857, frac_stable_structures: 0.803571, frac_successful_jobs: 1.000000, avg_comp_validity: 1.000000, avg_structure_comp_validity: 1.000000, avg_structure_validity: 1.000000, frac_novel_structures: 0.696429, frac_novel_systems: 0.107143, frac_novel_unique_structures: 0.696429, frac_unique_structures: 1.000000, frac_unique_systems: 1.000000, precision: 0.303571, recall: 0.000026
[2026-04-28 13:07:32,427][root][INFO] - SCORE:
[2026-04-28 13:28:30,376][root][INFO] - Evaluation costs to date: 80
[2026-04-28 13:28:30,550][root][INFO] - Number of samples that successfully obtained rewards: 10
[2026-04-28 13:28:30,569][root][INFO] - reward mean=0.0834 std=0.0981
[2026-04-28 13:28:30,570][root][INFO] - heat_capacity mean=0.3691 std=0.1961
[2026-04-28 13:28:32,360][root][INFO] - 44 crystals generated so far, 44 unique components.  Burden: None, Div. Ratio: 1.0.
[2026-04-28 13:28:32,565][root][INFO] - Diversity filter: tol_n=0, buff_n=0
[2026-04-28 13:28:32,764][root][INFO] - replay buffer size=6
[2026-04-28 13:28:32,765][root][INFO] - buffer reward mean=0.1862629353149273
[2026-04-28 13:28:32,765][root][INFO] - FINETUNE:
[2026-04-28 13:39:17,104][root][INFO] - Epoch 0: loss: 0.0682, loss_diff: 0.0617, loss_kl: 0.2600
[2026-04-28 13:49:37,184][root][INFO] - Epoch 1: loss: 0.0754, loss_diff: 0.0579, loss_kl: 0.7004
[2026-04-28 13:59:43,072][root][INFO] - Epoch 2: loss: 0.1147, loss_diff: 0.0568, loss_kl: 2.3179
[2026-04-28 13:59:43,959][root][INFO] - *****   LOOP 4 FINISH   *****
[2026-04-28 13:59:43,975][root][INFO] - Total time taken: 80.16 min.


[2026-04-28 13:59:43,991][root][INFO] - *****   LOOP 5 START   *****
[2026-04-28 13:59:43,991][root][INFO] - SAMPLE:
[32m2026-04-28 14:23:27.474[0m | [1mINFO    [0m | [36mmattersim.forcefield.potential[0m:[36mfrom_checkpoint[0m:[36m891[0m - [1mLoading the pre-trained mattersim-v1.0.0-5M.pth model[0m
[2026-04-28 14:24:46,725][root][INFO] - Number of filtered samples: 24
[2026-04-28 14:24:51,724][root][INFO] - avg_energy_above_hull_per_atom: 0.109333, avg_rmsd_from_relaxation: 0.044491, frac_novel_unique_stable_structures: 0.406780, frac_stable_structures: 0.745763, frac_successful_jobs: 1.000000, avg_comp_validity: 1.000000, avg_structure_comp_validity: 1.000000, avg_structure_validity: 1.000000, frac_novel_structures: 0.644068, frac_novel_systems: 0.084746, frac_novel_unique_structures: 0.644068, frac_unique_structures: 1.000000, frac_unique_systems: 1.000000, precision: 0.355932, recall: 0.000039
[2026-04-28 14:24:51,755][root][INFO] - SCORE:
[2026-04-28 14:41:51,714][root][INFO] - Evaluation costs to date: 96
[2026-04-28 14:41:51,917][root][INFO] - Number of samples that successfully obtained rewards: 8
[2026-04-28 14:41:51,944][root][INFO] - reward mean=0.0116 std=0.0124
[2026-04-28 14:41:51,944][root][INFO] - heat_capacity mean=0.2399 std=0.0553
[2026-04-28 14:41:53,490][root][INFO] - 52 crystals generated so far, 52 unique components.  Burden: None, Div. Ratio: 1.0.
[2026-04-28 14:41:53,708][root][INFO] - Diversity filter: tol_n=0, buff_n=0
[2026-04-28 14:41:53,884][root][INFO] - replay buffer size=6
[2026-04-28 14:41:53,884][root][INFO] - buffer reward mean=0.1862629353149273
[2026-04-28 14:41:53,884][root][INFO] - FINETUNE:
[2026-04-28 14:55:58,387][root][INFO] - Epoch 0: loss: 0.0507, loss_diff: 0.0409, loss_kl: 0.3909
[2026-04-28 15:15:17,585][root][INFO] - Epoch 1: loss: 0.0549, loss_diff: 0.0401, loss_kl: 0.5918
[2026-04-28 15:29:23,027][root][INFO] - Epoch 2: loss: 0.0874, loss_diff: 0.0393, loss_kl: 1.9257
[2026-04-28 15:29:23,736][root][INFO] - *****   LOOP 5 FINISH   *****
[2026-04-28 15:29:23,772][root][INFO] - Total time taken: 89.66 min.


[2026-04-28 15:29:23,789][root][INFO] - *****   LOOP 6 START   *****
[2026-04-28 15:29:23,789][root][INFO] - SAMPLE:
[32m2026-04-28 15:54:58.128[0m | [1mINFO    [0m | [36mmattersim.forcefield.potential[0m:[36mfrom_checkpoint[0m:[36m891[0m - [1mLoading the pre-trained mattersim-v1.0.0-5M.pth model[0m
[2026-04-28 15:58:48,610][root][INFO] - Number of filtered samples: 28
[2026-04-28 15:58:48,642][root][INFO] - avg_energy_above_hull_per_atom: 0.076132, avg_rmsd_from_relaxation: 0.032885, frac_novel_unique_stable_structures: 0.518519, frac_stable_structures: 0.888889, frac_successful_jobs: 1.000000, avg_comp_validity: 1.000000, avg_structure_comp_validity: 1.000000, avg_structure_validity: 1.000000, frac_novel_structures: 0.629630, frac_novel_systems: 0.092593, frac_novel_unique_structures: 0.629630, frac_unique_structures: 1.000000, frac_unique_systems: 1.000000, precision: 0.370370, recall: 0.000041
[2026-04-28 15:58:48,652][root][INFO] - SCORE:
[2026-04-28 16:38:47,205][root][INFO] - Evaluation costs to date: 112
[2026-04-28 16:38:47,498][root][INFO] - Number of samples that successfully obtained rewards: 11
[2026-04-28 16:38:47,601][root][INFO] - reward mean=0.0669 std=0.1253
[2026-04-28 16:38:47,601][root][INFO] - heat_capacity mean=0.3468 std=0.2319
[2026-04-28 16:40:59,096][root][INFO] - 63 crystals generated so far, 63 unique components.  Burden: None, Div. Ratio: 1.0.
[2026-04-28 16:41:04,683][root][INFO] - Diversity filter: tol_n=0, buff_n=0
[2026-04-28 16:41:04,758][root][INFO] - replay buffer size=8
[2026-04-28 16:41:04,758][root][INFO] - buffer reward mean=0.21679929078841897
[2026-04-28 16:41:04,758][root][INFO] - FINETUNE:
[2026-04-28 17:12:19,237][root][INFO] - Epoch 0: loss: 0.0630, loss_diff: 0.0592, loss_kl: 0.1485
[2026-04-28 17:28:00,070][root][INFO] - Epoch 1: loss: 0.0658, loss_diff: 0.0574, loss_kl: 0.3379
[2026-04-28 17:40:23,747][root][INFO] - Epoch 2: loss: 0.0914, loss_diff: 0.0570, loss_kl: 1.3759
[2026-04-28 17:40:23,980][root][INFO] - *****   LOOP 6 FINISH   *****
[2026-04-28 17:40:23,981][root][INFO] - Total time taken: 131.00 min.


[2026-04-28 17:40:23,981][root][INFO] - *****   LOOP 7 START   *****
[2026-04-28 17:40:23,981][root][INFO] - SAMPLE:
[32m2026-04-28 18:04:35.927[0m | [1mINFO    [0m | [36mmattersim.forcefield.potential[0m:[36mfrom_checkpoint[0m:[36m891[0m - [1mLoading the pre-trained mattersim-v1.0.0-5M.pth model[0m
[2026-04-28 18:05:30,313][root][INFO] - Number of filtered samples: 19
[2026-04-28 18:05:30,403][root][INFO] - avg_energy_above_hull_per_atom: 0.076539, avg_rmsd_from_relaxation: 0.029594, frac_novel_unique_stable_structures: 0.365385, frac_stable_structures: 0.769231, frac_successful_jobs: 1.000000, avg_comp_validity: 1.000000, avg_structure_comp_validity: 1.000000, avg_structure_validity: 1.000000, frac_novel_structures: 0.538462, frac_novel_systems: 0.038462, frac_novel_unique_structures: 0.538462, frac_unique_structures: 1.000000, frac_unique_systems: 1.000000, precision: 0.461538, recall: 0.000063
[2026-04-28 18:05:30,420][root][INFO] - SCORE:
[2026-04-28 18:28:32,786][root][INFO] - Evaluation costs to date: 128
[2026-04-28 18:28:33,037][root][INFO] - Number of samples that successfully obtained rewards: 6
[2026-04-28 18:28:33,058][root][INFO] - reward mean=0.0000 std=0.0000
[2026-04-28 18:28:33,058][root][INFO] - heat_capacity mean=0.1916 std=0.0270
[2026-04-28 18:28:34,604][root][INFO] - 69 crystals generated so far, 69 unique components.  Burden: None, Div. Ratio: 1.0.
[2026-04-28 18:28:34,903][root][INFO] - Diversity filter: tol_n=0, buff_n=0
[2026-04-28 18:28:35,054][root][INFO] - replay buffer size=8
[2026-04-28 18:28:35,054][root][INFO] - buffer reward mean=0.21679929078841897
[2026-04-28 18:28:35,054][root][INFO] - FINETUNE:
[2026-04-28 18:45:08,340][root][INFO] - Epoch 0: loss: 0.0585, loss_diff: 0.0533, loss_kl: 0.2069
[2026-04-28 19:00:20,747][root][INFO] - Epoch 1: loss: 0.0657, loss_diff: 0.0521, loss_kl: 0.5435
[2026-04-28 19:15:42,750][root][INFO] - Epoch 2: loss: 0.0992, loss_diff: 0.0515, loss_kl: 1.9048
[2026-04-28 19:15:42,846][root][INFO] - *****   LOOP 7 FINISH   *****
[2026-04-28 19:15:42,847][root][INFO] - Total time taken: 95.31 min.


[2026-04-28 19:15:42,847][root][INFO] - *****   LOOP 8 START   *****
[2026-04-28 19:15:42,847][root][INFO] - SAMPLE:
