================================================================
Phase-2 ablation: backend=crysbfn  cycles=10  batch=64  K=8
  output_dir = /scratch/user/ahnafalvi/matinvent-hcap-bo/results/p2_crysbfn_3001429
  node       = fc101
  start      = Wed Apr 29 19:33:13 CDT 2026
================================================================
Tesla T4, 16384 MiB
merged config saved to /scratch/user/ahnafalvi/matinvent-hcap-bo/results/p2_crysbfn_3001429/config_merged.yaml
[phase2] device=cuda
[phase2] using diffusion adapter: remote::crysbfn
[phase2] pool source = adapter; cycles=10, B'=64, K=8, τ₀=0.050
[HCapOracle_eSEN] all results NaN — runner stderr (tail):
lancing: atoms
  lr_initial: 0.0004
  max_epochs: 1
  num_workers: 4
  optimizer: AdamW
  optimizer_params:
    weight_decay: 0.001
  scheduler: LambdaLR
  scheduler_params:
    epochs: 85271
    lambda_type: cosine
    lr: 0.0004
    lr_min_factor: 0.1
    warmup_epochs: 8527
    warmup_factor: 0.2
outputs:
  energy:
    level: system
    property: energy
  forces:
    eval_on_free_atoms: true
    level: atom
    property: forces
    train_on_free_atoms: true
  stress:
    level: system
    property: stress
relax_dataset: {}
slurm: {}
task: {}
test_dataset: {}
trainer: ocp
val_dataset: {}

INFO:root:Loading model: hydra
/scratch/user/ahnafalvi/envs/matinvent-hcap-fairchem/lib/python3.11/site-packages/fairchem/core/models/esen/esen.py:91: FutureWarning: You are using `torch.load` with `weights_only=False` (the current default value), which uses the default pickle module implicitly. It is possible to construct malicious pickle data which will execute arbitrary code during unpickling (See https://github.com/pytorch/pytorch/blob/main/SECURITY.md#untrusted-models for more details). In a future release, the default value for `weights_only` will be flipped to `True`. This limits the functions that could be executed during unpickling. Arbitrary objects will no longer be allowed to be loaded via this mode unless they are explicitly allowlisted by the user via `torch.serialization.add_safe_globals`. We recommend you start setting `weights_only=True` for any use case where you don't have full control of the loaded file. Please open an issue on GitHub for any issues related to this experimental feature.
  Jd_list = torch.load(os.path.join(os.path.dirname(__file__), "Jd.pt"))
INFO:root:Loaded HydraModel with 30161153 parameters.
INFO:root:Loading checkpoint in inference-only mode, not loading keys associated with trainer state!
WARNING:root:No seed has been set in modelcheckpoint or OCPCalculator! Results may not be reproducible on re-run
/scratch/user/ahnafalvi/matinvent-hcap-bo/src/runners/run_esen.py:79: DeprecationWarning: Use FrechetCellFilter for better convergence w.r.t. cell variables.
  opt = FIRE(ExpCellFilter(a), logfile=None)
[esen] imaginary modes detected
[esen] imaginary modes detected
[esen] imaginary modes detected
[esen] imaginary modes detected
[esen] imaginary modes detected
[esen] imaginary modes detected
[esen] relax failed: CUDA out of memory. Tried to allocate 13.26 GiB. GPU 0 has a total capacity of 15.56 GiB of which 798.62 MiB is free. Process 246468 has 800.00 MiB memory in use. Including non-PyTorch memory, this process has 13.99 GiB memory in use. Of the allocated memory 13.80 GiB is allocated by PyTorch, and 26.14 MiB is reserved by PyTorch but unallocated. If reserved but unallocated memory is large try setting PYTORCH_CUDA_ALLOC_CONF=expandable_segments:True to avoid fragmentation.  See documentation for Memory Management  (https://pytorch.org/docs/stable/notes/cuda.html#environment-variables)
[esen] imaginary modes detected

[phase2] cycle 00  oracled= 8/8  ltm=  0  reward μ=0.000  τ=0.050  anchor=False  1533.8s
[HCapOracle_eSEN] all results NaN — runner stderr (tail):
ax: 3
    max_neighbors: 300
    max_num_elements: 100
    mlp_type: spectral
    mmax: 2
    model: esen_backbone
    norm_type: rms_norm_sh
    num_distance_basis: 64
    num_layers: 10
    otf_graph: true
    regress_forces: true
    regress_stress: true
    sphere_channels: 128
    use_envelope: true
    use_pbc: true
    use_pbc_single: true
  heads:
    mptrj:
      module: esen_mlp_efs_head
  name: hydra
  otf_graph: true
  pass_through_head_outputs: true
optim:
  batch_size: 4
  clip_grad_norm: 100
  ema_decay: 0.999
  eval_batch_size: 4
  eval_every: 5000
  load_balancing: atoms
  lr_initial: 0.0004
  max_epochs: 1
  num_workers: 4
  optimizer: AdamW
  optimizer_params:
    weight_decay: 0.001
  scheduler: LambdaLR
  scheduler_params:
    epochs: 85271
    lambda_type: cosine
    lr: 0.0004
    lr_min_factor: 0.1
    warmup_epochs: 8527
    warmup_factor: 0.2
outputs:
  energy:
    level: system
    property: energy
  forces:
    eval_on_free_atoms: true
    level: atom
    property: forces
    train_on_free_atoms: true
  stress:
    level: system
    property: stress
relax_dataset: {}
slurm: {}
task: {}
test_dataset: {}
trainer: ocp
val_dataset: {}

INFO:root:Loading model: hydra
/scratch/user/ahnafalvi/envs/matinvent-hcap-fairchem/lib/python3.11/site-packages/fairchem/core/models/esen/esen.py:91: FutureWarning: You are using `torch.load` with `weights_only=False` (the current default value), which uses the default pickle module implicitly. It is possible to construct malicious pickle data which will execute arbitrary code during unpickling (See https://github.com/pytorch/pytorch/blob/main/SECURITY.md#untrusted-models for more details). In a future release, the default value for `weights_only` will be flipped to `True`. This limits the functions that could be executed during unpickling. Arbitrary objects will no longer be allowed to be loaded via this mode unless they are explicitly allowlisted by the user via `torch.serialization.add_safe_globals`. We recommend you start setting `weights_only=True` for any use case where you don't have full control of the loaded file. Please open an issue on GitHub for any issues related to this experimental feature.
  Jd_list = torch.load(os.path.join(os.path.dirname(__file__), "Jd.pt"))
INFO:root:Loaded HydraModel with 30161153 parameters.
INFO:root:Loading checkpoint in inference-only mode, not loading keys associated with trainer state!
WARNING:root:No seed has been set in modelcheckpoint or OCPCalculator! Results may not be reproducible on re-run
/scratch/user/ahnafalvi/matinvent-hcap-bo/src/runners/run_esen.py:79: DeprecationWarning: Use FrechetCellFilter for better convergence w.r.t. cell variables.
  opt = FIRE(ExpCellFilter(a), logfile=None)
[esen] imaginary modes detected
[esen] imaginary modes detected
[esen] imaginary modes detected
[esen] imaginary modes detected
[esen] imaginary modes detected
[esen] imaginary modes detected
[esen] imaginary modes detected
[esen] imaginary modes detected

[phase2] cycle 01  oracled= 8/8  ltm=  0  reward μ=0.000  τ=0.050  anchor=False  1640.6s
[phase2] cycle 02  oracled= 8/8  ltm=  1  reward μ=0.052  τ=0.050  anchor=False  1052.5s
[HCapOracle_eSEN] all results NaN — runner stderr (tail):
ax: 3
    max_neighbors: 300
    max_num_elements: 100
    mlp_type: spectral
    mmax: 2
    model: esen_backbone
    norm_type: rms_norm_sh
    num_distance_basis: 64
    num_layers: 10
    otf_graph: true
    regress_forces: true
    regress_stress: true
    sphere_channels: 128
    use_envelope: true
    use_pbc: true
    use_pbc_single: true
  heads:
    mptrj:
      module: esen_mlp_efs_head
  name: hydra
  otf_graph: true
  pass_through_head_outputs: true
optim:
  batch_size: 4
  clip_grad_norm: 100
  ema_decay: 0.999
  eval_batch_size: 4
  eval_every: 5000
  load_balancing: atoms
  lr_initial: 0.0004
  max_epochs: 1
  num_workers: 4
  optimizer: AdamW
  optimizer_params:
    weight_decay: 0.001
  scheduler: LambdaLR
  scheduler_params:
    epochs: 85271
    lambda_type: cosine
    lr: 0.0004
    lr_min_factor: 0.1
    warmup_epochs: 8527
    warmup_factor: 0.2
outputs:
  energy:
    level: system
    property: energy
  forces:
    eval_on_free_atoms: true
    level: atom
    property: forces
    train_on_free_atoms: true
  stress:
    level: system
    property: stress
relax_dataset: {}
slurm: {}
task: {}
test_dataset: {}
trainer: ocp
val_dataset: {}

INFO:root:Loading model: hydra
/scratch/user/ahnafalvi/envs/matinvent-hcap-fairchem/lib/python3.11/site-packages/fairchem/core/models/esen/esen.py:91: FutureWarning: You are using `torch.load` with `weights_only=False` (the current default value), which uses the default pickle module implicitly. It is possible to construct malicious pickle data which will execute arbitrary code during unpickling (See https://github.com/pytorch/pytorch/blob/main/SECURITY.md#untrusted-models for more details). In a future release, the default value for `weights_only` will be flipped to `True`. This limits the functions that could be executed during unpickling. Arbitrary objects will no longer be allowed to be loaded via this mode unless they are explicitly allowlisted by the user via `torch.serialization.add_safe_globals`. We recommend you start setting `weights_only=True` for any use case where you don't have full control of the loaded file. Please open an issue on GitHub for any issues related to this experimental feature.
  Jd_list = torch.load(os.path.join(os.path.dirname(__file__), "Jd.pt"))
INFO:root:Loaded HydraModel with 30161153 parameters.
INFO:root:Loading checkpoint in inference-only mode, not loading keys associated with trainer state!
WARNING:root:No seed has been set in modelcheckpoint or OCPCalculator! Results may not be reproducible on re-run
/scratch/user/ahnafalvi/matinvent-hcap-bo/src/runners/run_esen.py:79: DeprecationWarning: Use FrechetCellFilter for better convergence w.r.t. cell variables.
  opt = FIRE(ExpCellFilter(a), logfile=None)
[esen] imaginary modes detected
[esen] imaginary modes detected
[esen] imaginary modes detected
[esen] imaginary modes detected
[esen] imaginary modes detected
[esen] imaginary modes detected
[esen] imaginary modes detected
[esen] imaginary modes detected

[phase2] cycle 03  oracled= 8/8  ltm=  1  reward μ=0.000  τ=0.050  anchor=False  1863.4s
[phase2] cycle 04  oracled= 8/8  ltm=  2  reward μ=0.036  τ=0.050  anchor=False  1771.3s
