/scratch/user/ahnafalvi/envs/matinvent-hcap-bo/lib/python3.10/site-packages/google/api_core/_python_version_support.py:275: FutureWarning: You are using a Python version (3.10.19) which Google will stop supporting in new releases of google.api_core once it reaches its end of life (2026-10-04). Please upgrade to the latest Python version, or at least Python 3.11, to continue receiving updates for google.api_core past that date.
  warnings.warn(message, FutureWarning)
/scratch/user/ahnafalvi/envs/matinvent-hcap-bo/lib/python3.10/site-packages/orb_models/utils.py:30: UserWarning: Setting global torch default dtype to torch.float32.
  warnings.warn(f"Setting global torch default dtype to {torch_dtype}.")
/scratch/user/ahnafalvi/matinvent-hcap-bo/src/ltm.py:106: FutureWarning: The behavior of DataFrame concatenation with empty or all-NA entries is deprecated. In a future version, this will no longer exclude empty or all-NA columns when determining the result dtypes. To retain the old behavior, exclude the relevant entries before the concat operation.
  self._df = pd.concat([self._df, new_df], ignore_index=True)
W0430 04:18:12.696000 296528 site-packages/torch/_dynamo/convert_frame.py:844] [0/8] torch._dynamo hit config.cache_size_limit (8)
W0430 04:18:12.696000 296528 site-packages/torch/_dynamo/convert_frame.py:844] [0/8]    function: 'forward' (/scratch/user/ahnafalvi/envs/matinvent-hcap-bo/lib/python3.10/site-packages/orb_models/forcefield/gns.py:476)
W0430 04:18:12.696000 296528 site-packages/torch/_dynamo/convert_frame.py:844] [0/8]    last reason: 0/0: tensor 'L['batch'][0]' size mismatch at index 0. expected 294, actual 382
W0430 04:18:12.696000 296528 site-packages/torch/_dynamo/convert_frame.py:844] [0/8] To log all recompilation reasons, use TORCH_LOGS="recompiles".
W0430 04:18:12.696000 296528 site-packages/torch/_dynamo/convert_frame.py:844] [0/8] To diagnose recompilation issues, see https://pytorch.org/docs/main/torch.compiler_troubleshooting.html.
/scratch/user/ahnafalvi/envs/matinvent-hcap-bo/lib/python3.10/site-packages/botorch/models/utils/assorted.py:271: InputDataWarning: Data (input features) is not contained to the unit cube. Please consider min-max scaling the input data.
  check_min_max_scaling(
/scratch/user/ahnafalvi/envs/matinvent-hcap-bo/lib/python3.10/site-packages/botorch/models/utils/assorted.py:274: InputDataWarning: Data (outcome observations) is not standardized (std = tensor([1.1547], device='cuda:0', dtype=torch.float64), mean = tensor([-5.5511e-17], device='cuda:0', dtype=torch.float64)).Please consider scaling the input to zero mean and unit variance.
  check_standardization(Y=train_Y, raise_on_fail=raise_on_fail)
/scratch/user/ahnafalvi/matinvent-hcap-bo/src/acquisition.py:94: UserWarning: Falling back to UCB selection (n_train=4, median sigma=1.79e-01).
  warnings.warn(
/scratch/user/ahnafalvi/envs/matinvent-hcap-bo/lib/python3.10/site-packages/botorch/models/utils/assorted.py:271: InputDataWarning: Data (input features) is not contained to the unit cube. Please consider min-max scaling the input data.
  check_min_max_scaling(
/scratch/user/ahnafalvi/envs/matinvent-hcap-bo/lib/python3.10/site-packages/botorch/models/utils/assorted.py:274: InputDataWarning: Data (outcome observations) is not standardized (std = tensor([1.1180], device='cuda:0', dtype=torch.float64), mean = tensor([-1.3323e-16], device='cuda:0', dtype=torch.float64)).Please consider scaling the input to zero mean and unit variance.
  check_standardization(Y=train_Y, raise_on_fail=raise_on_fail)
/scratch/user/ahnafalvi/matinvent-hcap-bo/src/acquisition.py:94: UserWarning: Falling back to UCB selection (n_train=5, median sigma=1.87e-01).
  warnings.warn(
/scratch/user/ahnafalvi/envs/matinvent-hcap-bo/lib/python3.10/site-packages/botorch/models/utils/assorted.py:271: InputDataWarning: Data (input features) is not contained to the unit cube. Please consider min-max scaling the input data.
  check_min_max_scaling(
/scratch/user/ahnafalvi/envs/matinvent-hcap-bo/lib/python3.10/site-packages/botorch/models/utils/assorted.py:274: InputDataWarning: Data (outcome observations) is not standardized (std = tensor([1.0690], device='cuda:0', dtype=torch.float64), mean = tensor([1.8041e-16], device='cuda:0', dtype=torch.float64)).Please consider scaling the input to zero mean and unit variance.
  check_standardization(Y=train_Y, raise_on_fail=raise_on_fail)
/scratch/user/ahnafalvi/matinvent-hcap-bo/src/acquisition.py:94: UserWarning: Falling back to UCB selection (n_train=8, median sigma=1.26e-01).
  warnings.warn(
/scratch/user/ahnafalvi/envs/matinvent-hcap-bo/lib/python3.10/site-packages/botorch/models/utils/assorted.py:271: InputDataWarning: Data (input features) is not contained to the unit cube. Please consider min-max scaling the input data.
  check_min_max_scaling(
/scratch/user/ahnafalvi/envs/matinvent-hcap-bo/lib/python3.10/site-packages/botorch/models/utils/assorted.py:274: InputDataWarning: Data (outcome observations) is not standardized (std = tensor([1.0445], device='cuda:0', dtype=torch.float64), mean = tensor([-5.5511e-17], device='cuda:0', dtype=torch.float64)).Please consider scaling the input to zero mean and unit variance.
  check_standardization(Y=train_Y, raise_on_fail=raise_on_fail)
/scratch/user/ahnafalvi/matinvent-hcap-bo/src/acquisition.py:94: UserWarning: Falling back to UCB selection (n_train=12, median sigma=2.15e-01).
  warnings.warn(
/scratch/user/ahnafalvi/envs/matinvent-hcap-bo/lib/python3.10/site-packages/botorch/models/utils/assorted.py:271: InputDataWarning: Data (input features) is not contained to the unit cube. Please consider min-max scaling the input data.
  check_min_max_scaling(
/scratch/user/ahnafalvi/envs/matinvent-hcap-bo/lib/python3.10/site-packages/botorch/models/utils/assorted.py:274: InputDataWarning: Data (outcome observations) is not standardized (std = tensor([1.0377], device='cuda:0', dtype=torch.float64), mean = tensor([7.1371e-17], device='cuda:0', dtype=torch.float64)).Please consider scaling the input to zero mean and unit variance.
  check_standardization(Y=train_Y, raise_on_fail=raise_on_fail)
/scratch/user/ahnafalvi/matinvent-hcap-bo/src/acquisition.py:94: UserWarning: Falling back to UCB selection (n_train=14, median sigma=1.83e-01).
  warnings.warn(
/scratch/user/ahnafalvi/envs/matinvent-hcap-bo/lib/python3.10/site-packages/botorch/models/utils/assorted.py:271: InputDataWarning: Data (input features) is not contained to the unit cube. Please consider min-max scaling the input data.
  check_min_max_scaling(
/scratch/user/ahnafalvi/envs/matinvent-hcap-bo/lib/python3.10/site-packages/botorch/models/utils/assorted.py:274: InputDataWarning: Data (outcome observations) is not standardized (std = tensor([1.0328], device='cuda:0', dtype=torch.float64), mean = tensor([1.3878e-16], device='cuda:0', dtype=torch.float64)).Please consider scaling the input to zero mean and unit variance.
  check_standardization(Y=train_Y, raise_on_fail=raise_on_fail)
/scratch/user/ahnafalvi/matinvent-hcap-bo/src/acquisition.py:94: UserWarning: Falling back to UCB selection (n_train=16, median sigma=1.41e-01).
  warnings.warn(
/scratch/user/ahnafalvi/envs/matinvent-hcap-bo/lib/python3.10/site-packages/botorch/models/utils/assorted.py:271: InputDataWarning: Data (input features) is not contained to the unit cube. Please consider min-max scaling the input data.
  check_min_max_scaling(
/scratch/user/ahnafalvi/envs/matinvent-hcap-bo/lib/python3.10/site-packages/botorch/models/utils/assorted.py:274: InputDataWarning: Data (outcome observations) is not standardized (std = tensor([1.0328], device='cuda:0', dtype=torch.float64), mean = tensor([1.3878e-16], device='cuda:0', dtype=torch.float64)).Please consider scaling the input to zero mean and unit variance.
  check_standardization(Y=train_Y, raise_on_fail=raise_on_fail)
/scratch/user/ahnafalvi/matinvent-hcap-bo/src/acquisition.py:94: UserWarning: Falling back to UCB selection (n_train=16, median sigma=1.45e-01).
  warnings.warn(
/scratch/user/ahnafalvi/envs/matinvent-hcap-bo/lib/python3.10/site-packages/botorch/models/utils/assorted.py:271: InputDataWarning: Data (input features) is not contained to the unit cube. Please consider min-max scaling the input data.
  check_min_max_scaling(
/scratch/user/ahnafalvi/envs/matinvent-hcap-bo/lib/python3.10/site-packages/botorch/models/utils/assorted.py:274: InputDataWarning: Data (outcome observations) is not standardized (std = tensor([1.0290], device='cuda:0', dtype=torch.float64), mean = tensor([-9.8686e-17], device='cuda:0', dtype=torch.float64)).Please consider scaling the input to zero mean and unit variance.
  check_standardization(Y=train_Y, raise_on_fail=raise_on_fail)
/scratch/user/ahnafalvi/matinvent-hcap-bo/src/acquisition.py:94: UserWarning: Falling back to UCB selection (n_train=18, median sigma=1.35e-01).
  warnings.warn(
/scratch/user/ahnafalvi/envs/matinvent-hcap-bo/lib/python3.10/site-packages/botorch/models/utils/assorted.py:271: InputDataWarning: Data (input features) is not contained to the unit cube. Please consider min-max scaling the input data.
  check_min_max_scaling(
/scratch/user/ahnafalvi/envs/matinvent-hcap-bo/lib/python3.10/site-packages/botorch/models/utils/assorted.py:274: InputDataWarning: Data (outcome observations) is not standardized (std = tensor([1.0235], device='cuda:0', dtype=torch.float64), mean = tensor([-1.4130e-16], device='cuda:0', dtype=torch.float64)).Please consider scaling the input to zero mean and unit variance.
  check_standardization(Y=train_Y, raise_on_fail=raise_on_fail)
