================================================================
Phase-2 ablation: backend=crystalflow  cycles=10  batch=64  K=8
  output_dir = /scratch/user/ahnafalvi/matinvent-hcap-bo/results/p2_crystalflow_3000603
  node       = fc103
  start      = Wed Apr 29 06:16:27 CDT 2026
================================================================
Tesla T4, 16384 MiB
merged config saved to /scratch/user/ahnafalvi/matinvent-hcap-bo/results/p2_crystalflow_3000603/config_merged.yaml
[phase2] device=cuda
[phase2] using diffusion adapter: remote::crystalflow
[phase2] pool source = adapter; cycles=10, B'=64, K=8, τ₀=0.050
[HCapOracle_eSEN] all results NaN — runner stderr (tail):
[esen] failed: ImportError: cannot import name 'OCPCalculator' from 'fairchem.core' (/scratch/user/ahnafalvi/envs/matinvent-hcap-fairchem/lib/python3.11/site-packages/fairchem/core/__init__.py)
[esen] failed: ImportError: cannot import name 'OCPCalculator' from 'fairchem.core' (/scratch/user/ahnafalvi/envs/matinvent-hcap-fairchem/lib/python3.11/site-packages/fairchem/core/__init__.py)
[esen] failed: ImportError: cannot import name 'OCPCalculator' from 'fairchem.core' (/scratch/user/ahnafalvi/envs/matinvent-hcap-fairchem/lib/python3.11/site-packages/fairchem/core/__init__.py)
[esen] failed: ImportError: cannot import name 'OCPCalculator' from 'fairchem.core' (/scratch/user/ahnafalvi/envs/matinvent-hcap-fairchem/lib/python3.11/site-packages/fairchem/core/__init__.py)
[esen] failed: ImportError: cannot import name 'OCPCalculator' from 'fairchem.core' (/scratch/user/ahnafalvi/envs/matinvent-hcap-fairchem/lib/python3.11/site-packages/fairchem/core/__init__.py)
[esen] failed: ImportError: cannot import name 'OCPCalculator' from 'fairchem.core' (/scratch/user/ahnafalvi/envs/matinvent-hcap-fairchem/lib/python3.11/site-packages/fairchem/core/__init__.py)
[esen] failed: ImportError: cannot import name 'OCPCalculator' from 'fairchem.core' (/scratch/user/ahnafalvi/envs/matinvent-hcap-fairchem/lib/python3.11/site-packages/fairchem/core/__init__.py)
[esen] failed: ImportError: cannot import name 'OCPCalculator' from 'fairchem.core' (/scratch/user/ahnafalvi/envs/matinvent-hcap-fairchem/lib/python3.11/site-packages/fairchem/core/__init__.py)

[phase2] cycle 00  oracled= 8/8  ltm=  0  reward μ=0.000  τ=0.050  anchor=False  876.0s
[HCapOracle_eSEN] all results NaN — runner stderr (tail):
[esen] failed: ImportError: cannot import name 'OCPCalculator' from 'fairchem.core' (/scratch/user/ahnafalvi/envs/matinvent-hcap-fairchem/lib/python3.11/site-packages/fairchem/core/__init__.py)
[esen] failed: ImportError: cannot import name 'OCPCalculator' from 'fairchem.core' (/scratch/user/ahnafalvi/envs/matinvent-hcap-fairchem/lib/python3.11/site-packages/fairchem/core/__init__.py)
[esen] failed: ImportError: cannot import name 'OCPCalculator' from 'fairchem.core' (/scratch/user/ahnafalvi/envs/matinvent-hcap-fairchem/lib/python3.11/site-packages/fairchem/core/__init__.py)
[esen] failed: ImportError: cannot import name 'OCPCalculator' from 'fairchem.core' (/scratch/user/ahnafalvi/envs/matinvent-hcap-fairchem/lib/python3.11/site-packages/fairchem/core/__init__.py)
[esen] failed: ImportError: cannot import name 'OCPCalculator' from 'fairchem.core' (/scratch/user/ahnafalvi/envs/matinvent-hcap-fairchem/lib/python3.11/site-packages/fairchem/core/__init__.py)
[esen] failed: ImportError: cannot import name 'OCPCalculator' from 'fairchem.core' (/scratch/user/ahnafalvi/envs/matinvent-hcap-fairchem/lib/python3.11/site-packages/fairchem/core/__init__.py)
[esen] failed: ImportError: cannot import name 'OCPCalculator' from 'fairchem.core' (/scratch/user/ahnafalvi/envs/matinvent-hcap-fairchem/lib/python3.11/site-packages/fairchem/core/__init__.py)
[esen] failed: ImportError: cannot import name 'OCPCalculator' from 'fairchem.core' (/scratch/user/ahnafalvi/envs/matinvent-hcap-fairchem/lib/python3.11/site-packages/fairchem/core/__init__.py)

[phase2] cycle 01  oracled= 8/8  ltm=  0  reward μ=0.000  τ=0.050  anchor=False  80.9s
[HCapOracle_eSEN] all results NaN — runner stderr (tail):
[esen] failed: ImportError: cannot import name 'OCPCalculator' from 'fairchem.core' (/scratch/user/ahnafalvi/envs/matinvent-hcap-fairchem/lib/python3.11/site-packages/fairchem/core/__init__.py)
[esen] failed: ImportError: cannot import name 'OCPCalculator' from 'fairchem.core' (/scratch/user/ahnafalvi/envs/matinvent-hcap-fairchem/lib/python3.11/site-packages/fairchem/core/__init__.py)
[esen] failed: ImportError: cannot import name 'OCPCalculator' from 'fairchem.core' (/scratch/user/ahnafalvi/envs/matinvent-hcap-fairchem/lib/python3.11/site-packages/fairchem/core/__init__.py)
[esen] failed: ImportError: cannot import name 'OCPCalculator' from 'fairchem.core' (/scratch/user/ahnafalvi/envs/matinvent-hcap-fairchem/lib/python3.11/site-packages/fairchem/core/__init__.py)
[esen] failed: ImportError: cannot import name 'OCPCalculator' from 'fairchem.core' (/scratch/user/ahnafalvi/envs/matinvent-hcap-fairchem/lib/python3.11/site-packages/fairchem/core/__init__.py)
[esen] failed: ImportError: cannot import name 'OCPCalculator' from 'fairchem.core' (/scratch/user/ahnafalvi/envs/matinvent-hcap-fairchem/lib/python3.11/site-packages/fairchem/core/__init__.py)
[esen] failed: ImportError: cannot import name 'OCPCalculator' from 'fairchem.core' (/scratch/user/ahnafalvi/envs/matinvent-hcap-fairchem/lib/python3.11/site-packages/fairchem/core/__init__.py)
[esen] failed: ImportError: cannot import name 'OCPCalculator' from 'fairchem.core' (/scratch/user/ahnafalvi/envs/matinvent-hcap-fairchem/lib/python3.11/site-packages/fairchem/core/__init__.py)

[phase2] cycle 02  oracled= 8/8  ltm=  0  reward μ=0.000  τ=0.050  anchor=False  62.5s
[HCapOracle_eSEN] all results NaN — runner stderr (tail):
[esen] failed: ImportError: cannot import name 'OCPCalculator' from 'fairchem.core' (/scratch/user/ahnafalvi/envs/matinvent-hcap-fairchem/lib/python3.11/site-packages/fairchem/core/__init__.py)
[esen] failed: ImportError: cannot import name 'OCPCalculator' from 'fairchem.core' (/scratch/user/ahnafalvi/envs/matinvent-hcap-fairchem/lib/python3.11/site-packages/fairchem/core/__init__.py)
[esen] failed: ImportError: cannot import name 'OCPCalculator' from 'fairchem.core' (/scratch/user/ahnafalvi/envs/matinvent-hcap-fairchem/lib/python3.11/site-packages/fairchem/core/__init__.py)
[esen] failed: ImportError: cannot import name 'OCPCalculator' from 'fairchem.core' (/scratch/user/ahnafalvi/envs/matinvent-hcap-fairchem/lib/python3.11/site-packages/fairchem/core/__init__.py)
[esen] failed: ImportError: cannot import name 'OCPCalculator' from 'fairchem.core' (/scratch/user/ahnafalvi/envs/matinvent-hcap-fairchem/lib/python3.11/site-packages/fairchem/core/__init__.py)
[esen] failed: ImportError: cannot import name 'OCPCalculator' from 'fairchem.core' (/scratch/user/ahnafalvi/envs/matinvent-hcap-fairchem/lib/python3.11/site-packages/fairchem/core/__init__.py)
[esen] failed: ImportError: cannot import name 'OCPCalculator' from 'fairchem.core' (/scratch/user/ahnafalvi/envs/matinvent-hcap-fairchem/lib/python3.11/site-packages/fairchem/core/__init__.py)
[esen] failed: ImportError: cannot import name 'OCPCalculator' from 'fairchem.core' (/scratch/user/ahnafalvi/envs/matinvent-hcap-fairchem/lib/python3.11/site-packages/fairchem/core/__init__.py)

[phase2] cycle 03  oracled= 8/8  ltm=  0  reward μ=0.000  τ=0.050  anchor=False  61.6s
[HCapOracle_eSEN] all results NaN — runner stderr (tail):
[esen] failed: ImportError: cannot import name 'OCPCalculator' from 'fairchem.core' (/scratch/user/ahnafalvi/envs/matinvent-hcap-fairchem/lib/python3.11/site-packages/fairchem/core/__init__.py)
[esen] failed: ImportError: cannot import name 'OCPCalculator' from 'fairchem.core' (/scratch/user/ahnafalvi/envs/matinvent-hcap-fairchem/lib/python3.11/site-packages/fairchem/core/__init__.py)
[esen] failed: ImportError: cannot import name 'OCPCalculator' from 'fairchem.core' (/scratch/user/ahnafalvi/envs/matinvent-hcap-fairchem/lib/python3.11/site-packages/fairchem/core/__init__.py)
[esen] failed: ImportError: cannot import name 'OCPCalculator' from 'fairchem.core' (/scratch/user/ahnafalvi/envs/matinvent-hcap-fairchem/lib/python3.11/site-packages/fairchem/core/__init__.py)
[esen] failed: ImportError: cannot import name 'OCPCalculator' from 'fairchem.core' (/scratch/user/ahnafalvi/envs/matinvent-hcap-fairchem/lib/python3.11/site-packages/fairchem/core/__init__.py)
[esen] failed: ImportError: cannot import name 'OCPCalculator' from 'fairchem.core' (/scratch/user/ahnafalvi/envs/matinvent-hcap-fairchem/lib/python3.11/site-packages/fairchem/core/__init__.py)
[esen] failed: ImportError: cannot import name 'OCPCalculator' from 'fairchem.core' (/scratch/user/ahnafalvi/envs/matinvent-hcap-fairchem/lib/python3.11/site-packages/fairchem/core/__init__.py)
[esen] failed: ImportError: cannot import name 'OCPCalculator' from 'fairchem.core' (/scratch/user/ahnafalvi/envs/matinvent-hcap-fairchem/lib/python3.11/site-packages/fairchem/core/__init__.py)

[phase2] cycle 04  oracled= 8/8  ltm=  0  reward μ=0.000  τ=0.050  anchor=False  55.2s
[HCapOracle_eSEN] all results NaN — runner stderr (tail):
[esen] failed: ImportError: cannot import name 'OCPCalculator' from 'fairchem.core' (/scratch/user/ahnafalvi/envs/matinvent-hcap-fairchem/lib/python3.11/site-packages/fairchem/core/__init__.py)
[esen] failed: ImportError: cannot import name 'OCPCalculator' from 'fairchem.core' (/scratch/user/ahnafalvi/envs/matinvent-hcap-fairchem/lib/python3.11/site-packages/fairchem/core/__init__.py)
[esen] failed: ImportError: cannot import name 'OCPCalculator' from 'fairchem.core' (/scratch/user/ahnafalvi/envs/matinvent-hcap-fairchem/lib/python3.11/site-packages/fairchem/core/__init__.py)
[esen] failed: ImportError: cannot import name 'OCPCalculator' from 'fairchem.core' (/scratch/user/ahnafalvi/envs/matinvent-hcap-fairchem/lib/python3.11/site-packages/fairchem/core/__init__.py)
[esen] failed: ImportError: cannot import name 'OCPCalculator' from 'fairchem.core' (/scratch/user/ahnafalvi/envs/matinvent-hcap-fairchem/lib/python3.11/site-packages/fairchem/core/__init__.py)
[esen] failed: ImportError: cannot import name 'OCPCalculator' from 'fairchem.core' (/scratch/user/ahnafalvi/envs/matinvent-hcap-fairchem/lib/python3.11/site-packages/fairchem/core/__init__.py)
[esen] failed: ImportError: cannot import name 'OCPCalculator' from 'fairchem.core' (/scratch/user/ahnafalvi/envs/matinvent-hcap-fairchem/lib/python3.11/site-packages/fairchem/core/__init__.py)
[esen] failed: ImportError: cannot import name 'OCPCalculator' from 'fairchem.core' (/scratch/user/ahnafalvi/envs/matinvent-hcap-fairchem/lib/python3.11/site-packages/fairchem/core/__init__.py)

[phase2] cycle 05  oracled= 8/8  ltm=  0  reward μ=0.000  τ=0.050  anchor=True  59.2s
[HCapOracle_eSEN] all results NaN — runner stderr (tail):
[esen] failed: ImportError: cannot import name 'OCPCalculator' from 'fairchem.core' (/scratch/user/ahnafalvi/envs/matinvent-hcap-fairchem/lib/python3.11/site-packages/fairchem/core/__init__.py)
[esen] failed: ImportError: cannot import name 'OCPCalculator' from 'fairchem.core' (/scratch/user/ahnafalvi/envs/matinvent-hcap-fairchem/lib/python3.11/site-packages/fairchem/core/__init__.py)
[esen] failed: ImportError: cannot import name 'OCPCalculator' from 'fairchem.core' (/scratch/user/ahnafalvi/envs/matinvent-hcap-fairchem/lib/python3.11/site-packages/fairchem/core/__init__.py)
[esen] failed: ImportError: cannot import name 'OCPCalculator' from 'fairchem.core' (/scratch/user/ahnafalvi/envs/matinvent-hcap-fairchem/lib/python3.11/site-packages/fairchem/core/__init__.py)
[esen] failed: ImportError: cannot import name 'OCPCalculator' from 'fairchem.core' (/scratch/user/ahnafalvi/envs/matinvent-hcap-fairchem/lib/python3.11/site-packages/fairchem/core/__init__.py)
[esen] failed: ImportError: cannot import name 'OCPCalculator' from 'fairchem.core' (/scratch/user/ahnafalvi/envs/matinvent-hcap-fairchem/lib/python3.11/site-packages/fairchem/core/__init__.py)
[esen] failed: ImportError: cannot import name 'OCPCalculator' from 'fairchem.core' (/scratch/user/ahnafalvi/envs/matinvent-hcap-fairchem/lib/python3.11/site-packages/fairchem/core/__init__.py)
[esen] failed: ImportError: cannot import name 'OCPCalculator' from 'fairchem.core' (/scratch/user/ahnafalvi/envs/matinvent-hcap-fairchem/lib/python3.11/site-packages/fairchem/core/__init__.py)

[phase2] cycle 06  oracled= 8/8  ltm=  0  reward μ=0.000  τ=0.050  anchor=False  61.3s
[HCapOracle_eSEN] all results NaN — runner stderr (tail):
[esen] failed: ImportError: cannot import name 'OCPCalculator' from 'fairchem.core' (/scratch/user/ahnafalvi/envs/matinvent-hcap-fairchem/lib/python3.11/site-packages/fairchem/core/__init__.py)
[esen] failed: ImportError: cannot import name 'OCPCalculator' from 'fairchem.core' (/scratch/user/ahnafalvi/envs/matinvent-hcap-fairchem/lib/python3.11/site-packages/fairchem/core/__init__.py)
[esen] failed: ImportError: cannot import name 'OCPCalculator' from 'fairchem.core' (/scratch/user/ahnafalvi/envs/matinvent-hcap-fairchem/lib/python3.11/site-packages/fairchem/core/__init__.py)
[esen] failed: ImportError: cannot import name 'OCPCalculator' from 'fairchem.core' (/scratch/user/ahnafalvi/envs/matinvent-hcap-fairchem/lib/python3.11/site-packages/fairchem/core/__init__.py)
[esen] failed: ImportError: cannot import name 'OCPCalculator' from 'fairchem.core' (/scratch/user/ahnafalvi/envs/matinvent-hcap-fairchem/lib/python3.11/site-packages/fairchem/core/__init__.py)
[esen] failed: ImportError: cannot import name 'OCPCalculator' from 'fairchem.core' (/scratch/user/ahnafalvi/envs/matinvent-hcap-fairchem/lib/python3.11/site-packages/fairchem/core/__init__.py)
[esen] failed: ImportError: cannot import name 'OCPCalculator' from 'fairchem.core' (/scratch/user/ahnafalvi/envs/matinvent-hcap-fairchem/lib/python3.11/site-packages/fairchem/core/__init__.py)
[esen] failed: ImportError: cannot import name 'OCPCalculator' from 'fairchem.core' (/scratch/user/ahnafalvi/envs/matinvent-hcap-fairchem/lib/python3.11/site-packages/fairchem/core/__init__.py)

[phase2] cycle 07  oracled= 8/8  ltm=  0  reward μ=0.000  τ=0.050  anchor=False  62.2s
[HCapOracle_eSEN] all results NaN — runner stderr (tail):
[esen] failed: ImportError: cannot import name 'OCPCalculator' from 'fairchem.core' (/scratch/user/ahnafalvi/envs/matinvent-hcap-fairchem/lib/python3.11/site-packages/fairchem/core/__init__.py)
[esen] failed: ImportError: cannot import name 'OCPCalculator' from 'fairchem.core' (/scratch/user/ahnafalvi/envs/matinvent-hcap-fairchem/lib/python3.11/site-packages/fairchem/core/__init__.py)
[esen] failed: ImportError: cannot import name 'OCPCalculator' from 'fairchem.core' (/scratch/user/ahnafalvi/envs/matinvent-hcap-fairchem/lib/python3.11/site-packages/fairchem/core/__init__.py)
[esen] failed: ImportError: cannot import name 'OCPCalculator' from 'fairchem.core' (/scratch/user/ahnafalvi/envs/matinvent-hcap-fairchem/lib/python3.11/site-packages/fairchem/core/__init__.py)
[esen] failed: ImportError: cannot import name 'OCPCalculator' from 'fairchem.core' (/scratch/user/ahnafalvi/envs/matinvent-hcap-fairchem/lib/python3.11/site-packages/fairchem/core/__init__.py)
[esen] failed: ImportError: cannot import name 'OCPCalculator' from 'fairchem.core' (/scratch/user/ahnafalvi/envs/matinvent-hcap-fairchem/lib/python3.11/site-packages/fairchem/core/__init__.py)
[esen] failed: ImportError: cannot import name 'OCPCalculator' from 'fairchem.core' (/scratch/user/ahnafalvi/envs/matinvent-hcap-fairchem/lib/python3.11/site-packages/fairchem/core/__init__.py)
[esen] failed: ImportError: cannot import name 'OCPCalculator' from 'fairchem.core' (/scratch/user/ahnafalvi/envs/matinvent-hcap-fairchem/lib/python3.11/site-packages/fairchem/core/__init__.py)

[phase2] cycle 08  oracled= 8/8  ltm=  0  reward μ=0.000  τ=0.050  anchor=False  57.9s
[HCapOracle_eSEN] all results NaN — runner stderr (tail):
[esen] failed: ImportError: cannot import name 'OCPCalculator' from 'fairchem.core' (/scratch/user/ahnafalvi/envs/matinvent-hcap-fairchem/lib/python3.11/site-packages/fairchem/core/__init__.py)
[esen] failed: ImportError: cannot import name 'OCPCalculator' from 'fairchem.core' (/scratch/user/ahnafalvi/envs/matinvent-hcap-fairchem/lib/python3.11/site-packages/fairchem/core/__init__.py)
[esen] failed: ImportError: cannot import name 'OCPCalculator' from 'fairchem.core' (/scratch/user/ahnafalvi/envs/matinvent-hcap-fairchem/lib/python3.11/site-packages/fairchem/core/__init__.py)
[esen] failed: ImportError: cannot import name 'OCPCalculator' from 'fairchem.core' (/scratch/user/ahnafalvi/envs/matinvent-hcap-fairchem/lib/python3.11/site-packages/fairchem/core/__init__.py)
[esen] failed: ImportError: cannot import name 'OCPCalculator' from 'fairchem.core' (/scratch/user/ahnafalvi/envs/matinvent-hcap-fairchem/lib/python3.11/site-packages/fairchem/core/__init__.py)
[esen] failed: ImportError: cannot import name 'OCPCalculator' from 'fairchem.core' (/scratch/user/ahnafalvi/envs/matinvent-hcap-fairchem/lib/python3.11/site-packages/fairchem/core/__init__.py)
[esen] failed: ImportError: cannot import name 'OCPCalculator' from 'fairchem.core' (/scratch/user/ahnafalvi/envs/matinvent-hcap-fairchem/lib/python3.11/site-packages/fairchem/core/__init__.py)
[esen] failed: ImportError: cannot import name 'OCPCalculator' from 'fairchem.core' (/scratch/user/ahnafalvi/envs/matinvent-hcap-fairchem/lib/python3.11/site-packages/fairchem/core/__init__.py)

[phase2] cycle 09  oracled= 8/8  ltm=  0  reward μ=0.000  τ=0.050  anchor=False  60.5s
[phase2] done. final LTM size = 0
Phase-2 [crystalflow] finished at Wed Apr 29 06:44:26 CDT 2026
