================================================================
Phase-2 ablation: backend=crysbfn  cycles=10  batch=64  K=8
  output_dir = /scratch/user/ahnafalvi/matinvent-hcap-bo/results/p2_crysbfn_3000605
  node       = fc102
  start      = Wed Apr 29 06:24:05 CDT 2026
================================================================
Tesla T4, 16384 MiB
merged config saved to /scratch/user/ahnafalvi/matinvent-hcap-bo/results/p2_crysbfn_3000605/config_merged.yaml
[phase2] device=cuda
[phase2] using diffusion adapter: remote::crysbfn
[phase2] pool source = adapter; cycles=10, B'=64, K=8, τ₀=0.050
[HCapOracle_eSEN] all results NaN — runner stderr (tail):
[esen] failed: ImportError: cannot import name 'OCPCalculator' from 'fairchem.core' (/scratch/user/ahnafalvi/envs/matinvent-hcap-fairchem/lib/python3.11/site-packages/fairchem/core/__init__.py)
[esen] failed: ImportError: cannot import name 'OCPCalculator' from 'fairchem.core' (/scratch/user/ahnafalvi/envs/matinvent-hcap-fairchem/lib/python3.11/site-packages/fairchem/core/__init__.py)
[esen] failed: ImportError: cannot import name 'OCPCalculator' from 'fairchem.core' (/scratch/user/ahnafalvi/envs/matinvent-hcap-fairchem/lib/python3.11/site-packages/fairchem/core/__init__.py)
[esen] failed: ImportError: cannot import name 'OCPCalculator' from 'fairchem.core' (/scratch/user/ahnafalvi/envs/matinvent-hcap-fairchem/lib/python3.11/site-packages/fairchem/core/__init__.py)
[esen] failed: ImportError: cannot import name 'OCPCalculator' from 'fairchem.core' (/scratch/user/ahnafalvi/envs/matinvent-hcap-fairchem/lib/python3.11/site-packages/fairchem/core/__init__.py)
[esen] failed: ImportError: cannot import name 'OCPCalculator' from 'fairchem.core' (/scratch/user/ahnafalvi/envs/matinvent-hcap-fairchem/lib/python3.11/site-packages/fairchem/core/__init__.py)
[esen] failed: ImportError: cannot import name 'OCPCalculator' from 'fairchem.core' (/scratch/user/ahnafalvi/envs/matinvent-hcap-fairchem/lib/python3.11/site-packages/fairchem/core/__init__.py)
[esen] failed: ImportError: cannot import name 'OCPCalculator' from 'fairchem.core' (/scratch/user/ahnafalvi/envs/matinvent-hcap-fairchem/lib/python3.11/site-packages/fairchem/core/__init__.py)

[phase2] cycle 00  oracled= 8/8  ltm=  0  reward μ=0.000  τ=0.050  anchor=False  634.6s
[HCapOracle_eSEN] all results NaN — runner stderr (tail):
[esen] failed: ImportError: cannot import name 'OCPCalculator' from 'fairchem.core' (/scratch/user/ahnafalvi/envs/matinvent-hcap-fairchem/lib/python3.11/site-packages/fairchem/core/__init__.py)
[esen] failed: ImportError: cannot import name 'OCPCalculator' from 'fairchem.core' (/scratch/user/ahnafalvi/envs/matinvent-hcap-fairchem/lib/python3.11/site-packages/fairchem/core/__init__.py)
[esen] failed: ImportError: cannot import name 'OCPCalculator' from 'fairchem.core' (/scratch/user/ahnafalvi/envs/matinvent-hcap-fairchem/lib/python3.11/site-packages/fairchem/core/__init__.py)
[esen] failed: ImportError: cannot import name 'OCPCalculator' from 'fairchem.core' (/scratch/user/ahnafalvi/envs/matinvent-hcap-fairchem/lib/python3.11/site-packages/fairchem/core/__init__.py)
[esen] failed: ImportError: cannot import name 'OCPCalculator' from 'fairchem.core' (/scratch/user/ahnafalvi/envs/matinvent-hcap-fairchem/lib/python3.11/site-packages/fairchem/core/__init__.py)
[esen] failed: ImportError: cannot import name 'OCPCalculator' from 'fairchem.core' (/scratch/user/ahnafalvi/envs/matinvent-hcap-fairchem/lib/python3.11/site-packages/fairchem/core/__init__.py)
[esen] failed: ImportError: cannot import name 'OCPCalculator' from 'fairchem.core' (/scratch/user/ahnafalvi/envs/matinvent-hcap-fairchem/lib/python3.11/site-packages/fairchem/core/__init__.py)
[esen] failed: ImportError: cannot import name 'OCPCalculator' from 'fairchem.core' (/scratch/user/ahnafalvi/envs/matinvent-hcap-fairchem/lib/python3.11/site-packages/fairchem/core/__init__.py)

[phase2] cycle 01  oracled= 8/8  ltm=  0  reward μ=0.000  τ=0.050  anchor=False  43.3s
[HCapOracle_eSEN] all results NaN — runner stderr (tail):
[esen] failed: ImportError: cannot import name 'OCPCalculator' from 'fairchem.core' (/scratch/user/ahnafalvi/envs/matinvent-hcap-fairchem/lib/python3.11/site-packages/fairchem/core/__init__.py)
[esen] failed: ImportError: cannot import name 'OCPCalculator' from 'fairchem.core' (/scratch/user/ahnafalvi/envs/matinvent-hcap-fairchem/lib/python3.11/site-packages/fairchem/core/__init__.py)
[esen] failed: ImportError: cannot import name 'OCPCalculator' from 'fairchem.core' (/scratch/user/ahnafalvi/envs/matinvent-hcap-fairchem/lib/python3.11/site-packages/fairchem/core/__init__.py)
[esen] failed: ImportError: cannot import name 'OCPCalculator' from 'fairchem.core' (/scratch/user/ahnafalvi/envs/matinvent-hcap-fairchem/lib/python3.11/site-packages/fairchem/core/__init__.py)
[esen] failed: ImportError: cannot import name 'OCPCalculator' from 'fairchem.core' (/scratch/user/ahnafalvi/envs/matinvent-hcap-fairchem/lib/python3.11/site-packages/fairchem/core/__init__.py)
[esen] failed: ImportError: cannot import name 'OCPCalculator' from 'fairchem.core' (/scratch/user/ahnafalvi/envs/matinvent-hcap-fairchem/lib/python3.11/site-packages/fairchem/core/__init__.py)
[esen] failed: ImportError: cannot import name 'OCPCalculator' from 'fairchem.core' (/scratch/user/ahnafalvi/envs/matinvent-hcap-fairchem/lib/python3.11/site-packages/fairchem/core/__init__.py)
[esen] failed: ImportError: cannot import name 'OCPCalculator' from 'fairchem.core' (/scratch/user/ahnafalvi/envs/matinvent-hcap-fairchem/lib/python3.11/site-packages/fairchem/core/__init__.py)

[phase2] cycle 02  oracled= 8/8  ltm=  0  reward μ=0.000  τ=0.050  anchor=False  27.8s
[HCapOracle_eSEN] all results NaN — runner stderr (tail):
[esen] failed: ImportError: cannot import name 'OCPCalculator' from 'fairchem.core' (/scratch/user/ahnafalvi/envs/matinvent-hcap-fairchem/lib/python3.11/site-packages/fairchem/core/__init__.py)
[esen] failed: ImportError: cannot import name 'OCPCalculator' from 'fairchem.core' (/scratch/user/ahnafalvi/envs/matinvent-hcap-fairchem/lib/python3.11/site-packages/fairchem/core/__init__.py)
[esen] failed: ImportError: cannot import name 'OCPCalculator' from 'fairchem.core' (/scratch/user/ahnafalvi/envs/matinvent-hcap-fairchem/lib/python3.11/site-packages/fairchem/core/__init__.py)
[esen] failed: ImportError: cannot import name 'OCPCalculator' from 'fairchem.core' (/scratch/user/ahnafalvi/envs/matinvent-hcap-fairchem/lib/python3.11/site-packages/fairchem/core/__init__.py)
[esen] failed: ImportError: cannot import name 'OCPCalculator' from 'fairchem.core' (/scratch/user/ahnafalvi/envs/matinvent-hcap-fairchem/lib/python3.11/site-packages/fairchem/core/__init__.py)
[esen] failed: ImportError: cannot import name 'OCPCalculator' from 'fairchem.core' (/scratch/user/ahnafalvi/envs/matinvent-hcap-fairchem/lib/python3.11/site-packages/fairchem/core/__init__.py)
[esen] failed: ImportError: cannot import name 'OCPCalculator' from 'fairchem.core' (/scratch/user/ahnafalvi/envs/matinvent-hcap-fairchem/lib/python3.11/site-packages/fairchem/core/__init__.py)
[esen] failed: ImportError: cannot import name 'OCPCalculator' from 'fairchem.core' (/scratch/user/ahnafalvi/envs/matinvent-hcap-fairchem/lib/python3.11/site-packages/fairchem/core/__init__.py)

[phase2] cycle 03  oracled= 8/8  ltm=  0  reward μ=0.000  τ=0.050  anchor=False  27.9s
[HCapOracle_eSEN] all results NaN — runner stderr (tail):
[esen] failed: ImportError: cannot import name 'OCPCalculator' from 'fairchem.core' (/scratch/user/ahnafalvi/envs/matinvent-hcap-fairchem/lib/python3.11/site-packages/fairchem/core/__init__.py)
[esen] failed: ImportError: cannot import name 'OCPCalculator' from 'fairchem.core' (/scratch/user/ahnafalvi/envs/matinvent-hcap-fairchem/lib/python3.11/site-packages/fairchem/core/__init__.py)
[esen] failed: ImportError: cannot import name 'OCPCalculator' from 'fairchem.core' (/scratch/user/ahnafalvi/envs/matinvent-hcap-fairchem/lib/python3.11/site-packages/fairchem/core/__init__.py)
[esen] failed: ImportError: cannot import name 'OCPCalculator' from 'fairchem.core' (/scratch/user/ahnafalvi/envs/matinvent-hcap-fairchem/lib/python3.11/site-packages/fairchem/core/__init__.py)
[esen] failed: ImportError: cannot import name 'OCPCalculator' from 'fairchem.core' (/scratch/user/ahnafalvi/envs/matinvent-hcap-fairchem/lib/python3.11/site-packages/fairchem/core/__init__.py)
[esen] failed: ImportError: cannot import name 'OCPCalculator' from 'fairchem.core' (/scratch/user/ahnafalvi/envs/matinvent-hcap-fairchem/lib/python3.11/site-packages/fairchem/core/__init__.py)
[esen] failed: ImportError: cannot import name 'OCPCalculator' from 'fairchem.core' (/scratch/user/ahnafalvi/envs/matinvent-hcap-fairchem/lib/python3.11/site-packages/fairchem/core/__init__.py)
[esen] failed: ImportError: cannot import name 'OCPCalculator' from 'fairchem.core' (/scratch/user/ahnafalvi/envs/matinvent-hcap-fairchem/lib/python3.11/site-packages/fairchem/core/__init__.py)

[phase2] cycle 04  oracled= 8/8  ltm=  0  reward μ=0.000  τ=0.050  anchor=False  28.1s
[HCapOracle_eSEN] all results NaN — runner stderr (tail):
[esen] failed: ImportError: cannot import name 'OCPCalculator' from 'fairchem.core' (/scratch/user/ahnafalvi/envs/matinvent-hcap-fairchem/lib/python3.11/site-packages/fairchem/core/__init__.py)
[esen] failed: ImportError: cannot import name 'OCPCalculator' from 'fairchem.core' (/scratch/user/ahnafalvi/envs/matinvent-hcap-fairchem/lib/python3.11/site-packages/fairchem/core/__init__.py)
[esen] failed: ImportError: cannot import name 'OCPCalculator' from 'fairchem.core' (/scratch/user/ahnafalvi/envs/matinvent-hcap-fairchem/lib/python3.11/site-packages/fairchem/core/__init__.py)
[esen] failed: ImportError: cannot import name 'OCPCalculator' from 'fairchem.core' (/scratch/user/ahnafalvi/envs/matinvent-hcap-fairchem/lib/python3.11/site-packages/fairchem/core/__init__.py)
[esen] failed: ImportError: cannot import name 'OCPCalculator' from 'fairchem.core' (/scratch/user/ahnafalvi/envs/matinvent-hcap-fairchem/lib/python3.11/site-packages/fairchem/core/__init__.py)
[esen] failed: ImportError: cannot import name 'OCPCalculator' from 'fairchem.core' (/scratch/user/ahnafalvi/envs/matinvent-hcap-fairchem/lib/python3.11/site-packages/fairchem/core/__init__.py)
[esen] failed: ImportError: cannot import name 'OCPCalculator' from 'fairchem.core' (/scratch/user/ahnafalvi/envs/matinvent-hcap-fairchem/lib/python3.11/site-packages/fairchem/core/__init__.py)
[esen] failed: ImportError: cannot import name 'OCPCalculator' from 'fairchem.core' (/scratch/user/ahnafalvi/envs/matinvent-hcap-fairchem/lib/python3.11/site-packages/fairchem/core/__init__.py)

[phase2] cycle 05  oracled= 8/8  ltm=  0  reward μ=0.000  τ=0.050  anchor=True  28.0s
[HCapOracle_eSEN] all results NaN — runner stderr (tail):
[esen] failed: ImportError: cannot import name 'OCPCalculator' from 'fairchem.core' (/scratch/user/ahnafalvi/envs/matinvent-hcap-fairchem/lib/python3.11/site-packages/fairchem/core/__init__.py)
[esen] failed: ImportError: cannot import name 'OCPCalculator' from 'fairchem.core' (/scratch/user/ahnafalvi/envs/matinvent-hcap-fairchem/lib/python3.11/site-packages/fairchem/core/__init__.py)
[esen] failed: ImportError: cannot import name 'OCPCalculator' from 'fairchem.core' (/scratch/user/ahnafalvi/envs/matinvent-hcap-fairchem/lib/python3.11/site-packages/fairchem/core/__init__.py)
[esen] failed: ImportError: cannot import name 'OCPCalculator' from 'fairchem.core' (/scratch/user/ahnafalvi/envs/matinvent-hcap-fairchem/lib/python3.11/site-packages/fairchem/core/__init__.py)
[esen] failed: ImportError: cannot import name 'OCPCalculator' from 'fairchem.core' (/scratch/user/ahnafalvi/envs/matinvent-hcap-fairchem/lib/python3.11/site-packages/fairchem/core/__init__.py)
[esen] failed: ImportError: cannot import name 'OCPCalculator' from 'fairchem.core' (/scratch/user/ahnafalvi/envs/matinvent-hcap-fairchem/lib/python3.11/site-packages/fairchem/core/__init__.py)
[esen] failed: ImportError: cannot import name 'OCPCalculator' from 'fairchem.core' (/scratch/user/ahnafalvi/envs/matinvent-hcap-fairchem/lib/python3.11/site-packages/fairchem/core/__init__.py)
[esen] failed: ImportError: cannot import name 'OCPCalculator' from 'fairchem.core' (/scratch/user/ahnafalvi/envs/matinvent-hcap-fairchem/lib/python3.11/site-packages/fairchem/core/__init__.py)

[phase2] cycle 06  oracled= 8/8  ltm=  0  reward μ=0.000  τ=0.050  anchor=False  28.0s
[HCapOracle_eSEN] all results NaN — runner stderr (tail):
[esen] failed: ImportError: cannot import name 'OCPCalculator' from 'fairchem.core' (/scratch/user/ahnafalvi/envs/matinvent-hcap-fairchem/lib/python3.11/site-packages/fairchem/core/__init__.py)
[esen] failed: ImportError: cannot import name 'OCPCalculator' from 'fairchem.core' (/scratch/user/ahnafalvi/envs/matinvent-hcap-fairchem/lib/python3.11/site-packages/fairchem/core/__init__.py)
[esen] failed: ImportError: cannot import name 'OCPCalculator' from 'fairchem.core' (/scratch/user/ahnafalvi/envs/matinvent-hcap-fairchem/lib/python3.11/site-packages/fairchem/core/__init__.py)
[esen] failed: ImportError: cannot import name 'OCPCalculator' from 'fairchem.core' (/scratch/user/ahnafalvi/envs/matinvent-hcap-fairchem/lib/python3.11/site-packages/fairchem/core/__init__.py)
[esen] failed: ImportError: cannot import name 'OCPCalculator' from 'fairchem.core' (/scratch/user/ahnafalvi/envs/matinvent-hcap-fairchem/lib/python3.11/site-packages/fairchem/core/__init__.py)
[esen] failed: ImportError: cannot import name 'OCPCalculator' from 'fairchem.core' (/scratch/user/ahnafalvi/envs/matinvent-hcap-fairchem/lib/python3.11/site-packages/fairchem/core/__init__.py)
[esen] failed: ImportError: cannot import name 'OCPCalculator' from 'fairchem.core' (/scratch/user/ahnafalvi/envs/matinvent-hcap-fairchem/lib/python3.11/site-packages/fairchem/core/__init__.py)
[esen] failed: ImportError: cannot import name 'OCPCalculator' from 'fairchem.core' (/scratch/user/ahnafalvi/envs/matinvent-hcap-fairchem/lib/python3.11/site-packages/fairchem/core/__init__.py)

[phase2] cycle 07  oracled= 8/8  ltm=  0  reward μ=0.000  τ=0.050  anchor=False  28.8s
[HCapOracle_eSEN] all results NaN — runner stderr (tail):
[esen] failed: ImportError: cannot import name 'OCPCalculator' from 'fairchem.core' (/scratch/user/ahnafalvi/envs/matinvent-hcap-fairchem/lib/python3.11/site-packages/fairchem/core/__init__.py)
[esen] failed: ImportError: cannot import name 'OCPCalculator' from 'fairchem.core' (/scratch/user/ahnafalvi/envs/matinvent-hcap-fairchem/lib/python3.11/site-packages/fairchem/core/__init__.py)
[esen] failed: ImportError: cannot import name 'OCPCalculator' from 'fairchem.core' (/scratch/user/ahnafalvi/envs/matinvent-hcap-fairchem/lib/python3.11/site-packages/fairchem/core/__init__.py)
[esen] failed: ImportError: cannot import name 'OCPCalculator' from 'fairchem.core' (/scratch/user/ahnafalvi/envs/matinvent-hcap-fairchem/lib/python3.11/site-packages/fairchem/core/__init__.py)
[esen] failed: ImportError: cannot import name 'OCPCalculator' from 'fairchem.core' (/scratch/user/ahnafalvi/envs/matinvent-hcap-fairchem/lib/python3.11/site-packages/fairchem/core/__init__.py)
[esen] failed: ImportError: cannot import name 'OCPCalculator' from 'fairchem.core' (/scratch/user/ahnafalvi/envs/matinvent-hcap-fairchem/lib/python3.11/site-packages/fairchem/core/__init__.py)
[esen] failed: ImportError: cannot import name 'OCPCalculator' from 'fairchem.core' (/scratch/user/ahnafalvi/envs/matinvent-hcap-fairchem/lib/python3.11/site-packages/fairchem/core/__init__.py)
[esen] failed: ImportError: cannot import name 'OCPCalculator' from 'fairchem.core' (/scratch/user/ahnafalvi/envs/matinvent-hcap-fairchem/lib/python3.11/site-packages/fairchem/core/__init__.py)

[phase2] cycle 08  oracled= 8/8  ltm=  0  reward μ=0.000  τ=0.050  anchor=False  29.2s
[HCapOracle_eSEN] all results NaN — runner stderr (tail):
[esen] failed: ImportError: cannot import name 'OCPCalculator' from 'fairchem.core' (/scratch/user/ahnafalvi/envs/matinvent-hcap-fairchem/lib/python3.11/site-packages/fairchem/core/__init__.py)
[esen] failed: ImportError: cannot import name 'OCPCalculator' from 'fairchem.core' (/scratch/user/ahnafalvi/envs/matinvent-hcap-fairchem/lib/python3.11/site-packages/fairchem/core/__init__.py)
[esen] failed: ImportError: cannot import name 'OCPCalculator' from 'fairchem.core' (/scratch/user/ahnafalvi/envs/matinvent-hcap-fairchem/lib/python3.11/site-packages/fairchem/core/__init__.py)
[esen] failed: ImportError: cannot import name 'OCPCalculator' from 'fairchem.core' (/scratch/user/ahnafalvi/envs/matinvent-hcap-fairchem/lib/python3.11/site-packages/fairchem/core/__init__.py)
[esen] failed: ImportError: cannot import name 'OCPCalculator' from 'fairchem.core' (/scratch/user/ahnafalvi/envs/matinvent-hcap-fairchem/lib/python3.11/site-packages/fairchem/core/__init__.py)
[esen] failed: ImportError: cannot import name 'OCPCalculator' from 'fairchem.core' (/scratch/user/ahnafalvi/envs/matinvent-hcap-fairchem/lib/python3.11/site-packages/fairchem/core/__init__.py)
[esen] failed: ImportError: cannot import name 'OCPCalculator' from 'fairchem.core' (/scratch/user/ahnafalvi/envs/matinvent-hcap-fairchem/lib/python3.11/site-packages/fairchem/core/__init__.py)
[esen] failed: ImportError: cannot import name 'OCPCalculator' from 'fairchem.core' (/scratch/user/ahnafalvi/envs/matinvent-hcap-fairchem/lib/python3.11/site-packages/fairchem/core/__init__.py)

[phase2] cycle 09  oracled= 8/8  ltm=  0  reward μ=0.000  τ=0.050  anchor=False  29.0s
[phase2] done. final LTM size = 0
Phase-2 [crysbfn] finished at Wed Apr 29 06:39:36 CDT 2026
