/scratch/user/ahnafalvi/envs/matinvent-hcap-bo/lib/python3.10/site-packages/hydra/_internal/defaults_list.py:251: UserWarning: In 'base': Defaults list is missing `_self_`. See https://hydra.cc/docs/1.2/upgrades/1.0_to_1.1/default_composition_order for more information
  warnings.warn(msg, UserWarning)
/scratch/user/ahnafalvi/envs/matinvent-hcap-bo/lib/python3.10/site-packages/hydra/_internal/hydra.py:119: UserWarning: Future Hydra versions will no longer change working directory at job runtime by default.
See https://hydra.cc/docs/1.2/upgrades/1.1_to_1.2/changes_to_job_working_dir/ for more information.
  ret = run_job(
[GPRouted] queued 160 warm-start samples from /scratch/user/ahnafalvi/matinvent-hcap-bo/data/ltm_seed_pool.parquet (re-embed at first calc)
/scratch/user/ahnafalvi/envs/matinvent-hcap-bo/lib/python3.10/site-packages/lightning/fabric/utilities/cloud_io.py:73: You are using `torch.load` with `weights_only=False` (the current default value), which uses the default pickle module implicitly. It is possible to construct malicious pickle data which will execute arbitrary code during unpickling (See https://github.com/pytorch/pytorch/blob/main/SECURITY.md#untrusted-models for more details). In a future release, the default value for `weights_only` will be flipped to `True`. This limits the functions that could be executed during unpickling. Arbitrary objects will no longer be allowed to be loaded via this mode unless they are explicitly allowlisted by the user via `torch.serialization.add_safe_globals`. We recommend you start setting `weights_only=True` for any use case where you don't have full control of the loaded file. Please open an issue on GitHub for any issues related to this experimental feature.
/scratch/user/ahnafalvi/envs/matinvent-hcap-bo/lib/python3.10/site-packages/lightning/pytorch/utilities/parsing.py:213: Attribute 'encoder' is an instance of `nn.Module` and is already saved during checkpointing. It is recommended to ignore them using `self.save_hyperparameters(ignore=['encoder'])`.
/scratch/user/ahnafalvi/envs/matinvent-hcap-bo/lib/python3.10/site-packages/lightning/pytorch/utilities/parsing.py:213: Attribute 'decoder' is an instance of `nn.Module` and is already saved during checkpointing. It is recommended to ignore them using `self.save_hyperparameters(ignore=['decoder'])`.
Error executing job with overrides: ['expname=hcap_p3_adit_accel_seed42_3002422', '+seed=42', 'model=adit', 'reward=heat_capacity', 'reward.prop_cfg.0.calculator._target_=src.calculators.LocalESEN_GPRouted', 'reward.prop_cfg.0.calculator.env_name=null', 'reward.prop_cfg.0.calculator.worker=1', 'rl_epoch=10', 'eval_size=16', 'logger=csv', 'results_dir=/scratch/user/ahnafalvi/matinvent-hcap-bo/results']
Traceback (most recent call last):
  File "/scratch/user/ahnafalvi/matinvent-pristine/main.py", line 21, in main
    reinl.run_rl()
  File "/scratch/user/ahnafalvi/matinvent-pristine/pipeline/mat_invent.py", line 279, in run_rl
    self.rl_step()
  File "/scratch/user/ahnafalvi/matinvent-pristine/pipeline/mat_invent.py", line 196, in rl_step
    sample_list, sample_struc, xyz_path, sample_metrics = self.sample_step()
  File "/scratch/user/ahnafalvi/matinvent-pristine/pipeline/mat_invent.py", line 79, in sample_step
    sample_data, sample_struc = invalid_filter(sample_data, sample_struc)
  File "/scratch/user/ahnafalvi/matinvent-pristine/pipeline/filters/opt_filter.py", line 51, in invalid_filter
    valid_comp = parallel_run(structure_validity, sample_struc)
  File "/scratch/user/ahnafalvi/matinvent-pristine/pipeline/filters/opt_filter.py", line 42, in parallel_run
    if isinstance(args_list[0], tuple):
IndexError: list index out of range

Set the environment variable HYDRA_FULL_ERROR=1 for a complete stack trace.
