Phase-3 CrystalFlow BASELINE (rl_epoch=20) seed=17 at Fri May  1 18:28:29 CDT 2026 on fc102
Tesla T4, 16384 MiB
MODELS_PROJECT_ROOT: /scratch/user/ahnafalvi/matinvent-bo/src/mattergen/mattergen
[2026-05-01 18:39:44,425][httpx][INFO] - HTTP Request: HEAD https://huggingface.co/jwchen25/MatInvent/resolve/main/reference_MP2020correction.gz "HTTP/1.1 302 Found"
edge_style: fc
[2026-05-01 18:45:20,398][hydra.utils][INFO] - Using lattice polar decomposition with sigma=0.1
edge_style: fc
[2026-05-01 18:45:35,771][hydra.utils][INFO] - Using lattice polar decomposition with sigma=0.1
edge_style: fc
[2026-05-01 18:45:49,720][hydra.utils][INFO] - Using lattice polar decomposition with sigma=0.1
edge_style: fc
[2026-05-01 18:46:03,363][hydra.utils][INFO] - Using lattice polar decomposition with sigma=0.1
[2026-05-01 18:46:03,412][root][INFO] - *****   RL START   *****
[2026-05-01 18:46:03,412][root][INFO] - *****   LOOP 0 START   *****
[2026-05-01 18:46:03,412][root][INFO] - SAMPLE:
[32m2026-05-01 18:47:45.643[0m | [1mINFO    [0m | [36mmattersim.forcefield.potential[0m:[36mfrom_checkpoint[0m:[36m891[0m - [1mLoading the pre-trained mattersim-v1.0.0-5M.pth model[0m
[2026-05-01 19:01:54,296][root][INFO] - Number of filtered samples: 4
[2026-05-01 19:01:54,341][root][INFO] - avg_energy_above_hull_per_atom: 0.202044, avg_rmsd_from_relaxation: 0.893700, frac_novel_unique_stable_structures: 0.093023, frac_stable_structures: 0.255814, frac_successful_jobs: 1.000000, avg_comp_validity: 1.000000, avg_structure_comp_validity: 1.000000, avg_structure_validity: 1.000000, frac_novel_structures: 0.813953, frac_novel_systems: 0.209302, frac_novel_unique_structures: 0.813953, frac_unique_structures: 1.000000, frac_unique_systems: 1.000000, precision: 0.186047, recall: 0.000015
[2026-05-01 19:01:54,346][root][INFO] - SCORE:
[2026-05-01 19:02:12,664][root][INFO] - Project root: /scratch/user/ahnafalvi/envs/matinvent-hcap-bo/lib/python3.10/site-packages/fairchem
[2026-05-01 19:02:46,738][root][INFO] - Checking local cache: /scratch/user/ahnafalvi/.cache/huggingface for model eSEN-30M-OAM
[2026-05-01 19:02:47,938][httpx][INFO] - HTTP Request: HEAD https://huggingface.co/facebook/OMAT24/resolve/main/esen_30m_oam.pt "HTTP/1.1 302 Found"
[2026-05-01 19:02:54,734][root][INFO] - local rank base: 0
[2026-05-01 19:02:59,011][root][INFO] - amp: false
cmd:
  checkpoint_dir: /scratch/user/ahnafalvi/matinvent-hcap-bo/results/hcap_p3_cf_baseline_seed17_3002766/checkpoints/2026-05-01-19-02-08
  commit: core:None,experimental:NA
  identifier: ''
  logs_dir: /scratch/user/ahnafalvi/matinvent-hcap-bo/results/hcap_p3_cf_baseline_seed17_3002766/logs/wandb/2026-05-01-19-02-08
  print_every: 100
  results_dir: /scratch/user/ahnafalvi/matinvent-hcap-bo/results/hcap_p3_cf_baseline_seed17_3002766/results/2026-05-01-19-02-08
  seed: null
  timestamp_id: 2026-05-01-19-02-08
  version: 1.10.0
dataset:
  a2g_args:
    r_energy: true
    r_forces: true
    r_stress: true
  format: ase_db
  metadata_path: ''
  transforms:
    element_references: ''
    normalizer:
      energy:
        mean: 0.0
        stdev: 0.6274358
      forces:
        mean: 0.0
        stdev: 0.6274358
      stress:
        mean: 0.0
        stdev: 0.6274358
evaluation_metrics:
  metrics:
    energy:
    - mae
    - per_atom_mae
    forces:
    - mae
    - cosine_similarity
    stress:
    - mae
  primary_metric: forces_mae
gp_gpus: null
gpus: 1
logger: wandb
loss_functions:
- energy:
    coefficient: 20
    fn: per_atom_mae
- forces:
    coefficient: 20
    fn: l2mae
- stress:
    coefficient: 5
    fn: mae
model:
  backbone:
    act_type: gate
    cutoff: 6.0
    direct_forces: false
    distance_function: gaussian
    edge_channels: 128
    hidden_channels: 128
    lmax: 3
    max_neighbors: 300
    max_num_elements: 100
    mlp_type: spectral
    mmax: 2
    model: esen_backbone
    norm_type: rms_norm_sh
    num_distance_basis: 64
    num_layers: 10
    otf_graph: true
    regress_forces: true
    regress_stress: true
    sphere_channels: 128
    use_envelope: true
    use_pbc: true
    use_pbc_single: true
  heads:
    mptrj:
      module: esen_mlp_efs_head
  name: hydra
  otf_graph: true
  pass_through_head_outputs: true
optim:
  batch_size: 4
  clip_grad_norm: 100
  ema_decay: 0.999
  eval_batch_size: 4
  eval_every: 5000
  load_balancing: atoms
  lr_initial: 0.0004
  max_epochs: 1
  num_workers: 4
  optimizer: AdamW
  optimizer_params:
    weight_decay: 0.001
  scheduler: LambdaLR
  scheduler_params:
    epochs: 85271
    lambda_type: cosine
    lr: 0.0004
    lr_min_factor: 0.1
    warmup_epochs: 8527
    warmup_factor: 0.2
outputs:
  energy:
    level: system
    property: energy
  forces:
    eval_on_free_atoms: true
    level: atom
    property: forces
    train_on_free_atoms: true
  stress:
    level: system
    property: stress
relax_dataset: {}
slurm: {}
task: {}
test_dataset: {}
trainer: ocp
val_dataset: {}

[2026-05-01 19:03:01,723][root][INFO] - Loading model: hydra
[2026-05-01 19:03:05,950][root][INFO] - Loaded HydraModel with 30161153 parameters.
[2026-05-01 19:03:05,950][root][INFO] - Loading checkpoint in inference-only mode, not loading keys associated with trainer state!
[2026-05-01 19:03:05,985][root][WARNING] - No seed has been set in modelcheckpoint or OCPCalculator! Results may not be reproducible on re-run
[2026-05-01 19:10:23,901][root][INFO] - Evaluation costs to date: 4
[2026-05-01 19:10:23,930][root][INFO] - Number of samples that successfully obtained rewards: 1
[2026-05-01 19:10:23,930][root][INFO] - reward mean=0.0000 std=0.0000
[2026-05-01 19:10:23,930][root][INFO] - heat_capacity mean=0.1485 std=0.0000
[2026-05-01 19:10:24,471][root][INFO] - 1 crystals generated so far, 1 unique components.  Burden: None, Div. Ratio: 1.0.
[2026-05-01 19:10:24,514][root][INFO] - Diversity filter: tol_n=0, buff_n=0
[2026-05-01 19:10:24,678][root][INFO] - replay buffer size=0
[2026-05-01 19:10:24,729][root][INFO] - buffer reward mean=nan
[2026-05-01 19:10:24,729][root][INFO] - FINETUNE:
[2026-05-01 19:10:28,478][root][INFO] - Epoch 0: loss: 0.0000, loss_diff: 0.0000, loss_kl: 0.0000
[2026-05-01 19:10:28,582][root][INFO] - Epoch 1: loss: 0.0000, loss_diff: 0.0000, loss_kl: 0.0000
[2026-05-01 19:10:28,687][root][INFO] - Epoch 2: loss: 0.0000, loss_diff: 0.0000, loss_kl: 0.0000
[2026-05-01 19:10:28,687][root][INFO] - *****   LOOP 0 FINISH   *****
[2026-05-01 19:10:28,687][root][INFO] - Total time taken: 24.42 min.


[2026-05-01 19:10:28,687][root][INFO] - *****   LOOP 1 START   *****
[2026-05-01 19:10:28,687][root][INFO] - SAMPLE:
[32m2026-05-01 19:11:53.911[0m | [1mINFO    [0m | [36mmattersim.forcefield.potential[0m:[36mfrom_checkpoint[0m:[36m891[0m - [1mLoading the pre-trained mattersim-v1.0.0-5M.pth model[0m
[2026-05-01 19:16:37,201][root][INFO] - Number of filtered samples: 11
[2026-05-01 19:16:37,202][root][INFO] - avg_energy_above_hull_per_atom: 0.176994, avg_rmsd_from_relaxation: 0.965985, frac_novel_unique_stable_structures: 0.215686, frac_stable_structures: 0.313725, frac_successful_jobs: 1.000000, avg_comp_validity: 1.000000, avg_structure_comp_validity: 1.000000, avg_structure_validity: 1.000000, frac_novel_structures: 0.882353, frac_novel_systems: 0.176471, frac_novel_unique_structures: 0.882353, frac_unique_structures: 1.000000, frac_unique_systems: 1.000000, precision: 0.117647, recall: 0.000014
[2026-05-01 19:16:37,222][root][INFO] - SCORE:
[2026-05-01 19:27:45,915][root][INFO] - Evaluation costs to date: 15
[2026-05-01 19:27:45,973][root][INFO] - Number of samples that successfully obtained rewards: 2
[2026-05-01 19:27:45,973][root][INFO] - reward mean=0.1755 std=0.1755
[2026-05-01 19:27:45,973][root][INFO] - heat_capacity mean=0.5069 std=0.3572
[2026-05-01 19:27:46,953][root][INFO] - 3 crystals generated so far, 3 unique components.  Burden: None, Div. Ratio: 1.0.
[2026-05-01 19:27:47,015][root][INFO] - Diversity filter: tol_n=0, buff_n=0
[2026-05-01 19:27:47,036][root][INFO] - replay buffer size=1
[2026-05-01 19:27:47,036][root][INFO] - buffer reward mean=0.3509051017506885
[2026-05-01 19:27:47,036][root][INFO] - FINETUNE:
[2026-05-01 19:27:47,345][root][INFO] - Epoch 0: loss: 0.2712, loss_diff: 0.2712, loss_kl: 0.0000
[2026-05-01 19:27:47,471][root][INFO] - Epoch 1: loss: 0.2627, loss_diff: 0.2627, loss_kl: 0.0000
[2026-05-01 19:27:47,586][root][INFO] - Epoch 2: loss: 0.2789, loss_diff: 0.2789, loss_kl: 0.0000
[2026-05-01 19:27:47,587][root][INFO] - *****   LOOP 1 FINISH   *****
[2026-05-01 19:27:47,587][root][INFO] - Total time taken: 17.31 min.


[2026-05-01 19:27:47,587][root][INFO] - *****   LOOP 2 START   *****
[2026-05-01 19:27:47,587][root][INFO] - SAMPLE:
[32m2026-05-01 19:29:06.196[0m | [1mINFO    [0m | [36mmattersim.forcefield.potential[0m:[36mfrom_checkpoint[0m:[36m891[0m - [1mLoading the pre-trained mattersim-v1.0.0-5M.pth model[0m
[2026-05-01 19:35:28,892][root][INFO] - Number of filtered samples: 5
[2026-05-01 19:35:39,303][root][INFO] - avg_energy_above_hull_per_atom: 0.178572, avg_rmsd_from_relaxation: 0.907385, frac_novel_unique_stable_structures: 0.102041, frac_stable_structures: 0.326531, frac_successful_jobs: 1.000000, avg_comp_validity: 1.000000, avg_structure_comp_validity: 1.000000, avg_structure_validity: 1.000000, frac_novel_structures: 0.734694, frac_novel_systems: 0.122449, frac_novel_unique_structures: 0.734694, frac_unique_structures: 1.000000, frac_unique_systems: 0.979592, precision: 0.265306, recall: 0.000030
[2026-05-01 19:35:46,917][root][INFO] - SCORE:
[2026-05-01 19:40:44,659][root][INFO] - Evaluation costs to date: 20
[2026-05-01 19:40:44,660][root][INFO] - Number of samples that successfully obtained rewards: 1
[2026-05-01 19:40:44,660][root][INFO] - reward mean=0.0000 std=0.0000
[2026-05-01 19:40:44,660][root][INFO] - heat_capacity mean=0.1307 std=0.0000
[2026-05-01 19:40:45,918][root][INFO] - 4 crystals generated so far, 4 unique components.  Burden: None, Div. Ratio: 1.0.
[2026-05-01 19:40:46,435][root][INFO] - Diversity filter: tol_n=0, buff_n=0
[2026-05-01 19:40:46,551][root][INFO] - replay buffer size=1
[2026-05-01 19:40:46,551][root][INFO] - buffer reward mean=0.3509051017506885
[2026-05-01 19:40:46,551][root][INFO] - FINETUNE:
[2026-05-01 19:40:46,910][root][INFO] - Epoch 0: loss: 0.2558, loss_diff: 0.2558, loss_kl: 0.0000
[2026-05-01 19:40:47,032][root][INFO] - Epoch 1: loss: 0.2436, loss_diff: 0.2436, loss_kl: 0.0000
[2026-05-01 19:40:47,150][root][INFO] - Epoch 2: loss: 0.2588, loss_diff: 0.2588, loss_kl: 0.0000
[2026-05-01 19:40:47,151][root][INFO] - *****   LOOP 2 FINISH   *****
[2026-05-01 19:40:47,151][root][INFO] - Total time taken: 12.99 min.


[2026-05-01 19:40:47,151][root][INFO] - *****   LOOP 3 START   *****
[2026-05-01 19:40:47,151][root][INFO] - SAMPLE:
[32m2026-05-01 19:42:04.519[0m | [1mINFO    [0m | [36mmattersim.forcefield.potential[0m:[36mfrom_checkpoint[0m:[36m891[0m - [1mLoading the pre-trained mattersim-v1.0.0-5M.pth model[0m
[2026-05-01 19:47:23,911][root][INFO] - Number of filtered samples: 8
[2026-05-01 19:47:24,324][root][INFO] - avg_energy_above_hull_per_atom: 0.239692, avg_rmsd_from_relaxation: 0.985882, frac_novel_unique_stable_structures: 0.166667, frac_stable_structures: 0.291667, frac_successful_jobs: 1.000000, avg_comp_validity: 1.000000, avg_structure_comp_validity: 1.000000, avg_structure_validity: 1.000000, frac_novel_structures: 0.854167, frac_novel_systems: 0.187500, frac_novel_unique_structures: 0.854167, frac_unique_structures: 1.000000, frac_unique_systems: 1.000000, precision: 0.145833, recall: 0.000017
[2026-05-01 19:47:25,355][root][INFO] - SCORE:
[2026-05-01 19:54:03,119][root][INFO] - Evaluation costs to date: 28
[2026-05-01 19:54:03,159][root][INFO] - Number of samples that successfully obtained rewards: 3
[2026-05-01 19:54:03,159][root][INFO] - reward mean=0.0740 std=0.1024
[2026-05-01 19:54:03,159][root][INFO] - heat_capacity mean=0.3643 std=0.1911
[2026-05-01 19:54:04,365][root][INFO] - 7 crystals generated so far, 7 unique components.  Burden: None, Div. Ratio: 1.0.
[2026-05-01 19:54:04,401][root][INFO] - Diversity filter: tol_n=0, buff_n=0
[2026-05-01 19:54:04,404][root][INFO] - replay buffer size=2
[2026-05-01 19:54:04,405][root][INFO] - buffer reward mean=0.28485089105578215
[2026-05-01 19:54:04,405][root][INFO] - FINETUNE:
[2026-05-01 19:54:04,629][root][INFO] - Epoch 0: loss: 0.2050, loss_diff: 0.2050, loss_kl: 0.0001
[2026-05-01 19:54:04,756][root][INFO] - Epoch 1: loss: 0.2159, loss_diff: 0.2159, loss_kl: 0.0001
[2026-05-01 19:54:04,869][root][INFO] - Epoch 2: loss: 0.2029, loss_diff: 0.2029, loss_kl: 0.0001
[2026-05-01 19:54:04,870][root][INFO] - *****   LOOP 3 FINISH   *****
[2026-05-01 19:54:04,870][root][INFO] - Total time taken: 13.30 min.


[2026-05-01 19:54:04,870][root][INFO] - *****   LOOP 4 START   *****
[2026-05-01 19:54:04,870][root][INFO] - SAMPLE:
[32m2026-05-01 19:55:21.608[0m | [1mINFO    [0m | [36mmattersim.forcefield.potential[0m:[36mfrom_checkpoint[0m:[36m891[0m - [1mLoading the pre-trained mattersim-v1.0.0-5M.pth model[0m
[2026-05-01 20:00:09,363][root][INFO] - Number of filtered samples: 9
[2026-05-01 20:00:09,365][root][INFO] - avg_energy_above_hull_per_atom: 0.222230, avg_rmsd_from_relaxation: 0.882409, frac_novel_unique_stable_structures: 0.191489, frac_stable_structures: 0.276596, frac_successful_jobs: 1.000000, avg_comp_validity: 1.000000, avg_structure_comp_validity: 1.000000, avg_structure_validity: 1.000000, frac_novel_structures: 0.872340, frac_novel_systems: 0.319149, frac_novel_unique_structures: 0.872340, frac_unique_structures: 1.000000, frac_unique_systems: 1.000000, precision: 0.127660, recall: 0.000008
[2026-05-01 20:00:09,382][root][INFO] - SCORE:
[2026-05-01 20:11:46,305][root][INFO] - Evaluation costs to date: 37
[2026-05-01 20:11:46,400][root][INFO] - Number of samples that successfully obtained rewards: 2
[2026-05-01 20:11:46,400][root][INFO] - reward mean=0.0419 std=0.0419
[2026-05-01 20:11:46,401][root][INFO] - heat_capacity mean=0.2848 std=0.1120
[2026-05-01 20:11:46,449][root][INFO] - 9 crystals generated so far, 9 unique components.  Burden: None, Div. Ratio: 1.0.
[2026-05-01 20:11:46,461][root][INFO] - Diversity filter: tol_n=0, buff_n=0
[2026-05-01 20:11:46,464][root][INFO] - replay buffer size=2
[2026-05-01 20:11:46,464][root][INFO] - buffer reward mean=0.28485089105578215
[2026-05-01 20:11:46,464][root][INFO] - FINETUNE:
[2026-05-01 20:11:47,869][root][INFO] - Epoch 0: loss: 0.2449, loss_diff: 0.2449, loss_kl: 0.0001
[2026-05-01 20:11:47,992][root][INFO] - Epoch 1: loss: 0.2457, loss_diff: 0.2457, loss_kl: 0.0001
[2026-05-01 20:11:48,109][root][INFO] - Epoch 2: loss: 0.2428, loss_diff: 0.2428, loss_kl: 0.0001
[2026-05-01 20:11:48,110][root][INFO] - *****   LOOP 4 FINISH   *****
[2026-05-01 20:11:48,110][root][INFO] - Total time taken: 17.72 min.


[2026-05-01 20:11:48,110][root][INFO] - *****   LOOP 5 START   *****
[2026-05-01 20:11:48,110][root][INFO] - SAMPLE:
[32m2026-05-01 20:13:13.294[0m | [1mINFO    [0m | [36mmattersim.forcefield.potential[0m:[36mfrom_checkpoint[0m:[36m891[0m - [1mLoading the pre-trained mattersim-v1.0.0-5M.pth model[0m
[2026-05-01 20:18:16,480][root][INFO] - Number of filtered samples: 7
[2026-05-01 20:18:16,570][root][INFO] - avg_energy_above_hull_per_atom: 0.207040, avg_rmsd_from_relaxation: 0.892756, frac_novel_unique_stable_structures: 0.142857, frac_stable_structures: 0.346939, frac_successful_jobs: 1.000000, avg_comp_validity: 1.000000, avg_structure_comp_validity: 1.000000, avg_structure_validity: 1.000000, frac_novel_structures: 0.775510, frac_novel_systems: 0.163265, frac_novel_unique_structures: 0.775510, frac_unique_structures: 1.000000, frac_unique_systems: 1.000000, precision: 0.224490, recall: 0.000033
[2026-05-01 20:18:16,606][root][INFO] - SCORE:
[2026-05-01 20:26:29,009][root][INFO] - Evaluation costs to date: 44
[2026-05-01 20:26:29,057][root][INFO] - Number of samples that successfully obtained rewards: 3
[2026-05-01 20:26:29,057][root][INFO] - reward mean=0.1023 std=0.1058
[2026-05-01 20:26:29,058][root][INFO] - heat_capacity mean=0.3948 std=0.2211
[2026-05-01 20:26:29,124][root][INFO] - 12 crystals generated so far, 12 unique components.  Burden: None, Div. Ratio: 1.0.
[2026-05-01 20:26:29,176][root][INFO] - Diversity filter: tol_n=0, buff_n=0
[2026-05-01 20:26:29,178][root][INFO] - replay buffer size=3
[2026-05-01 20:26:29,179][root][INFO] - buffer reward mean=0.27256270988158
[2026-05-01 20:26:29,179][root][INFO] - FINETUNE:
[2026-05-01 20:26:29,482][root][INFO] - Epoch 0: loss: 0.2573, loss_diff: 0.2573, loss_kl: 0.0002
[2026-05-01 20:26:29,606][root][INFO] - Epoch 1: loss: 0.2530, loss_diff: 0.2530, loss_kl: 0.0002
[2026-05-01 20:26:29,725][root][INFO] - Epoch 2: loss: 0.2523, loss_diff: 0.2523, loss_kl: 0.0002
[2026-05-01 20:26:29,725][root][INFO] - *****   LOOP 5 FINISH   *****
[2026-05-01 20:26:29,726][root][INFO] - Total time taken: 14.69 min.


[2026-05-01 20:26:29,726][root][INFO] - *****   LOOP 6 START   *****
[2026-05-01 20:26:29,726][root][INFO] - SAMPLE:
[32m2026-05-01 20:27:46.430[0m | [1mINFO    [0m | [36mmattersim.forcefield.potential[0m:[36mfrom_checkpoint[0m:[36m891[0m - [1mLoading the pre-trained mattersim-v1.0.0-5M.pth model[0m
[2026-05-01 20:31:17,650][root][INFO] - Number of filtered samples: 7
[2026-05-01 20:31:17,738][root][INFO] - avg_energy_above_hull_per_atom: 0.178833, avg_rmsd_from_relaxation: 0.869258, frac_novel_unique_stable_structures: 0.155556, frac_stable_structures: 0.377778, frac_successful_jobs: 1.000000, avg_comp_validity: 1.000000, avg_structure_comp_validity: 1.000000, avg_structure_validity: 1.000000, frac_novel_structures: 0.755556, frac_novel_systems: 0.155556, frac_novel_unique_structures: 0.755556, frac_unique_structures: 1.000000, frac_unique_systems: 1.000000, precision: 0.244444, recall: 0.000044
[2026-05-01 20:31:17,743][root][INFO] - SCORE:
[2026-05-01 20:35:27,143][root][INFO] - Evaluation costs to date: 51
[2026-05-01 20:35:27,144][root][INFO] - Number of samples that successfully obtained rewards: 7
[2026-05-01 20:35:27,145][root][INFO] - reward mean=0.0354 std=0.0555
[2026-05-01 20:35:27,145][root][INFO] - heat_capacity mean=0.2635 std=0.1334
[2026-05-01 20:35:28,001][root][INFO] - 19 crystals generated so far, 19 unique components.  Burden: None, Div. Ratio: 1.0.
[2026-05-01 20:35:28,190][root][INFO] - Diversity filter: tol_n=0, buff_n=0
[2026-05-01 20:35:28,220][root][INFO] - replay buffer size=5
[2026-05-01 20:35:28,220][root][INFO] - buffer reward mean=0.21273393108932237
[2026-05-01 20:35:28,220][root][INFO] - FINETUNE:
[2026-05-01 20:35:29,023][root][INFO] - Epoch 0: loss: 0.1514, loss_diff: 0.1514, loss_kl: 0.0002
[2026-05-01 20:35:29,180][root][INFO] - Epoch 1: loss: 0.1485, loss_diff: 0.1485, loss_kl: 0.0002
[2026-05-01 20:35:29,330][root][INFO] - Epoch 2: loss: 0.1523, loss_diff: 0.1522, loss_kl: 0.0002
[2026-05-01 20:35:29,330][root][INFO] - *****   LOOP 6 FINISH   *****
[2026-05-01 20:35:29,331][root][INFO] - Total time taken: 8.99 min.


[2026-05-01 20:35:29,331][root][INFO] - *****   LOOP 7 START   *****
[2026-05-01 20:35:29,331][root][INFO] - SAMPLE:
[32m2026-05-01 20:38:15.341[0m | [1mINFO    [0m | [36mmattersim.forcefield.potential[0m:[36mfrom_checkpoint[0m:[36m891[0m - [1mLoading the pre-trained mattersim-v1.0.0-5M.pth model[0m
[2026-05-01 20:41:22,303][root][INFO] - Number of filtered samples: 7
[2026-05-01 20:41:22,359][root][INFO] - avg_energy_above_hull_per_atom: 0.262336, avg_rmsd_from_relaxation: 0.923886, frac_novel_unique_stable_structures: 0.162791, frac_stable_structures: 0.348837, frac_successful_jobs: 1.000000, avg_comp_validity: 1.000000, avg_structure_comp_validity: 1.000000, avg_structure_validity: 1.000000, frac_novel_structures: 0.790698, frac_novel_systems: 0.186047, frac_novel_unique_structures: 0.790698, frac_unique_structures: 1.000000, frac_unique_systems: 1.000000, precision: 0.209302, recall: 0.000018
[2026-05-01 20:41:22,365][root][INFO] - SCORE:
[2026-05-01 20:48:27,027][root][INFO] - Evaluation costs to date: 58
[2026-05-01 20:48:27,281][root][INFO] - Number of samples that successfully obtained rewards: 5
[2026-05-01 20:48:27,281][root][INFO] - reward mean=0.0039 std=0.0078
[2026-05-01 20:48:27,282][root][INFO] - heat_capacity mean=0.1967 std=0.0544
[2026-05-01 20:48:30,644][root][INFO] - 24 crystals generated so far, 24 unique components.  Burden: None, Div. Ratio: 1.0.
[2026-05-01 20:48:30,738][root][INFO] - Diversity filter: tol_n=0, buff_n=0
[2026-05-01 20:48:30,741][root][INFO] - replay buffer size=5
[2026-05-01 20:48:30,741][root][INFO] - buffer reward mean=0.21273393108932237
[2026-05-01 20:48:30,741][root][INFO] - FINETUNE:
[2026-05-01 20:48:31,181][root][INFO] - Epoch 0: loss: 0.1524, loss_diff: 0.1524, loss_kl: 0.0002
[2026-05-01 20:48:31,370][root][INFO] - Epoch 1: loss: 0.1520, loss_diff: 0.1520, loss_kl: 0.0003
[2026-05-01 20:48:31,563][root][INFO] - Epoch 2: loss: 0.1564, loss_diff: 0.1563, loss_kl: 0.0003
[2026-05-01 20:48:31,563][root][INFO] - *****   LOOP 7 FINISH   *****
[2026-05-01 20:48:31,563][root][INFO] - Total time taken: 13.04 min.


[2026-05-01 20:48:31,564][root][INFO] - *****   LOOP 8 START   *****
[2026-05-01 20:48:31,564][root][INFO] - SAMPLE:
[32m2026-05-01 20:49:42.697[0m | [1mINFO    [0m | [36mmattersim.forcefield.potential[0m:[36mfrom_checkpoint[0m:[36m891[0m - [1mLoading the pre-trained mattersim-v1.0.0-5M.pth model[0m
[2026-05-01 20:54:48,680][root][INFO] - Number of filtered samples: 7
[2026-05-01 20:54:49,087][root][INFO] - avg_energy_above_hull_per_atom: 0.197230, avg_rmsd_from_relaxation: 0.814193, frac_novel_unique_stable_structures: 0.148936, frac_stable_structures: 0.319149, frac_successful_jobs: 1.000000, avg_comp_validity: 1.000000, avg_structure_comp_validity: 1.000000, avg_structure_validity: 1.000000, frac_novel_structures: 0.808511, frac_novel_systems: 0.255319, frac_novel_unique_structures: 0.808511, frac_unique_structures: 1.000000, frac_unique_systems: 1.000000, precision: 0.191489, recall: 0.000013
[2026-05-01 20:54:49,092][root][INFO] - SCORE:
[2026-05-01 21:00:15,027][root][INFO] - Evaluation costs to date: 65
[2026-05-01 21:00:16,951][root][INFO] - Number of samples that successfully obtained rewards: 3
[2026-05-01 21:00:16,952][root][INFO] - reward mean=0.0000 std=0.0000
[2026-05-01 21:00:16,952][root][INFO] - heat_capacity mean=0.2091 std=0.0206
[2026-05-01 21:00:51,766][root][INFO] - 27 crystals generated so far, 27 unique components.  Burden: None, Div. Ratio: 1.0.
[2026-05-01 21:00:59,897][root][INFO] - Diversity filter: tol_n=0, buff_n=0
[2026-05-01 21:01:11,230][root][INFO] - replay buffer size=5
[2026-05-01 21:01:11,231][root][INFO] - buffer reward mean=0.21273393108932237
[2026-05-01 21:01:11,231][root][INFO] - FINETUNE:
[2026-05-01 21:01:11,785][root][INFO] - Epoch 0: loss: 0.1858, loss_diff: 0.1858, loss_kl: 0.0003
[2026-05-01 21:01:11,945][root][INFO] - Epoch 1: loss: 0.1907, loss_diff: 0.1907, loss_kl: 0.0003
[2026-05-01 21:01:12,071][root][INFO] - Epoch 2: loss: 0.1837, loss_diff: 0.1836, loss_kl: 0.0004
[2026-05-01 21:01:12,071][root][INFO] - *****   LOOP 8 FINISH   *****
[2026-05-01 21:01:12,071][root][INFO] - Total time taken: 12.68 min.


[2026-05-01 21:01:12,071][root][INFO] - *****   LOOP 9 START   *****
[2026-05-01 21:01:12,071][root][INFO] - SAMPLE:
[32m2026-05-01 21:04:03.414[0m | [1mINFO    [0m | [36mmattersim.forcefield.potential[0m:[36mfrom_checkpoint[0m:[36m891[0m - [1mLoading the pre-trained mattersim-v1.0.0-5M.pth model[0m
[2026-05-01 21:08:51,489][root][INFO] - Number of filtered samples: 5
[2026-05-01 21:08:51,562][root][INFO] - avg_energy_above_hull_per_atom: 0.388211, avg_rmsd_from_relaxation: 0.977087, frac_novel_unique_stable_structures: 0.113636, frac_stable_structures: 0.227273, frac_successful_jobs: 1.000000, avg_comp_validity: 1.000000, avg_structure_comp_validity: 1.000000, avg_structure_validity: 1.000000, frac_novel_structures: 0.886364, frac_novel_systems: 0.136364, frac_novel_unique_structures: 0.886364, frac_unique_structures: 1.000000, frac_unique_systems: 1.000000, precision: 0.113636, recall: 0.000008
[2026-05-01 21:08:51,664][root][INFO] - SCORE:
[2026-05-01 21:14:15,032][root][INFO] - Evaluation costs to date: 70
[2026-05-01 21:14:15,158][root][INFO] - Number of samples that successfully obtained rewards: 1
[2026-05-01 21:14:15,158][root][INFO] - reward mean=0.0000 std=0.0000
[2026-05-01 21:14:15,159][root][INFO] - heat_capacity mean=0.1490 std=0.0000
[2026-05-01 21:14:16,438][root][INFO] - 28 crystals generated so far, 28 unique components.  Burden: None, Div. Ratio: 1.0.
[2026-05-01 21:14:16,444][root][INFO] - Diversity filter: tol_n=0, buff_n=0
[2026-05-01 21:14:16,446][root][INFO] - replay buffer size=5
[2026-05-01 21:14:16,446][root][INFO] - buffer reward mean=0.21273393108932237
[2026-05-01 21:14:16,446][root][INFO] - FINETUNE:
[2026-05-01 21:14:16,738][root][INFO] - Epoch 0: loss: 0.2506, loss_diff: 0.2506, loss_kl: 0.0004
[2026-05-01 21:14:16,870][root][INFO] - Epoch 1: loss: 0.2431, loss_diff: 0.2431, loss_kl: 0.0004
[2026-05-01 21:14:16,996][root][INFO] - Epoch 2: loss: 0.2453, loss_diff: 0.2453, loss_kl: 0.0004
[2026-05-01 21:14:16,997][root][INFO] - *****   LOOP 9 FINISH   *****
[2026-05-01 21:14:16,997][root][INFO] - Total time taken: 13.08 min.


[2026-05-01 21:14:16,997][root][INFO] - *****   LOOP 10 START   *****
[2026-05-01 21:14:16,997][root][INFO] - SAMPLE:
[32m2026-05-01 21:15:50.560[0m | [1mINFO    [0m | [36mmattersim.forcefield.potential[0m:[36mfrom_checkpoint[0m:[36m891[0m - [1mLoading the pre-trained mattersim-v1.0.0-5M.pth model[0m
[2026-05-01 21:23:25,372][root][INFO] - Number of filtered samples: 10
[2026-05-01 21:23:25,666][root][INFO] - avg_energy_above_hull_per_atom: 0.194361, avg_rmsd_from_relaxation: 1.057729, frac_novel_unique_stable_structures: 0.208333, frac_stable_structures: 0.354167, frac_successful_jobs: 1.000000, avg_comp_validity: 1.000000, avg_structure_comp_validity: 1.000000, avg_structure_validity: 1.000000, frac_novel_structures: 0.854167, frac_novel_systems: 0.229167, frac_novel_unique_structures: 0.854167, frac_unique_structures: 1.000000, frac_unique_systems: 0.979167, precision: 0.145833, recall: 0.000037
[2026-05-01 21:23:25,715][root][INFO] - SCORE:
[2026-05-01 21:34:34,998][root][INFO] - Evaluation costs to date: 80
[2026-05-01 21:34:35,205][root][INFO] - Number of samples that successfully obtained rewards: 5
[2026-05-01 21:34:35,205][root][INFO] - reward mean=0.0420 std=0.0622
[2026-05-01 21:34:35,206][root][INFO] - heat_capacity mean=0.2961 std=0.1315
[2026-05-01 21:34:35,331][root][INFO] - 33 crystals generated so far, 33 unique components.  Burden: None, Div. Ratio: 1.0.
[2026-05-01 21:34:35,412][root][INFO] - Diversity filter: tol_n=0, buff_n=0
[2026-05-01 21:34:35,485][root][INFO] - replay buffer size=6
[2026-05-01 21:34:35,486][root][INFO] - buffer reward mean=0.2045095839424782
[2026-05-01 21:34:35,486][root][INFO] - FINETUNE:
[2026-05-01 21:34:36,456][root][INFO] - Epoch 0: loss: 0.1814, loss_diff: 0.1814, loss_kl: 0.0004
[2026-05-01 21:34:36,609][root][INFO] - Epoch 1: loss: 0.1689, loss_diff: 0.1689, loss_kl: 0.0005
[2026-05-01 21:34:36,769][root][INFO] - Epoch 2: loss: 0.1752, loss_diff: 0.1752, loss_kl: 0.0005
[2026-05-01 21:34:36,770][root][INFO] - *****   LOOP 10 FINISH   *****
[2026-05-01 21:34:36,770][root][INFO] - Total time taken: 20.33 min.


[2026-05-01 21:34:36,770][root][INFO] - *****   LOOP 11 START   *****
[2026-05-01 21:34:36,770][root][INFO] - SAMPLE:
[32m2026-05-01 21:36:42.917[0m | [1mINFO    [0m | [36mmattersim.forcefield.potential[0m:[36mfrom_checkpoint[0m:[36m891[0m - [1mLoading the pre-trained mattersim-v1.0.0-5M.pth model[0m
[2026-05-01 21:40:32,639][root][INFO] - Number of filtered samples: 8
[2026-05-01 21:40:32,733][root][INFO] - avg_energy_above_hull_per_atom: 0.262468, avg_rmsd_from_relaxation: 0.868429, frac_novel_unique_stable_structures: 0.177778, frac_stable_structures: 0.288889, frac_successful_jobs: 1.000000, avg_comp_validity: 1.000000, avg_structure_comp_validity: 1.000000, avg_structure_validity: 1.000000, frac_novel_structures: 0.844444, frac_novel_systems: 0.244444, frac_novel_unique_structures: 0.844444, frac_unique_structures: 1.000000, frac_unique_systems: 1.000000, precision: 0.155556, recall: 0.000018
[2026-05-01 21:40:32,739][root][INFO] - SCORE:
[2026-05-01 21:48:55,550][root][INFO] - Evaluation costs to date: 88
[2026-05-01 21:48:55,642][root][INFO] - Number of samples that successfully obtained rewards: 1
[2026-05-01 21:48:55,642][root][INFO] - reward mean=0.0000 std=0.0000
[2026-05-01 21:48:55,642][root][INFO] - heat_capacity mean=0.1599 std=0.0000
[2026-05-01 21:48:55,812][root][INFO] - 34 crystals generated so far, 34 unique components.  Burden: None, Div. Ratio: 1.0.
[2026-05-01 21:48:55,851][root][INFO] - Diversity filter: tol_n=0, buff_n=0
[2026-05-01 21:48:55,854][root][INFO] - replay buffer size=6
[2026-05-01 21:48:55,854][root][INFO] - buffer reward mean=0.2045095839424782
[2026-05-01 21:48:55,854][root][INFO] - FINETUNE:
[2026-05-01 21:48:56,061][root][INFO] - Epoch 0: loss: 0.2458, loss_diff: 0.2458, loss_kl: 0.0005
[2026-05-01 21:48:56,197][root][INFO] - Epoch 1: loss: 0.2478, loss_diff: 0.2478, loss_kl: 0.0005
[2026-05-01 21:48:56,328][root][INFO] - Epoch 2: loss: 0.2473, loss_diff: 0.2473, loss_kl: 0.0006
[2026-05-01 21:48:56,328][root][INFO] - *****   LOOP 11 FINISH   *****
[2026-05-01 21:48:56,328][root][INFO] - Total time taken: 14.33 min.


[2026-05-01 21:48:56,329][root][INFO] - *****   LOOP 12 START   *****
[2026-05-01 21:48:56,329][root][INFO] - SAMPLE:
[32m2026-05-01 21:50:21.523[0m | [1mINFO    [0m | [36mmattersim.forcefield.potential[0m:[36mfrom_checkpoint[0m:[36m891[0m - [1mLoading the pre-trained mattersim-v1.0.0-5M.pth model[0m
[2026-05-01 21:57:17,847][root][INFO] - Number of filtered samples: 7
[2026-05-01 21:57:18,166][root][INFO] - avg_energy_above_hull_per_atom: 0.190331, avg_rmsd_from_relaxation: 0.814105, frac_novel_unique_stable_structures: 0.155556, frac_stable_structures: 0.333333, frac_successful_jobs: 1.000000, avg_comp_validity: 1.000000, avg_structure_comp_validity: 1.000000, avg_structure_validity: 1.000000, frac_novel_structures: 0.755556, frac_novel_systems: 0.355556, frac_novel_unique_structures: 0.755556, frac_unique_structures: 1.000000, frac_unique_systems: 1.000000, precision: 0.244444, recall: 0.000027
[2026-05-01 21:57:18,172][root][INFO] - SCORE:
[2026-05-01 22:06:11,604][root][INFO] - Evaluation costs to date: 95
[2026-05-01 22:06:11,887][root][INFO] - Number of samples that successfully obtained rewards: 4
[2026-05-01 22:06:11,888][root][INFO] - reward mean=0.0000 std=0.0000
[2026-05-01 22:06:11,888][root][INFO] - heat_capacity mean=0.1709 std=0.0277
[2026-05-01 22:06:21,354][root][INFO] - 38 crystals generated so far, 38 unique components.  Burden: None, Div. Ratio: 1.0.
[2026-05-01 22:06:21,392][root][INFO] - Diversity filter: tol_n=0, buff_n=0
[2026-05-01 22:06:21,395][root][INFO] - replay buffer size=6
[2026-05-01 22:06:21,395][root][INFO] - buffer reward mean=0.2045095839424782
[2026-05-01 22:06:21,395][root][INFO] - FINETUNE:
[2026-05-01 22:06:21,617][root][INFO] - Epoch 0: loss: 0.1676, loss_diff: 0.1676, loss_kl: 0.0007
[2026-05-01 22:06:21,775][root][INFO] - Epoch 1: loss: 0.1773, loss_diff: 0.1773, loss_kl: 0.0007
[2026-05-01 22:06:21,913][root][INFO] - Epoch 2: loss: 0.1688, loss_diff: 0.1688, loss_kl: 0.0007
[2026-05-01 22:06:21,914][root][INFO] - *****   LOOP 12 FINISH   *****
[2026-05-01 22:06:21,914][root][INFO] - Total time taken: 17.43 min.


[2026-05-01 22:06:21,914][root][INFO] - *****   LOOP 13 START   *****
[2026-05-01 22:06:21,914][root][INFO] - SAMPLE:
[32m2026-05-01 22:09:11.102[0m | [1mINFO    [0m | [36mmattersim.forcefield.potential[0m:[36mfrom_checkpoint[0m:[36m891[0m - [1mLoading the pre-trained mattersim-v1.0.0-5M.pth model[0m
[2026-05-01 22:13:10,817][root][INFO] - Number of filtered samples: 6
[2026-05-01 22:13:10,967][root][INFO] - avg_energy_above_hull_per_atom: 0.410501, avg_rmsd_from_relaxation: 1.010089, frac_novel_unique_stable_structures: 0.130435, frac_stable_structures: 0.239130, frac_successful_jobs: 1.000000, avg_comp_validity: 1.000000, avg_structure_comp_validity: 1.000000, avg_structure_validity: 1.000000, frac_novel_structures: 0.847826, frac_novel_systems: 0.282609, frac_novel_unique_structures: 0.847826, frac_unique_structures: 1.000000, frac_unique_systems: 1.000000, precision: 0.152174, recall: 0.000033
[2026-05-01 22:13:10,972][root][INFO] - SCORE:
[2026-05-01 22:21:10,492][root][INFO] - Evaluation costs to date: 101
[2026-05-01 22:21:11,268][root][INFO] - Number of samples that successfully obtained rewards: 1
[2026-05-01 22:21:11,271][root][INFO] - reward mean=0.0000 std=0.0000
[2026-05-01 22:21:11,271][root][INFO] - heat_capacity mean=0.2324 std=0.0000
[2026-05-01 22:21:11,858][root][INFO] - 39 crystals generated so far, 39 unique components.  Burden: None, Div. Ratio: 1.0.
[2026-05-01 22:21:11,950][root][INFO] - Diversity filter: tol_n=0, buff_n=0
[2026-05-01 22:21:11,964][root][INFO] - replay buffer size=6
[2026-05-01 22:21:11,964][root][INFO] - buffer reward mean=0.2045095839424782
[2026-05-01 22:21:11,964][root][INFO] - FINETUNE:
[2026-05-01 22:21:12,351][root][INFO] - Epoch 0: loss: 0.2446, loss_diff: 0.2446, loss_kl: 0.0007
[2026-05-01 22:21:12,484][root][INFO] - Epoch 1: loss: 0.2626, loss_diff: 0.2626, loss_kl: 0.0007
[2026-05-01 22:21:12,609][root][INFO] - Epoch 2: loss: 0.2505, loss_diff: 0.2505, loss_kl: 0.0007
[2026-05-01 22:21:12,610][root][INFO] - *****   LOOP 13 FINISH   *****
[2026-05-01 22:21:12,610][root][INFO] - Total time taken: 14.84 min.


[2026-05-01 22:21:12,610][root][INFO] - *****   LOOP 14 START   *****
[2026-05-01 22:21:12,610][root][INFO] - SAMPLE:
[32m2026-05-01 22:22:51.687[0m | [1mINFO    [0m | [36mmattersim.forcefield.potential[0m:[36mfrom_checkpoint[0m:[36m891[0m - [1mLoading the pre-trained mattersim-v1.0.0-5M.pth model[0m
[2026-05-01 22:29:29,589][root][INFO] - Number of filtered samples: 7
[2026-05-01 22:29:35,808][root][INFO] - avg_energy_above_hull_per_atom: 0.293285, avg_rmsd_from_relaxation: 1.002546, frac_novel_unique_stable_structures: 0.129630, frac_stable_structures: 0.296296, frac_successful_jobs: 1.000000, avg_comp_validity: 1.000000, avg_structure_comp_validity: 1.000000, avg_structure_validity: 1.000000, frac_novel_structures: 0.833333, frac_novel_systems: 0.259259, frac_novel_unique_structures: 0.833333, frac_unique_structures: 1.000000, frac_unique_systems: 1.000000, precision: 0.166667, recall: 0.000019
[2026-05-01 22:29:35,813][root][INFO] - SCORE:
[2026-05-01 22:37:32,052][root][INFO] - Evaluation costs to date: 108
[2026-05-01 22:37:32,189][root][INFO] - Number of samples that successfully obtained rewards: 3
[2026-05-01 22:37:32,189][root][INFO] - reward mean=0.1239 std=0.0878
[2026-05-01 22:37:32,190][root][INFO] - heat_capacity mean=0.4260 std=0.2113
[2026-05-01 22:37:32,340][root][INFO] - 42 crystals generated so far, 42 unique components.  Burden: None, Div. Ratio: 1.0.
[2026-05-01 22:37:32,354][root][INFO] - Diversity filter: tol_n=0, buff_n=0
[2026-05-01 22:37:32,356][root][INFO] - replay buffer size=8
[2026-05-01 22:37:32,357][root][INFO] - buffer reward mean=0.19985341896216122
[2026-05-01 22:37:32,357][root][INFO] - FINETUNE:
[2026-05-01 22:37:32,943][root][INFO] - Epoch 0: loss: 0.2467, loss_diff: 0.2467, loss_kl: 0.0008
[2026-05-01 22:37:33,084][root][INFO] - Epoch 1: loss: 0.2423, loss_diff: 0.2423, loss_kl: 0.0007
[2026-05-01 22:37:33,226][root][INFO] - Epoch 2: loss: 0.2501, loss_diff: 0.2500, loss_kl: 0.0008
[2026-05-01 22:37:33,226][root][INFO] - *****   LOOP 14 FINISH   *****
[2026-05-01 22:37:33,226][root][INFO] - Total time taken: 16.34 min.


[2026-05-01 22:37:33,227][root][INFO] - *****   LOOP 15 START   *****
[2026-05-01 22:37:33,227][root][INFO] - SAMPLE:
[32m2026-05-01 22:38:43.930[0m | [1mINFO    [0m | [36mmattersim.forcefield.potential[0m:[36mfrom_checkpoint[0m:[36m891[0m - [1mLoading the pre-trained mattersim-v1.0.0-5M.pth model[0m
[2026-05-01 22:43:27,435][root][INFO] - Number of filtered samples: 9
[2026-05-01 22:43:27,587][root][INFO] - avg_energy_above_hull_per_atom: 0.160567, avg_rmsd_from_relaxation: 0.807656, frac_novel_unique_stable_structures: 0.187500, frac_stable_structures: 0.395833, frac_successful_jobs: 1.000000, avg_comp_validity: 1.000000, avg_structure_comp_validity: 1.000000, avg_structure_validity: 1.000000, frac_novel_structures: 0.687500, frac_novel_systems: 0.229167, frac_novel_unique_structures: 0.687500, frac_unique_structures: 1.000000, frac_unique_systems: 1.000000, precision: 0.312500, recall: 0.000041
[2026-05-01 22:43:27,601][root][INFO] - SCORE:
[2026-05-01 22:57:22,150][root][INFO] - Evaluation costs to date: 117
[2026-05-01 22:57:22,302][root][INFO] - Number of samples that successfully obtained rewards: 1
[2026-05-01 22:57:22,302][root][INFO] - reward mean=0.0000 std=0.0000
[2026-05-01 22:57:22,302][root][INFO] - heat_capacity mean=0.1552 std=0.0000
[2026-05-01 22:57:22,594][root][INFO] - 43 crystals generated so far, 43 unique components.  Burden: None, Div. Ratio: 1.0.
[2026-05-01 22:57:22,624][root][INFO] - Diversity filter: tol_n=0, buff_n=0
[2026-05-01 22:57:22,627][root][INFO] - replay buffer size=8
[2026-05-01 22:57:22,627][root][INFO] - buffer reward mean=0.19985341896216122
[2026-05-01 22:57:22,627][root][INFO] - FINETUNE:
[2026-05-01 22:57:22,788][root][INFO] - Epoch 0: loss: 0.2379, loss_diff: 0.2379, loss_kl: 0.0007
[2026-05-01 22:57:22,939][root][INFO] - Epoch 1: loss: 0.2522, loss_diff: 0.2522, loss_kl: 0.0007
[2026-05-01 22:57:23,088][root][INFO] - Epoch 2: loss: 0.2506, loss_diff: 0.2506, loss_kl: 0.0007
[2026-05-01 22:57:23,089][root][INFO] - *****   LOOP 15 FINISH   *****
[2026-05-01 22:57:23,089][root][INFO] - Total time taken: 19.83 min.


[2026-05-01 22:57:23,089][root][INFO] - *****   LOOP 16 START   *****
[2026-05-01 22:57:23,089][root][INFO] - SAMPLE:
[32m2026-05-01 22:58:35.886[0m | [1mINFO    [0m | [36mmattersim.forcefield.potential[0m:[36mfrom_checkpoint[0m:[36m891[0m - [1mLoading the pre-trained mattersim-v1.0.0-5M.pth model[0m
[2026-05-01 23:03:52,226][root][INFO] - Number of filtered samples: 5
[2026-05-01 23:03:52,353][root][INFO] - avg_energy_above_hull_per_atom: 0.230649, avg_rmsd_from_relaxation: 0.982820, frac_novel_unique_stable_structures: 0.104167, frac_stable_structures: 0.208333, frac_successful_jobs: 1.000000, avg_comp_validity: 1.000000, avg_structure_comp_validity: 1.000000, avg_structure_validity: 1.000000, frac_novel_structures: 0.770833, frac_novel_systems: 0.208333, frac_novel_unique_structures: 0.770833, frac_unique_structures: 1.000000, frac_unique_systems: 1.000000, precision: 0.229167, recall: 0.000027
[2026-05-01 23:03:52,371][root][INFO] - SCORE:
[2026-05-01 23:10:04,527][root][INFO] - Evaluation costs to date: 122
[2026-05-01 23:10:04,632][root][INFO] - Number of samples that successfully obtained rewards: 2
[2026-05-01 23:10:04,643][root][INFO] - reward mean=0.0263 std=0.0263
[2026-05-01 23:10:04,643][root][INFO] - heat_capacity mean=0.2348 std=0.1074
[2026-05-01 23:10:12,522][root][INFO] - 45 crystals generated so far, 45 unique components.  Burden: None, Div. Ratio: 1.0.
[2026-05-01 23:10:12,787][root][INFO] - Diversity filter: tol_n=0, buff_n=0
[2026-05-01 23:10:12,789][root][INFO] - replay buffer size=8
[2026-05-01 23:10:12,790][root][INFO] - buffer reward mean=0.19985341896216122
[2026-05-01 23:10:12,790][root][INFO] - FINETUNE:
[2026-05-01 23:10:13,055][root][INFO] - Epoch 0: loss: 0.2309, loss_diff: 0.2308, loss_kl: 0.0008
[2026-05-01 23:10:13,229][root][INFO] - Epoch 1: loss: 0.2293, loss_diff: 0.2293, loss_kl: 0.0008
[2026-05-01 23:10:13,376][root][INFO] - Epoch 2: loss: 0.2328, loss_diff: 0.2328, loss_kl: 0.0008
[2026-05-01 23:10:13,376][root][INFO] - *****   LOOP 16 FINISH   *****
[2026-05-01 23:10:13,376][root][INFO] - Total time taken: 12.84 min.


[2026-05-01 23:10:13,376][root][INFO] - *****   LOOP 17 START   *****
[2026-05-01 23:10:13,376][root][INFO] - SAMPLE:
[32m2026-05-01 23:11:24.626[0m | [1mINFO    [0m | [36mmattersim.forcefield.potential[0m:[36mfrom_checkpoint[0m:[36m891[0m - [1mLoading the pre-trained mattersim-v1.0.0-5M.pth model[0m
[2026-05-01 23:17:12,377][root][INFO] - Number of filtered samples: 14
[2026-05-01 23:17:35,516][root][INFO] - avg_energy_above_hull_per_atom: 0.277465, avg_rmsd_from_relaxation: 1.012828, frac_novel_unique_stable_structures: 0.291667, frac_stable_structures: 0.375000, frac_successful_jobs: 1.000000, avg_comp_validity: 1.000000, avg_structure_comp_validity: 1.000000, avg_structure_validity: 1.000000, frac_novel_structures: 0.916667, frac_novel_systems: 0.187500, frac_novel_unique_structures: 0.916667, frac_unique_structures: 1.000000, frac_unique_systems: 1.000000, precision: 0.083333, recall: 0.000022
[2026-05-01 23:17:35,524][root][INFO] - SCORE:
[2026-05-02 00:09:51,618][root][INFO] - Evaluation costs to date: 136
[2026-05-02 00:09:52,242][root][INFO] - Number of samples that successfully obtained rewards: 4
[2026-05-02 00:09:52,242][root][INFO] - reward mean=0.0068 std=0.0117
[2026-05-02 00:09:52,242][root][INFO] - heat_capacity mean=0.2173 std=0.0537
[2026-05-02 00:09:54,139][root][INFO] - 49 crystals generated so far, 49 unique components.  Burden: None, Div. Ratio: 1.0.
[2026-05-02 00:09:54,450][root][INFO] - Diversity filter: tol_n=0, buff_n=0
[2026-05-02 00:09:54,452][root][INFO] - replay buffer size=8
[2026-05-02 00:09:54,453][root][INFO] - buffer reward mean=0.19985341896216122
[2026-05-02 00:09:54,453][root][INFO] - FINETUNE:
[2026-05-02 00:09:56,813][root][INFO] - Epoch 0: loss: 0.1886, loss_diff: 0.1886, loss_kl: 0.0008
[2026-05-02 00:09:57,012][root][INFO] - Epoch 1: loss: 0.1903, loss_diff: 0.1902, loss_kl: 0.0008
[2026-05-02 00:09:57,219][root][INFO] - Epoch 2: loss: 0.1925, loss_diff: 0.1925, loss_kl: 0.0008
[2026-05-02 00:09:57,219][root][INFO] - *****   LOOP 17 FINISH   *****
[2026-05-02 00:09:57,220][root][INFO] - Total time taken: 59.73 min.


[2026-05-02 00:09:57,220][root][INFO] - *****   LOOP 18 START   *****
[2026-05-02 00:09:57,220][root][INFO] - SAMPLE:
[32m2026-05-02 00:11:12.851[0m | [1mINFO    [0m | [36mmattersim.forcefield.potential[0m:[36mfrom_checkpoint[0m:[36m891[0m - [1mLoading the pre-trained mattersim-v1.0.0-5M.pth model[0m
[2026-05-02 00:14:59,529][root][INFO] - Number of filtered samples: 10
[2026-05-02 00:14:59,575][root][INFO] - avg_energy_above_hull_per_atom: 0.161293, avg_rmsd_from_relaxation: 0.992805, frac_novel_unique_stable_structures: 0.200000, frac_stable_structures: 0.320000, frac_successful_jobs: 1.000000, avg_comp_validity: 1.000000, avg_structure_comp_validity: 1.000000, avg_structure_validity: 1.000000, frac_novel_structures: 0.880000, frac_novel_systems: 0.260000, frac_novel_unique_structures: 0.880000, frac_unique_structures: 1.000000, frac_unique_systems: 1.000000, precision: 0.120000, recall: 0.000012
[2026-05-02 00:14:59,581][root][INFO] - SCORE:
[2026-05-02 00:23:21,933][root][INFO] - Evaluation costs to date: 146
[2026-05-02 00:23:22,088][root][INFO] - Number of samples that successfully obtained rewards: 3
[2026-05-02 00:23:22,088][root][INFO] - reward mean=0.0206 std=0.0292
[2026-05-02 00:23:22,088][root][INFO] - heat_capacity mean=0.2631 std=0.0674
[2026-05-02 00:23:23,254][root][INFO] - 52 crystals generated so far, 52 unique components.  Burden: None, Div. Ratio: 1.0.
[2026-05-02 00:23:23,297][root][INFO] - Diversity filter: tol_n=0, buff_n=0
[2026-05-02 00:23:23,373][root][INFO] - replay buffer size=8
[2026-05-02 00:23:23,374][root][INFO] - buffer reward mean=0.19985341896216122
[2026-05-02 00:23:23,374][root][INFO] - FINETUNE:
[2026-05-02 00:23:24,380][root][INFO] - Epoch 0: loss: 0.2120, loss_diff: 0.2119, loss_kl: 0.0008
[2026-05-02 00:23:24,537][root][INFO] - Epoch 1: loss: 0.2131, loss_diff: 0.2131, loss_kl: 0.0008
[2026-05-02 00:23:24,690][root][INFO] - Epoch 2: loss: 0.2140, loss_diff: 0.2140, loss_kl: 0.0009
[2026-05-02 00:23:24,691][root][INFO] - *****   LOOP 18 FINISH   *****
[2026-05-02 00:23:24,691][root][INFO] - Total time taken: 13.46 min.


[2026-05-02 00:23:24,691][root][INFO] - *****   LOOP 19 START   *****
[2026-05-02 00:23:24,691][root][INFO] - SAMPLE:
[32m2026-05-02 00:25:07.314[0m | [1mINFO    [0m | [36mmattersim.forcefield.potential[0m:[36mfrom_checkpoint[0m:[36m891[0m - [1mLoading the pre-trained mattersim-v1.0.0-5M.pth model[0m
[2026-05-02 00:29:57,251][root][INFO] - Number of filtered samples: 11
[2026-05-02 00:29:57,405][root][INFO] - avg_energy_above_hull_per_atom: 0.314963, avg_rmsd_from_relaxation: 1.057737, frac_novel_unique_stable_structures: 0.220000, frac_stable_structures: 0.320000, frac_successful_jobs: 1.000000, avg_comp_validity: 1.000000, avg_structure_comp_validity: 1.000000, avg_structure_validity: 1.000000, frac_novel_structures: 0.900000, frac_novel_systems: 0.300000, frac_novel_unique_structures: 0.900000, frac_unique_structures: 1.000000, frac_unique_systems: 1.000000, precision: 0.100000, recall: 0.000017
[2026-05-02 00:29:57,414][root][INFO] - SCORE:
[2026-05-02 00:44:46,591][root][INFO] - Evaluation costs to date: 157
[2026-05-02 00:44:46,706][root][INFO] - Number of samples that successfully obtained rewards: 2
[2026-05-02 00:44:46,707][root][INFO] - reward mean=0.1165 std=0.0284
[2026-05-02 00:44:46,707][root][INFO] - heat_capacity mean=0.4538 std=0.0497
[2026-05-02 00:44:47,865][root][INFO] - 54 crystals generated so far, 54 unique components.  Burden: None, Div. Ratio: 1.0.
[2026-05-02 00:44:47,961][root][INFO] - Diversity filter: tol_n=0, buff_n=0
[2026-05-02 00:44:47,964][root][INFO] - replay buffer size=9
[2026-05-02 00:44:47,964][root][INFO] - buffer reward mean=0.19374189799170363
[2026-05-02 00:44:47,965][root][INFO] - FINETUNE:
[2026-05-02 00:44:48,681][root][INFO] - Epoch 0: loss: 0.2612, loss_diff: 0.2611, loss_kl: 0.0009
[2026-05-02 00:44:48,872][root][INFO] - Epoch 1: loss: 0.2580, loss_diff: 0.2579, loss_kl: 0.0009
[2026-05-02 00:44:49,045][root][INFO] - Epoch 2: loss: 0.2572, loss_diff: 0.2572, loss_kl: 0.0010
[2026-05-02 00:44:49,046][root][INFO] - *****   LOOP 19 FINISH   *****
[2026-05-02 00:44:49,046][root][INFO] - Total time taken: 21.41 min.


[2026-05-02 00:44:49,406][root][INFO] - *****   RL END   *****
[2026-05-02 00:44:49,406][root][INFO] - Total time taken: 21525 s.
Closing LMDB environment /tmp/job.3002766/tmpzlljjfk8/reference_MP2020correction
Phase-3 CrystalFlow baseline (seed=17) finished at Sat May  2 00:45:31 CDT 2026
