Phase-3 CrystalFlow ACCEL (rl_epoch=10) seed=42 at Thu Apr 30 20:16:59 CDT 2026 on fc102
Tesla T4, 16384 MiB
MODELS_PROJECT_ROOT: /scratch/user/ahnafalvi/matinvent-bo/src/mattergen/mattergen
[2026-04-30 20:32:37,918][httpx][INFO] - HTTP Request: HEAD https://huggingface.co/jwchen25/MatInvent/resolve/main/reference_MP2020correction.gz "HTTP/1.1 302 Found"
edge_style: fc
[2026-04-30 20:34:43,572][hydra.utils][INFO] - Using lattice polar decomposition with sigma=0.1
edge_style: fc
[2026-04-30 20:35:36,516][hydra.utils][INFO] - Using lattice polar decomposition with sigma=0.1
edge_style: fc
[2026-04-30 20:35:49,123][hydra.utils][INFO] - Using lattice polar decomposition with sigma=0.1
edge_style: fc
[2026-04-30 20:36:01,560][hydra.utils][INFO] - Using lattice polar decomposition with sigma=0.1
[2026-04-30 20:36:01,601][root][INFO] - *****   RL START   *****
[2026-04-30 20:36:01,602][root][INFO] - *****   LOOP 0 START   *****
[2026-04-30 20:36:01,602][root][INFO] - SAMPLE:
[32m2026-04-30 20:36:40.700[0m | [1mINFO    [0m | [36mmattersim.forcefield.potential[0m:[36mfrom_checkpoint[0m:[36m891[0m - [1mLoading the pre-trained mattersim-v1.0.0-5M.pth model[0m
[2026-04-30 20:51:12,931][root][INFO] - Number of filtered samples: 6
[2026-04-30 20:51:13,071][root][INFO] - avg_energy_above_hull_per_atom: 0.217441, avg_rmsd_from_relaxation: 1.052525, frac_novel_unique_stable_structures: 0.127660, frac_stable_structures: 0.191489, frac_successful_jobs: 1.000000, avg_comp_validity: 1.000000, avg_structure_comp_validity: 1.000000, avg_structure_validity: 1.000000, frac_novel_structures: 0.936170, frac_novel_systems: 0.255319, frac_novel_unique_structures: 0.936170, frac_unique_structures: 1.000000, frac_unique_systems: 1.000000, precision: 0.063830, recall: 0.000004
[2026-04-30 20:51:13,097][root][INFO] - SCORE:
[2026-04-30 20:52:24,997][cached_path][INFO] - cache of https://orbitalmaterials-public-models.s3.us-west-1.amazonaws.com/forcefields/orb-v3/orb-v3-conservative-inf-omat-20250404.ckpt is up-to-date
[2026-04-30 21:01:35,824][root][INFO] - Project root: /scratch/user/ahnafalvi/envs/matinvent-hcap-bo/lib/python3.10/site-packages/fairchem
[2026-04-30 21:01:55,571][root][INFO] - Checking local cache: /scratch/user/ahnafalvi/.cache/huggingface for model eSEN-30M-OAM
[2026-04-30 21:01:57,543][httpx][INFO] - HTTP Request: HEAD https://huggingface.co/facebook/OMAT24/resolve/main/esen_30m_oam.pt "HTTP/1.1 302 Found"
[2026-04-30 21:02:01,935][root][INFO] - local rank base: 0
[2026-04-30 21:02:02,285][root][INFO] - amp: false
cmd:
  checkpoint_dir: /scratch/user/ahnafalvi/matinvent-hcap-bo/results/hcap_p3_cf_accel_seed42_3002402/checkpoints/2026-04-30-21-01-36
  commit: core:None,experimental:NA
  identifier: ''
  logs_dir: /scratch/user/ahnafalvi/matinvent-hcap-bo/results/hcap_p3_cf_accel_seed42_3002402/logs/wandb/2026-04-30-21-01-36
  print_every: 100
  results_dir: /scratch/user/ahnafalvi/matinvent-hcap-bo/results/hcap_p3_cf_accel_seed42_3002402/results/2026-04-30-21-01-36
  seed: null
  timestamp_id: 2026-04-30-21-01-36
  version: 1.10.0
dataset:
  a2g_args:
    r_energy: true
    r_forces: true
    r_stress: true
  format: ase_db
  metadata_path: ''
  transforms:
    element_references: ''
    normalizer:
      energy:
        mean: 0.0
        stdev: 0.6274358
      forces:
        mean: 0.0
        stdev: 0.6274358
      stress:
        mean: 0.0
        stdev: 0.6274358
evaluation_metrics:
  metrics:
    energy:
    - mae
    - per_atom_mae
    forces:
    - mae
    - cosine_similarity
    stress:
    - mae
  primary_metric: forces_mae
gp_gpus: null
gpus: 1
logger: wandb
loss_functions:
- energy:
    coefficient: 20
    fn: per_atom_mae
- forces:
    coefficient: 20
    fn: l2mae
- stress:
    coefficient: 5
    fn: mae
model:
  backbone:
    act_type: gate
    cutoff: 6.0
    direct_forces: false
    distance_function: gaussian
    edge_channels: 128
    hidden_channels: 128
    lmax: 3
    max_neighbors: 300
    max_num_elements: 100
    mlp_type: spectral
    mmax: 2
    model: esen_backbone
    norm_type: rms_norm_sh
    num_distance_basis: 64
    num_layers: 10
    otf_graph: true
    regress_forces: true
    regress_stress: true
    sphere_channels: 128
    use_envelope: true
    use_pbc: true
    use_pbc_single: true
  heads:
    mptrj:
      module: esen_mlp_efs_head
  name: hydra
  otf_graph: true
  pass_through_head_outputs: true
optim:
  batch_size: 4
  clip_grad_norm: 100
  ema_decay: 0.999
  eval_batch_size: 4
  eval_every: 5000
  load_balancing: atoms
  lr_initial: 0.0004
  max_epochs: 1
  num_workers: 4
  optimizer: AdamW
  optimizer_params:
    weight_decay: 0.001
  scheduler: LambdaLR
  scheduler_params:
    epochs: 85271
    lambda_type: cosine
    lr: 0.0004
    lr_min_factor: 0.1
    warmup_epochs: 8527
    warmup_factor: 0.2
outputs:
  energy:
    level: system
    property: energy
  forces:
    eval_on_free_atoms: true
    level: atom
    property: forces
    train_on_free_atoms: true
  stress:
    level: system
    property: stress
relax_dataset: {}
slurm: {}
task: {}
test_dataset: {}
trainer: ocp
val_dataset: {}

[2026-04-30 21:02:02,286][root][INFO] - Loading model: hydra
[2026-04-30 21:02:04,256][root][INFO] - Loaded HydraModel with 30161153 parameters.
[2026-04-30 21:02:04,256][root][INFO] - Loading checkpoint in inference-only mode, not loading keys associated with trainer state!
[2026-04-30 21:02:04,291][root][WARNING] - No seed has been set in modelcheckpoint or OCPCalculator! Results may not be reproducible on re-run
[GPRouted] cycle=0 N=6 oracled=6/6 K=8 ltm=163 target=1.50 PI(oracle_min)=nan anchor=False cold=True 1149.3s
[2026-04-30 21:10:22,447][root][INFO] - Evaluation costs to date: 6
[2026-04-30 21:10:22,465][root][INFO] - Number of samples that successfully obtained rewards: 6
[2026-04-30 21:10:22,465][root][INFO] - reward mean=0.0086 std=0.0123
[2026-04-30 21:10:22,465][root][INFO] - heat_capacity mean=0.1374 std=0.1390
[2026-04-30 21:10:23,571][root][INFO] - 6 crystals generated so far, 6 unique components.  Burden: None, Div. Ratio: 1.0.
[2026-04-30 21:10:23,577][root][INFO] - Diversity filter: tol_n=0, buff_n=0
[2026-04-30 21:10:23,579][root][INFO] - replay buffer size=0
[2026-04-30 21:10:23,648][root][INFO] - buffer reward mean=nan
[2026-04-30 21:10:23,649][root][INFO] - FINETUNE:
[2026-04-30 21:10:27,124][root][INFO] - Epoch 0: loss: 0.0133, loss_diff: 0.0133, loss_kl: 0.0000
[2026-04-30 21:10:27,268][root][INFO] - Epoch 1: loss: 0.0139, loss_diff: 0.0139, loss_kl: 0.0000
[2026-04-30 21:10:27,409][root][INFO] - Epoch 2: loss: 0.0130, loss_diff: 0.0130, loss_kl: 0.0000
[2026-04-30 21:10:27,410][root][INFO] - *****   LOOP 0 FINISH   *****
[2026-04-30 21:10:27,410][root][INFO] - Total time taken: 34.43 min.


[2026-04-30 21:10:27,410][root][INFO] - *****   LOOP 1 START   *****
[2026-04-30 21:10:27,410][root][INFO] - SAMPLE:
[32m2026-04-30 21:10:49.589[0m | [1mINFO    [0m | [36mmattersim.forcefield.potential[0m:[36mfrom_checkpoint[0m:[36m891[0m - [1mLoading the pre-trained mattersim-v1.0.0-5M.pth model[0m
[2026-04-30 21:14:25,031][root][INFO] - Number of filtered samples: 5
[2026-04-30 21:14:25,032][root][INFO] - avg_energy_above_hull_per_atom: 0.193516, avg_rmsd_from_relaxation: 0.924876, frac_novel_unique_stable_structures: 0.094340, frac_stable_structures: 0.245283, frac_successful_jobs: 1.000000, avg_comp_validity: 1.000000, avg_structure_comp_validity: 1.000000, avg_structure_validity: 1.000000, frac_novel_structures: 0.792453, frac_novel_systems: 0.207547, frac_novel_unique_structures: 0.792453, frac_unique_structures: 1.000000, frac_unique_systems: 0.981132, precision: 0.207547, recall: 0.000041
[2026-04-30 21:14:25,039][root][INFO] - SCORE:
[GPRouted] cycle=1 N=5 oracled=5/5 K=8 ltm=166 target=1.50 PI(oracle_min)=nan anchor=False cold=False 516.1s
[2026-04-30 21:23:01,396][root][INFO] - Evaluation costs to date: 11
[2026-04-30 21:23:01,549][root][INFO] - Number of samples that successfully obtained rewards: 5
[2026-04-30 21:23:01,560][root][INFO] - reward mean=0.0844 std=0.1633
[2026-04-30 21:23:01,560][root][INFO] - heat_capacity mean=0.2477 std=0.3754
[2026-04-30 21:23:02,687][root][INFO] - 11 crystals generated so far, 11 unique components.  Burden: None, Div. Ratio: 1.0.
[2026-04-30 21:23:02,918][root][INFO] - Diversity filter: tol_n=0, buff_n=0
[2026-04-30 21:23:02,962][root][INFO] - replay buffer size=1
[2026-04-30 21:23:02,962][root][INFO] - buffer reward mean=0.41080528925221793
[2026-04-30 21:23:02,962][root][INFO] - FINETUNE:
[2026-04-30 21:23:07,919][root][INFO] - Epoch 0: loss: 0.1213, loss_diff: 0.1213, loss_kl: 0.0000
[2026-04-30 21:23:08,070][root][INFO] - Epoch 1: loss: 0.1397, loss_diff: 0.1397, loss_kl: 0.0000
[2026-04-30 21:23:08,208][root][INFO] - Epoch 2: loss: 0.1309, loss_diff: 0.1309, loss_kl: 0.0000
[2026-04-30 21:23:08,208][root][INFO] - *****   LOOP 1 FINISH   *****
[2026-04-30 21:23:08,209][root][INFO] - Total time taken: 12.68 min.


[2026-04-30 21:23:08,209][root][INFO] - *****   LOOP 2 START   *****
[2026-04-30 21:23:08,209][root][INFO] - SAMPLE:
[32m2026-04-30 21:23:32.248[0m | [1mINFO    [0m | [36mmattersim.forcefield.potential[0m:[36mfrom_checkpoint[0m:[36m891[0m - [1mLoading the pre-trained mattersim-v1.0.0-5M.pth model[0m
[2026-04-30 21:29:42,740][root][INFO] - Number of filtered samples: 8
[2026-04-30 21:29:42,763][root][INFO] - avg_energy_above_hull_per_atom: 0.252945, avg_rmsd_from_relaxation: 0.956962, frac_novel_unique_stable_structures: 0.160000, frac_stable_structures: 0.340000, frac_successful_jobs: 1.000000, avg_comp_validity: 1.000000, avg_structure_comp_validity: 1.000000, avg_structure_validity: 1.000000, frac_novel_structures: 0.820000, frac_novel_systems: 0.200000, frac_novel_unique_structures: 0.820000, frac_unique_structures: 1.000000, frac_unique_systems: 1.000000, precision: 0.180000, recall: 0.000030
[2026-04-30 21:29:42,789][root][INFO] - SCORE:
[GPRouted] cycle=2 N=8 oracled=8/8 K=8 ltm=167 target=1.50 PI(oracle_min)=nan anchor=False cold=False 643.2s
[2026-04-30 21:40:26,354][root][INFO] - Evaluation costs to date: 19
[2026-04-30 21:40:26,440][root][INFO] - Number of samples that successfully obtained rewards: 8
[2026-04-30 21:40:26,440][root][INFO] - reward mean=0.0000 std=0.0000
[2026-04-30 21:40:26,441][root][INFO] - heat_capacity mean=0.0295 std=0.0781
[2026-04-30 21:40:26,838][root][INFO] - 19 crystals generated so far, 19 unique components.  Burden: None, Div. Ratio: 1.0.
[2026-04-30 21:40:30,686][root][INFO] - Diversity filter: tol_n=0, buff_n=0
[2026-04-30 21:40:30,735][root][INFO] - replay buffer size=1
[2026-04-30 21:40:30,735][root][INFO] - buffer reward mean=0.41080528925221793
[2026-04-30 21:40:30,736][root][INFO] - FINETUNE:
[2026-04-30 21:41:35,437][root][INFO] - Epoch 0: loss: 0.0700, loss_diff: 0.0700, loss_kl: 0.0000
[2026-04-30 21:41:35,691][root][INFO] - Epoch 1: loss: 0.0710, loss_diff: 0.0710, loss_kl: 0.0000
[2026-04-30 21:41:35,876][root][INFO] - Epoch 2: loss: 0.0664, loss_diff: 0.0664, loss_kl: 0.0000
[2026-04-30 21:41:35,876][root][INFO] - *****   LOOP 2 FINISH   *****
[2026-04-30 21:41:35,876][root][INFO] - Total time taken: 18.46 min.


[2026-04-30 21:41:35,877][root][INFO] - *****   LOOP 3 START   *****
[2026-04-30 21:41:35,877][root][INFO] - SAMPLE:
[32m2026-04-30 21:42:11.276[0m | [1mINFO    [0m | [36mmattersim.forcefield.potential[0m:[36mfrom_checkpoint[0m:[36m891[0m - [1mLoading the pre-trained mattersim-v1.0.0-5M.pth model[0m
[2026-04-30 21:45:45,459][root][INFO] - Number of filtered samples: 6
[2026-04-30 21:45:45,460][root][INFO] - avg_energy_above_hull_per_atom: 0.194288, avg_rmsd_from_relaxation: 0.995384, frac_novel_unique_stable_structures: 0.113208, frac_stable_structures: 0.339623, frac_successful_jobs: 1.000000, avg_comp_validity: 1.000000, avg_structure_comp_validity: 1.000000, avg_structure_validity: 1.000000, frac_novel_structures: 0.773585, frac_novel_systems: 0.283019, frac_novel_unique_structures: 0.773585, frac_unique_structures: 1.000000, frac_unique_systems: 1.000000, precision: 0.226415, recall: 0.000032
[2026-04-30 21:45:45,474][root][INFO] - SCORE:
[GPRouted] cycle=3 N=6 oracled=6/6 K=8 ltm=170 target=1.50 PI(oracle_min)=nan anchor=False cold=False 451.7s
[2026-04-30 21:53:17,367][root][INFO] - Evaluation costs to date: 25
[2026-04-30 21:53:17,433][root][INFO] - Number of samples that successfully obtained rewards: 6
[2026-04-30 21:53:17,449][root][INFO] - reward mean=0.0007 std=0.0016
[2026-04-30 21:53:17,449][root][INFO] - heat_capacity mean=0.0951 std=0.1020
[2026-04-30 21:53:17,627][root][INFO] - 25 crystals generated so far, 25 unique components.  Burden: None, Div. Ratio: 1.0.
[2026-04-30 21:53:17,641][root][INFO] - Diversity filter: tol_n=0, buff_n=0
[2026-04-30 21:53:17,662][root][INFO] - replay buffer size=1
[2026-04-30 21:53:17,663][root][INFO] - buffer reward mean=0.41080528925221793
[2026-04-30 21:53:17,663][root][INFO] - FINETUNE:
[2026-04-30 21:53:18,071][root][INFO] - Epoch 0: loss: 0.0936, loss_diff: 0.0936, loss_kl: 0.0000
[2026-04-30 21:53:18,189][root][INFO] - Epoch 1: loss: 0.0763, loss_diff: 0.0763, loss_kl: 0.0000
[2026-04-30 21:53:18,311][root][INFO] - Epoch 2: loss: 0.0866, loss_diff: 0.0866, loss_kl: 0.0001
[2026-04-30 21:53:18,311][root][INFO] - *****   LOOP 3 FINISH   *****
[2026-04-30 21:53:18,311][root][INFO] - Total time taken: 11.71 min.


[2026-04-30 21:53:18,311][root][INFO] - *****   LOOP 4 START   *****
[2026-04-30 21:53:18,312][root][INFO] - SAMPLE:
[32m2026-04-30 21:53:39.722[0m | [1mINFO    [0m | [36mmattersim.forcefield.potential[0m:[36mfrom_checkpoint[0m:[36m891[0m - [1mLoading the pre-trained mattersim-v1.0.0-5M.pth model[0m
[2026-04-30 21:57:30,276][root][INFO] - Number of filtered samples: 4
[2026-04-30 21:57:30,277][root][INFO] - avg_energy_above_hull_per_atom: 0.330767, avg_rmsd_from_relaxation: 1.020897, frac_novel_unique_stable_structures: 0.085106, frac_stable_structures: 0.212766, frac_successful_jobs: 1.000000, avg_comp_validity: 1.000000, avg_structure_comp_validity: 1.000000, avg_structure_validity: 1.000000, frac_novel_structures: 0.851064, frac_novel_systems: 0.255319, frac_novel_unique_structures: 0.851064, frac_unique_structures: 1.000000, frac_unique_systems: 1.000000, precision: 0.148936, recall: 0.000024
[2026-04-30 21:57:30,281][root][INFO] - SCORE:
[GPRouted] cycle=4 N=4 oracled=4/4 K=8 ltm=170 target=1.50 PI(oracle_min)=nan anchor=False cold=False 459.5s
[2026-04-30 22:05:09,943][root][INFO] - Evaluation costs to date: 29
[2026-04-30 22:05:09,977][root][INFO] - Number of samples that successfully obtained rewards: 4
[2026-04-30 22:05:09,977][root][INFO] - reward mean=0.0000 std=0.0000
[2026-04-30 22:05:09,978][root][INFO] - heat_capacity mean=0.0000 std=0.0000
[2026-04-30 22:05:10,541][root][INFO] - 29 crystals generated so far, 29 unique components.  Burden: None, Div. Ratio: 1.0.
[2026-04-30 22:05:10,663][root][INFO] - Diversity filter: tol_n=0, buff_n=0
[2026-04-30 22:05:10,683][root][INFO] - replay buffer size=1
[2026-04-30 22:05:10,683][root][INFO] - buffer reward mean=0.41080528925221793
[2026-04-30 22:05:10,683][root][INFO] - FINETUNE:
[2026-04-30 22:05:11,652][root][INFO] - Epoch 0: loss: 0.1334, loss_diff: 0.1334, loss_kl: 0.0001
[2026-04-30 22:05:11,780][root][INFO] - Epoch 1: loss: 0.1091, loss_diff: 0.1091, loss_kl: 0.0001
[2026-04-30 22:05:11,905][root][INFO] - Epoch 2: loss: 0.1109, loss_diff: 0.1109, loss_kl: 0.0001
[2026-04-30 22:05:11,905][root][INFO] - *****   LOOP 4 FINISH   *****
[2026-04-30 22:05:11,906][root][INFO] - Total time taken: 11.89 min.


[2026-04-30 22:05:11,906][root][INFO] - *****   LOOP 5 START   *****
[2026-04-30 22:05:11,906][root][INFO] - SAMPLE:
[32m2026-04-30 22:05:35.475[0m | [1mINFO    [0m | [36mmattersim.forcefield.potential[0m:[36mfrom_checkpoint[0m:[36m891[0m - [1mLoading the pre-trained mattersim-v1.0.0-5M.pth model[0m
[2026-04-30 22:10:02,414][root][INFO] - Number of filtered samples: 6
[2026-04-30 22:10:02,451][root][INFO] - avg_energy_above_hull_per_atom: 0.389060, avg_rmsd_from_relaxation: 0.920860, frac_novel_unique_stable_structures: 0.107143, frac_stable_structures: 0.267857, frac_successful_jobs: 1.000000, avg_comp_validity: 1.000000, avg_structure_comp_validity: 1.000000, avg_structure_validity: 1.000000, frac_novel_structures: 0.839286, frac_novel_systems: 0.214286, frac_novel_unique_structures: 0.839286, frac_unique_structures: 1.000000, frac_unique_systems: 1.000000, precision: 0.160714, recall: 0.000022
[2026-04-30 22:10:02,478][root][INFO] - SCORE:
