/scratch/user/ahnafalvi/envs/matinvent-hcap-bo/lib/python3.10/site-packages/hydra/_internal/defaults_list.py:251: UserWarning: In 'base': Defaults list is missing `_self_`. See https://hydra.cc/docs/1.2/upgrades/1.0_to_1.1/default_composition_order for more information
  warnings.warn(msg, UserWarning)
/scratch/user/ahnafalvi/envs/matinvent-hcap-bo/lib/python3.10/site-packages/hydra/_internal/hydra.py:119: UserWarning: Future Hydra versions will no longer change working directory at job runtime by default.
See https://hydra.cc/docs/1.2/upgrades/1.1_to_1.2/changes_to_job_working_dir/ for more information.
  ret = run_job(
[GPRouted] warm-started LTM from /scratch/user/ahnafalvi/matinvent-hcap-bo/data/ltm_seed_pool.parquet -> /scratch/user/ahnafalvi/matinvent-hcap-bo/data/ltm_hcap_p3_cf_accel_seed42_3002270.parquet
/scratch/user/ahnafalvi/envs/matinvent-hcap-bo/lib/python3.10/site-packages/lightning/fabric/utilities/cloud_io.py:73: You are using `torch.load` with `weights_only=False` (the current default value), which uses the default pickle module implicitly. It is possible to construct malicious pickle data which will execute arbitrary code during unpickling (See https://github.com/pytorch/pytorch/blob/main/SECURITY.md#untrusted-models for more details). In a future release, the default value for `weights_only` will be flipped to `True`. This limits the functions that could be executed during unpickling. Arbitrary objects will no longer be allowed to be loaded via this mode unless they are explicitly allowlisted by the user via `torch.serialization.add_safe_globals`. We recommend you start setting `weights_only=True` for any use case where you don't have full control of the loaded file. Please open an issue on GitHub for any issues related to this experimental feature.
  0%|          | 0/100 [00:00<?, ?it/s]  1%|          | 1/100 [00:09<15:22,  9.32s/it]  5%|▌         | 5/100 [00:09<02:14,  1.41s/it]  9%|▉         | 9/100 [00:09<00:59,  1.53it/s] 14%|█▍        | 14/100 [00:09<00:29,  2.94it/s] 20%|██        | 20/100 [00:09<00:15,  5.18it/s] 26%|██▌       | 26/100 [00:09<00:09,  8.05it/s] 32%|███▏      | 32/100 [00:10<00:05, 11.57it/s] 38%|███▊      | 38/100 [00:10<00:03, 15.72it/s] 44%|████▍     | 44/100 [00:10<00:02, 20.43it/s] 50%|█████     | 50/100 [00:10<00:01, 25.28it/s] 56%|█████▌    | 56/100 [00:10<00:01, 29.96it/s] 62%|██████▏   | 62/100 [00:10<00:01, 34.37it/s] 68%|██████▊   | 68/100 [00:10<00:00, 38.56it/s] 74%|███████▍  | 74/100 [00:10<00:00, 40.65it/s] 80%|████████  | 80/100 [00:10<00:00, 43.84it/s] 86%|████████▌ | 86/100 [00:11<00:00, 45.93it/s] 92%|█████████▏| 92/100 [00:11<00:00, 47.29it/s] 98%|█████████▊| 98/100 [00:11<00:00, 48.38it/s]100%|██████████| 100/100 [00:11<00:00,  8.82it/s]
/scratch/user/ahnafalvi/envs/matinvent-hcap-bo/lib/python3.10/site-packages/uncertainties/core.py:1024: UserWarning: Using UFloat objects with std_dev==0 may give unexpected results.
  warn("Using UFloat objects with std_dev==0 may give unexpected results.")
/scratch/user/ahnafalvi/envs/matinvent-hcap-bo/lib/python3.10/site-packages/google/api_core/_python_version_support.py:275: FutureWarning: You are using a Python version (3.10.19) which Google will stop supporting in new releases of google.api_core once it reaches its end of life (2026-10-04). Please upgrade to the latest Python version, or at least Python 3.11, to continue receiving updates for google.api_core past that date.
  warnings.warn(message, FutureWarning)
/scratch/user/ahnafalvi/envs/matinvent-hcap-bo/lib/python3.10/site-packages/orb_models/utils.py:30: UserWarning: Setting global torch default dtype to torch.float32.
  warnings.warn(f"Setting global torch default dtype to {torch_dtype}.")
/scratch/user/ahnafalvi/envs/matinvent-hcap-bo/lib/python3.10/site-packages/sklearn/decomposition/_pca.py:584: RuntimeWarning: invalid value encountered in divide
  explained_variance_ = (S**2) / (n_samples - 1)
/scratch/user/ahnafalvi/envs/matinvent-hcap-bo/lib/python3.10/site-packages/fairchem/core/models/escn/so3.py:23: FutureWarning: You are using `torch.load` with `weights_only=False` (the current default value), which uses the default pickle module implicitly. It is possible to construct malicious pickle data which will execute arbitrary code during unpickling (See https://github.com/pytorch/pytorch/blob/main/SECURITY.md#untrusted-models for more details). In a future release, the default value for `weights_only` will be flipped to `True`. This limits the functions that could be executed during unpickling. Arbitrary objects will no longer be allowed to be loaded via this mode unless they are explicitly allowlisted by the user via `torch.serialization.add_safe_globals`. We recommend you start setting `weights_only=True` for any use case where you don't have full control of the loaded file. Please open an issue on GitHub for any issues related to this experimental feature.
  _Jd = torch.load(os.path.join(os.path.dirname(__file__), "Jd.pt"))
/scratch/user/ahnafalvi/envs/matinvent-hcap-bo/lib/python3.10/site-packages/fairchem/core/models/scn/spherical_harmonics.py:23: FutureWarning: You are using `torch.load` with `weights_only=False` (the current default value), which uses the default pickle module implicitly. It is possible to construct malicious pickle data which will execute arbitrary code during unpickling (See https://github.com/pytorch/pytorch/blob/main/SECURITY.md#untrusted-models for more details). In a future release, the default value for `weights_only` will be flipped to `True`. This limits the functions that could be executed during unpickling. Arbitrary objects will no longer be allowed to be loaded via this mode unless they are explicitly allowlisted by the user via `torch.serialization.add_safe_globals`. We recommend you start setting `weights_only=True` for any use case where you don't have full control of the loaded file. Please open an issue on GitHub for any issues related to this experimental feature.
  _Jd = torch.load(os.path.join(os.path.dirname(__file__), "Jd.pt"))
/scratch/user/ahnafalvi/envs/matinvent-hcap-bo/lib/python3.10/site-packages/fairchem/core/models/equiformer_v2/wigner.py:10: FutureWarning: You are using `torch.load` with `weights_only=False` (the current default value), which uses the default pickle module implicitly. It is possible to construct malicious pickle data which will execute arbitrary code during unpickling (See https://github.com/pytorch/pytorch/blob/main/SECURITY.md#untrusted-models for more details). In a future release, the default value for `weights_only` will be flipped to `True`. This limits the functions that could be executed during unpickling. Arbitrary objects will no longer be allowed to be loaded via this mode unless they are explicitly allowlisted by the user via `torch.serialization.add_safe_globals`. We recommend you start setting `weights_only=True` for any use case where you don't have full control of the loaded file. Please open an issue on GitHub for any issues related to this experimental feature.
  _Jd = torch.load(os.path.join(os.path.dirname(__file__), "Jd.pt"))
/scratch/user/ahnafalvi/envs/matinvent-hcap-bo/lib/python3.10/site-packages/fairchem/core/common/relaxation/ase_utils.py:200: FutureWarning: You are using `torch.load` with `weights_only=False` (the current default value), which uses the default pickle module implicitly. It is possible to construct malicious pickle data which will execute arbitrary code during unpickling (See https://github.com/pytorch/pytorch/blob/main/SECURITY.md#untrusted-models for more details). In a future release, the default value for `weights_only` will be flipped to `True`. This limits the functions that could be executed during unpickling. Arbitrary objects will no longer be allowed to be loaded via this mode unless they are explicitly allowlisted by the user via `torch.serialization.add_safe_globals`. We recommend you start setting `weights_only=True` for any use case where you don't have full control of the loaded file. Please open an issue on GitHub for any issues related to this experimental feature.
  checkpoint = torch.load(checkpoint_path, map_location=torch.device("cpu"))
/scratch/user/ahnafalvi/envs/matinvent-hcap-bo/lib/python3.10/site-packages/fairchem/core/models/esen/esen.py:91: FutureWarning: You are using `torch.load` with `weights_only=False` (the current default value), which uses the default pickle module implicitly. It is possible to construct malicious pickle data which will execute arbitrary code during unpickling (See https://github.com/pytorch/pytorch/blob/main/SECURITY.md#untrusted-models for more details). In a future release, the default value for `weights_only` will be flipped to `True`. This limits the functions that could be executed during unpickling. Arbitrary objects will no longer be allowed to be loaded via this mode unless they are explicitly allowlisted by the user via `torch.serialization.add_safe_globals`. We recommend you start setting `weights_only=True` for any use case where you don't have full control of the loaded file. Please open an issue on GitHub for any issues related to this experimental feature.
  Jd_list = torch.load(os.path.join(os.path.dirname(__file__), "Jd.pt"))
[LocalESEN] imaginary modes detected
Error executing job with overrides: ['expname=hcap_p3_cf_accel_seed42_3002270', '+seed=42', 'model=crystalflow', 'reward=heat_capacity', 'reward.prop_cfg.0.calculator._target_=src.calculators.LocalESEN_GPRouted', 'reward.prop_cfg.0.calculator.env_name=null', 'reward.prop_cfg.0.calculator.worker=1', 'rl_epoch=10', 'eval_size=16', 'logger=csv', 'results_dir=/scratch/user/ahnafalvi/matinvent-hcap-bo/results']
Traceback (most recent call last):
  File "/scratch/user/ahnafalvi/matinvent-pristine/main.py", line 21, in main
    reinl.run_rl()
  File "/scratch/user/ahnafalvi/matinvent-pristine/pipeline/mat_invent.py", line 279, in run_rl
    self.rl_step()
  File "/scratch/user/ahnafalvi/matinvent-pristine/pipeline/mat_invent.py", line 200, in rl_step
    sample_list, sample_struc, rewards, prop_dict = self.reward_step(
  File "/scratch/user/ahnafalvi/matinvent-pristine/pipeline/base.py", line 105, in reward_step
    rewards, prop_dict, failed_mask = self.reward.scoring(
  File "/scratch/user/ahnafalvi/matinvent-pristine/rewards/reward.py", line 74, in scoring
    prop_dict, failed_mask = self.calc_props(samples, label)
  File "/scratch/user/ahnafalvi/matinvent-pristine/rewards/reward.py", line 58, in calc_props
    _prop1 = _cfg.calculator.calc(samples, label)
  File "/scratch/user/ahnafalvi/matinvent-hcap-bo/src/calculators/local_esen_gp_routed.py", line 273, in calc
    Z_train, y_train = self._ltm.features_and_targets()
  File "/scratch/user/ahnafalvi/matinvent-hcap-bo/src/ltm.py", line 117, in features_and_targets
    Z = np.stack(self._df["Z_pca50"].apply(np.asarray).tolist())
  File "/scratch/user/ahnafalvi/envs/matinvent-hcap-bo/lib/python3.10/site-packages/numpy/core/shape_base.py", line 449, in stack
    raise ValueError('all input arrays must have the same shape')
ValueError: all input arrays must have the same shape

Set the environment variable HYDRA_FULL_ERROR=1 for a complete stack trace.
