Phase-3 CrystalFlow BASELINE (rl_epoch=20) seed=99 at Fri May  1 18:28:29 CDT 2026 on fc102
Tesla T4, 16384 MiB
MODELS_PROJECT_ROOT: /scratch/user/ahnafalvi/matinvent-bo/src/mattergen/mattergen
[2026-05-01 18:39:44,422][httpx][INFO] - HTTP Request: HEAD https://huggingface.co/jwchen25/MatInvent/resolve/main/reference_MP2020correction.gz "HTTP/1.1 302 Found"
edge_style: fc
[2026-05-01 18:46:52,471][hydra.utils][INFO] - Using lattice polar decomposition with sigma=0.1
edge_style: fc
[2026-05-01 18:47:07,303][hydra.utils][INFO] - Using lattice polar decomposition with sigma=0.1
edge_style: fc
[2026-05-01 18:47:21,471][hydra.utils][INFO] - Using lattice polar decomposition with sigma=0.1
edge_style: fc
[2026-05-01 18:47:35,131][hydra.utils][INFO] - Using lattice polar decomposition with sigma=0.1
[2026-05-01 18:47:35,174][root][INFO] - *****   RL START   *****
[2026-05-01 18:47:35,175][root][INFO] - *****   LOOP 0 START   *****
[2026-05-01 18:47:35,175][root][INFO] - SAMPLE:
[32m2026-05-01 18:49:17.920[0m | [1mINFO    [0m | [36mmattersim.forcefield.potential[0m:[36mfrom_checkpoint[0m:[36m891[0m - [1mLoading the pre-trained mattersim-v1.0.0-5M.pth model[0m
[2026-05-01 19:04:57,919][root][INFO] - Number of filtered samples: 8
[2026-05-01 19:04:57,975][root][INFO] - avg_energy_above_hull_per_atom: 0.180987, avg_rmsd_from_relaxation: 0.994327, frac_novel_unique_stable_structures: 0.163265, frac_stable_structures: 0.346939, frac_successful_jobs: 1.000000, avg_comp_validity: 1.000000, avg_structure_comp_validity: 1.000000, avg_structure_validity: 1.000000, frac_novel_structures: 0.816327, frac_novel_systems: 0.285714, frac_novel_unique_structures: 0.816327, frac_unique_structures: 1.000000, frac_unique_systems: 1.000000, precision: 0.183673, recall: 0.000018
[2026-05-01 19:04:57,981][root][INFO] - SCORE:
[2026-05-01 19:05:01,803][root][INFO] - Project root: /scratch/user/ahnafalvi/envs/matinvent-hcap-bo/lib/python3.10/site-packages/fairchem
[2026-05-01 19:05:02,372][root][INFO] - Checking local cache: /scratch/user/ahnafalvi/.cache/huggingface for model eSEN-30M-OAM
[2026-05-01 19:05:02,472][httpx][INFO] - HTTP Request: HEAD https://huggingface.co/facebook/OMAT24/resolve/main/esen_30m_oam.pt "HTTP/1.1 302 Found"
[2026-05-01 19:05:02,780][root][INFO] - local rank base: 0
[2026-05-01 19:05:06,553][root][INFO] - amp: false
cmd:
  checkpoint_dir: /scratch/user/ahnafalvi/matinvent-hcap-bo/results/hcap_p3_cf_baseline_seed99_3002767/checkpoints/2026-05-01-19-04-16
  commit: core:None,experimental:NA
  identifier: ''
  logs_dir: /scratch/user/ahnafalvi/matinvent-hcap-bo/results/hcap_p3_cf_baseline_seed99_3002767/logs/wandb/2026-05-01-19-04-16
  print_every: 100
  results_dir: /scratch/user/ahnafalvi/matinvent-hcap-bo/results/hcap_p3_cf_baseline_seed99_3002767/results/2026-05-01-19-04-16
  seed: null
  timestamp_id: 2026-05-01-19-04-16
  version: 1.10.0
dataset:
  a2g_args:
    r_energy: true
    r_forces: true
    r_stress: true
  format: ase_db
  metadata_path: ''
  transforms:
    element_references: ''
    normalizer:
      energy:
        mean: 0.0
        stdev: 0.6274358
      forces:
        mean: 0.0
        stdev: 0.6274358
      stress:
        mean: 0.0
        stdev: 0.6274358
evaluation_metrics:
  metrics:
    energy:
    - mae
    - per_atom_mae
    forces:
    - mae
    - cosine_similarity
    stress:
    - mae
  primary_metric: forces_mae
gp_gpus: null
gpus: 1
logger: wandb
loss_functions:
- energy:
    coefficient: 20
    fn: per_atom_mae
- forces:
    coefficient: 20
    fn: l2mae
- stress:
    coefficient: 5
    fn: mae
model:
  backbone:
    act_type: gate
    cutoff: 6.0
    direct_forces: false
    distance_function: gaussian
    edge_channels: 128
    hidden_channels: 128
    lmax: 3
    max_neighbors: 300
    max_num_elements: 100
    mlp_type: spectral
    mmax: 2
    model: esen_backbone
    norm_type: rms_norm_sh
    num_distance_basis: 64
    num_layers: 10
    otf_graph: true
    regress_forces: true
    regress_stress: true
    sphere_channels: 128
    use_envelope: true
    use_pbc: true
    use_pbc_single: true
  heads:
    mptrj:
      module: esen_mlp_efs_head
  name: hydra
  otf_graph: true
  pass_through_head_outputs: true
optim:
  batch_size: 4
  clip_grad_norm: 100
  ema_decay: 0.999
  eval_batch_size: 4
  eval_every: 5000
  load_balancing: atoms
  lr_initial: 0.0004
  max_epochs: 1
  num_workers: 4
  optimizer: AdamW
  optimizer_params:
    weight_decay: 0.001
  scheduler: LambdaLR
  scheduler_params:
    epochs: 85271
    lambda_type: cosine
    lr: 0.0004
    lr_min_factor: 0.1
    warmup_epochs: 8527
    warmup_factor: 0.2
outputs:
  energy:
    level: system
    property: energy
  forces:
    eval_on_free_atoms: true
    level: atom
    property: forces
    train_on_free_atoms: true
  stress:
    level: system
    property: stress
relax_dataset: {}
slurm: {}
task: {}
test_dataset: {}
trainer: ocp
val_dataset: {}

[2026-05-01 19:05:06,554][root][INFO] - Loading model: hydra
[2026-05-01 19:05:06,985][root][INFO] - Loaded HydraModel with 30161153 parameters.
[2026-05-01 19:05:06,986][root][INFO] - Loading checkpoint in inference-only mode, not loading keys associated with trainer state!
[2026-05-01 19:05:07,022][root][WARNING] - No seed has been set in modelcheckpoint or OCPCalculator! Results may not be reproducible on re-run
[2026-05-01 19:12:22,597][root][INFO] - Evaluation costs to date: 8
[2026-05-01 19:12:23,462][root][INFO] - Number of samples that successfully obtained rewards: 3
[2026-05-01 19:12:23,463][root][INFO] - reward mean=0.1287 std=0.0935
[2026-05-01 19:12:23,463][root][INFO] - heat_capacity mean=0.4468 std=0.2029
[2026-05-01 19:12:23,622][root][INFO] - 3 crystals generated so far, 3 unique components.  Burden: None, Div. Ratio: 1.0.
[2026-05-01 19:12:24,057][root][INFO] - Diversity filter: tol_n=0, buff_n=0
[2026-05-01 19:12:24,059][root][INFO] - replay buffer size=2
[2026-05-01 19:12:24,059][root][INFO] - buffer reward mean=0.19303641816910194
[2026-05-01 19:12:24,059][root][INFO] - FINETUNE:
[2026-05-01 19:12:24,932][root][INFO] - Epoch 0: loss: 0.1781, loss_diff: 0.1781, loss_kl: 0.0000
[2026-05-01 19:12:47,519][root][INFO] - Epoch 1: loss: 0.1945, loss_diff: 0.1945, loss_kl: 0.0000
[2026-05-01 19:12:47,647][root][INFO] - Epoch 2: loss: 0.1857, loss_diff: 0.1857, loss_kl: 0.0000
[2026-05-01 19:12:47,648][root][INFO] - *****   LOOP 0 FINISH   *****
[2026-05-01 19:12:47,648][root][INFO] - Total time taken: 25.21 min.


[2026-05-01 19:12:47,648][root][INFO] - *****   LOOP 1 START   *****
[2026-05-01 19:12:47,648][root][INFO] - SAMPLE:
[32m2026-05-01 19:14:07.560[0m | [1mINFO    [0m | [36mmattersim.forcefield.potential[0m:[36mfrom_checkpoint[0m:[36m891[0m - [1mLoading the pre-trained mattersim-v1.0.0-5M.pth model[0m
[2026-05-01 19:19:00,036][root][INFO] - Number of filtered samples: 5
[2026-05-01 19:19:00,113][root][INFO] - avg_energy_above_hull_per_atom: 0.241519, avg_rmsd_from_relaxation: 1.037061, frac_novel_unique_stable_structures: 0.111111, frac_stable_structures: 0.244444, frac_successful_jobs: 1.000000, avg_comp_validity: 1.000000, avg_structure_comp_validity: 1.000000, avg_structure_validity: 1.000000, frac_novel_structures: 0.866667, frac_novel_systems: 0.333333, frac_novel_unique_structures: 0.866667, frac_unique_structures: 1.000000, frac_unique_systems: 1.000000, precision: 0.133333, recall: 0.000012
[2026-05-01 19:19:00,118][root][INFO] - SCORE:
[2026-05-01 19:26:31,933][root][INFO] - Evaluation costs to date: 13
[2026-05-01 19:26:32,009][root][INFO] - Number of samples that successfully obtained rewards: 2
[2026-05-01 19:26:32,009][root][INFO] - reward mean=0.0000 std=0.0000
[2026-05-01 19:26:32,009][root][INFO] - heat_capacity mean=0.1584 std=0.0089
[2026-05-01 19:26:32,928][root][INFO] - 5 crystals generated so far, 5 unique components.  Burden: None, Div. Ratio: 1.0.
[2026-05-01 19:26:33,169][root][INFO] - Diversity filter: tol_n=0, buff_n=0
[2026-05-01 19:26:33,181][root][INFO] - replay buffer size=2
[2026-05-01 19:26:33,181][root][INFO] - buffer reward mean=0.19303641816910194
[2026-05-01 19:26:33,181][root][INFO] - FINETUNE:
[2026-05-01 19:26:34,371][root][INFO] - Epoch 0: loss: 0.1468, loss_diff: 0.1468, loss_kl: 0.0000
[2026-05-01 19:26:34,546][root][INFO] - Epoch 1: loss: 0.1384, loss_diff: 0.1384, loss_kl: 0.0000
[2026-05-01 19:26:34,677][root][INFO] - Epoch 2: loss: 0.1273, loss_diff: 0.1273, loss_kl: 0.0000
[2026-05-01 19:26:34,677][root][INFO] - *****   LOOP 1 FINISH   *****
[2026-05-01 19:26:34,677][root][INFO] - Total time taken: 13.78 min.


[2026-05-01 19:26:34,677][root][INFO] - *****   LOOP 2 START   *****
[2026-05-01 19:26:34,678][root][INFO] - SAMPLE:
[32m2026-05-01 19:27:54.286[0m | [1mINFO    [0m | [36mmattersim.forcefield.potential[0m:[36mfrom_checkpoint[0m:[36m891[0m - [1mLoading the pre-trained mattersim-v1.0.0-5M.pth model[0m
[2026-05-01 19:33:19,632][root][INFO] - Number of filtered samples: 4
[2026-05-01 19:33:19,705][root][INFO] - avg_energy_above_hull_per_atom: 0.295246, avg_rmsd_from_relaxation: 1.029947, frac_novel_unique_stable_structures: 0.075472, frac_stable_structures: 0.207547, frac_successful_jobs: 1.000000, avg_comp_validity: 1.000000, avg_structure_comp_validity: 1.000000, avg_structure_validity: 1.000000, frac_novel_structures: 0.811321, frac_novel_systems: 0.169811, frac_novel_unique_structures: 0.811321, frac_unique_structures: 1.000000, frac_unique_systems: 1.000000, precision: 0.188679, recall: 0.000022
[2026-05-01 19:33:19,710][root][INFO] - SCORE:
[2026-05-01 19:37:23,126][root][INFO] - Evaluation costs to date: 17
[2026-05-01 19:37:23,127][root][INFO] - Number of samples that successfully obtained rewards: 2
[2026-05-01 19:37:23,127][root][INFO] - reward mean=0.0190 std=0.0190
[2026-05-01 19:37:23,127][root][INFO] - heat_capacity mean=0.2745 std=0.0420
[2026-05-01 19:37:23,151][root][INFO] - 7 crystals generated so far, 7 unique components.  Burden: None, Div. Ratio: 1.0.
[2026-05-01 19:37:23,226][root][INFO] - Diversity filter: tol_n=0, buff_n=0
[2026-05-01 19:37:23,228][root][INFO] - replay buffer size=2
[2026-05-01 19:37:23,228][root][INFO] - buffer reward mean=0.19303641816910194
[2026-05-01 19:37:23,228][root][INFO] - FINETUNE:
[2026-05-01 19:37:23,573][root][INFO] - Epoch 0: loss: 0.1541, loss_diff: 0.1541, loss_kl: 0.0000
[2026-05-01 19:37:23,711][root][INFO] - Epoch 1: loss: 0.1447, loss_diff: 0.1447, loss_kl: 0.0001
[2026-05-01 19:37:23,834][root][INFO] - Epoch 2: loss: 0.1545, loss_diff: 0.1545, loss_kl: 0.0001
[2026-05-01 19:37:23,835][root][INFO] - *****   LOOP 2 FINISH   *****
[2026-05-01 19:37:23,835][root][INFO] - Total time taken: 10.82 min.


[2026-05-01 19:37:23,835][root][INFO] - *****   LOOP 3 START   *****
[2026-05-01 19:37:23,835][root][INFO] - SAMPLE:
[32m2026-05-01 19:38:45.403[0m | [1mINFO    [0m | [36mmattersim.forcefield.potential[0m:[36mfrom_checkpoint[0m:[36m891[0m - [1mLoading the pre-trained mattersim-v1.0.0-5M.pth model[0m
[2026-05-01 19:43:33,316][root][INFO] - Number of filtered samples: 6
[2026-05-01 19:43:33,340][root][INFO] - avg_energy_above_hull_per_atom: 0.295617, avg_rmsd_from_relaxation: 0.871566, frac_novel_unique_stable_structures: 0.127660, frac_stable_structures: 0.382979, frac_successful_jobs: 1.000000, avg_comp_validity: 1.000000, avg_structure_comp_validity: 1.000000, avg_structure_validity: 1.000000, frac_novel_structures: 0.744681, frac_novel_systems: 0.234043, frac_novel_unique_structures: 0.744681, frac_unique_structures: 1.000000, frac_unique_systems: 1.000000, precision: 0.255319, recall: 0.000056
[2026-05-01 19:43:33,345][root][INFO] - SCORE:
[2026-05-01 19:51:07,467][root][INFO] - Evaluation costs to date: 23
[2026-05-01 19:51:07,719][root][INFO] - Number of samples that successfully obtained rewards: 4
[2026-05-01 19:51:07,731][root][INFO] - reward mean=0.0000 std=0.0000
[2026-05-01 19:51:07,731][root][INFO] - heat_capacity mean=0.1539 std=0.0156
[2026-05-01 19:51:09,024][root][INFO] - 11 crystals generated so far, 11 unique components.  Burden: None, Div. Ratio: 1.0.
[2026-05-01 19:51:09,132][root][INFO] - Diversity filter: tol_n=0, buff_n=0
[2026-05-01 19:51:09,216][root][INFO] - replay buffer size=2
[2026-05-01 19:51:09,216][root][INFO] - buffer reward mean=0.19303641816910194
[2026-05-01 19:51:09,216][root][INFO] - FINETUNE:
[2026-05-01 19:51:13,366][root][INFO] - Epoch 0: loss: 0.0915, loss_diff: 0.0915, loss_kl: 0.0001
[2026-05-01 19:51:13,500][root][INFO] - Epoch 1: loss: 0.0923, loss_diff: 0.0923, loss_kl: 0.0001
[2026-05-01 19:51:13,631][root][INFO] - Epoch 2: loss: 0.0920, loss_diff: 0.0920, loss_kl: 0.0001
[2026-05-01 19:51:13,631][root][INFO] - *****   LOOP 3 FINISH   *****
[2026-05-01 19:51:13,631][root][INFO] - Total time taken: 13.83 min.


[2026-05-01 19:51:13,632][root][INFO] - *****   LOOP 4 START   *****
[2026-05-01 19:51:13,632][root][INFO] - SAMPLE:
[32m2026-05-01 19:52:58.070[0m | [1mINFO    [0m | [36mmattersim.forcefield.potential[0m:[36mfrom_checkpoint[0m:[36m891[0m - [1mLoading the pre-trained mattersim-v1.0.0-5M.pth model[0m
[2026-05-01 19:57:03,832][root][INFO] - Number of filtered samples: 5
[2026-05-01 19:57:03,843][root][INFO] - avg_energy_above_hull_per_atom: 0.260937, avg_rmsd_from_relaxation: 0.880149, frac_novel_unique_stable_structures: 0.096154, frac_stable_structures: 0.269231, frac_successful_jobs: 1.000000, avg_comp_validity: 1.000000, avg_structure_comp_validity: 1.000000, avg_structure_validity: 1.000000, frac_novel_structures: 0.807692, frac_novel_systems: 0.134615, frac_novel_unique_structures: 0.807692, frac_unique_structures: 1.000000, frac_unique_systems: 1.000000, precision: 0.192308, recall: 0.000033
[2026-05-01 19:57:03,864][root][INFO] - SCORE:
[2026-05-01 20:02:17,722][root][INFO] - Evaluation costs to date: 28
[2026-05-01 20:02:17,741][root][INFO] - Number of samples that successfully obtained rewards: 1
[2026-05-01 20:02:17,742][root][INFO] - reward mean=0.1437 std=0.0000
[2026-05-01 20:02:17,742][root][INFO] - heat_capacity mean=0.5015 std=0.0000
[2026-05-01 20:02:17,783][root][INFO] - 12 crystals generated so far, 12 unique components.  Burden: None, Div. Ratio: 1.0.
[2026-05-01 20:02:17,807][root][INFO] - Diversity filter: tol_n=0, buff_n=0
[2026-05-01 20:02:17,810][root][INFO] - replay buffer size=3
[2026-05-01 20:02:17,810][root][INFO] - buffer reward mean=0.17659088932020373
[2026-05-01 20:02:17,810][root][INFO] - FINETUNE:
[2026-05-01 20:02:18,085][root][INFO] - Epoch 0: loss: 0.2511, loss_diff: 0.2511, loss_kl: 0.0001
[2026-05-01 20:02:18,196][root][INFO] - Epoch 1: loss: 0.2647, loss_diff: 0.2646, loss_kl: 0.0001
[2026-05-01 20:02:18,310][root][INFO] - Epoch 2: loss: 0.2408, loss_diff: 0.2408, loss_kl: 0.0001
[2026-05-01 20:02:18,310][root][INFO] - *****   LOOP 4 FINISH   *****
[2026-05-01 20:02:18,310][root][INFO] - Total time taken: 11.08 min.


[2026-05-01 20:02:18,310][root][INFO] - *****   LOOP 5 START   *****
[2026-05-01 20:02:18,311][root][INFO] - SAMPLE:
[32m2026-05-01 20:03:37.838[0m | [1mINFO    [0m | [36mmattersim.forcefield.potential[0m:[36mfrom_checkpoint[0m:[36m891[0m - [1mLoading the pre-trained mattersim-v1.0.0-5M.pth model[0m
[2026-05-01 20:07:27,709][root][INFO] - Number of filtered samples: 4
[2026-05-01 20:07:27,752][root][INFO] - avg_energy_above_hull_per_atom: 0.235916, avg_rmsd_from_relaxation: 0.941547, frac_novel_unique_stable_structures: 0.085106, frac_stable_structures: 0.319149, frac_successful_jobs: 1.000000, avg_comp_validity: 1.000000, avg_structure_comp_validity: 1.000000, avg_structure_validity: 1.000000, frac_novel_structures: 0.744681, frac_novel_systems: 0.170213, frac_novel_unique_structures: 0.744681, frac_unique_structures: 1.000000, frac_unique_systems: 0.978723, precision: 0.255319, recall: 0.000025
[2026-05-01 20:07:27,831][root][INFO] - SCORE:
[2026-05-01 20:12:40,539][root][INFO] - Evaluation costs to date: 32
[2026-05-01 20:12:40,620][root][INFO] - Number of samples that successfully obtained rewards: 0
[2026-05-01 20:12:40,763][root][INFO] - reward mean=nan std=nan
[2026-05-01 20:12:40,763][root][INFO] - heat_capacity mean=nan std=nan
[2026-05-01 20:12:41,095][root][INFO] - 12 crystals generated so far, 12 unique components.  Burden: None, Div. Ratio: 1.0.
[2026-05-01 20:12:41,123][root][INFO] - Diversity filter: tol_n=0, buff_n=0
[2026-05-01 20:12:41,125][root][INFO] - replay buffer size=3
[2026-05-01 20:12:41,126][root][INFO] - buffer reward mean=0.17659088932020373
[2026-05-01 20:12:41,126][root][INFO] - FINETUNE:
[2026-05-01 20:12:41,290][root][INFO] - Epoch 0: loss: 0.2550, loss_diff: 0.2550, loss_kl: 0.0002
[2026-05-01 20:12:41,429][root][INFO] - Epoch 1: loss: 0.2576, loss_diff: 0.2576, loss_kl: 0.0002
[2026-05-01 20:12:41,554][root][INFO] - Epoch 2: loss: 0.2542, loss_diff: 0.2542, loss_kl: 0.0002
[2026-05-01 20:12:41,555][root][INFO] - *****   LOOP 5 FINISH   *****
[2026-05-01 20:12:41,555][root][INFO] - Total time taken: 10.39 min.


[2026-05-01 20:12:41,555][root][INFO] - *****   LOOP 6 START   *****
[2026-05-01 20:12:41,555][root][INFO] - SAMPLE:
[32m2026-05-01 20:14:09.174[0m | [1mINFO    [0m | [36mmattersim.forcefield.potential[0m:[36mfrom_checkpoint[0m:[36m891[0m - [1mLoading the pre-trained mattersim-v1.0.0-5M.pth model[0m
[2026-05-01 20:18:53,159][root][INFO] - Number of filtered samples: 4
[2026-05-01 20:18:53,250][root][INFO] - avg_energy_above_hull_per_atom: 0.248811, avg_rmsd_from_relaxation: 0.896429, frac_novel_unique_stable_structures: 0.080000, frac_stable_structures: 0.160000, frac_successful_jobs: 1.000000, avg_comp_validity: 1.000000, avg_structure_comp_validity: 1.000000, avg_structure_validity: 1.000000, frac_novel_structures: 0.800000, frac_novel_systems: 0.180000, frac_novel_unique_structures: 0.800000, frac_unique_structures: 1.000000, frac_unique_systems: 1.000000, precision: 0.200000, recall: 0.000019
[2026-05-01 20:18:53,254][root][INFO] - SCORE:
[2026-05-01 20:22:39,630][root][INFO] - Evaluation costs to date: 36
[2026-05-01 20:22:47,320][root][INFO] - Number of samples that successfully obtained rewards: 1
[2026-05-01 20:22:47,320][root][INFO] - reward mean=0.0023 std=0.0000
[2026-05-01 20:22:47,320][root][INFO] - heat_capacity mean=0.2540 std=0.0000
[2026-05-01 20:22:57,353][root][INFO] - 13 crystals generated so far, 13 unique components.  Burden: None, Div. Ratio: 1.0.
[2026-05-01 20:22:57,361][root][INFO] - Diversity filter: tol_n=0, buff_n=0
[2026-05-01 20:22:57,364][root][INFO] - replay buffer size=3
[2026-05-01 20:22:57,364][root][INFO] - buffer reward mean=0.17659088932020373
[2026-05-01 20:22:57,364][root][INFO] - FINETUNE:
[2026-05-01 20:22:57,603][root][INFO] - Epoch 0: loss: 0.1858, loss_diff: 0.1858, loss_kl: 0.0002
[2026-05-01 20:22:57,735][root][INFO] - Epoch 1: loss: 0.1931, loss_diff: 0.1931, loss_kl: 0.0002
[2026-05-01 20:22:57,858][root][INFO] - Epoch 2: loss: 0.1963, loss_diff: 0.1963, loss_kl: 0.0002
[2026-05-01 20:22:57,859][root][INFO] - *****   LOOP 6 FINISH   *****
[2026-05-01 20:22:57,859][root][INFO] - Total time taken: 10.27 min.


[2026-05-01 20:22:57,859][root][INFO] - *****   LOOP 7 START   *****
[2026-05-01 20:22:57,859][root][INFO] - SAMPLE:
[32m2026-05-01 20:24:15.752[0m | [1mINFO    [0m | [36mmattersim.forcefield.potential[0m:[36mfrom_checkpoint[0m:[36m891[0m - [1mLoading the pre-trained mattersim-v1.0.0-5M.pth model[0m
[2026-05-01 20:29:49,873][root][INFO] - Number of filtered samples: 4
[2026-05-01 20:29:50,024][root][INFO] - avg_energy_above_hull_per_atom: 0.292055, avg_rmsd_from_relaxation: 1.034553, frac_novel_unique_stable_structures: 0.090909, frac_stable_structures: 0.250000, frac_successful_jobs: 1.000000, avg_comp_validity: 1.000000, avg_structure_comp_validity: 1.000000, avg_structure_validity: 1.000000, frac_novel_structures: 0.818182, frac_novel_systems: 0.295455, frac_novel_unique_structures: 0.818182, frac_unique_structures: 1.000000, frac_unique_systems: 1.000000, precision: 0.181818, recall: 0.000018
[2026-05-01 20:29:50,114][root][INFO] - SCORE:
[2026-05-01 20:35:32,384][root][INFO] - Evaluation costs to date: 40
[2026-05-01 20:35:32,487][root][INFO] - Number of samples that successfully obtained rewards: 2
[2026-05-01 20:35:32,487][root][INFO] - reward mean=0.0020 std=0.0020
[2026-05-01 20:35:32,487][root][INFO] - heat_capacity mean=0.2176 std=0.0394
[2026-05-01 20:35:32,553][root][INFO] - 15 crystals generated so far, 15 unique components.  Burden: None, Div. Ratio: 1.0.
[2026-05-01 20:35:36,876][root][INFO] - Diversity filter: tol_n=0, buff_n=0
[2026-05-01 20:35:36,878][root][INFO] - replay buffer size=3
[2026-05-01 20:35:36,878][root][INFO] - buffer reward mean=0.17659088932020373
[2026-05-01 20:35:36,879][root][INFO] - FINETUNE:
[2026-05-01 20:35:37,129][root][INFO] - Epoch 0: loss: 0.1497, loss_diff: 0.1497, loss_kl: 0.0003
[2026-05-01 20:35:37,287][root][INFO] - Epoch 1: loss: 0.1530, loss_diff: 0.1530, loss_kl: 0.0003
[2026-05-01 20:35:37,431][root][INFO] - Epoch 2: loss: 0.1536, loss_diff: 0.1535, loss_kl: 0.0003
[2026-05-01 20:35:37,431][root][INFO] - *****   LOOP 7 FINISH   *****
[2026-05-01 20:35:37,432][root][INFO] - Total time taken: 12.66 min.


[2026-05-01 20:35:37,432][root][INFO] - *****   LOOP 8 START   *****
[2026-05-01 20:35:37,432][root][INFO] - SAMPLE:
[32m2026-05-01 20:38:15.341[0m | [1mINFO    [0m | [36mmattersim.forcefield.potential[0m:[36mfrom_checkpoint[0m:[36m891[0m - [1mLoading the pre-trained mattersim-v1.0.0-5M.pth model[0m
[2026-05-01 20:42:24,548][root][INFO] - Number of filtered samples: 8
[2026-05-01 20:42:24,596][root][INFO] - avg_energy_above_hull_per_atom: 0.208112, avg_rmsd_from_relaxation: 0.770547, frac_novel_unique_stable_structures: 0.173913, frac_stable_structures: 0.434783, frac_successful_jobs: 1.000000, avg_comp_validity: 1.000000, avg_structure_comp_validity: 1.000000, avg_structure_validity: 1.000000, frac_novel_structures: 0.739130, frac_novel_systems: 0.152174, frac_novel_unique_structures: 0.739130, frac_unique_structures: 1.000000, frac_unique_systems: 1.000000, precision: 0.260870, recall: 0.000040
[2026-05-01 20:42:24,772][root][INFO] - SCORE:
[2026-05-01 20:51:23,082][root][INFO] - Evaluation costs to date: 48
[2026-05-01 20:51:23,338][root][INFO] - Number of samples that successfully obtained rewards: 3
[2026-05-01 20:51:23,375][root][INFO] - reward mean=0.1082 std=0.1529
[2026-05-01 20:51:23,376][root][INFO] - heat_capacity mean=0.3715 std=0.3156
[2026-05-01 20:51:25,048][root][INFO] - 18 crystals generated so far, 18 unique components.  Burden: None, Div. Ratio: 1.0.
[2026-05-01 20:51:25,263][root][INFO] - Diversity filter: tol_n=0, buff_n=0
[2026-05-01 20:51:25,280][root][INFO] - replay buffer size=4
[2026-05-01 20:51:25,280][root][INFO] - buffer reward mean=0.21355695381580192
[2026-05-01 20:51:25,281][root][INFO] - FINETUNE:
[2026-05-01 20:51:28,813][root][INFO] - Epoch 0: loss: 0.2108, loss_diff: 0.2108, loss_kl: 0.0004
[2026-05-01 20:51:30,801][root][INFO] - Epoch 1: loss: 0.2037, loss_diff: 0.2037, loss_kl: 0.0004
[2026-05-01 20:51:30,962][root][INFO] - Epoch 2: loss: 0.2149, loss_diff: 0.2148, loss_kl: 0.0004
[2026-05-01 20:51:30,962][root][INFO] - *****   LOOP 8 FINISH   *****
[2026-05-01 20:51:30,963][root][INFO] - Total time taken: 15.89 min.


[2026-05-01 20:51:30,963][root][INFO] - *****   LOOP 9 START   *****
[2026-05-01 20:51:30,963][root][INFO] - SAMPLE:
[32m2026-05-01 20:54:40.446[0m | [1mINFO    [0m | [36mmattersim.forcefield.potential[0m:[36mfrom_checkpoint[0m:[36m891[0m - [1mLoading the pre-trained mattersim-v1.0.0-5M.pth model[0m
[2026-05-01 20:59:15,582][root][INFO] - Number of filtered samples: 3
[2026-05-01 20:59:15,735][root][INFO] - avg_energy_above_hull_per_atom: 0.238913, avg_rmsd_from_relaxation: 0.998668, frac_novel_unique_stable_structures: 0.061224, frac_stable_structures: 0.142857, frac_successful_jobs: 1.000000, avg_comp_validity: 1.000000, avg_structure_comp_validity: 1.000000, avg_structure_validity: 1.000000, frac_novel_structures: 0.877551, frac_novel_systems: 0.306122, frac_novel_unique_structures: 0.877551, frac_unique_structures: 1.000000, frac_unique_systems: 1.000000, precision: 0.122449, recall: 0.000027
[2026-05-01 20:59:15,739][root][INFO] - SCORE:
[2026-05-01 21:08:16,093][root][INFO] - Evaluation costs to date: 51
[2026-05-01 21:08:16,500][root][INFO] - Number of samples that successfully obtained rewards: 1
[2026-05-01 21:08:16,501][root][INFO] - reward mean=0.0019 std=0.0000
[2026-05-01 21:08:16,501][root][INFO] - heat_capacity mean=0.2533 std=0.0000
[2026-05-01 21:08:16,893][root][INFO] - 19 crystals generated so far, 19 unique components.  Burden: None, Div. Ratio: 1.0.
[2026-05-01 21:08:17,010][root][INFO] - Diversity filter: tol_n=0, buff_n=0
[2026-05-01 21:08:17,064][root][INFO] - replay buffer size=4
[2026-05-01 21:08:17,064][root][INFO] - buffer reward mean=0.21355695381580192
[2026-05-01 21:08:17,064][root][INFO] - FINETUNE:
[2026-05-01 21:08:18,754][root][INFO] - Epoch 0: loss: 0.2470, loss_diff: 0.2470, loss_kl: 0.0003
[2026-05-01 21:08:18,894][root][INFO] - Epoch 1: loss: 0.2461, loss_diff: 0.2461, loss_kl: 0.0003
[2026-05-01 21:08:19,030][root][INFO] - Epoch 2: loss: 0.2454, loss_diff: 0.2454, loss_kl: 0.0004
[2026-05-01 21:08:19,030][root][INFO] - *****   LOOP 9 FINISH   *****
[2026-05-01 21:08:19,031][root][INFO] - Total time taken: 16.80 min.


[2026-05-01 21:08:19,031][root][INFO] - *****   LOOP 10 START   *****
[2026-05-01 21:08:19,031][root][INFO] - SAMPLE:
[32m2026-05-01 21:09:47.090[0m | [1mINFO    [0m | [36mmattersim.forcefield.potential[0m:[36mfrom_checkpoint[0m:[36m891[0m - [1mLoading the pre-trained mattersim-v1.0.0-5M.pth model[0m
[2026-05-01 21:15:29,925][root][INFO] - Number of filtered samples: 4
[2026-05-01 21:15:30,037][root][INFO] - avg_energy_above_hull_per_atom: 0.318982, avg_rmsd_from_relaxation: 0.965013, frac_novel_unique_stable_structures: 0.088889, frac_stable_structures: 0.200000, frac_successful_jobs: 1.000000, avg_comp_validity: 1.000000, avg_structure_comp_validity: 1.000000, avg_structure_validity: 1.000000, frac_novel_structures: 0.866667, frac_novel_systems: 0.244444, frac_novel_unique_structures: 0.866667, frac_unique_structures: 1.000000, frac_unique_systems: 1.000000, precision: 0.133333, recall: 0.000011
[2026-05-01 21:15:30,054][root][INFO] - SCORE:
[2026-05-01 21:21:30,704][root][INFO] - Evaluation costs to date: 55
[2026-05-01 21:21:30,933][root][INFO] - Number of samples that successfully obtained rewards: 2
[2026-05-01 21:21:30,933][root][INFO] - reward mean=0.0029 std=0.0029
[2026-05-01 21:21:30,933][root][INFO] - heat_capacity mean=0.2231 std=0.0369
[2026-05-01 21:21:31,528][root][INFO] - 21 crystals generated so far, 21 unique components.  Burden: None, Div. Ratio: 1.0.
[2026-05-01 21:21:31,720][root][INFO] - Diversity filter: tol_n=0, buff_n=0
[2026-05-01 21:21:31,723][root][INFO] - replay buffer size=4
[2026-05-01 21:21:31,723][root][INFO] - buffer reward mean=0.21355695381580192
[2026-05-01 21:21:31,724][root][INFO] - FINETUNE:
[2026-05-01 21:21:32,542][root][INFO] - Epoch 0: loss: 0.2072, loss_diff: 0.2072, loss_kl: 0.0004
[2026-05-01 21:21:32,666][root][INFO] - Epoch 1: loss: 0.2097, loss_diff: 0.2097, loss_kl: 0.0004
[2026-05-01 21:21:32,792][root][INFO] - Epoch 2: loss: 0.2091, loss_diff: 0.2091, loss_kl: 0.0005
[2026-05-01 21:21:32,793][root][INFO] - *****   LOOP 10 FINISH   *****
[2026-05-01 21:21:32,793][root][INFO] - Total time taken: 13.23 min.


[2026-05-01 21:21:32,793][root][INFO] - *****   LOOP 11 START   *****
[2026-05-01 21:21:32,793][root][INFO] - SAMPLE:
[32m2026-05-01 21:23:26.331[0m | [1mINFO    [0m | [36mmattersim.forcefield.potential[0m:[36mfrom_checkpoint[0m:[36m891[0m - [1mLoading the pre-trained mattersim-v1.0.0-5M.pth model[0m
[2026-05-01 21:28:20,753][root][INFO] - Number of filtered samples: 4
[2026-05-01 21:28:26,721][root][INFO] - avg_energy_above_hull_per_atom: 0.201380, avg_rmsd_from_relaxation: 1.033725, frac_novel_unique_stable_structures: 0.075472, frac_stable_structures: 0.245283, frac_successful_jobs: 1.000000, avg_comp_validity: 1.000000, avg_structure_comp_validity: 1.000000, avg_structure_validity: 1.000000, frac_novel_structures: 0.811321, frac_novel_systems: 0.188679, frac_novel_unique_structures: 0.811321, frac_unique_structures: 1.000000, frac_unique_systems: 1.000000, precision: 0.188679, recall: 0.000026
[2026-05-01 21:28:27,191][root][INFO] - SCORE:
[2026-05-01 21:31:47,318][root][INFO] - Evaluation costs to date: 59
[2026-05-01 21:31:47,319][root][INFO] - Number of samples that successfully obtained rewards: 1
[2026-05-01 21:31:47,319][root][INFO] - reward mean=0.5979 std=0.0000
[2026-05-01 21:31:47,319][root][INFO] - heat_capacity mean=1.2963 std=0.0000
[2026-05-01 21:31:47,396][root][INFO] - 22 crystals generated so far, 22 unique components.  Burden: None, Div. Ratio: 1.0.
[2026-05-01 21:31:47,401][root][INFO] - Diversity filter: tol_n=0, buff_n=0
[2026-05-01 21:31:47,403][root][INFO] - replay buffer size=5
[2026-05-01 21:31:47,403][root][INFO] - buffer reward mean=0.29041947304227245
[2026-05-01 21:31:47,403][root][INFO] - FINETUNE:
[2026-05-01 21:31:47,682][root][INFO] - Epoch 0: loss: 0.4195, loss_diff: 0.4195, loss_kl: 0.0004
[2026-05-01 21:31:47,804][root][INFO] - Epoch 1: loss: 0.4200, loss_diff: 0.4200, loss_kl: 0.0004
[2026-05-01 21:31:47,926][root][INFO] - Epoch 2: loss: 0.4205, loss_diff: 0.4205, loss_kl: 0.0004
[2026-05-01 21:31:47,927][root][INFO] - *****   LOOP 11 FINISH   *****
[2026-05-01 21:31:47,927][root][INFO] - Total time taken: 10.25 min.


[2026-05-01 21:31:47,927][root][INFO] - *****   LOOP 12 START   *****
[2026-05-01 21:31:47,927][root][INFO] - SAMPLE:
[32m2026-05-01 21:33:02.496[0m | [1mINFO    [0m | [36mmattersim.forcefield.potential[0m:[36mfrom_checkpoint[0m:[36m891[0m - [1mLoading the pre-trained mattersim-v1.0.0-5M.pth model[0m
[2026-05-01 21:37:09,838][root][INFO] - Number of filtered samples: 6
[2026-05-01 21:37:10,027][root][INFO] - avg_energy_above_hull_per_atom: 0.269161, avg_rmsd_from_relaxation: 0.970123, frac_novel_unique_stable_structures: 0.111111, frac_stable_structures: 0.314815, frac_successful_jobs: 1.000000, avg_comp_validity: 1.000000, avg_structure_comp_validity: 1.000000, avg_structure_validity: 1.000000, frac_novel_structures: 0.759259, frac_novel_systems: 0.222222, frac_novel_unique_structures: 0.759259, frac_unique_structures: 1.000000, frac_unique_systems: 1.000000, precision: 0.240741, recall: 0.000031
[2026-05-01 21:37:10,098][root][INFO] - SCORE:
[2026-05-01 21:44:20,417][root][INFO] - Evaluation costs to date: 65
[2026-05-01 21:44:20,510][root][INFO] - Number of samples that successfully obtained rewards: 2
[2026-05-01 21:44:20,510][root][INFO] - reward mean=0.0071 std=0.0071
[2026-05-01 21:44:20,510][root][INFO] - heat_capacity mean=0.2295 std=0.0455
[2026-05-01 21:44:20,573][root][INFO] - 24 crystals generated so far, 24 unique components.  Burden: None, Div. Ratio: 1.0.
[2026-05-01 21:44:20,597][root][INFO] - Diversity filter: tol_n=0, buff_n=0
[2026-05-01 21:44:20,600][root][INFO] - replay buffer size=5
[2026-05-01 21:44:20,600][root][INFO] - buffer reward mean=0.29041947304227245
[2026-05-01 21:44:20,600][root][INFO] - FINETUNE:
[2026-05-01 21:44:21,453][root][INFO] - Epoch 0: loss: 0.3053, loss_diff: 0.3053, loss_kl: 0.0005
[2026-05-01 21:44:21,586][root][INFO] - Epoch 1: loss: 0.3063, loss_diff: 0.3062, loss_kl: 0.0005
[2026-05-01 21:44:21,717][root][INFO] - Epoch 2: loss: 0.3028, loss_diff: 0.3028, loss_kl: 0.0005
[2026-05-01 21:44:21,717][root][INFO] - *****   LOOP 12 FINISH   *****
[2026-05-01 21:44:21,718][root][INFO] - Total time taken: 12.56 min.


[2026-05-01 21:44:21,718][root][INFO] - *****   LOOP 13 START   *****
[2026-05-01 21:44:21,718][root][INFO] - SAMPLE:
[32m2026-05-01 21:45:35.866[0m | [1mINFO    [0m | [36mmattersim.forcefield.potential[0m:[36mfrom_checkpoint[0m:[36m891[0m - [1mLoading the pre-trained mattersim-v1.0.0-5M.pth model[0m
[2026-05-01 21:49:58,174][root][INFO] - Number of filtered samples: 7
[2026-05-01 21:49:58,220][root][INFO] - avg_energy_above_hull_per_atom: 0.257427, avg_rmsd_from_relaxation: 0.935316, frac_novel_unique_stable_structures: 0.145833, frac_stable_structures: 0.250000, frac_successful_jobs: 1.000000, avg_comp_validity: 1.000000, avg_structure_comp_validity: 1.000000, avg_structure_validity: 1.000000, frac_novel_structures: 0.833333, frac_novel_systems: 0.229167, frac_novel_unique_structures: 0.833333, frac_unique_structures: 1.000000, frac_unique_systems: 1.000000, precision: 0.166667, recall: 0.000051
[2026-05-01 21:49:58,234][root][INFO] - SCORE:
[2026-05-01 22:00:36,215][root][INFO] - Evaluation costs to date: 72
[2026-05-01 22:00:36,634][root][INFO] - Number of samples that successfully obtained rewards: 3
[2026-05-01 22:00:36,635][root][INFO] - reward mean=0.0776 std=0.0721
[2026-05-01 22:00:36,635][root][INFO] - heat_capacity mean=0.3859 std=0.1262
[2026-05-01 22:00:38,675][root][INFO] - 27 crystals generated so far, 27 unique components.  Burden: None, Div. Ratio: 1.0.
[2026-05-01 22:00:39,406][root][INFO] - Diversity filter: tol_n=0, buff_n=0
[2026-05-01 22:00:39,409][root][INFO] - replay buffer size=6
[2026-05-01 22:00:39,409][root][INFO] - buffer reward mean=0.27109917133477557
[2026-05-01 22:00:39,409][root][INFO] - FINETUNE:
[2026-05-01 22:00:39,907][root][INFO] - Epoch 0: loss: 0.3198, loss_diff: 0.3198, loss_kl: 0.0005
[2026-05-01 22:00:40,042][root][INFO] - Epoch 1: loss: 0.3170, loss_diff: 0.3170, loss_kl: 0.0005
[2026-05-01 22:00:40,179][root][INFO] - Epoch 2: loss: 0.2998, loss_diff: 0.2998, loss_kl: 0.0005
[2026-05-01 22:00:40,180][root][INFO] - *****   LOOP 13 FINISH   *****
[2026-05-01 22:00:40,180][root][INFO] - Total time taken: 16.31 min.


[2026-05-01 22:00:40,180][root][INFO] - *****   LOOP 14 START   *****
[2026-05-01 22:00:40,180][root][INFO] - SAMPLE:
[32m2026-05-01 22:01:56.566[0m | [1mINFO    [0m | [36mmattersim.forcefield.potential[0m:[36mfrom_checkpoint[0m:[36m891[0m - [1mLoading the pre-trained mattersim-v1.0.0-5M.pth model[0m
[2026-05-01 22:09:10,907][root][INFO] - Number of filtered samples: 8
[2026-05-01 22:09:11,189][root][INFO] - avg_energy_above_hull_per_atom: 0.324398, avg_rmsd_from_relaxation: 1.015806, frac_novel_unique_stable_structures: 0.150943, frac_stable_structures: 0.245283, frac_successful_jobs: 1.000000, avg_comp_validity: 1.000000, avg_structure_comp_validity: 1.000000, avg_structure_validity: 1.000000, frac_novel_structures: 0.886792, frac_novel_systems: 0.301887, frac_novel_unique_structures: 0.886792, frac_unique_structures: 1.000000, frac_unique_systems: 1.000000, precision: 0.113208, recall: 0.000012
[2026-05-01 22:09:11,291][root][INFO] - SCORE:
[2026-05-01 22:20:27,606][root][INFO] - Evaluation costs to date: 80
[2026-05-01 22:20:27,979][root][INFO] - Number of samples that successfully obtained rewards: 0
[2026-05-01 22:20:27,994][root][INFO] - reward mean=nan std=nan
[2026-05-01 22:20:27,994][root][INFO] - heat_capacity mean=nan std=nan
[2026-05-01 22:20:29,052][root][INFO] - 27 crystals generated so far, 27 unique components.  Burden: None, Div. Ratio: 1.0.
[2026-05-01 22:20:29,256][root][INFO] - Diversity filter: tol_n=0, buff_n=0
[2026-05-01 22:20:29,258][root][INFO] - replay buffer size=6
[2026-05-01 22:20:29,259][root][INFO] - buffer reward mean=0.27109917133477557
[2026-05-01 22:20:29,259][root][INFO] - FINETUNE:
[2026-05-01 22:20:33,276][root][INFO] - Epoch 0: loss: 0.4034, loss_diff: 0.4033, loss_kl: 0.0006
[2026-05-01 22:20:33,424][root][INFO] - Epoch 1: loss: 0.3887, loss_diff: 0.3887, loss_kl: 0.0005
[2026-05-01 22:20:33,570][root][INFO] - Epoch 2: loss: 0.3975, loss_diff: 0.3975, loss_kl: 0.0006
[2026-05-01 22:20:33,571][root][INFO] - *****   LOOP 14 FINISH   *****
[2026-05-01 22:20:33,571][root][INFO] - Total time taken: 19.89 min.


[2026-05-01 22:20:33,571][root][INFO] - *****   LOOP 15 START   *****
[2026-05-01 22:20:33,571][root][INFO] - SAMPLE:
[32m2026-05-01 22:22:20.278[0m | [1mINFO    [0m | [36mmattersim.forcefield.potential[0m:[36mfrom_checkpoint[0m:[36m891[0m - [1mLoading the pre-trained mattersim-v1.0.0-5M.pth model[0m
[2026-05-01 22:28:28,721][root][INFO] - Number of filtered samples: 4
[2026-05-01 22:28:32,946][root][INFO] - avg_energy_above_hull_per_atom: 0.222524, avg_rmsd_from_relaxation: 1.031075, frac_novel_unique_stable_structures: 0.076923, frac_stable_structures: 0.192308, frac_successful_jobs: 1.000000, avg_comp_validity: 1.000000, avg_structure_comp_validity: 1.000000, avg_structure_validity: 1.000000, frac_novel_structures: 0.846154, frac_novel_systems: 0.384615, frac_novel_unique_structures: 0.846154, frac_unique_structures: 1.000000, frac_unique_systems: 1.000000, precision: 0.153846, recall: 0.000019
[2026-05-01 22:28:32,962][root][INFO] - SCORE:
[2026-05-01 22:36:13,863][root][INFO] - Evaluation costs to date: 84
[2026-05-01 22:36:14,033][root][INFO] - Number of samples that successfully obtained rewards: 2
[2026-05-01 22:36:14,033][root][INFO] - reward mean=0.0345 std=0.0345
[2026-05-01 22:36:14,033][root][INFO] - heat_capacity mean=0.2822 std=0.0887
[2026-05-01 22:36:14,132][root][INFO] - 29 crystals generated so far, 29 unique components.  Burden: None, Div. Ratio: 1.0.
[2026-05-01 22:36:14,139][root][INFO] - Diversity filter: tol_n=0, buff_n=0
[2026-05-01 22:36:14,142][root][INFO] - replay buffer size=6
[2026-05-01 22:36:14,142][root][INFO] - buffer reward mean=0.27109917133477557
[2026-05-01 22:36:14,142][root][INFO] - FINETUNE:
[2026-05-01 22:36:14,391][root][INFO] - Epoch 0: loss: 0.3225, loss_diff: 0.3225, loss_kl: 0.0007
[2026-05-01 22:36:14,540][root][INFO] - Epoch 1: loss: 0.3203, loss_diff: 0.3203, loss_kl: 0.0008
[2026-05-01 22:36:14,695][root][INFO] - Epoch 2: loss: 0.3057, loss_diff: 0.3057, loss_kl: 0.0008
[2026-05-01 22:36:14,696][root][INFO] - *****   LOOP 15 FINISH   *****
[2026-05-01 22:36:14,696][root][INFO] - Total time taken: 15.69 min.


[2026-05-01 22:36:14,696][root][INFO] - *****   LOOP 16 START   *****
[2026-05-01 22:36:14,696][root][INFO] - SAMPLE:
[32m2026-05-01 22:37:26.971[0m | [1mINFO    [0m | [36mmattersim.forcefield.potential[0m:[36mfrom_checkpoint[0m:[36m891[0m - [1mLoading the pre-trained mattersim-v1.0.0-5M.pth model[0m
[2026-05-01 22:43:26,679][root][INFO] - Number of filtered samples: 6
[2026-05-01 22:43:26,839][root][INFO] - avg_energy_above_hull_per_atom: 0.259435, avg_rmsd_from_relaxation: 0.994883, frac_novel_unique_stable_structures: 0.109091, frac_stable_structures: 0.254545, frac_successful_jobs: 1.000000, avg_comp_validity: 1.000000, avg_structure_comp_validity: 1.000000, avg_structure_validity: 1.000000, frac_novel_structures: 0.854545, frac_novel_systems: 0.218182, frac_novel_unique_structures: 0.854545, frac_unique_structures: 1.000000, frac_unique_systems: 1.000000, precision: 0.145455, recall: 0.000025
[2026-05-01 22:43:26,844][root][INFO] - SCORE:
[2026-05-01 22:48:01,452][root][INFO] - Evaluation costs to date: 90
[2026-05-01 22:48:01,646][root][INFO] - Number of samples that successfully obtained rewards: 2
[2026-05-01 22:48:01,647][root][INFO] - reward mean=0.0000 std=0.0000
[2026-05-01 22:48:01,647][root][INFO] - heat_capacity mean=0.1887 std=0.0022
[2026-05-01 22:48:01,759][root][INFO] - 31 crystals generated so far, 31 unique components.  Burden: None, Div. Ratio: 1.0.
[2026-05-01 22:48:01,784][root][INFO] - Diversity filter: tol_n=0, buff_n=0
[2026-05-01 22:48:01,787][root][INFO] - replay buffer size=6
[2026-05-01 22:48:01,787][root][INFO] - buffer reward mean=0.27109917133477557
[2026-05-01 22:48:01,787][root][INFO] - FINETUNE:
[2026-05-01 22:48:04,301][root][INFO] - Epoch 0: loss: 0.2976, loss_diff: 0.2976, loss_kl: 0.0008
[2026-05-01 22:48:04,453][root][INFO] - Epoch 1: loss: 0.3044, loss_diff: 0.3044, loss_kl: 0.0008
[2026-05-01 22:48:04,594][root][INFO] - Epoch 2: loss: 0.2987, loss_diff: 0.2987, loss_kl: 0.0008
[2026-05-01 22:48:04,594][root][INFO] - *****   LOOP 16 FINISH   *****
[2026-05-01 22:48:04,594][root][INFO] - Total time taken: 11.83 min.


[2026-05-01 22:48:04,595][root][INFO] - *****   LOOP 17 START   *****
[2026-05-01 22:48:04,595][root][INFO] - SAMPLE:
[32m2026-05-01 22:49:19.883[0m | [1mINFO    [0m | [36mmattersim.forcefield.potential[0m:[36mfrom_checkpoint[0m:[36m891[0m - [1mLoading the pre-trained mattersim-v1.0.0-5M.pth model[0m
[2026-05-01 22:53:45,213][root][INFO] - Number of filtered samples: 4
[2026-05-01 22:53:45,294][root][INFO] - avg_energy_above_hull_per_atom: 0.295774, avg_rmsd_from_relaxation: 1.146271, frac_novel_unique_stable_structures: 0.071429, frac_stable_structures: 0.178571, frac_successful_jobs: 1.000000, avg_comp_validity: 1.000000, avg_structure_comp_validity: 1.000000, avg_structure_validity: 1.000000, frac_novel_structures: 0.857143, frac_novel_systems: 0.339286, frac_novel_unique_structures: 0.857143, frac_unique_structures: 1.000000, frac_unique_systems: 1.000000, precision: 0.142857, recall: 0.000025
[2026-05-01 22:53:45,361][root][INFO] - SCORE:
[2026-05-01 23:00:27,244][root][INFO] - Evaluation costs to date: 94
[2026-05-01 23:00:27,245][root][INFO] - Number of samples that successfully obtained rewards: 2
[2026-05-01 23:00:27,245][root][INFO] - reward mean=0.0161 std=0.0161
[2026-05-01 23:00:27,246][root][INFO] - heat_capacity mean=0.2773 std=0.0291
[2026-05-01 23:00:27,328][root][INFO] - 33 crystals generated so far, 33 unique components.  Burden: None, Div. Ratio: 1.0.
[2026-05-01 23:00:27,352][root][INFO] - Diversity filter: tol_n=0, buff_n=0
[2026-05-01 23:00:27,354][root][INFO] - replay buffer size=6
[2026-05-01 23:00:27,354][root][INFO] - buffer reward mean=0.27109917133477557
[2026-05-01 23:00:27,354][root][INFO] - FINETUNE:
[2026-05-01 23:00:27,510][root][INFO] - Epoch 0: loss: 0.2951, loss_diff: 0.2950, loss_kl: 0.0008
[2026-05-01 23:00:27,657][root][INFO] - Epoch 1: loss: 0.2959, loss_diff: 0.2959, loss_kl: 0.0009
[2026-05-01 23:00:27,804][root][INFO] - Epoch 2: loss: 0.2931, loss_diff: 0.2930, loss_kl: 0.0009
[2026-05-01 23:00:27,804][root][INFO] - *****   LOOP 17 FINISH   *****
[2026-05-01 23:00:27,805][root][INFO] - Total time taken: 12.39 min.


[2026-05-01 23:00:27,805][root][INFO] - *****   LOOP 18 START   *****
[2026-05-01 23:00:27,805][root][INFO] - SAMPLE:
[32m2026-05-01 23:01:46.719[0m | [1mINFO    [0m | [36mmattersim.forcefield.potential[0m:[36mfrom_checkpoint[0m:[36m891[0m - [1mLoading the pre-trained mattersim-v1.0.0-5M.pth model[0m
[2026-05-01 23:06:02,643][root][INFO] - Number of filtered samples: 8
[2026-05-01 23:06:02,732][root][INFO] - avg_energy_above_hull_per_atom: 0.311077, avg_rmsd_from_relaxation: 0.942455, frac_novel_unique_stable_structures: 0.163265, frac_stable_structures: 0.224490, frac_successful_jobs: 1.000000, avg_comp_validity: 1.000000, avg_structure_comp_validity: 1.000000, avg_structure_validity: 1.000000, frac_novel_structures: 0.938776, frac_novel_systems: 0.204082, frac_novel_unique_structures: 0.938776, frac_unique_structures: 1.000000, frac_unique_systems: 1.000000, precision: 0.061224, recall: 0.000006
[2026-05-01 23:06:02,839][root][INFO] - SCORE:
[2026-05-01 23:16:54,446][root][INFO] - Evaluation costs to date: 102
[2026-05-01 23:17:04,330][root][INFO] - Number of samples that successfully obtained rewards: 1
[2026-05-01 23:17:04,330][root][INFO] - reward mean=0.1338 std=0.0000
[2026-05-01 23:17:04,330][root][INFO] - heat_capacity mean=0.4842 std=0.0000
[2026-05-01 23:18:28,507][root][INFO] - 34 crystals generated so far, 34 unique components.  Burden: None, Div. Ratio: 1.0.
[2026-05-01 23:18:28,705][root][INFO] - Diversity filter: tol_n=0, buff_n=0
[2026-05-01 23:18:28,708][root][INFO] - replay buffer size=7
[2026-05-01 23:18:28,708][root][INFO] - buffer reward mean=0.25149117992764813
[2026-05-01 23:18:28,708][root][INFO] - FINETUNE:
[2026-05-01 23:18:29,283][root][INFO] - Epoch 0: loss: 0.3832, loss_diff: 0.3832, loss_kl: 0.0009
[2026-05-01 23:18:29,443][root][INFO] - Epoch 1: loss: 0.3765, loss_diff: 0.3765, loss_kl: 0.0010
[2026-05-01 23:18:29,579][root][INFO] - Epoch 2: loss: 0.3605, loss_diff: 0.3605, loss_kl: 0.0010
[2026-05-01 23:18:29,580][root][INFO] - *****   LOOP 18 FINISH   *****
[2026-05-01 23:18:29,580][root][INFO] - Total time taken: 18.03 min.


[2026-05-01 23:18:29,580][root][INFO] - *****   LOOP 19 START   *****
[2026-05-01 23:18:29,580][root][INFO] - SAMPLE:
[32m2026-05-01 23:19:52.576[0m | [1mINFO    [0m | [36mmattersim.forcefield.potential[0m:[36mfrom_checkpoint[0m:[36m891[0m - [1mLoading the pre-trained mattersim-v1.0.0-5M.pth model[0m
[2026-05-01 23:31:28,806][root][INFO] - Number of filtered samples: 7
[2026-05-01 23:31:29,592][root][INFO] - avg_energy_above_hull_per_atom: 0.191822, avg_rmsd_from_relaxation: 0.911407, frac_novel_unique_stable_structures: 0.134615, frac_stable_structures: 0.384615, frac_successful_jobs: 1.000000, avg_comp_validity: 1.000000, avg_structure_comp_validity: 1.000000, avg_structure_validity: 1.000000, frac_novel_structures: 0.750000, frac_novel_systems: 0.211538, frac_novel_unique_structures: 0.750000, frac_unique_structures: 1.000000, frac_unique_systems: 1.000000, precision: 0.250000, recall: 0.000050
[2026-05-01 23:31:29,600][root][INFO] - SCORE:
[2026-05-02 00:09:37,577][root][INFO] - Evaluation costs to date: 109
[2026-05-02 00:09:42,604][root][INFO] - Number of samples that successfully obtained rewards: 3
[2026-05-02 00:09:42,604][root][INFO] - reward mean=0.1268 std=0.1794
[2026-05-02 00:09:42,604][root][INFO] - heat_capacity mean=0.4111 std=0.3576
[2026-05-02 00:09:53,553][root][INFO] - 37 crystals generated so far, 37 unique components.  Burden: None, Div. Ratio: 1.0.
[2026-05-02 00:09:54,450][root][INFO] - Diversity filter: tol_n=0, buff_n=0
[2026-05-02 00:09:54,452][root][INFO] - replay buffer size=8
[2026-05-02 00:09:54,453][root][INFO] - buffer reward mean=0.26762328067799246
[2026-05-02 00:09:54,453][root][INFO] - FINETUNE:
[2026-05-02 00:09:56,813][root][INFO] - Epoch 0: loss: 0.3187, loss_diff: 0.3187, loss_kl: 0.0011
[2026-05-02 00:09:59,616][root][INFO] - Epoch 1: loss: 0.3151, loss_diff: 0.3150, loss_kl: 0.0011
[2026-05-02 00:10:07,774][root][INFO] - Epoch 2: loss: 0.2943, loss_diff: 0.2943, loss_kl: 0.0011
[2026-05-02 00:10:08,269][root][INFO] - *****   LOOP 19 FINISH   *****
[2026-05-02 00:10:08,269][root][INFO] - Total time taken: 51.64 min.


[2026-05-02 00:10:09,241][root][INFO] - *****   RL END   *****
[2026-05-02 00:10:10,474][root][INFO] - Total time taken: 19355 s.
Closing LMDB environment /tmp/job.3002767/tmppxt0syna/reference_MP2020correction
Phase-3 CrystalFlow baseline (seed=99) finished at Sat May  2 00:11:03 CDT 2026
