Phase-3 CrystalFlow BASELINE (rl_epoch=10) seed=42 at Thu Apr 30 18:41:33 CDT 2026 on fc102
Tesla T4, 16384 MiB
MODELS_PROJECT_ROOT: /scratch/user/ahnafalvi/matinvent-bo/src/mattergen/mattergen
[2026-04-30 18:47:35,987][httpx][INFO] - HTTP Request: HEAD https://huggingface.co/jwchen25/MatInvent/resolve/main/reference_MP2020correction.gz "HTTP/1.1 302 Found"
edge_style: fc
[2026-04-30 18:48:48,198][hydra.utils][INFO] - Using lattice polar decomposition with sigma=0.1
edge_style: fc
[2026-04-30 18:49:15,952][hydra.utils][INFO] - Using lattice polar decomposition with sigma=0.1
edge_style: fc
[2026-04-30 18:49:29,053][hydra.utils][INFO] - Using lattice polar decomposition with sigma=0.1
edge_style: fc
[2026-04-30 18:49:42,197][hydra.utils][INFO] - Using lattice polar decomposition with sigma=0.1
[2026-04-30 18:49:42,241][root][INFO] - *****   RL START   *****
[2026-04-30 18:49:42,241][root][INFO] - *****   LOOP 0 START   *****
[2026-04-30 18:49:42,241][root][INFO] - SAMPLE:
[32m2026-04-30 18:50:12.661[0m | [1mINFO    [0m | [36mmattersim.forcefield.potential[0m:[36mfrom_checkpoint[0m:[36m891[0m - [1mLoading the pre-trained mattersim-v1.0.0-5M.pth model[0m
[2026-04-30 19:03:08,254][root][INFO] - Number of filtered samples: 0
[2026-04-30 19:03:08,331][root][INFO] - avg_energy_above_hull_per_atom: 0.212555, avg_rmsd_from_relaxation: 1.068394, frac_novel_unique_stable_structures: 0.000000, frac_stable_structures: 0.166667, frac_successful_jobs: 1.000000, avg_comp_validity: 1.000000, avg_structure_comp_validity: 1.000000, avg_structure_validity: 1.000000, frac_novel_structures: 0.833333, frac_novel_systems: 0.250000, frac_novel_unique_structures: 0.833333, frac_unique_structures: 1.000000, frac_unique_systems: 1.000000, precision: 0.166667, recall: 0.000008
[2026-04-30 19:03:08,332][root][INFO] - SCORE:
Closing LMDB environment /tmp/job.3002268/tmp3o48pmbw/reference_MP2020correction
