Phase-3 CrystalFlow ACCEL (rl_epoch=10) seed=42 at Thu Apr 30 22:11:38 CDT 2026 on fc102
Tesla T4, 16384 MiB
MODELS_PROJECT_ROOT: /scratch/user/ahnafalvi/matinvent-bo/src/mattergen/mattergen
[2026-04-30 22:20:48,784][httpx][INFO] - HTTP Request: HEAD https://huggingface.co/jwchen25/MatInvent/resolve/main/reference_MP2020correction.gz "HTTP/1.1 302 Found"
edge_style: fc
[2026-04-30 22:22:11,119][hydra.utils][INFO] - Using lattice polar decomposition with sigma=0.1
edge_style: fc
[2026-04-30 22:22:25,703][hydra.utils][INFO] - Using lattice polar decomposition with sigma=0.1
edge_style: fc
[2026-04-30 22:22:38,903][hydra.utils][INFO] - Using lattice polar decomposition with sigma=0.1
edge_style: fc
[2026-04-30 22:22:51,583][hydra.utils][INFO] - Using lattice polar decomposition with sigma=0.1
[2026-04-30 22:22:51,622][root][INFO] - *****   RL START   *****
[2026-04-30 22:22:51,622][root][INFO] - *****   LOOP 0 START   *****
[2026-04-30 22:22:51,622][root][INFO] - SAMPLE:
[32m2026-04-30 22:23:32.810[0m | [1mINFO    [0m | [36mmattersim.forcefield.potential[0m:[36mfrom_checkpoint[0m:[36m891[0m - [1mLoading the pre-trained mattersim-v1.0.0-5M.pth model[0m
[2026-04-30 22:35:26,977][root][INFO] - Number of filtered samples: 3
[2026-04-30 22:35:27,096][root][INFO] - avg_energy_above_hull_per_atom: 0.205299, avg_rmsd_from_relaxation: 0.837637, frac_novel_unique_stable_structures: 0.062500, frac_stable_structures: 0.270833, frac_successful_jobs: 1.000000, avg_comp_validity: 1.000000, avg_structure_comp_validity: 1.000000, avg_structure_validity: 1.000000, frac_novel_structures: 0.791667, frac_novel_systems: 0.062500, frac_novel_unique_structures: 0.791667, frac_unique_structures: 1.000000, frac_unique_systems: 1.000000, precision: 0.208333, recall: 0.000027
[2026-04-30 22:35:27,100][root][INFO] - SCORE:
[2026-04-30 22:35:33,714][cached_path][INFO] - cache of https://orbitalmaterials-public-models.s3.us-west-1.amazonaws.com/forcefields/orb-v3/orb-v3-conservative-inf-omat-20250404.ckpt is up-to-date
[2026-04-30 22:40:30,213][root][INFO] - Project root: /scratch/user/ahnafalvi/envs/matinvent-hcap-bo/lib/python3.10/site-packages/fairchem
[2026-04-30 22:40:33,367][root][INFO] - Checking local cache: /scratch/user/ahnafalvi/.cache/huggingface for model eSEN-30M-OAM
[2026-04-30 22:40:33,455][httpx][INFO] - HTTP Request: HEAD https://huggingface.co/facebook/OMAT24/resolve/main/esen_30m_oam.pt "HTTP/1.1 302 Found"
[2026-04-30 22:40:33,747][root][INFO] - local rank base: 0
[2026-04-30 22:40:33,888][root][INFO] - amp: false
cmd:
  checkpoint_dir: /scratch/user/ahnafalvi/matinvent-hcap-bo/results/hcap_p3_cf_accel_seed42_3002439/checkpoints/2026-04-30-22-39-44
  commit: core:None,experimental:NA
  identifier: ''
  logs_dir: /scratch/user/ahnafalvi/matinvent-hcap-bo/results/hcap_p3_cf_accel_seed42_3002439/logs/wandb/2026-04-30-22-39-44
  print_every: 100
  results_dir: /scratch/user/ahnafalvi/matinvent-hcap-bo/results/hcap_p3_cf_accel_seed42_3002439/results/2026-04-30-22-39-44
  seed: null
  timestamp_id: 2026-04-30-22-39-44
  version: 1.10.0
dataset:
  a2g_args:
    r_energy: true
    r_forces: true
    r_stress: true
  format: ase_db
  metadata_path: ''
  transforms:
    element_references: ''
    normalizer:
      energy:
        mean: 0.0
        stdev: 0.6274358
      forces:
        mean: 0.0
        stdev: 0.6274358
      stress:
        mean: 0.0
        stdev: 0.6274358
evaluation_metrics:
  metrics:
    energy:
    - mae
    - per_atom_mae
    forces:
    - mae
    - cosine_similarity
    stress:
    - mae
  primary_metric: forces_mae
gp_gpus: null
gpus: 1
logger: wandb
loss_functions:
- energy:
    coefficient: 20
    fn: per_atom_mae
- forces:
    coefficient: 20
    fn: l2mae
- stress:
    coefficient: 5
    fn: mae
model:
  backbone:
    act_type: gate
    cutoff: 6.0
    direct_forces: false
    distance_function: gaussian
    edge_channels: 128
    hidden_channels: 128
    lmax: 3
    max_neighbors: 300
    max_num_elements: 100
    mlp_type: spectral
    mmax: 2
    model: esen_backbone
    norm_type: rms_norm_sh
    num_distance_basis: 64
    num_layers: 10
    otf_graph: true
    regress_forces: true
    regress_stress: true
    sphere_channels: 128
    use_envelope: true
    use_pbc: true
    use_pbc_single: true
  heads:
    mptrj:
      module: esen_mlp_efs_head
  name: hydra
  otf_graph: true
  pass_through_head_outputs: true
optim:
  batch_size: 4
  clip_grad_norm: 100
  ema_decay: 0.999
  eval_batch_size: 4
  eval_every: 5000
  load_balancing: atoms
  lr_initial: 0.0004
  max_epochs: 1
  num_workers: 4
  optimizer: AdamW
  optimizer_params:
    weight_decay: 0.001
  scheduler: LambdaLR
  scheduler_params:
    epochs: 85271
    lambda_type: cosine
    lr: 0.0004
    lr_min_factor: 0.1
    warmup_epochs: 8527
    warmup_factor: 0.2
outputs:
  energy:
    level: system
    property: energy
  forces:
    eval_on_free_atoms: true
    level: atom
    property: forces
    train_on_free_atoms: true
  stress:
    level: system
    property: stress
relax_dataset: {}
slurm: {}
task: {}
test_dataset: {}
trainer: ocp
val_dataset: {}

[2026-04-30 22:40:33,888][root][INFO] - Loading model: hydra
[2026-04-30 22:40:34,266][root][INFO] - Loaded HydraModel with 30161153 parameters.
[2026-04-30 22:40:34,266][root][INFO] - Loading checkpoint in inference-only mode, not loading keys associated with trainer state!
[2026-04-30 22:40:34,302][root][WARNING] - No seed has been set in modelcheckpoint or OCPCalculator! Results may not be reproducible on re-run
[GPRouted] cycle=0 N=3 oracled=3/3 K=8 ltm=162 target=1.50 PI(oracle_min)=nan anchor=False cold=True 514.8s
[2026-04-30 22:44:01,981][root][INFO] - Evaluation costs to date: 3
[2026-04-30 22:44:01,982][root][INFO] - Number of samples that successfully obtained rewards: 3
[2026-04-30 22:44:01,982][root][INFO] - reward mean=0.0053 std=0.0052
[2026-04-30 22:44:01,982][root][INFO] - heat_capacity mean=0.1760 std=0.1246
[2026-04-30 22:44:01,995][root][INFO] - 3 crystals generated so far, 3 unique components.  Burden: None, Div. Ratio: 1.0.
[2026-04-30 22:44:01,999][root][INFO] - Diversity filter: tol_n=0, buff_n=0
[2026-04-30 22:44:02,001][root][INFO] - replay buffer size=0
[2026-04-30 22:44:02,002][root][INFO] - buffer reward mean=nan
[2026-04-30 22:44:02,002][root][INFO] - FINETUNE:
[2026-04-30 22:44:02,980][root][INFO] - Epoch 0: loss: 0.0079, loss_diff: 0.0079, loss_kl: 0.0000
[2026-04-30 22:44:03,085][root][INFO] - Epoch 1: loss: 0.0084, loss_diff: 0.0084, loss_kl: 0.0000
[2026-04-30 22:44:03,191][root][INFO] - Epoch 2: loss: 0.0077, loss_diff: 0.0077, loss_kl: 0.0000
[2026-04-30 22:44:03,192][root][INFO] - *****   LOOP 0 FINISH   *****
[2026-04-30 22:44:03,192][root][INFO] - Total time taken: 21.19 min.


[2026-04-30 22:44:03,192][root][INFO] - *****   LOOP 1 START   *****
[2026-04-30 22:44:03,192][root][INFO] - SAMPLE:
[32m2026-04-30 22:44:26.744[0m | [1mINFO    [0m | [36mmattersim.forcefield.potential[0m:[36mfrom_checkpoint[0m:[36m891[0m - [1mLoading the pre-trained mattersim-v1.0.0-5M.pth model[0m
[2026-04-30 22:48:42,920][root][INFO] - Number of filtered samples: 4
[2026-04-30 22:48:42,921][root][INFO] - avg_energy_above_hull_per_atom: 0.311089, avg_rmsd_from_relaxation: 0.842048, frac_novel_unique_stable_structures: 0.076923, frac_stable_structures: 0.250000, frac_successful_jobs: 1.000000, avg_comp_validity: 1.000000, avg_structure_comp_validity: 1.000000, avg_structure_validity: 1.000000, frac_novel_structures: 0.788462, frac_novel_systems: 0.288462, frac_novel_unique_structures: 0.788462, frac_unique_structures: 1.000000, frac_unique_systems: 1.000000, precision: 0.211538, recall: 0.000035
[2026-04-30 22:48:42,925][root][INFO] - SCORE:
[GPRouted] cycle=1 N=4 oracled=4/4 K=8 ltm=163 target=1.50 PI(oracle_min)=nan anchor=False cold=False 416.4s
[2026-04-30 22:55:39,544][root][INFO] - Evaluation costs to date: 7
[2026-04-30 22:55:39,585][root][INFO] - Number of samples that successfully obtained rewards: 4
[2026-04-30 22:55:39,586][root][INFO] - reward mean=0.0000 std=0.0000
[2026-04-30 22:55:39,586][root][INFO] - heat_capacity mean=0.0397 std=0.0687
[2026-04-30 22:55:39,605][root][INFO] - 7 crystals generated so far, 7 unique components.  Burden: None, Div. Ratio: 1.0.
[2026-04-30 22:55:39,610][root][INFO] - Diversity filter: tol_n=0, buff_n=0
[2026-04-30 22:55:39,611][root][INFO] - replay buffer size=0
[2026-04-30 22:55:39,612][root][INFO] - buffer reward mean=nan
[2026-04-30 22:55:39,612][root][INFO] - FINETUNE:
[2026-04-30 22:55:39,756][root][INFO] - Epoch 0: loss: 0.0000, loss_diff: 0.0000, loss_kl: 0.0000
[2026-04-30 22:55:39,880][root][INFO] - Epoch 1: loss: 0.0000, loss_diff: 0.0000, loss_kl: 0.0000
[2026-04-30 22:55:40,006][root][INFO] - Epoch 2: loss: 0.0000, loss_diff: 0.0000, loss_kl: 0.0000
[2026-04-30 22:55:40,007][root][INFO] - *****   LOOP 1 FINISH   *****
[2026-04-30 22:55:40,007][root][INFO] - Total time taken: 11.61 min.


[2026-04-30 22:55:40,007][root][INFO] - *****   LOOP 2 START   *****
[2026-04-30 22:55:40,007][root][INFO] - SAMPLE:
[32m2026-04-30 22:56:38.705[0m | [1mINFO    [0m | [36mmattersim.forcefield.potential[0m:[36mfrom_checkpoint[0m:[36m891[0m - [1mLoading the pre-trained mattersim-v1.0.0-5M.pth model[0m
[2026-04-30 23:01:51,771][root][INFO] - Number of filtered samples: 3
[2026-04-30 23:01:51,773][root][INFO] - avg_energy_above_hull_per_atom: 0.241184, avg_rmsd_from_relaxation: 1.059836, frac_novel_unique_stable_structures: 0.057692, frac_stable_structures: 0.230769, frac_successful_jobs: 1.000000, avg_comp_validity: 1.000000, avg_structure_comp_validity: 1.000000, avg_structure_validity: 1.000000, frac_novel_structures: 0.826923, frac_novel_systems: 0.403846, frac_novel_unique_structures: 0.826923, frac_unique_structures: 1.000000, frac_unique_systems: 1.000000, precision: 0.173077, recall: 0.000020
[2026-04-30 23:01:51,851][root][INFO] - SCORE:
[GPRouted] cycle=2 N=3 oracled=3/3 K=8 ltm=164 target=1.50 PI(oracle_min)=nan anchor=False cold=False 109.1s
[2026-04-30 23:03:41,037][root][INFO] - Evaluation costs to date: 10
[2026-04-30 23:03:41,037][root][INFO] - Number of samples that successfully obtained rewards: 3
[2026-04-30 23:03:41,037][root][INFO] - reward mean=0.0000 std=0.0000
[2026-04-30 23:03:41,037][root][INFO] - heat_capacity mean=0.0583 std=0.0824
[2026-04-30 23:03:41,472][root][INFO] - 10 crystals generated so far, 10 unique components.  Burden: None, Div. Ratio: 1.0.
[2026-04-30 23:03:41,611][root][INFO] - Diversity filter: tol_n=0, buff_n=0
[2026-04-30 23:03:41,680][root][INFO] - replay buffer size=0
[2026-04-30 23:03:41,680][root][INFO] - buffer reward mean=nan
[2026-04-30 23:03:41,681][root][INFO] - FINETUNE:
[2026-04-30 23:03:42,859][root][INFO] - Epoch 0: loss: 0.0000, loss_diff: 0.0000, loss_kl: 0.0000
[2026-04-30 23:03:42,978][root][INFO] - Epoch 1: loss: 0.0000, loss_diff: 0.0000, loss_kl: 0.0000
[2026-04-30 23:03:43,094][root][INFO] - Epoch 2: loss: 0.0000, loss_diff: 0.0000, loss_kl: 0.0000
[2026-04-30 23:03:43,094][root][INFO] - *****   LOOP 2 FINISH   *****
[2026-04-30 23:03:43,095][root][INFO] - Total time taken: 8.05 min.


[2026-04-30 23:03:43,095][root][INFO] - *****   LOOP 3 START   *****
[2026-04-30 23:03:43,095][root][INFO] - SAMPLE:
[32m2026-04-30 23:04:05.585[0m | [1mINFO    [0m | [36mmattersim.forcefield.potential[0m:[36mfrom_checkpoint[0m:[36m891[0m - [1mLoading the pre-trained mattersim-v1.0.0-5M.pth model[0m
[2026-04-30 23:08:04,232][root][INFO] - Number of filtered samples: 10
[2026-04-30 23:08:04,233][root][INFO] - avg_energy_above_hull_per_atom: 0.215535, avg_rmsd_from_relaxation: 0.888056, frac_novel_unique_stable_structures: 0.188679, frac_stable_structures: 0.452830, frac_successful_jobs: 1.000000, avg_comp_validity: 1.000000, avg_structure_comp_validity: 1.000000, avg_structure_validity: 1.000000, frac_novel_structures: 0.735849, frac_novel_systems: 0.132075, frac_novel_unique_structures: 0.735849, frac_unique_structures: 1.000000, frac_unique_systems: 1.000000, precision: 0.264151, recall: 0.000037
[2026-04-30 23:08:04,239][root][INFO] - SCORE:
[GPRouted] cycle=3 N=10 oracled=8/10 K=8 ltm=166 target=1.50 PI(oracle_min)=0.000 anchor=False cold=False 459.4s
[2026-04-30 23:15:43,717][root][INFO] - Evaluation costs to date: 20
[2026-04-30 23:15:43,738][root][INFO] - Number of samples that successfully obtained rewards: 10
[2026-04-30 23:15:43,738][root][INFO] - reward mean=0.0499 std=0.0464
[2026-04-30 23:15:43,738][root][INFO] - heat_capacity mean=0.3209 std=0.1015
[2026-04-30 23:15:44,019][root][INFO] - 20 crystals generated so far, 20 unique components.  Burden: None, Div. Ratio: 1.0.
[2026-04-30 23:15:44,081][root][INFO] - Diversity filter: tol_n=0, buff_n=0
[2026-04-30 23:15:44,084][root][INFO] - replay buffer size=2
[2026-04-30 23:15:44,084][root][INFO] - buffer reward mean=0.11765936369715849
[2026-04-30 23:15:44,084][root][INFO] - FINETUNE:
[2026-04-30 23:15:45,932][root][INFO] - Epoch 0: loss: 0.0861, loss_diff: 0.0861, loss_kl: 0.0000
[2026-04-30 23:15:46,179][root][INFO] - Epoch 1: loss: 0.0859, loss_diff: 0.0859, loss_kl: 0.0000
[2026-04-30 23:15:46,342][root][INFO] - Epoch 2: loss: 0.0839, loss_diff: 0.0839, loss_kl: 0.0000
[2026-04-30 23:15:46,343][root][INFO] - *****   LOOP 3 FINISH   *****
[2026-04-30 23:15:46,343][root][INFO] - Total time taken: 12.05 min.


[2026-04-30 23:15:46,343][root][INFO] - *****   LOOP 4 START   *****
[2026-04-30 23:15:46,343][root][INFO] - SAMPLE:
[32m2026-04-30 23:16:11.787[0m | [1mINFO    [0m | [36mmattersim.forcefield.potential[0m:[36mfrom_checkpoint[0m:[36m891[0m - [1mLoading the pre-trained mattersim-v1.0.0-5M.pth model[0m
[2026-04-30 23:19:47,658][root][INFO] - Number of filtered samples: 4
[2026-04-30 23:19:47,660][root][INFO] - avg_energy_above_hull_per_atom: 0.325860, avg_rmsd_from_relaxation: 0.749714, frac_novel_unique_stable_structures: 0.088889, frac_stable_structures: 0.355556, frac_successful_jobs: 1.000000, avg_comp_validity: 1.000000, avg_structure_comp_validity: 1.000000, avg_structure_validity: 1.000000, frac_novel_structures: 0.688889, frac_novel_systems: 0.066667, frac_novel_unique_structures: 0.688889, frac_unique_structures: 1.000000, frac_unique_systems: 1.000000, precision: 0.311111, recall: 0.000024
[2026-04-30 23:19:47,664][root][INFO] - SCORE:
[GPRouted] cycle=4 N=4 oracled=4/4 K=8 ltm=167 target=1.50 PI(oracle_min)=nan anchor=False cold=False 307.6s
[2026-04-30 23:24:55,475][root][INFO] - Evaluation costs to date: 24
[2026-04-30 23:24:55,573][root][INFO] - Number of samples that successfully obtained rewards: 4
[2026-04-30 23:24:55,589][root][INFO] - reward mean=0.0000 std=0.0000
[2026-04-30 23:24:55,589][root][INFO] - heat_capacity mean=0.0607 std=0.1052
[2026-04-30 23:24:55,906][root][INFO] - 24 crystals generated so far, 24 unique components.  Burden: None, Div. Ratio: 1.0.
[2026-04-30 23:24:55,918][root][INFO] - Diversity filter: tol_n=0, buff_n=0
[2026-04-30 23:24:55,921][root][INFO] - replay buffer size=2
[2026-04-30 23:24:55,921][root][INFO] - buffer reward mean=0.11765936369715849
[2026-04-30 23:24:55,921][root][INFO] - FINETUNE:
[2026-04-30 23:24:56,071][root][INFO] - Epoch 0: loss: 0.0552, loss_diff: 0.0552, loss_kl: 0.0000
[2026-04-30 23:24:56,206][root][INFO] - Epoch 1: loss: 0.0531, loss_diff: 0.0531, loss_kl: 0.0000
[2026-04-30 23:24:56,341][root][INFO] - Epoch 2: loss: 0.0537, loss_diff: 0.0537, loss_kl: 0.0000
[2026-04-30 23:24:56,341][root][INFO] - *****   LOOP 4 FINISH   *****
[2026-04-30 23:24:56,342][root][INFO] - Total time taken: 9.17 min.


[2026-04-30 23:24:56,342][root][INFO] - *****   LOOP 5 START   *****
[2026-04-30 23:24:56,342][root][INFO] - SAMPLE:
[32m2026-04-30 23:25:21.909[0m | [1mINFO    [0m | [36mmattersim.forcefield.potential[0m:[36mfrom_checkpoint[0m:[36m891[0m - [1mLoading the pre-trained mattersim-v1.0.0-5M.pth model[0m
[2026-04-30 23:29:02,173][root][INFO] - Number of filtered samples: 5
[2026-04-30 23:29:02,174][root][INFO] - avg_energy_above_hull_per_atom: 0.180751, avg_rmsd_from_relaxation: 0.925472, frac_novel_unique_stable_structures: 0.106383, frac_stable_structures: 0.319149, frac_successful_jobs: 1.000000, avg_comp_validity: 1.000000, avg_structure_comp_validity: 1.000000, avg_structure_validity: 1.000000, frac_novel_structures: 0.787234, frac_novel_systems: 0.234043, frac_novel_unique_structures: 0.787234, frac_unique_structures: 1.000000, frac_unique_systems: 1.000000, precision: 0.212766, recall: 0.000020
[2026-04-30 23:29:02,212][root][INFO] - SCORE:
[GPRouted] cycle=5 N=5 oracled=5/5 K=8 ltm=169 target=1.50 PI(oracle_min)=nan anchor=True cold=False 666.5s
[2026-04-30 23:40:08,949][root][INFO] - Evaluation costs to date: 29
[2026-04-30 23:40:08,970][root][INFO] - Number of samples that successfully obtained rewards: 5
[2026-04-30 23:40:08,971][root][INFO] - reward mean=0.0683 std=0.1366
[2026-04-30 23:40:08,971][root][INFO] - heat_capacity mean=0.2145 std=0.3283
[2026-04-30 23:40:09,034][root][INFO] - 29 crystals generated so far, 29 unique components.  Burden: None, Div. Ratio: 1.0.
[2026-04-30 23:40:09,050][root][INFO] - Diversity filter: tol_n=0, buff_n=0
[2026-04-30 23:40:09,053][root][INFO] - replay buffer size=3
[2026-04-30 23:40:09,053][root][INFO] - buffer reward mean=0.19224167260643998
[2026-04-30 23:40:09,053][root][INFO] - FINETUNE:
[2026-04-30 23:40:09,234][root][INFO] - Epoch 0: loss: 0.1103, loss_diff: 0.1103, loss_kl: 0.0000
[2026-04-30 23:40:09,384][root][INFO] - Epoch 1: loss: 0.1072, loss_diff: 0.1072, loss_kl: 0.0000
[2026-04-30 23:40:09,538][root][INFO] - Epoch 2: loss: 0.1096, loss_diff: 0.1096, loss_kl: 0.0000
[2026-04-30 23:40:09,539][root][INFO] - *****   LOOP 5 FINISH   *****
[2026-04-30 23:40:09,539][root][INFO] - Total time taken: 15.22 min.


[2026-04-30 23:40:09,539][root][INFO] - *****   LOOP 6 START   *****
[2026-04-30 23:40:09,540][root][INFO] - SAMPLE:
[32m2026-04-30 23:40:36.072[0m | [1mINFO    [0m | [36mmattersim.forcefield.potential[0m:[36mfrom_checkpoint[0m:[36m891[0m - [1mLoading the pre-trained mattersim-v1.0.0-5M.pth model[0m
[2026-04-30 23:45:52,668][root][INFO] - Number of filtered samples: 6
[2026-04-30 23:45:52,692][root][INFO] - avg_energy_above_hull_per_atom: 0.380039, avg_rmsd_from_relaxation: 0.963177, frac_novel_unique_stable_structures: 0.127660, frac_stable_structures: 0.319149, frac_successful_jobs: 1.000000, avg_comp_validity: 1.000000, avg_structure_comp_validity: 1.000000, avg_structure_validity: 1.000000, frac_novel_structures: 0.808511, frac_novel_systems: 0.255319, frac_novel_unique_structures: 0.808511, frac_unique_structures: 1.000000, frac_unique_systems: 0.978723, precision: 0.191489, recall: 0.000045
[2026-04-30 23:45:52,698][root][INFO] - SCORE:
[GPRouted] cycle=6 N=6 oracled=6/6 K=8 ltm=170 target=1.50 PI(oracle_min)=nan anchor=False cold=False 644.9s
[2026-04-30 23:56:37,785][root][INFO] - Evaluation costs to date: 35
[2026-04-30 23:56:37,867][root][INFO] - Number of samples that successfully obtained rewards: 6
[2026-04-30 23:56:37,867][root][INFO] - reward mean=0.0055 std=0.0124
[2026-04-30 23:56:37,867][root][INFO] - heat_capacity mean=0.0513 std=0.1148
[2026-04-30 23:56:38,025][root][INFO] - 35 crystals generated so far, 35 unique components.  Burden: None, Div. Ratio: 1.0.
[2026-04-30 23:56:38,065][root][INFO] - Diversity filter: tol_n=0, buff_n=0
[2026-04-30 23:56:38,111][root][INFO] - replay buffer size=3
[2026-04-30 23:56:38,111][root][INFO] - buffer reward mean=0.19224167260643998
[2026-04-30 23:56:38,111][root][INFO] - FINETUNE:
[2026-04-30 23:56:38,960][root][INFO] - Epoch 0: loss: 0.0881, loss_diff: 0.0881, loss_kl: 0.0000
[2026-04-30 23:56:39,159][root][INFO] - Epoch 1: loss: 0.0968, loss_diff: 0.0968, loss_kl: 0.0000
[2026-04-30 23:56:39,365][root][INFO] - Epoch 2: loss: 0.0958, loss_diff: 0.0958, loss_kl: 0.0001
[2026-04-30 23:56:39,366][root][INFO] - *****   LOOP 6 FINISH   *****
[2026-04-30 23:56:39,366][root][INFO] - Total time taken: 16.50 min.


[2026-04-30 23:56:39,366][root][INFO] - *****   LOOP 7 START   *****
[2026-04-30 23:56:39,367][root][INFO] - SAMPLE:
[32m2026-04-30 23:57:02.840[0m | [1mINFO    [0m | [36mmattersim.forcefield.potential[0m:[36mfrom_checkpoint[0m:[36m891[0m - [1mLoading the pre-trained mattersim-v1.0.0-5M.pth model[0m
[2026-05-01 00:01:02,309][root][INFO] - Number of filtered samples: 6
[2026-05-01 00:01:02,310][root][INFO] - avg_energy_above_hull_per_atom: 0.258390, avg_rmsd_from_relaxation: 0.912097, frac_novel_unique_stable_structures: 0.130435, frac_stable_structures: 0.195652, frac_successful_jobs: 1.000000, avg_comp_validity: 1.000000, avg_structure_comp_validity: 1.000000, avg_structure_validity: 1.000000, frac_novel_structures: 0.913043, frac_novel_systems: 0.239130, frac_novel_unique_structures: 0.913043, frac_unique_structures: 1.000000, frac_unique_systems: 1.000000, precision: 0.086957, recall: 0.000007
[2026-05-01 00:01:02,316][root][INFO] - SCORE:
[GPRouted] cycle=7 N=6 oracled=6/6 K=8 ltm=173 target=1.50 PI(oracle_min)=nan anchor=False cold=False 457.5s
[2026-05-01 00:08:39,880][root][INFO] - Evaluation costs to date: 41
[2026-05-01 00:08:39,903][root][INFO] - Number of samples that successfully obtained rewards: 6
[2026-05-01 00:08:39,904][root][INFO] - reward mean=0.0153 std=0.0302
[2026-05-01 00:08:39,904][root][INFO] - heat_capacity mean=0.1499 std=0.1573
[2026-05-01 00:08:40,712][root][INFO] - 41 crystals generated so far, 41 unique components.  Burden: None, Div. Ratio: 1.0.
[2026-05-01 00:08:40,719][root][INFO] - Diversity filter: tol_n=0, buff_n=0
[2026-05-01 00:08:40,723][root][INFO] - replay buffer size=3
[2026-05-01 00:08:40,723][root][INFO] - buffer reward mean=0.19224167260643998
[2026-05-01 00:08:40,723][root][INFO] - FINETUNE:
[2026-05-01 00:08:41,330][root][INFO] - Epoch 0: loss: 0.1022, loss_diff: 0.1022, loss_kl: 0.0001
[2026-05-01 00:08:41,491][root][INFO] - Epoch 1: loss: 0.1026, loss_diff: 0.1026, loss_kl: 0.0001
[2026-05-01 00:08:41,655][root][INFO] - Epoch 2: loss: 0.1024, loss_diff: 0.1024, loss_kl: 0.0001
[2026-05-01 00:08:41,655][root][INFO] - *****   LOOP 7 FINISH   *****
[2026-05-01 00:08:41,655][root][INFO] - Total time taken: 12.04 min.


[2026-05-01 00:08:41,656][root][INFO] - *****   LOOP 8 START   *****
[2026-05-01 00:08:41,656][root][INFO] - SAMPLE:
[32m2026-05-01 00:09:08.152[0m | [1mINFO    [0m | [36mmattersim.forcefield.potential[0m:[36mfrom_checkpoint[0m:[36m891[0m - [1mLoading the pre-trained mattersim-v1.0.0-5M.pth model[0m
[2026-05-01 00:12:34,670][root][INFO] - Number of filtered samples: 7
[2026-05-01 00:12:34,671][root][INFO] - avg_energy_above_hull_per_atom: 0.240986, avg_rmsd_from_relaxation: 0.985234, frac_novel_unique_stable_structures: 0.155556, frac_stable_structures: 0.288889, frac_successful_jobs: 1.000000, avg_comp_validity: 1.000000, avg_structure_comp_validity: 1.000000, avg_structure_validity: 1.000000, frac_novel_structures: 0.822222, frac_novel_systems: 0.088889, frac_novel_unique_structures: 0.822222, frac_unique_structures: 1.000000, frac_unique_systems: 1.000000, precision: 0.177778, recall: 0.000078
[2026-05-01 00:12:34,750][root][INFO] - SCORE:
[GPRouted] cycle=8 N=7 oracled=7/7 K=8 ltm=174 target=1.50 PI(oracle_min)=nan anchor=False cold=False 753.2s
[2026-05-01 00:25:08,026][root][INFO] - Evaluation costs to date: 48
[2026-05-01 00:25:08,077][root][INFO] - Number of samples that successfully obtained rewards: 7
[2026-05-01 00:25:08,077][root][INFO] - reward mean=0.0062 std=0.0151
[2026-05-01 00:25:08,077][root][INFO] - heat_capacity mean=0.0465 std=0.1139
[2026-05-01 00:25:08,241][root][INFO] - 48 crystals generated so far, 48 unique components.  Burden: None, Div. Ratio: 1.0.
[2026-05-01 00:25:08,275][root][INFO] - Diversity filter: tol_n=0, buff_n=0
[2026-05-01 00:25:08,278][root][INFO] - replay buffer size=3
[2026-05-01 00:25:08,278][root][INFO] - buffer reward mean=0.19224167260643998
[2026-05-01 00:25:08,278][root][INFO] - FINETUNE:
[2026-05-01 00:25:09,053][root][INFO] - Epoch 0: loss: 0.0833, loss_diff: 0.0833, loss_kl: 0.0001
[2026-05-01 00:25:09,282][root][INFO] - Epoch 1: loss: 0.0839, loss_diff: 0.0839, loss_kl: 0.0001
[2026-05-01 00:25:09,513][root][INFO] - Epoch 2: loss: 0.0857, loss_diff: 0.0857, loss_kl: 0.0002
[2026-05-01 00:25:09,513][root][INFO] - *****   LOOP 8 FINISH   *****
[2026-05-01 00:25:09,514][root][INFO] - Total time taken: 16.46 min.


[2026-05-01 00:25:09,514][root][INFO] - *****   LOOP 9 START   *****
[2026-05-01 00:25:09,514][root][INFO] - SAMPLE:
[32m2026-05-01 00:25:31.309[0m | [1mINFO    [0m | [36mmattersim.forcefield.potential[0m:[36mfrom_checkpoint[0m:[36m891[0m - [1mLoading the pre-trained mattersim-v1.0.0-5M.pth model[0m
[2026-05-01 00:28:37,945][root][INFO] - Number of filtered samples: 4
[2026-05-01 00:28:37,946][root][INFO] - avg_energy_above_hull_per_atom: 0.300667, avg_rmsd_from_relaxation: 0.878482, frac_novel_unique_stable_structures: 0.078431, frac_stable_structures: 0.352941, frac_successful_jobs: 1.000000, avg_comp_validity: 1.000000, avg_structure_comp_validity: 1.000000, avg_structure_validity: 1.000000, frac_novel_structures: 0.686275, frac_novel_systems: 0.156863, frac_novel_unique_structures: 0.686275, frac_unique_structures: 1.000000, frac_unique_systems: 1.000000, precision: 0.313725, recall: 0.000034
[2026-05-01 00:28:37,950][root][INFO] - SCORE:
[GPRouted] cycle=9 N=4 oracled=4/4 K=8 ltm=175 target=1.50 PI(oracle_min)=nan anchor=False cold=False 307.5s
[2026-05-01 00:33:45,641][root][INFO] - Evaluation costs to date: 52
[2026-05-01 00:33:45,748][root][INFO] - Number of samples that successfully obtained rewards: 4
[2026-05-01 00:33:45,760][root][INFO] - reward mean=0.0000 std=0.0000
[2026-05-01 00:33:45,760][root][INFO] - heat_capacity mean=0.0614 std=0.1064
[2026-05-01 00:33:46,605][root][INFO] - 52 crystals generated so far, 52 unique components.  Burden: None, Div. Ratio: 1.0.
[2026-05-01 00:33:46,888][root][INFO] - Diversity filter: tol_n=0, buff_n=0
[2026-05-01 00:33:46,924][root][INFO] - replay buffer size=3
[2026-05-01 00:33:46,924][root][INFO] - buffer reward mean=0.19224167260643998
[2026-05-01 00:33:46,924][root][INFO] - FINETUNE:
[2026-05-01 00:33:49,006][root][INFO] - Epoch 0: loss: 0.1130, loss_diff: 0.1130, loss_kl: 0.0002
[2026-05-01 00:33:49,185][root][INFO] - Epoch 1: loss: 0.1119, loss_diff: 0.1119, loss_kl: 0.0002
[2026-05-01 00:33:49,345][root][INFO] - Epoch 2: loss: 0.1101, loss_diff: 0.1101, loss_kl: 0.0002
[2026-05-01 00:33:49,345][root][INFO] - *****   LOOP 9 FINISH   *****
[2026-05-01 00:33:49,346][root][INFO] - Total time taken: 8.66 min.


[2026-05-01 00:33:50,434][root][INFO] - *****   RL END   *****
[2026-05-01 00:33:50,434][root][INFO] - Total time taken: 7858 s.
Closing LMDB environment /tmp/job.3002439/tmpllm0yfpe/reference_MP2020correction
Phase-3 CrystalFlow accel (seed=42) finished at Fri May  1 00:34:44 CDT 2026
