/scratch/user/ahnafalvi/envs/matinvent-hcap-bo/lib/python3.10/site-packages/hydra/_internal/defaults_list.py:251: UserWarning: In 'base': Defaults list is missing `_self_`. See https://hydra.cc/docs/1.2/upgrades/1.0_to_1.1/default_composition_order for more information
  warnings.warn(msg, UserWarning)
/scratch/user/ahnafalvi/envs/matinvent-hcap-bo/lib/python3.10/site-packages/hydra/_internal/hydra.py:119: UserWarning: Future Hydra versions will no longer change working directory at job runtime by default.
See https://hydra.cc/docs/1.2/upgrades/1.1_to_1.2/changes_to_job_working_dir/ for more information.
  ret = run_job(
/scratch/user/ahnafalvi/envs/matinvent-hcap-bo/lib/python3.10/site-packages/lightning/fabric/utilities/cloud_io.py:73: You are using `torch.load` with `weights_only=False` (the current default value), which uses the default pickle module implicitly. It is possible to construct malicious pickle data which will execute arbitrary code during unpickling (See https://github.com/pytorch/pytorch/blob/main/SECURITY.md#untrusted-models for more details). In a future release, the default value for `weights_only` will be flipped to `True`. This limits the functions that could be executed during unpickling. Arbitrary objects will no longer be allowed to be loaded via this mode unless they are explicitly allowlisted by the user via `torch.serialization.add_safe_globals`. We recommend you start setting `weights_only=True` for any use case where you don't have full control of the loaded file. Please open an issue on GitHub for any issues related to this experimental feature.
  0%|          | 0/100 [00:00<?, ?it/s]  1%|          | 1/100 [00:09<15:22,  9.32s/it]  5%|▌         | 5/100 [00:09<02:14,  1.41s/it]  8%|▊         | 8/100 [00:09<01:09,  1.32it/s] 14%|█▍        | 14/100 [00:09<00:28,  3.02it/s] 20%|██        | 20/100 [00:09<00:15,  5.26it/s] 26%|██▌       | 26/100 [00:09<00:09,  8.14it/s] 32%|███▏      | 32/100 [00:09<00:05, 11.71it/s] 38%|███▊      | 38/100 [00:10<00:03, 15.91it/s] 44%|████▍     | 44/100 [00:10<00:02, 20.61it/s] 50%|█████     | 50/100 [00:10<00:01, 25.63it/s] 56%|█████▌    | 56/100 [00:10<00:01, 30.44it/s] 62%|██████▏   | 62/100 [00:10<00:01, 35.23it/s] 68%|██████▊   | 68/100 [00:10<00:00, 39.15it/s] 74%|███████▍  | 74/100 [00:10<00:00, 42.55it/s] 80%|████████  | 80/100 [00:10<00:00, 45.32it/s] 86%|████████▌ | 86/100 [00:11<00:00, 47.14it/s] 92%|█████████▏| 92/100 [00:11<00:00, 49.05it/s] 98%|█████████▊| 98/100 [00:11<00:00, 49.92it/s]100%|██████████| 100/100 [00:11<00:00,  8.87it/s]
/scratch/user/ahnafalvi/envs/matinvent-hcap-bo/lib/python3.10/site-packages/uncertainties/core.py:1024: UserWarning: Using UFloat objects with std_dev==0 may give unexpected results.
  warn("Using UFloat objects with std_dev==0 may give unexpected results.")
Error executing job with overrides: ['expname=hcap_p3_cf_baseline_seed42_3002268', '+seed=42', 'model=crystalflow', 'reward=heat_capacity', 'reward.prop_cfg.0.calculator._target_=src.calculators.LocalESEN', 'reward.prop_cfg.0.calculator.env_name=null', 'reward.prop_cfg.0.calculator.worker=1', 'rl_epoch=10', 'eval_size=16', 'logger=csv', 'results_dir=/scratch/user/ahnafalvi/matinvent-hcap-bo/results']
Traceback (most recent call last):
  File "/scratch/user/ahnafalvi/matinvent-pristine/main.py", line 21, in main
    reinl.run_rl()
  File "/scratch/user/ahnafalvi/matinvent-pristine/pipeline/mat_invent.py", line 279, in run_rl
    self.rl_step()
  File "/scratch/user/ahnafalvi/matinvent-pristine/pipeline/mat_invent.py", line 200, in rl_step
    sample_list, sample_struc, rewards, prop_dict = self.reward_step(
  File "/scratch/user/ahnafalvi/matinvent-pristine/pipeline/base.py", line 105, in reward_step
    rewards, prop_dict, failed_mask = self.reward.scoring(
  File "/scratch/user/ahnafalvi/matinvent-pristine/rewards/reward.py", line 74, in scoring
    prop_dict, failed_mask = self.calc_props(samples, label)
  File "/scratch/user/ahnafalvi/matinvent-pristine/rewards/reward.py", line 58, in calc_props
    _prop1 = _cfg.calculator.calc(samples, label)
  File "/scratch/user/ahnafalvi/matinvent-hcap-bo/src/calculators/local_esen.py", line 101, in calc
    atoms_list = ase_read(xyz_path, index=":")
  File "/scratch/user/ahnafalvi/envs/matinvent-hcap-bo/lib/python3.10/site-packages/ase/io/formats.py", line 808, in read
    format = format or filetype(filename, read=isinstance(filename, str))
  File "/scratch/user/ahnafalvi/envs/matinvent-hcap-bo/lib/python3.10/site-packages/ase/io/formats.py", line 998, in filetype
    raise UnknownFileTypeError('Empty file: ' + filename)
ase.io.formats.UnknownFileTypeError: Empty file: ./samples/step_0000_eval.extxyz

Set the environment variable HYDRA_FULL_ERROR=1 for a complete stack trace.
