Phase-3 IMPROVED BASELINE seed=99 rl_epoch=20 at Thu Apr 30 22:11:19 CDT 2026 on fc101
Tesla T4, 16384 MiB
MODELS_PROJECT_ROOT: /scratch/user/ahnafalvi/matinvent-bo/src/mattergen/mattergen
[2026-04-30 22:20:48,553][httpx][INFO] - HTTP Request: HEAD https://huggingface.co/jwchen25/MatInvent/resolve/main/reference_MP2020correction.gz "HTTP/1.1 302 Found"
[2026-04-30 22:21:53,652][httpx][INFO] - HTTP Request: HEAD https://huggingface.co/microsoft/mattergen/resolve/main/checkpoints/mattergen_base/checkpoints/last.ckpt "HTTP/1.1 302 Found"
[2026-04-30 22:21:53,798][httpx][INFO] - HTTP Request: HEAD https://huggingface.co/microsoft/mattergen/resolve/main/checkpoints/mattergen_base/config.yaml "HTTP/1.1 307 Temporary Redirect"
[2026-04-30 22:21:53,811][httpx][INFO] - HTTP Request: HEAD https://huggingface.co/api/resolve-cache/models/microsoft/mattergen/ea430eab64b80855029c2941b9fda15f245a771a/checkpoints%2Fmattergen_base%2Fconfig.yaml "HTTP/1.1 200 OK"
[2026-04-30 22:22:08,302][httpx][INFO] - HTTP Request: HEAD https://huggingface.co/microsoft/mattergen/resolve/main/checkpoints/mattergen_base/checkpoints/last.ckpt "HTTP/1.1 302 Found"
[2026-04-30 22:22:08,363][httpx][INFO] - HTTP Request: HEAD https://huggingface.co/microsoft/mattergen/resolve/main/checkpoints/mattergen_base/config.yaml "HTTP/1.1 307 Temporary Redirect"
[2026-04-30 22:22:08,377][httpx][INFO] - HTTP Request: HEAD https://huggingface.co/api/resolve-cache/models/microsoft/mattergen/ea430eab64b80855029c2941b9fda15f245a771a/checkpoints%2Fmattergen_base%2Fconfig.yaml "HTTP/1.1 200 OK"
[2026-04-30 22:22:12,118][root][INFO] - *****   RL START   *****
[2026-04-30 22:22:12,118][root][INFO] - *****   LOOP 0 START   *****
[2026-04-30 22:22:12,118][root][INFO] - SAMPLE:
[32m2026-04-30 22:44:12.900[0m | [1mINFO    [0m | [36mmattersim.forcefield.potential[0m:[36mfrom_checkpoint[0m:[36m891[0m - [1mLoading the pre-trained mattersim-v1.0.0-5M.pth model[0m
[2026-04-30 22:54:17,650][root][INFO] - Number of filtered samples: 30
[2026-04-30 22:54:17,769][root][INFO] - avg_energy_above_hull_per_atom: 0.060675, avg_rmsd_from_relaxation: 0.088890, frac_novel_unique_stable_structures: 0.566038, frac_stable_structures: 0.886792, frac_successful_jobs: 1.000000, avg_comp_validity: 1.000000, avg_structure_comp_validity: 1.000000, avg_structure_validity: 1.000000, frac_novel_structures: 0.679245, frac_novel_systems: 0.094340, frac_novel_unique_structures: 0.679245, frac_unique_structures: 1.000000, frac_unique_systems: 0.981132, precision: 0.320755, recall: 0.000032
[2026-04-30 22:54:18,068][root][INFO] - SCORE:
[2026-04-30 22:54:30,392][root][INFO] - Project root: /scratch/user/ahnafalvi/envs/matinvent-hcap-bo/lib/python3.10/site-packages/fairchem
[2026-04-30 22:55:02,808][root][INFO] - Checking local cache: /scratch/user/ahnafalvi/.cache/huggingface for model eSEN-30M-OAM
[2026-04-30 22:55:04,352][httpx][INFO] - HTTP Request: HEAD https://huggingface.co/facebook/OMAT24/resolve/main/esen_30m_oam.pt "HTTP/1.1 302 Found"
[2026-04-30 22:55:08,514][root][INFO] - local rank base: 0
[2026-04-30 22:55:09,407][root][INFO] - amp: false
cmd:
  checkpoint_dir: /scratch/user/ahnafalvi/matinvent-hcap-bo/results/hcap_p3i_baseline_seed99_3002435/checkpoints/2026-04-30-22-54-40
  commit: core:None,experimental:NA
  identifier: ''
  logs_dir: /scratch/user/ahnafalvi/matinvent-hcap-bo/results/hcap_p3i_baseline_seed99_3002435/logs/wandb/2026-04-30-22-54-40
  print_every: 100
  results_dir: /scratch/user/ahnafalvi/matinvent-hcap-bo/results/hcap_p3i_baseline_seed99_3002435/results/2026-04-30-22-54-40
  seed: null
  timestamp_id: 2026-04-30-22-54-40
  version: 1.10.0
dataset:
  a2g_args:
    r_energy: true
    r_forces: true
    r_stress: true
  format: ase_db
  metadata_path: ''
  transforms:
    element_references: ''
    normalizer:
      energy:
        mean: 0.0
        stdev: 0.6274358
      forces:
        mean: 0.0
        stdev: 0.6274358
      stress:
        mean: 0.0
        stdev: 0.6274358
evaluation_metrics:
  metrics:
    energy:
    - mae
    - per_atom_mae
    forces:
    - mae
    - cosine_similarity
    stress:
    - mae
  primary_metric: forces_mae
gp_gpus: null
gpus: 1
logger: wandb
loss_functions:
- energy:
    coefficient: 20
    fn: per_atom_mae
- forces:
    coefficient: 20
    fn: l2mae
- stress:
    coefficient: 5
    fn: mae
model:
  backbone:
    act_type: gate
    cutoff: 6.0
    direct_forces: false
    distance_function: gaussian
    edge_channels: 128
    hidden_channels: 128
    lmax: 3
    max_neighbors: 300
    max_num_elements: 100
    mlp_type: spectral
    mmax: 2
    model: esen_backbone
    norm_type: rms_norm_sh
    num_distance_basis: 64
    num_layers: 10
    otf_graph: true
    regress_forces: true
    regress_stress: true
    sphere_channels: 128
    use_envelope: true
    use_pbc: true
    use_pbc_single: true
  heads:
    mptrj:
      module: esen_mlp_efs_head
  name: hydra
  otf_graph: true
  pass_through_head_outputs: true
optim:
  batch_size: 4
  clip_grad_norm: 100
  ema_decay: 0.999
  eval_batch_size: 4
  eval_every: 5000
  load_balancing: atoms
  lr_initial: 0.0004
  max_epochs: 1
  num_workers: 4
  optimizer: AdamW
  optimizer_params:
    weight_decay: 0.001
  scheduler: LambdaLR
  scheduler_params:
    epochs: 85271
    lambda_type: cosine
    lr: 0.0004
    lr_min_factor: 0.1
    warmup_epochs: 8527
    warmup_factor: 0.2
outputs:
  energy:
    level: system
    property: energy
  forces:
    eval_on_free_atoms: true
    level: atom
    property: forces
    train_on_free_atoms: true
  stress:
    level: system
    property: stress
relax_dataset: {}
slurm: {}
task: {}
test_dataset: {}
trainer: ocp
val_dataset: {}

[2026-04-30 22:55:09,407][root][INFO] - Loading model: hydra
[2026-04-30 22:55:16,010][root][INFO] - Loaded HydraModel with 30161153 parameters.
[2026-04-30 22:55:16,010][root][INFO] - Loading checkpoint in inference-only mode, not loading keys associated with trainer state!
[2026-04-30 22:55:16,045][root][WARNING] - No seed has been set in modelcheckpoint or OCPCalculator! Results may not be reproducible on re-run
[2026-04-30 23:05:09,906][root][INFO] - Evaluation costs to date: 16
[2026-04-30 23:05:09,941][root][INFO] - Number of samples that successfully obtained rewards: 8
[2026-04-30 23:05:09,941][root][INFO] - reward mean=0.0097 std=0.0257
[2026-04-30 23:05:09,942][root][INFO] - heat_capacity mean=0.2120 std=0.0719
[2026-04-30 23:05:10,025][root][INFO] - 8 crystals generated so far, 8 unique components.  Burden: None, Div. Ratio: 1.0.
[2026-04-30 23:05:10,031][root][INFO] - Diversity filter: tol_n=0, buff_n=0
[2026-04-30 23:05:10,034][root][INFO] - replay buffer size=0
[2026-04-30 23:05:10,055][root][INFO] - buffer reward mean=nan
[2026-04-30 23:05:10,055][root][INFO] - FINETUNE:
[2026-04-30 23:10:06,564][root][INFO] - Epoch 0: loss: 0.0029, loss_diff: 0.0027, loss_kl: 0.0074
[2026-04-30 23:14:58,410][root][INFO] - Epoch 1: loss: 0.0031, loss_diff: 0.0026, loss_kl: 0.0166
[2026-04-30 23:19:51,794][root][INFO] - Epoch 2: loss: 0.0051, loss_diff: 0.0026, loss_kl: 0.1008
[2026-04-30 23:19:52,232][root][INFO] - *****   LOOP 0 FINISH   *****
[2026-04-30 23:19:52,232][root][INFO] - Total time taken: 57.67 min.


[2026-04-30 23:19:52,256][root][INFO] - *****   LOOP 1 START   *****
[2026-04-30 23:19:52,256][root][INFO] - SAMPLE:
[32m2026-04-30 23:43:05.816[0m | [1mINFO    [0m | [36mmattersim.forcefield.potential[0m:[36mfrom_checkpoint[0m:[36m891[0m - [1mLoading the pre-trained mattersim-v1.0.0-5M.pth model[0m
[2026-04-30 23:43:53,509][root][INFO] - Number of filtered samples: 23
[2026-04-30 23:43:53,538][root][INFO] - avg_energy_above_hull_per_atom: 0.063583, avg_rmsd_from_relaxation: 0.049447, frac_novel_unique_stable_structures: 0.403509, frac_stable_structures: 0.842105, frac_successful_jobs: 1.000000, avg_comp_validity: 1.000000, avg_structure_comp_validity: 1.000000, avg_structure_validity: 1.000000, frac_novel_structures: 0.526316, frac_novel_systems: 0.070175, frac_novel_unique_structures: 0.526316, frac_unique_structures: 1.000000, frac_unique_systems: 1.000000, precision: 0.473684, recall: 0.000046
[2026-04-30 23:43:53,548][root][INFO] - SCORE:
[2026-04-30 23:55:06,894][root][INFO] - Evaluation costs to date: 32
[2026-04-30 23:55:07,034][root][INFO] - Number of samples that successfully obtained rewards: 9
[2026-04-30 23:55:07,054][root][INFO] - reward mean=0.0274 std=0.0675
[2026-04-30 23:55:07,054][root][INFO] - heat_capacity mean=0.2597 std=0.1395
[2026-04-30 23:55:07,196][root][INFO] - 17 crystals generated so far, 17 unique components.  Burden: None, Div. Ratio: 1.0.
[2026-04-30 23:55:07,205][root][INFO] - Diversity filter: tol_n=0, buff_n=0
[2026-04-30 23:55:07,223][root][INFO] - replay buffer size=1
[2026-04-30 23:55:07,223][root][INFO] - buffer reward mean=0.2177051760989153
[2026-04-30 23:55:07,223][root][INFO] - FINETUNE:
[2026-05-01 00:01:07,004][root][INFO] - Epoch 0: loss: 0.0149, loss_diff: 0.0123, loss_kl: 0.1031
[2026-05-01 00:07:05,555][root][INFO] - Epoch 1: loss: 0.0178, loss_diff: 0.0120, loss_kl: 0.2344
[2026-05-01 00:14:34,433][root][INFO] - Epoch 2: loss: 0.0394, loss_diff: 0.0121, loss_kl: 1.0930
[2026-05-01 00:14:34,537][root][INFO] - *****   LOOP 1 FINISH   *****
[2026-05-01 00:14:34,538][root][INFO] - Total time taken: 54.70 min.


[2026-05-01 00:14:34,538][root][INFO] - *****   LOOP 2 START   *****
[2026-05-01 00:14:34,538][root][INFO] - SAMPLE:
[32m2026-05-01 00:37:27.228[0m | [1mINFO    [0m | [36mmattersim.forcefield.potential[0m:[36mfrom_checkpoint[0m:[36m891[0m - [1mLoading the pre-trained mattersim-v1.0.0-5M.pth model[0m
[2026-05-01 00:38:17,719][root][INFO] - Number of filtered samples: 28
[2026-05-01 00:38:17,756][root][INFO] - avg_energy_above_hull_per_atom: 0.070701, avg_rmsd_from_relaxation: 0.060998, frac_novel_unique_stable_structures: 0.482759, frac_stable_structures: 0.793103, frac_successful_jobs: 1.000000, avg_comp_validity: 1.000000, avg_structure_comp_validity: 1.000000, avg_structure_validity: 1.000000, frac_novel_structures: 0.689655, frac_novel_systems: 0.086207, frac_novel_unique_structures: 0.689655, frac_unique_structures: 1.000000, frac_unique_systems: 1.000000, precision: 0.310345, recall: 0.000038
[2026-05-01 00:38:17,777][root][INFO] - SCORE:
[2026-05-01 00:52:52,008][root][INFO] - Evaluation costs to date: 48
[2026-05-01 00:52:52,115][root][INFO] - Number of samples that successfully obtained rewards: 12
[2026-05-01 00:52:52,116][root][INFO] - reward mean=0.0239 std=0.0343
[2026-05-01 00:52:52,116][root][INFO] - heat_capacity mean=0.2565 std=0.0916
[2026-05-01 00:52:52,262][root][INFO] - 29 crystals generated so far, 29 unique components.  Burden: None, Div. Ratio: 1.0.
[2026-05-01 00:52:52,278][root][INFO] - Diversity filter: tol_n=0, buff_n=0
[2026-05-01 00:52:52,316][root][INFO] - replay buffer size=2
[2026-05-01 00:52:52,316][root][INFO] - buffer reward mean=0.16299032706834166
[2026-05-01 00:52:52,316][root][INFO] - FINETUNE:
[2026-05-01 00:59:05,492][root][INFO] - Epoch 0: loss: 0.0252, loss_diff: 0.0213, loss_kl: 0.1531
[2026-05-01 01:05:40,408][root][INFO] - Epoch 1: loss: 0.0322, loss_diff: 0.0208, loss_kl: 0.4551
[2026-05-01 01:11:49,855][root][INFO] - Epoch 2: loss: 0.0555, loss_diff: 0.0206, loss_kl: 1.3959
[2026-05-01 01:11:49,885][root][INFO] - *****   LOOP 2 FINISH   *****
[2026-05-01 01:11:49,886][root][INFO] - Total time taken: 57.26 min.


[2026-05-01 01:11:49,886][root][INFO] - *****   LOOP 3 START   *****
[2026-05-01 01:11:49,886][root][INFO] - SAMPLE:
[32m2026-05-01 01:34:30.616[0m | [1mINFO    [0m | [36mmattersim.forcefield.potential[0m:[36mfrom_checkpoint[0m:[36m891[0m - [1mLoading the pre-trained mattersim-v1.0.0-5M.pth model[0m
[2026-05-01 01:36:49,298][root][INFO] - Number of filtered samples: 21
[2026-05-01 01:36:49,329][root][INFO] - avg_energy_above_hull_per_atom: 0.068452, avg_rmsd_from_relaxation: 0.094644, frac_novel_unique_stable_structures: 0.381818, frac_stable_structures: 0.763636, frac_successful_jobs: 1.000000, avg_comp_validity: 1.000000, avg_structure_comp_validity: 1.000000, avg_structure_validity: 1.000000, frac_novel_structures: 0.600000, frac_novel_systems: 0.054545, frac_novel_unique_structures: 0.600000, frac_unique_structures: 1.000000, frac_unique_systems: 1.000000, precision: 0.400000, recall: 0.000047
[2026-05-01 01:36:49,366][root][INFO] - SCORE:
[2026-05-01 01:53:06,519][root][INFO] - Evaluation costs to date: 64
[2026-05-01 01:53:06,607][root][INFO] - Number of samples that successfully obtained rewards: 9
[2026-05-01 01:53:06,607][root][INFO] - reward mean=0.0342 std=0.0547
[2026-05-01 01:53:06,607][root][INFO] - heat_capacity mean=0.2679 std=0.1262
[2026-05-01 01:53:06,786][root][INFO] - 38 crystals generated so far, 38 unique components.  Burden: None, Div. Ratio: 1.0.
[2026-05-01 01:53:06,849][root][INFO] - Diversity filter: tol_n=0, buff_n=0
[2026-05-01 01:53:06,852][root][INFO] - replay buffer size=3
[2026-05-01 01:53:06,852][root][INFO] - buffer reward mean=0.16632083705347248
[2026-05-01 01:53:06,852][root][INFO] - FINETUNE:
[2026-05-01 02:01:08,370][root][INFO] - Epoch 0: loss: 0.0347, loss_diff: 0.0274, loss_kl: 0.2937
[2026-05-01 02:10:18,501][root][INFO] - Epoch 1: loss: 0.0432, loss_diff: 0.0266, loss_kl: 0.6639
[2026-05-01 02:18:25,306][root][INFO] - Epoch 2: loss: 0.0523, loss_diff: 0.0266, loss_kl: 1.0305
[2026-05-01 02:18:25,353][root][INFO] - *****   LOOP 3 FINISH   *****
[2026-05-01 02:18:25,354][root][INFO] - Total time taken: 66.59 min.


[2026-05-01 02:18:25,354][root][INFO] - *****   LOOP 4 START   *****
[2026-05-01 02:18:25,354][root][INFO] - SAMPLE:
[32m2026-05-01 02:42:30.032[0m | [1mINFO    [0m | [36mmattersim.forcefield.potential[0m:[36mfrom_checkpoint[0m:[36m891[0m - [1mLoading the pre-trained mattersim-v1.0.0-5M.pth model[0m
[2026-05-01 02:43:13,054][root][INFO] - Number of filtered samples: 24
[2026-05-01 02:43:13,108][root][INFO] - avg_energy_above_hull_per_atom: 0.057555, avg_rmsd_from_relaxation: 0.063794, frac_novel_unique_stable_structures: 0.452830, frac_stable_structures: 0.849057, frac_successful_jobs: 1.000000, avg_comp_validity: 1.000000, avg_structure_comp_validity: 1.000000, avg_structure_validity: 1.000000, frac_novel_structures: 0.603774, frac_novel_systems: 0.037736, frac_novel_unique_structures: 0.603774, frac_unique_structures: 1.000000, frac_unique_systems: 1.000000, precision: 0.396226, recall: 0.000035
[2026-05-01 02:43:13,118][root][INFO] - SCORE:
[2026-05-01 02:55:47,978][root][INFO] - Evaluation costs to date: 80
[2026-05-01 02:55:48,125][root][INFO] - Number of samples that successfully obtained rewards: 9
[2026-05-01 02:55:48,157][root][INFO] - reward mean=0.0631 std=0.1034
[2026-05-01 02:55:48,157][root][INFO] - heat_capacity mean=0.3274 std=0.2057
[2026-05-01 02:55:49,446][root][INFO] - 47 crystals generated so far, 47 unique components.  Burden: None, Div. Ratio: 1.0.
[2026-05-01 02:55:49,541][root][INFO] - Diversity filter: tol_n=0, buff_n=0
[2026-05-01 02:55:49,568][root][INFO] - replay buffer size=5
[2026-05-01 02:55:49,568][root][INFO] - buffer reward mean=0.1906052147459803
[2026-05-01 02:55:49,568][root][INFO] - FINETUNE:
[2026-05-01 03:05:37,350][root][INFO] - Epoch 0: loss: 0.0576, loss_diff: 0.0478, loss_kl: 0.3931
[2026-05-01 03:15:42,093][root][INFO] - Epoch 1: loss: 0.0628, loss_diff: 0.0466, loss_kl: 0.6468
[2026-05-01 03:25:19,006][root][INFO] - Epoch 2: loss: 0.0606, loss_diff: 0.0456, loss_kl: 0.6024
[2026-05-01 03:25:19,299][root][INFO] - *****   LOOP 4 FINISH   *****
[2026-05-01 03:25:19,307][root][INFO] - Total time taken: 66.90 min.


[2026-05-01 03:25:19,327][root][INFO] - *****   LOOP 5 START   *****
[2026-05-01 03:25:19,327][root][INFO] - SAMPLE:
[32m2026-05-01 03:50:20.160[0m | [1mINFO    [0m | [36mmattersim.forcefield.potential[0m:[36mfrom_checkpoint[0m:[36m891[0m - [1mLoading the pre-trained mattersim-v1.0.0-5M.pth model[0m
[2026-05-01 03:51:01,987][root][INFO] - Number of filtered samples: 28
[2026-05-01 03:51:02,042][root][INFO] - avg_energy_above_hull_per_atom: 0.061264, avg_rmsd_from_relaxation: 0.035133, frac_novel_unique_stable_structures: 0.509091, frac_stable_structures: 0.836364, frac_successful_jobs: 1.000000, avg_comp_validity: 1.000000, avg_structure_comp_validity: 1.000000, avg_structure_validity: 1.000000, frac_novel_structures: 0.672727, frac_novel_systems: 0.054545, frac_novel_unique_structures: 0.672727, frac_unique_structures: 1.000000, frac_unique_systems: 0.981818, precision: 0.327273, recall: 0.000039
[2026-05-01 03:51:02,210][root][INFO] - SCORE:
[2026-05-01 04:06:28,700][root][INFO] - Evaluation costs to date: 96
[2026-05-01 04:06:28,928][root][INFO] - Number of samples that successfully obtained rewards: 11
[2026-05-01 04:06:29,004][root][INFO] - reward mean=0.0183 std=0.0297
[2026-05-01 04:06:29,004][root][INFO] - heat_capacity mean=0.2527 std=0.0749
[2026-05-01 04:06:30,385][root][INFO] - 58 crystals generated so far, 58 unique components.  Burden: None, Div. Ratio: 1.0.
[2026-05-01 04:06:30,519][root][INFO] - Diversity filter: tol_n=0, buff_n=0
[2026-05-01 04:06:30,551][root][INFO] - replay buffer size=5
[2026-05-01 04:06:30,551][root][INFO] - buffer reward mean=0.1906052147459803
[2026-05-01 04:06:30,552][root][INFO] - FINETUNE:
[2026-05-01 04:18:01,777][root][INFO] - Epoch 0: loss: 0.0457, loss_diff: 0.0417, loss_kl: 0.1608
[2026-05-01 04:30:57,161][root][INFO] - Epoch 1: loss: 0.0530, loss_diff: 0.0411, loss_kl: 0.4745
[2026-05-01 04:42:46,243][root][INFO] - Epoch 2: loss: 0.1006, loss_diff: 0.0409, loss_kl: 2.3871
[2026-05-01 04:42:46,740][root][INFO] - *****   LOOP 5 FINISH   *****
[2026-05-01 04:42:46,755][root][INFO] - Total time taken: 77.46 min.


[2026-05-01 04:42:46,786][root][INFO] - *****   LOOP 6 START   *****
[2026-05-01 04:42:46,786][root][INFO] - SAMPLE:
[32m2026-05-01 05:06:40.834[0m | [1mINFO    [0m | [36mmattersim.forcefield.potential[0m:[36mfrom_checkpoint[0m:[36m891[0m - [1mLoading the pre-trained mattersim-v1.0.0-5M.pth model[0m
[2026-05-01 05:07:25,242][root][INFO] - Number of filtered samples: 14
[2026-05-01 05:07:25,321][root][INFO] - avg_energy_above_hull_per_atom: 0.069498, avg_rmsd_from_relaxation: 0.023432, frac_novel_unique_stable_structures: 0.269231, frac_stable_structures: 0.750000, frac_successful_jobs: 1.000000, avg_comp_validity: 1.000000, avg_structure_comp_validity: 1.000000, avg_structure_validity: 1.000000, frac_novel_structures: 0.480769, frac_novel_systems: 0.115385, frac_novel_unique_structures: 0.480769, frac_unique_structures: 1.000000, frac_unique_systems: 1.000000, precision: 0.519231, recall: 0.000063
[2026-05-01 05:07:25,333][root][INFO] - SCORE:
[2026-05-01 05:21:57,828][root][INFO] - Evaluation costs to date: 110
[2026-05-01 05:21:57,957][root][INFO] - Number of samples that successfully obtained rewards: 6
[2026-05-01 05:21:57,957][root][INFO] - reward mean=0.1143 std=0.2284
[2026-05-01 05:21:57,957][root][INFO] - heat_capacity mean=0.4174 std=0.4174
[2026-05-01 05:21:58,901][root][INFO] - 64 crystals generated so far, 64 unique components.  Burden: None, Div. Ratio: 1.0.
[2026-05-01 05:21:59,039][root][INFO] - Diversity filter: tol_n=0, buff_n=0
[2026-05-01 05:21:59,067][root][INFO] - replay buffer size=6
[2026-05-01 05:21:59,068][root][INFO] - buffer reward mean=0.2628465242601061
[2026-05-01 05:21:59,068][root][INFO] - FINETUNE:
[2026-05-01 05:32:15,959][root][INFO] - Epoch 0: loss: 0.0790, loss_diff: 0.0741, loss_kl: 0.1972
[2026-05-01 05:42:33,178][root][INFO] - Epoch 1: loss: 0.0813, loss_diff: 0.0696, loss_kl: 0.4653
[2026-05-01 05:52:50,635][root][INFO] - Epoch 2: loss: 0.1084, loss_diff: 0.0693, loss_kl: 1.5660
[2026-05-01 05:52:50,729][root][INFO] - *****   LOOP 6 FINISH   *****
[2026-05-01 05:52:50,730][root][INFO] - Total time taken: 70.07 min.


[2026-05-01 05:52:50,730][root][INFO] - *****   LOOP 7 START   *****
[2026-05-01 05:52:50,730][root][INFO] - SAMPLE:
[32m2026-05-01 06:15:58.728[0m | [1mINFO    [0m | [36mmattersim.forcefield.potential[0m:[36mfrom_checkpoint[0m:[36m891[0m - [1mLoading the pre-trained mattersim-v1.0.0-5M.pth model[0m
[2026-05-01 06:16:57,589][root][INFO] - Number of filtered samples: 22
[2026-05-01 06:16:57,623][root][INFO] - avg_energy_above_hull_per_atom: 0.075205, avg_rmsd_from_relaxation: 0.028403, frac_novel_unique_stable_structures: 0.400000, frac_stable_structures: 0.745455, frac_successful_jobs: 1.000000, avg_comp_validity: 1.000000, avg_structure_comp_validity: 1.000000, avg_structure_validity: 1.000000, frac_novel_structures: 0.600000, frac_novel_systems: 0.127273, frac_novel_unique_structures: 0.600000, frac_unique_structures: 1.000000, frac_unique_systems: 1.000000, precision: 0.400000, recall: 0.000045
[2026-05-01 06:16:57,632][root][INFO] - SCORE:
[2026-05-01 06:33:03,442][root][INFO] - Evaluation costs to date: 126
[2026-05-01 06:33:03,583][root][INFO] - Number of samples that successfully obtained rewards: 9
[2026-05-01 06:33:03,584][root][INFO] - reward mean=0.0449 std=0.0560
[2026-05-01 06:33:03,584][root][INFO] - heat_capacity mean=0.3119 std=0.1129
[2026-05-01 06:33:04,302][root][INFO] - 73 crystals generated so far, 73 unique components.  Burden: None, Div. Ratio: 1.0.
[2026-05-01 06:33:04,559][root][INFO] - Diversity filter: tol_n=0, buff_n=0
[2026-05-01 06:33:04,562][root][INFO] - replay buffer size=8
[2026-05-01 06:33:04,562][root][INFO] - buffer reward mean=0.23046954109284465
[2026-05-01 06:33:04,562][root][INFO] - FINETUNE:
[2026-05-01 06:46:13,712][root][INFO] - Epoch 0: loss: 0.0722, loss_diff: 0.0658, loss_kl: 0.2549
[2026-05-01 06:58:56,207][root][INFO] - Epoch 1: loss: 0.0787, loss_diff: 0.0652, loss_kl: 0.5417
[2026-05-01 07:11:39,863][root][INFO] - Epoch 2: loss: 0.1075, loss_diff: 0.0636, loss_kl: 1.7565
[2026-05-01 07:11:39,976][root][INFO] - *****   LOOP 7 FINISH   *****
[2026-05-01 07:11:39,977][root][INFO] - Total time taken: 78.82 min.


[2026-05-01 07:11:39,977][root][INFO] - *****   LOOP 8 START   *****
[2026-05-01 07:11:39,977][root][INFO] - SAMPLE:
[32m2026-05-01 07:35:34.534[0m | [1mINFO    [0m | [36mmattersim.forcefield.potential[0m:[36mfrom_checkpoint[0m:[36m891[0m - [1mLoading the pre-trained mattersim-v1.0.0-5M.pth model[0m
[2026-05-01 07:36:38,131][root][INFO] - Number of filtered samples: 19
[2026-05-01 07:36:38,201][root][INFO] - avg_energy_above_hull_per_atom: 0.069099, avg_rmsd_from_relaxation: 0.033001, frac_novel_unique_stable_structures: 0.333333, frac_stable_structures: 0.754386, frac_successful_jobs: 1.000000, avg_comp_validity: 1.000000, avg_structure_comp_validity: 1.000000, avg_structure_validity: 1.000000, frac_novel_structures: 0.526316, frac_novel_systems: 0.087719, frac_novel_unique_structures: 0.526316, frac_unique_structures: 1.000000, frac_unique_systems: 1.000000, precision: 0.473684, recall: 0.000043
[2026-05-01 07:36:38,217][root][INFO] - SCORE:
[2026-05-01 07:51:02,762][root][INFO] - Evaluation costs to date: 142
[2026-05-01 07:51:02,862][root][INFO] - Number of samples that successfully obtained rewards: 9
[2026-05-01 07:51:02,862][root][INFO] - reward mean=0.0009 std=0.0024
[2026-05-01 07:51:02,862][root][INFO] - heat_capacity mean=0.1882 std=0.0447
[2026-05-01 07:51:03,738][root][INFO] - 82 crystals generated so far, 82 unique components.  Burden: None, Div. Ratio: 1.0.
[2026-05-01 07:51:03,908][root][INFO] - Diversity filter: tol_n=0, buff_n=0
[2026-05-01 07:51:03,911][root][INFO] - replay buffer size=8
[2026-05-01 07:51:03,911][root][INFO] - buffer reward mean=0.23046954109284465
[2026-05-01 07:51:03,912][root][INFO] - FINETUNE:
[2026-05-01 08:05:55,706][root][INFO] - Epoch 0: loss: 0.0613, loss_diff: 0.0520, loss_kl: 0.3742
[2026-05-01 08:20:52,546][root][INFO] - Epoch 1: loss: 0.0678, loss_diff: 0.0523, loss_kl: 0.6198
[2026-05-01 08:35:51,867][root][INFO] - Epoch 2: loss: 0.0859, loss_diff: 0.0505, loss_kl: 1.4153
[2026-05-01 08:35:51,984][root][INFO] - *****   LOOP 8 FINISH   *****
[2026-05-01 08:35:51,985][root][INFO] - Total time taken: 84.20 min.


[2026-05-01 08:35:51,985][root][INFO] - *****   LOOP 9 START   *****
[2026-05-01 08:35:51,985][root][INFO] - SAMPLE:
[32m2026-05-01 08:59:15.860[0m | [1mINFO    [0m | [36mmattersim.forcefield.potential[0m:[36mfrom_checkpoint[0m:[36m891[0m - [1mLoading the pre-trained mattersim-v1.0.0-5M.pth model[0m
[2026-05-01 09:00:23,200][root][INFO] - Number of filtered samples: 22
[2026-05-01 09:00:23,292][root][INFO] - avg_energy_above_hull_per_atom: 0.070239, avg_rmsd_from_relaxation: 0.054410, frac_novel_unique_stable_structures: 0.400000, frac_stable_structures: 0.781818, frac_successful_jobs: 1.000000, avg_comp_validity: 1.000000, avg_structure_comp_validity: 1.000000, avg_structure_validity: 1.000000, frac_novel_structures: 0.618182, frac_novel_systems: 0.072727, frac_novel_unique_structures: 0.618182, frac_unique_structures: 1.000000, frac_unique_systems: 1.000000, precision: 0.381818, recall: 0.000038
[2026-05-01 09:00:23,303][root][INFO] - SCORE:
[2026-05-01 09:10:24,580][root][INFO] - Evaluation costs to date: 158
[2026-05-01 09:10:24,973][root][INFO] - Number of samples that successfully obtained rewards: 9
[2026-05-01 09:10:25,018][root][INFO] - reward mean=0.0295 std=0.0454
[2026-05-01 09:10:25,018][root][INFO] - heat_capacity mean=0.2493 std=0.1182
[2026-05-01 09:10:26,765][root][INFO] - 91 crystals generated so far, 91 unique components.  Burden: None, Div. Ratio: 1.0.
[2026-05-01 09:10:26,975][root][INFO] - Diversity filter: tol_n=0, buff_n=0
[2026-05-01 09:10:27,042][root][INFO] - replay buffer size=9
[2026-05-01 09:10:27,043][root][INFO] - buffer reward mean=0.21890858448398656
[2026-05-01 09:10:27,043][root][INFO] - FINETUNE:
[2026-05-01 09:23:31,078][root][INFO] - Epoch 0: loss: 0.0615, loss_diff: 0.0553, loss_kl: 0.2478
[2026-05-01 09:36:31,058][root][INFO] - Epoch 1: loss: 0.0677, loss_diff: 0.0548, loss_kl: 0.5151
[2026-05-01 09:49:32,163][root][INFO] - Epoch 2: loss: 0.0933, loss_diff: 0.0542, loss_kl: 1.5612
[2026-05-01 09:49:32,284][root][INFO] - *****   LOOP 9 FINISH   *****
[2026-05-01 09:49:32,285][root][INFO] - Total time taken: 73.67 min.


[2026-05-01 09:49:32,285][root][INFO] - *****   LOOP 10 START   *****
[2026-05-01 09:49:32,285][root][INFO] - SAMPLE:
[32m2026-05-01 10:12:55.166[0m | [1mINFO    [0m | [36mmattersim.forcefield.potential[0m:[36mfrom_checkpoint[0m:[36m891[0m - [1mLoading the pre-trained mattersim-v1.0.0-5M.pth model[0m
[2026-05-01 10:13:50,437][root][INFO] - Number of filtered samples: 28
[2026-05-01 10:13:50,569][root][INFO] - avg_energy_above_hull_per_atom: 0.062463, avg_rmsd_from_relaxation: 0.030093, frac_novel_unique_stable_structures: 0.538462, frac_stable_structures: 0.884615, frac_successful_jobs: 1.000000, avg_comp_validity: 1.000000, avg_structure_comp_validity: 1.000000, avg_structure_validity: 1.000000, frac_novel_structures: 0.653846, frac_novel_systems: 0.096154, frac_novel_unique_structures: 0.653846, frac_unique_structures: 1.000000, frac_unique_systems: 1.000000, precision: 0.346154, recall: 0.000035
[2026-05-01 10:13:50,596][root][INFO] - SCORE:
[2026-05-01 10:28:25,004][root][INFO] - Evaluation costs to date: 174
[2026-05-01 10:28:25,235][root][INFO] - Number of samples that successfully obtained rewards: 8
[2026-05-01 10:28:25,291][root][INFO] - reward mean=0.0157 std=0.0262
[2026-05-01 10:28:25,291][root][INFO] - heat_capacity mean=0.2404 std=0.0750
[2026-05-01 10:28:27,090][root][INFO] - 99 crystals generated so far, 99 unique components.  Burden: None, Div. Ratio: 1.0.
[2026-05-01 10:28:27,324][root][INFO] - Diversity filter: tol_n=0, buff_n=0
[2026-05-01 10:28:27,359][root][INFO] - replay buffer size=9
[2026-05-01 10:28:27,359][root][INFO] - buffer reward mean=0.21890858448398656
[2026-05-01 10:28:27,359][root][INFO] - FINETUNE:
[2026-05-01 10:43:15,686][root][INFO] - Epoch 0: loss: 0.0566, loss_diff: 0.0512, loss_kl: 0.2140
[2026-05-01 10:58:03,577][root][INFO] - Epoch 1: loss: 0.0621, loss_diff: 0.0511, loss_kl: 0.4414
[2026-05-01 11:12:49,491][root][INFO] - Epoch 2: loss: 0.0907, loss_diff: 0.0507, loss_kl: 1.6002
[2026-05-01 11:12:49,669][root][INFO] - *****   LOOP 10 FINISH   *****
[2026-05-01 11:12:49,669][root][INFO] - Total time taken: 83.29 min.


[2026-05-01 11:12:49,670][root][INFO] - *****   LOOP 11 START   *****
[2026-05-01 11:12:49,670][root][INFO] - SAMPLE:
[32m2026-05-01 11:37:03.820[0m | [1mINFO    [0m | [36mmattersim.forcefield.potential[0m:[36mfrom_checkpoint[0m:[36m891[0m - [1mLoading the pre-trained mattersim-v1.0.0-5M.pth model[0m
[2026-05-01 11:38:05,920][root][INFO] - Number of filtered samples: 19
[2026-05-01 11:38:05,962][root][INFO] - avg_energy_above_hull_per_atom: 0.064658, avg_rmsd_from_relaxation: 0.040504, frac_novel_unique_stable_structures: 0.345455, frac_stable_structures: 0.781818, frac_successful_jobs: 1.000000, avg_comp_validity: 1.000000, avg_structure_comp_validity: 1.000000, avg_structure_validity: 1.000000, frac_novel_structures: 0.545455, frac_novel_systems: 0.090909, frac_novel_unique_structures: 0.545455, frac_unique_structures: 1.000000, frac_unique_systems: 0.981818, precision: 0.454545, recall: 0.000067
[2026-05-01 11:38:05,972][root][INFO] - SCORE:
[2026-05-01 11:57:38,647][root][INFO] - Evaluation costs to date: 190
[2026-05-01 11:57:38,786][root][INFO] - Number of samples that successfully obtained rewards: 9
[2026-05-01 11:57:38,787][root][INFO] - reward mean=0.0403 std=0.0815
[2026-05-01 11:57:38,787][root][INFO] - heat_capacity mean=0.2872 std=0.1610
[2026-05-01 11:57:39,031][root][INFO] - 108 crystals generated so far, 108 unique components.  Burden: None, Div. Ratio: 1.0.
[2026-05-01 11:57:39,116][root][INFO] - Diversity filter: tol_n=0, buff_n=0
[2026-05-01 11:57:39,118][root][INFO] - replay buffer size=11
[2026-05-01 11:57:39,119][root][INFO] - buffer reward mean=0.21209728884822884
[2026-05-01 11:57:39,119][root][INFO] - FINETUNE:
[2026-05-01 12:12:35,170][root][INFO] - Epoch 0: loss: 0.0675, loss_diff: 0.0596, loss_kl: 0.3140
[2026-05-01 12:27:32,150][root][INFO] - Epoch 1: loss: 0.0737, loss_diff: 0.0591, loss_kl: 0.5833
[2026-05-01 12:42:26,956][root][INFO] - Epoch 2: loss: 0.0949, loss_diff: 0.0586, loss_kl: 1.4511
[2026-05-01 12:42:27,084][root][INFO] - *****   LOOP 11 FINISH   *****
[2026-05-01 12:42:27,085][root][INFO] - Total time taken: 89.62 min.


[2026-05-01 12:42:27,085][root][INFO] - *****   LOOP 12 START   *****
[2026-05-01 12:42:27,085][root][INFO] - SAMPLE:
[32m2026-05-01 13:07:56.492[0m | [1mINFO    [0m | [36mmattersim.forcefield.potential[0m:[36mfrom_checkpoint[0m:[36m891[0m - [1mLoading the pre-trained mattersim-v1.0.0-5M.pth model[0m
[2026-05-01 13:09:04,717][root][INFO] - Number of filtered samples: 21
[2026-05-01 13:09:04,832][root][INFO] - avg_energy_above_hull_per_atom: 0.068903, avg_rmsd_from_relaxation: 0.053510, frac_novel_unique_stable_structures: 0.368421, frac_stable_structures: 0.754386, frac_successful_jobs: 1.000000, avg_comp_validity: 1.000000, avg_structure_comp_validity: 1.000000, avg_structure_validity: 1.000000, frac_novel_structures: 0.596491, frac_novel_systems: 0.035088, frac_novel_unique_structures: 0.596491, frac_unique_structures: 1.000000, frac_unique_systems: 1.000000, precision: 0.403509, recall: 0.000090
[2026-05-01 13:09:04,842][root][INFO] - SCORE:
[2026-05-01 13:26:15,590][root][INFO] - Evaluation costs to date: 206
[2026-05-01 13:26:15,694][root][INFO] - Number of samples that successfully obtained rewards: 10
[2026-05-01 13:26:15,763][root][INFO] - reward mean=0.0980 std=0.1119
[2026-05-01 13:26:15,764][root][INFO] - heat_capacity mean=0.3973 std=0.2193
[2026-05-01 13:26:17,617][root][INFO] - 118 crystals generated so far, 118 unique components.  Burden: None, Div. Ratio: 1.0.
[2026-05-01 13:26:17,910][root][INFO] - Diversity filter: tol_n=0, buff_n=0
[2026-05-01 13:26:17,928][root][INFO] - replay buffer size=15
[2026-05-01 13:26:17,928][root][INFO] - buffer reward mean=0.2124116507655661
[2026-05-01 13:26:17,928][root][INFO] - FINETUNE:
[2026-05-01 13:43:15,821][root][INFO] - Epoch 0: loss: 0.0909, loss_diff: 0.0815, loss_kl: 0.3782
[2026-05-01 13:59:48,334][root][INFO] - Epoch 1: loss: 0.0945, loss_diff: 0.0801, loss_kl: 0.5757
[2026-05-01 14:17:30,595][root][INFO] - Epoch 2: loss: 0.1128, loss_diff: 0.0792, loss_kl: 1.3437
[2026-05-01 14:17:30,785][root][INFO] - *****   LOOP 12 FINISH   *****
[2026-05-01 14:17:30,785][root][INFO] - Total time taken: 95.06 min.


[2026-05-01 14:17:30,785][root][INFO] - *****   LOOP 13 START   *****
[2026-05-01 14:17:30,785][root][INFO] - SAMPLE:
[32m2026-05-01 14:42:47.487[0m | [1mINFO    [0m | [36mmattersim.forcefield.potential[0m:[36mfrom_checkpoint[0m:[36m891[0m - [1mLoading the pre-trained mattersim-v1.0.0-5M.pth model[0m
[2026-05-01 14:43:43,407][root][INFO] - Number of filtered samples: 15
[2026-05-01 14:43:43,487][root][INFO] - avg_energy_above_hull_per_atom: 0.078656, avg_rmsd_from_relaxation: 0.058775, frac_novel_unique_stable_structures: 0.283019, frac_stable_structures: 0.698113, frac_successful_jobs: 1.000000, avg_comp_validity: 1.000000, avg_structure_comp_validity: 1.000000, avg_structure_validity: 1.000000, frac_novel_structures: 0.566038, frac_novel_systems: 0.113208, frac_novel_unique_structures: 0.566038, frac_unique_structures: 1.000000, frac_unique_systems: 1.000000, precision: 0.433962, recall: 0.000067
[2026-05-01 14:43:43,499][root][INFO] - SCORE:
[2026-05-01 15:04:45,573][root][INFO] - Evaluation costs to date: 221
[2026-05-01 15:04:45,696][root][INFO] - Number of samples that successfully obtained rewards: 6
[2026-05-01 15:04:45,783][root][INFO] - reward mean=0.0234 std=0.0298
[2026-05-01 15:04:45,783][root][INFO] - heat_capacity mean=0.2626 std=0.0817
[2026-05-01 15:04:47,552][root][INFO] - 124 crystals generated so far, 124 unique components.  Burden: None, Div. Ratio: 1.0.
[2026-05-01 15:04:47,697][root][INFO] - Diversity filter: tol_n=0, buff_n=0
[2026-05-01 15:04:47,717][root][INFO] - replay buffer size=15
[2026-05-01 15:04:47,717][root][INFO] - buffer reward mean=0.2124116507655661
[2026-05-01 15:04:47,717][root][INFO] - FINETUNE:
[2026-05-01 15:19:12,050][root][INFO] - Epoch 0: loss: 0.0672, loss_diff: 0.0615, loss_kl: 0.2305
[2026-05-01 15:32:34,946][root][INFO] - Epoch 1: loss: 0.0731, loss_diff: 0.0605, loss_kl: 0.5035
[2026-05-01 15:55:37,935][root][INFO] - Epoch 2: loss: 0.0992, loss_diff: 0.0609, loss_kl: 1.5343
[2026-05-01 15:55:38,245][root][INFO] - *****   LOOP 13 FINISH   *****
[2026-05-01 15:55:38,245][root][INFO] - Total time taken: 98.12 min.


[2026-05-01 15:55:38,246][root][INFO] - *****   LOOP 14 START   *****
[2026-05-01 15:55:38,246][root][INFO] - SAMPLE:
[32m2026-05-01 16:20:36.596[0m | [1mINFO    [0m | [36mmattersim.forcefield.potential[0m:[36mfrom_checkpoint[0m:[36m891[0m - [1mLoading the pre-trained mattersim-v1.0.0-5M.pth model[0m
[2026-05-01 16:21:47,826][root][INFO] - Number of filtered samples: 17
[2026-05-01 16:21:47,889][root][INFO] - avg_energy_above_hull_per_atom: 0.087793, avg_rmsd_from_relaxation: 0.030055, frac_novel_unique_stable_structures: 0.320755, frac_stable_structures: 0.716981, frac_successful_jobs: 1.000000, avg_comp_validity: 1.000000, avg_structure_comp_validity: 1.000000, avg_structure_validity: 1.000000, frac_novel_structures: 0.584906, frac_novel_systems: 0.056604, frac_novel_unique_structures: 0.584906, frac_unique_structures: 1.000000, frac_unique_systems: 1.000000, precision: 0.415094, recall: 0.000043
[2026-05-01 16:21:47,899][root][INFO] - SCORE:
[2026-05-01 16:39:01,006][root][INFO] - Evaluation costs to date: 237
[2026-05-01 16:39:01,190][root][INFO] - Number of samples that successfully obtained rewards: 12
[2026-05-01 16:39:01,230][root][INFO] - reward mean=0.0374 std=0.0569
[2026-05-01 16:39:01,230][root][INFO] - heat_capacity mean=0.2817 std=0.1286
[2026-05-01 16:39:03,523][root][INFO] - 136 crystals generated so far, 136 unique components.  Burden: None, Div. Ratio: 1.0.
[2026-05-01 16:39:03,920][root][INFO] - Diversity filter: tol_n=0, buff_n=0
[2026-05-01 16:39:03,950][root][INFO] - replay buffer size=16
[2026-05-01 16:39:03,951][root][INFO] - buffer reward mean=0.21178926188481967
[2026-05-01 16:39:03,951][root][INFO] - FINETUNE:
[2026-05-01 16:54:34,243][root][INFO] - Epoch 0: loss: 0.0586, loss_diff: 0.0531, loss_kl: 0.2232
[2026-05-01 17:10:06,981][root][INFO] - Epoch 1: loss: 0.0626, loss_diff: 0.0524, loss_kl: 0.4091
[2026-05-01 17:27:08,546][root][INFO] - Epoch 2: loss: 0.0856, loss_diff: 0.0521, loss_kl: 1.3400
[2026-05-01 17:27:08,696][root][INFO] - *****   LOOP 14 FINISH   *****
[2026-05-01 17:27:08,696][root][INFO] - Total time taken: 91.51 min.


[2026-05-01 17:27:08,697][root][INFO] - *****   LOOP 15 START   *****
[2026-05-01 17:27:08,697][root][INFO] - SAMPLE:
[32m2026-05-01 17:49:25.011[0m | [1mINFO    [0m | [36mmattersim.forcefield.potential[0m:[36mfrom_checkpoint[0m:[36m891[0m - [1mLoading the pre-trained mattersim-v1.0.0-5M.pth model[0m
[2026-05-01 17:50:23,093][root][INFO] - Number of filtered samples: 22
[2026-05-01 17:50:23,160][root][INFO] - avg_energy_above_hull_per_atom: 0.068647, avg_rmsd_from_relaxation: 0.037220, frac_novel_unique_stable_structures: 0.400000, frac_stable_structures: 0.800000, frac_successful_jobs: 1.000000, avg_comp_validity: 1.000000, avg_structure_comp_validity: 1.000000, avg_structure_validity: 1.000000, frac_novel_structures: 0.600000, frac_novel_systems: 0.090909, frac_novel_unique_structures: 0.600000, frac_unique_structures: 1.000000, frac_unique_systems: 1.000000, precision: 0.400000, recall: 0.000050
[2026-05-01 17:50:23,169][root][INFO] - SCORE:
[2026-05-01 18:02:27,701][root][INFO] - Evaluation costs to date: 253
[2026-05-01 18:02:27,816][root][INFO] - Number of samples that successfully obtained rewards: 7
[2026-05-01 18:02:27,848][root][INFO] - reward mean=0.0880 std=0.0849
[2026-05-01 18:02:27,848][root][INFO] - heat_capacity mean=0.4041 std=0.1486
[2026-05-01 18:02:36,267][root][INFO] - 143 crystals generated so far, 143 unique components.  Burden: None, Div. Ratio: 1.0.
[2026-05-01 18:02:56,512][root][INFO] - Diversity filter: tol_n=0, buff_n=0
[2026-05-01 18:02:56,515][root][INFO] - replay buffer size=19
[2026-05-01 18:02:56,516][root][INFO] - buffer reward mean=0.2061768931767077
[2026-05-01 18:02:56,516][root][INFO] - FINETUNE:
[2026-05-01 18:18:51,819][root][INFO] - Epoch 0: loss: 0.0799, loss_diff: 0.0703, loss_kl: 0.3828
[2026-05-01 18:34:04,706][root][INFO] - Epoch 1: loss: 0.0852, loss_diff: 0.0700, loss_kl: 0.6064
[2026-05-01 18:48:54,482][root][INFO] - Epoch 2: loss: 0.0992, loss_diff: 0.0690, loss_kl: 1.2059
[2026-05-01 18:48:54,688][root][INFO] - *****   LOOP 15 FINISH   *****
[2026-05-01 18:48:54,689][root][INFO] - Total time taken: 81.77 min.


[2026-05-01 18:48:54,689][root][INFO] - *****   LOOP 16 START   *****
[2026-05-01 18:48:54,689][root][INFO] - SAMPLE:
[32m2026-05-01 19:15:44.994[0m | [1mINFO    [0m | [36mmattersim.forcefield.potential[0m:[36mfrom_checkpoint[0m:[36m891[0m - [1mLoading the pre-trained mattersim-v1.0.0-5M.pth model[0m
[2026-05-01 19:16:40,350][root][INFO] - Number of filtered samples: 21
[2026-05-01 19:16:40,439][root][INFO] - avg_energy_above_hull_per_atom: 0.070571, avg_rmsd_from_relaxation: 0.074114, frac_novel_unique_stable_structures: 0.403846, frac_stable_structures: 0.788462, frac_successful_jobs: 1.000000, avg_comp_validity: 1.000000, avg_structure_comp_validity: 1.000000, avg_structure_validity: 1.000000, frac_novel_structures: 0.596154, frac_novel_systems: 0.076923, frac_novel_unique_structures: 0.596154, frac_unique_structures: 1.000000, frac_unique_systems: 0.980769, precision: 0.403846, recall: 0.000046
[2026-05-01 19:16:40,449][root][INFO] - SCORE:
[2026-05-01 19:36:25,991][root][INFO] - Evaluation costs to date: 269
[2026-05-01 19:36:26,098][root][INFO] - Number of samples that successfully obtained rewards: 9
[2026-05-01 19:36:26,099][root][INFO] - reward mean=0.0573 std=0.0687
[2026-05-01 19:36:26,099][root][INFO] - heat_capacity mean=0.3318 std=0.1368
[2026-05-01 19:36:26,431][root][INFO] - 152 crystals generated so far, 152 unique components.  Burden: None, Div. Ratio: 1.0.
[2026-05-01 19:36:26,488][root][INFO] - Diversity filter: tol_n=0, buff_n=0
[2026-05-01 19:36:26,491][root][INFO] - replay buffer size=21
[2026-05-01 19:36:26,491][root][INFO] - buffer reward mean=0.2032698314717554
[2026-05-01 19:36:26,491][root][INFO] - FINETUNE:
[2026-05-01 19:52:45,726][root][INFO] - Epoch 0: loss: 0.0770, loss_diff: 0.0644, loss_kl: 0.5068
[2026-05-01 20:09:10,609][root][INFO] - Epoch 1: loss: 0.0777, loss_diff: 0.0638, loss_kl: 0.5556
[2026-05-01 20:25:24,977][root][INFO] - Epoch 2: loss: 0.0805, loss_diff: 0.0635, loss_kl: 0.6802
[2026-05-01 20:25:25,074][root][INFO] - *****   LOOP 16 FINISH   *****
[2026-05-01 20:25:25,075][root][INFO] - Total time taken: 96.51 min.


[2026-05-01 20:25:25,075][root][INFO] - *****   LOOP 17 START   *****
[2026-05-01 20:25:25,075][root][INFO] - SAMPLE:
[32m2026-05-01 20:48:12.813[0m | [1mINFO    [0m | [36mmattersim.forcefield.potential[0m:[36mfrom_checkpoint[0m:[36m891[0m - [1mLoading the pre-trained mattersim-v1.0.0-5M.pth model[0m
[2026-05-01 20:48:56,556][root][INFO] - Number of filtered samples: 22
[2026-05-01 20:48:56,724][root][INFO] - avg_energy_above_hull_per_atom: 0.068150, avg_rmsd_from_relaxation: 0.031595, frac_novel_unique_stable_structures: 0.407407, frac_stable_structures: 0.777778, frac_successful_jobs: 1.000000, avg_comp_validity: 1.000000, avg_structure_comp_validity: 1.000000, avg_structure_validity: 1.000000, frac_novel_structures: 0.629630, frac_novel_systems: 0.074074, frac_novel_unique_structures: 0.629630, frac_unique_structures: 1.000000, frac_unique_systems: 1.000000, precision: 0.370370, recall: 0.000044
[2026-05-01 20:48:56,744][root][INFO] - SCORE:
[2026-05-01 21:04:35,434][root][INFO] - Evaluation costs to date: 285
[2026-05-01 21:04:35,702][root][INFO] - Number of samples that successfully obtained rewards: 7
[2026-05-01 21:04:35,703][root][INFO] - reward mean=0.1946 std=0.2851
[2026-05-01 21:04:35,703][root][INFO] - heat_capacity mean=0.5702 std=0.5142
[2026-05-01 21:04:36,158][root][INFO] - 159 crystals generated so far, 159 unique components.  Burden: None, Div. Ratio: 1.0.
[2026-05-01 21:04:36,203][root][INFO] - Diversity filter: tol_n=0, buff_n=0
[2026-05-01 21:04:36,205][root][INFO] - replay buffer size=24
[2026-05-01 21:04:36,205][root][INFO] - buffer reward mean=0.23430408535976843
[2026-05-01 21:04:36,205][root][INFO] - FINETUNE:
[2026-05-01 21:17:10,110][root][INFO] - Epoch 0: loss: 0.0610, loss_diff: 0.0566, loss_kl: 0.1742
[2026-05-01 21:31:24,950][root][INFO] - Epoch 1: loss: 0.0647, loss_diff: 0.0552, loss_kl: 0.3822
[2026-05-01 21:43:57,277][root][INFO] - Epoch 2: loss: 0.0881, loss_diff: 0.0553, loss_kl: 1.3108
[2026-05-01 21:43:57,628][root][INFO] - *****   LOOP 17 FINISH   *****
[2026-05-01 21:43:57,629][root][INFO] - Total time taken: 78.54 min.


[2026-05-01 21:43:57,629][root][INFO] - *****   LOOP 18 START   *****
[2026-05-01 21:43:57,629][root][INFO] - SAMPLE:
[32m2026-05-01 22:07:32.053[0m | [1mINFO    [0m | [36mmattersim.forcefield.potential[0m:[36mfrom_checkpoint[0m:[36m891[0m - [1mLoading the pre-trained mattersim-v1.0.0-5M.pth model[0m
[2026-05-01 22:16:40,285][root][INFO] - Number of filtered samples: 17
[2026-05-01 22:16:40,502][root][INFO] - avg_energy_above_hull_per_atom: 0.098568, avg_rmsd_from_relaxation: 0.057224, frac_novel_unique_stable_structures: 0.309091, frac_stable_structures: 0.690909, frac_successful_jobs: 1.000000, avg_comp_validity: 1.000000, avg_structure_comp_validity: 1.000000, avg_structure_validity: 1.000000, frac_novel_structures: 0.618182, frac_novel_systems: 0.109091, frac_novel_unique_structures: 0.618182, frac_unique_structures: 1.000000, frac_unique_systems: 1.000000, precision: 0.381818, recall: 0.000058
[2026-05-01 22:16:40,517][root][INFO] - SCORE:
[2026-05-01 22:30:28,824][root][INFO] - Evaluation costs to date: 301
[2026-05-01 22:30:29,306][root][INFO] - Number of samples that successfully obtained rewards: 11
[2026-05-01 22:30:29,306][root][INFO] - reward mean=0.1183 std=0.1817
[2026-05-01 22:30:29,307][root][INFO] - heat_capacity mean=0.4295 std=0.3371
[2026-05-01 22:30:29,995][root][INFO] - 170 crystals generated so far, 170 unique components.  Burden: None, Div. Ratio: 1.0.
[2026-05-01 22:30:30,017][root][INFO] - Diversity filter: tol_n=0, buff_n=0
[2026-05-01 22:30:30,019][root][INFO] - replay buffer size=27
[2026-05-01 22:30:30,020][root][INFO] - buffer reward mean=0.25133052654069005
[2026-05-01 22:30:30,020][root][INFO] - FINETUNE:
[2026-05-01 22:45:44,970][root][INFO] - Epoch 0: loss: 0.0881, loss_diff: 0.0824, loss_kl: 0.2260
[2026-05-01 23:01:26,650][root][INFO] - Epoch 1: loss: 0.0904, loss_diff: 0.0793, loss_kl: 0.4425
[2026-05-01 23:16:55,776][root][INFO] - Epoch 2: loss: 0.1078, loss_diff: 0.0781, loss_kl: 1.1891
[2026-05-01 23:16:55,876][root][INFO] - *****   LOOP 18 FINISH   *****
[2026-05-01 23:16:55,877][root][INFO] - Total time taken: 92.97 min.


[2026-05-01 23:16:55,877][root][INFO] - *****   LOOP 19 START   *****
[2026-05-01 23:16:55,877][root][INFO] - SAMPLE:
[32m2026-05-01 23:39:17.058[0m | [1mINFO    [0m | [36mmattersim.forcefield.potential[0m:[36mfrom_checkpoint[0m:[36m891[0m - [1mLoading the pre-trained mattersim-v1.0.0-5M.pth model[0m
[2026-05-01 23:39:58,563][root][INFO] - Number of filtered samples: 30
[2026-05-01 23:39:58,688][root][INFO] - avg_energy_above_hull_per_atom: 0.071065, avg_rmsd_from_relaxation: 0.045927, frac_novel_unique_stable_structures: 0.500000, frac_stable_structures: 0.816667, frac_successful_jobs: 1.000000, avg_comp_validity: 1.000000, avg_structure_comp_validity: 1.000000, avg_structure_validity: 1.000000, frac_novel_structures: 0.666667, frac_novel_systems: 0.083333, frac_novel_unique_structures: 0.666667, frac_unique_structures: 1.000000, frac_unique_systems: 1.000000, precision: 0.333333, recall: 0.000046
[2026-05-01 23:39:58,701][root][INFO] - SCORE:
[2026-05-02 00:08:13,957][root][INFO] - Evaluation costs to date: 317
[2026-05-02 00:08:14,101][root][INFO] - Number of samples that successfully obtained rewards: 11
[2026-05-02 00:08:14,102][root][INFO] - reward mean=0.0842 std=0.1064
[2026-05-02 00:08:14,102][root][INFO] - heat_capacity mean=0.3814 std=0.2009
[2026-05-02 00:08:14,862][root][INFO] - 181 crystals generated so far, 181 unique components.  Burden: None, Div. Ratio: 1.0.
[2026-05-02 00:08:14,930][root][INFO] - Diversity filter: tol_n=0, buff_n=0
[2026-05-02 00:08:14,954][root][INFO] - replay buffer size=31
[2026-05-02 00:08:14,955][root][INFO] - buffer reward mean=0.2453398102125865
[2026-05-02 00:08:14,955][root][INFO] - FINETUNE:
[2026-05-02 00:23:39,768][root][INFO] - Epoch 0: loss: 0.0984, loss_diff: 0.0917, loss_kl: 0.2680
[2026-05-02 00:39:09,033][root][INFO] - Epoch 1: loss: 0.1044, loss_diff: 0.0913, loss_kl: 0.5243
[2026-05-02 00:54:39,811][root][INFO] - Epoch 2: loss: 0.1250, loss_diff: 0.0902, loss_kl: 1.3937
[2026-05-02 00:54:39,946][root][INFO] - *****   LOOP 19 FINISH   *****
[2026-05-02 00:54:39,947][root][INFO] - Total time taken: 97.73 min.


[2026-05-02 00:54:41,063][root][INFO] - *****   RL END   *****
[2026-05-02 00:54:41,063][root][INFO] - Total time taken: 95548 s.
Closing LMDB environment /tmp/job.3002435/tmpz6sa4bco/reference_MP2020correction
Phase-3 improved baseline (seed=99, 20 cycles) finished at Sat May  2 00:55:23 CDT 2026
