Phase-3 IMPROVED ACCEL seed=99 rl_epoch=20 acq=ei warm-start at Thu Apr 30 20:16:58 CDT 2026 on fc101
  GP_LTM_SEED=/scratch/user/ahnafalvi/matinvent-hcap-bo/data/ltm_seed_pool.parquet
  GP_LTM_PATH=/scratch/user/ahnafalvi/matinvent-hcap-bo/data/ltm_hcap_p3i_accel_seed99_3002401.parquet
  GP_ACQUISITION=ei
Tesla T4, 16384 MiB
MODELS_PROJECT_ROOT: /scratch/user/ahnafalvi/matinvent-bo/src/mattergen/mattergen
[2026-04-30 20:32:37,867][httpx][INFO] - HTTP Request: HEAD https://huggingface.co/jwchen25/MatInvent/resolve/main/reference_MP2020correction.gz "HTTP/1.1 302 Found"
[2026-04-30 20:34:28,479][httpx][INFO] - HTTP Request: HEAD https://huggingface.co/microsoft/mattergen/resolve/main/checkpoints/mattergen_base/checkpoints/last.ckpt "HTTP/1.1 302 Found"
[2026-04-30 20:34:28,706][httpx][INFO] - HTTP Request: HEAD https://huggingface.co/microsoft/mattergen/resolve/main/checkpoints/mattergen_base/config.yaml "HTTP/1.1 307 Temporary Redirect"
[2026-04-30 20:34:28,722][httpx][INFO] - HTTP Request: HEAD https://huggingface.co/api/resolve-cache/models/microsoft/mattergen/ea430eab64b80855029c2941b9fda15f245a771a/checkpoints%2Fmattergen_base%2Fconfig.yaml "HTTP/1.1 200 OK"
[2026-04-30 20:34:48,320][httpx][INFO] - HTTP Request: HEAD https://huggingface.co/microsoft/mattergen/resolve/main/checkpoints/mattergen_base/checkpoints/last.ckpt "HTTP/1.1 302 Found"
[2026-04-30 20:34:48,381][httpx][INFO] - HTTP Request: HEAD https://huggingface.co/microsoft/mattergen/resolve/main/checkpoints/mattergen_base/config.yaml "HTTP/1.1 307 Temporary Redirect"
[2026-04-30 20:34:48,394][httpx][INFO] - HTTP Request: HEAD https://huggingface.co/api/resolve-cache/models/microsoft/mattergen/ea430eab64b80855029c2941b9fda15f245a771a/checkpoints%2Fmattergen_base%2Fconfig.yaml "HTTP/1.1 200 OK"
[2026-04-30 20:34:52,084][root][INFO] - *****   RL START   *****
[2026-04-30 20:34:52,084][root][INFO] - *****   LOOP 0 START   *****
[2026-04-30 20:34:52,084][root][INFO] - SAMPLE:
[32m2026-04-30 20:58:31.826[0m | [1mINFO    [0m | [36mmattersim.forcefield.potential[0m:[36mfrom_checkpoint[0m:[36m891[0m - [1mLoading the pre-trained mattersim-v1.0.0-5M.pth model[0m
[2026-04-30 21:10:07,413][root][INFO] - Number of filtered samples: 17
[2026-04-30 21:10:07,479][root][INFO] - avg_energy_above_hull_per_atom: 0.090043, avg_rmsd_from_relaxation: 0.060271, frac_novel_unique_stable_structures: 0.303571, frac_stable_structures: 0.678571, frac_successful_jobs: 1.000000, avg_comp_validity: 1.000000, avg_structure_comp_validity: 1.000000, avg_structure_validity: 1.000000, frac_novel_structures: 0.589286, frac_novel_systems: 0.017857, frac_novel_unique_structures: 0.589286, frac_unique_structures: 1.000000, frac_unique_systems: 1.000000, precision: 0.410714, recall: 0.000047
[2026-04-30 21:10:07,626][root][INFO] - SCORE:
[2026-04-30 21:13:02,792][cached_path][INFO] - cache of https://orbitalmaterials-public-models.s3.us-west-1.amazonaws.com/forcefields/orb-v3/orb-v3-conservative-inf-omat-20250404.ckpt is up-to-date
[2026-04-30 21:24:38,949][root][INFO] - Project root: /scratch/user/ahnafalvi/envs/matinvent-hcap-bo/lib/python3.10/site-packages/fairchem
[2026-04-30 21:25:28,977][root][INFO] - Checking local cache: /scratch/user/ahnafalvi/.cache/huggingface for model eSEN-30M-OAM
[2026-04-30 21:25:29,659][httpx][INFO] - HTTP Request: HEAD https://huggingface.co/facebook/OMAT24/resolve/main/esen_30m_oam.pt "HTTP/1.1 302 Found"
[2026-04-30 21:25:34,921][root][INFO] - local rank base: 0
[2026-04-30 21:25:35,015][root][INFO] - amp: false
cmd:
  checkpoint_dir: /scratch/user/ahnafalvi/matinvent-hcap-bo/results/hcap_p3i_accel_seed99_3002401/checkpoints/2026-04-30-21-25-04
  commit: core:None,experimental:NA
  identifier: ''
  logs_dir: /scratch/user/ahnafalvi/matinvent-hcap-bo/results/hcap_p3i_accel_seed99_3002401/logs/wandb/2026-04-30-21-25-04
  print_every: 100
  results_dir: /scratch/user/ahnafalvi/matinvent-hcap-bo/results/hcap_p3i_accel_seed99_3002401/results/2026-04-30-21-25-04
  seed: null
  timestamp_id: 2026-04-30-21-25-04
  version: 1.10.0
dataset:
  a2g_args:
    r_energy: true
    r_forces: true
    r_stress: true
  format: ase_db
  metadata_path: ''
  transforms:
    element_references: ''
    normalizer:
      energy:
        mean: 0.0
        stdev: 0.6274358
      forces:
        mean: 0.0
        stdev: 0.6274358
      stress:
        mean: 0.0
        stdev: 0.6274358
evaluation_metrics:
  metrics:
    energy:
    - mae
    - per_atom_mae
    forces:
    - mae
    - cosine_similarity
    stress:
    - mae
  primary_metric: forces_mae
gp_gpus: null
gpus: 1
logger: wandb
loss_functions:
- energy:
    coefficient: 20
    fn: per_atom_mae
- forces:
    coefficient: 20
    fn: l2mae
- stress:
    coefficient: 5
    fn: mae
model:
  backbone:
    act_type: gate
    cutoff: 6.0
    direct_forces: false
    distance_function: gaussian
    edge_channels: 128
    hidden_channels: 128
    lmax: 3
    max_neighbors: 300
    max_num_elements: 100
    mlp_type: spectral
    mmax: 2
    model: esen_backbone
    norm_type: rms_norm_sh
    num_distance_basis: 64
    num_layers: 10
    otf_graph: true
    regress_forces: true
    regress_stress: true
    sphere_channels: 128
    use_envelope: true
    use_pbc: true
    use_pbc_single: true
  heads:
    mptrj:
      module: esen_mlp_efs_head
  name: hydra
  otf_graph: true
  pass_through_head_outputs: true
optim:
  batch_size: 4
  clip_grad_norm: 100
  ema_decay: 0.999
  eval_batch_size: 4
  eval_every: 5000
  load_balancing: atoms
  lr_initial: 0.0004
  max_epochs: 1
  num_workers: 4
  optimizer: AdamW
  optimizer_params:
    weight_decay: 0.001
  scheduler: LambdaLR
  scheduler_params:
    epochs: 85271
    lambda_type: cosine
    lr: 0.0004
    lr_min_factor: 0.1
    warmup_epochs: 8527
    warmup_factor: 0.2
outputs:
  energy:
    level: system
    property: energy
  forces:
    eval_on_free_atoms: true
    level: atom
    property: forces
    train_on_free_atoms: true
  stress:
    level: system
    property: stress
relax_dataset: {}
slurm: {}
task: {}
test_dataset: {}
trainer: ocp
val_dataset: {}

[2026-04-30 21:25:35,015][root][INFO] - Loading model: hydra
[2026-04-30 21:25:36,970][root][INFO] - Loaded HydraModel with 30161153 parameters.
[2026-04-30 21:25:36,970][root][INFO] - Loading checkpoint in inference-only mode, not loading keys associated with trainer state!
[2026-04-30 21:25:37,004][root][WARNING] - No seed has been set in modelcheckpoint or OCPCalculator! Results may not be reproducible on re-run
[GPRouted] cycle=0 N=16 oracled=16/16 K=8 ltm=170 target=1.50 PI(oracle_min)=nan anchor=False cold=True 2058.2s
[2026-04-30 21:44:26,071][root][INFO] - Evaluation costs to date: 16
[2026-04-30 21:44:26,154][root][INFO] - Number of samples that successfully obtained rewards: 16
[2026-04-30 21:44:26,155][root][INFO] - reward mean=0.0188 std=0.0529
[2026-04-30 21:44:26,155][root][INFO] - heat_capacity mean=0.1657 std=0.1661
[2026-04-30 21:44:27,118][root][INFO] - 16 crystals generated so far, 16 unique components.  Burden: None, Div. Ratio: 1.0.
[2026-04-30 21:44:27,126][root][INFO] - Diversity filter: tol_n=0, buff_n=0
[2026-04-30 21:44:27,152][root][INFO] - replay buffer size=1
[2026-04-30 21:44:27,152][root][INFO] - buffer reward mean=0.2145651279499379
[2026-04-30 21:44:27,152][root][INFO] - FINETUNE:
[2026-04-30 21:50:06,359][root][INFO] - Epoch 0: loss: 0.0182, loss_diff: 0.0181, loss_kl: 0.0060
[2026-04-30 21:55:38,973][root][INFO] - Epoch 1: loss: 0.0177, loss_diff: 0.0169, loss_kl: 0.0338
[2026-04-30 22:01:10,735][root][INFO] - Epoch 2: loss: 0.0193, loss_diff: 0.0175, loss_kl: 0.0706
[2026-04-30 22:01:10,775][root][INFO] - *****   LOOP 0 FINISH   *****
[2026-04-30 22:01:10,776][root][INFO] - Total time taken: 86.31 min.


[2026-04-30 22:01:10,776][root][INFO] - *****   LOOP 1 START   *****
[2026-04-30 22:01:10,776][root][INFO] - SAMPLE:
