/scratch/user/ahnafalvi/envs/matinvent-hcap-bo/lib/python3.10/site-packages/hydra/_internal/defaults_list.py:251: UserWarning: In 'base': Defaults list is missing `_self_`. See https://hydra.cc/docs/1.2/upgrades/1.0_to_1.1/default_composition_order for more information
  warnings.warn(msg, UserWarning)
/scratch/user/ahnafalvi/envs/matinvent-hcap-bo/lib/python3.10/site-packages/hydra/_internal/hydra.py:119: UserWarning: Future Hydra versions will no longer change working directory at job runtime by default.
See https://hydra.cc/docs/1.2/upgrades/1.1_to_1.2/changes_to_job_working_dir/ for more information.
  ret = run_job(
[GPRoutedV3] queued 446 warm-start samples from /scratch/user/ahnafalvi/matinvent-hcap-bo/data/ltm_seed_pool_v3.parquet (re-embed at first calc)
[GPRoutedV3] init: K=8 target=1.5 acq=ei cold_min=50 dpp_λ=0.5 ws_decay=0.9
/scratch/user/ahnafalvi/envs/matinvent-hcap-bo/lib/python3.10/site-packages/lightning/fabric/utilities/cloud_io.py:73: You are using `torch.load` with `weights_only=False` (the current default value), which uses the default pickle module implicitly. It is possible to construct malicious pickle data which will execute arbitrary code during unpickling (See https://github.com/pytorch/pytorch/blob/main/SECURITY.md#untrusted-models for more details). In a future release, the default value for `weights_only` will be flipped to `True`. This limits the functions that could be executed during unpickling. Arbitrary objects will no longer be allowed to be loaded via this mode unless they are explicitly allowlisted by the user via `torch.serialization.add_safe_globals`. We recommend you start setting `weights_only=True` for any use case where you don't have full control of the loaded file. Please open an issue on GitHub for any issues related to this experimental feature.
/scratch/user/ahnafalvi/envs/matinvent-hcap-bo/lib/python3.10/site-packages/lightning/pytorch/utilities/parsing.py:213: Attribute 'encoder' is an instance of `nn.Module` and is already saved during checkpointing. It is recommended to ignore them using `self.save_hyperparameters(ignore=['encoder'])`.
/scratch/user/ahnafalvi/envs/matinvent-hcap-bo/lib/python3.10/site-packages/lightning/pytorch/utilities/parsing.py:213: Attribute 'decoder' is an instance of `nn.Module` and is already saved during checkpointing. It is recommended to ignore them using `self.save_hyperparameters(ignore=['decoder'])`.
/scratch/user/ahnafalvi/envs/matinvent-hcap-bo/lib/python3.10/site-packages/uncertainties/core.py:1024: UserWarning: Using UFloat objects with std_dev==0 may give unexpected results.
  warn("Using UFloat objects with std_dev==0 may give unexpected results.")
/scratch/user/ahnafalvi/envs/matinvent-hcap-bo/lib/python3.10/site-packages/google/api_core/_python_version_support.py:275: FutureWarning: You are using a Python version (3.10.19) which Google will stop supporting in new releases of google.api_core once it reaches its end of life (2026-10-04). Please upgrade to the latest Python version, or at least Python 3.11, to continue receiving updates for google.api_core past that date.
  warnings.warn(message, FutureWarning)
/scratch/user/ahnafalvi/envs/matinvent-hcap-bo/lib/python3.10/site-packages/orb_models/utils.py:30: UserWarning: Setting global torch default dtype to torch.float32.
  warnings.warn(f"Setting global torch default dtype to {torch_dtype}.")
W0502 03:38:34.915000 1377931 site-packages/torch/_dynamo/convert_frame.py:844] [0/8] torch._dynamo hit config.cache_size_limit (8)
W0502 03:38:34.915000 1377931 site-packages/torch/_dynamo/convert_frame.py:844] [0/8]    function: 'forward' (/scratch/user/ahnafalvi/envs/matinvent-hcap-bo/lib/python3.10/site-packages/orb_models/forcefield/gns.py:476)
W0502 03:38:34.915000 1377931 site-packages/torch/_dynamo/convert_frame.py:844] [0/8]    last reason: 0/0: tensor 'L['batch'][0]' size mismatch at index 0. expected 1156, actual 406
W0502 03:38:34.915000 1377931 site-packages/torch/_dynamo/convert_frame.py:844] [0/8] To log all recompilation reasons, use TORCH_LOGS="recompiles".
W0502 03:38:34.915000 1377931 site-packages/torch/_dynamo/convert_frame.py:844] [0/8] To diagnose recompilation issues, see https://pytorch.org/docs/main/torch.compiler_troubleshooting.html.
/scratch/user/ahnafalvi/matinvent-hcap-bo/src/ltm.py:106: FutureWarning: The behavior of DataFrame concatenation with empty or all-NA entries is deprecated. In a future version, this will no longer exclude empty or all-NA columns when determining the result dtypes. To retain the old behavior, exclude the relevant entries before the concat operation.
  self._df = pd.concat([self._df, new_df], ignore_index=True)
[GPRoutedV3] re-embedded 446 warm-start rows
/scratch/user/ahnafalvi/envs/matinvent-hcap-bo/lib/python3.10/site-packages/fairchem/core/models/escn/so3.py:23: FutureWarning: You are using `torch.load` with `weights_only=False` (the current default value), which uses the default pickle module implicitly. It is possible to construct malicious pickle data which will execute arbitrary code during unpickling (See https://github.com/pytorch/pytorch/blob/main/SECURITY.md#untrusted-models for more details). In a future release, the default value for `weights_only` will be flipped to `True`. This limits the functions that could be executed during unpickling. Arbitrary objects will no longer be allowed to be loaded via this mode unless they are explicitly allowlisted by the user via `torch.serialization.add_safe_globals`. We recommend you start setting `weights_only=True` for any use case where you don't have full control of the loaded file. Please open an issue on GitHub for any issues related to this experimental feature.
  _Jd = torch.load(os.path.join(os.path.dirname(__file__), "Jd.pt"))
/scratch/user/ahnafalvi/envs/matinvent-hcap-bo/lib/python3.10/site-packages/fairchem/core/models/scn/spherical_harmonics.py:23: FutureWarning: You are using `torch.load` with `weights_only=False` (the current default value), which uses the default pickle module implicitly. It is possible to construct malicious pickle data which will execute arbitrary code during unpickling (See https://github.com/pytorch/pytorch/blob/main/SECURITY.md#untrusted-models for more details). In a future release, the default value for `weights_only` will be flipped to `True`. This limits the functions that could be executed during unpickling. Arbitrary objects will no longer be allowed to be loaded via this mode unless they are explicitly allowlisted by the user via `torch.serialization.add_safe_globals`. We recommend you start setting `weights_only=True` for any use case where you don't have full control of the loaded file. Please open an issue on GitHub for any issues related to this experimental feature.
  _Jd = torch.load(os.path.join(os.path.dirname(__file__), "Jd.pt"))
/scratch/user/ahnafalvi/envs/matinvent-hcap-bo/lib/python3.10/site-packages/fairchem/core/models/equiformer_v2/wigner.py:10: FutureWarning: You are using `torch.load` with `weights_only=False` (the current default value), which uses the default pickle module implicitly. It is possible to construct malicious pickle data which will execute arbitrary code during unpickling (See https://github.com/pytorch/pytorch/blob/main/SECURITY.md#untrusted-models for more details). In a future release, the default value for `weights_only` will be flipped to `True`. This limits the functions that could be executed during unpickling. Arbitrary objects will no longer be allowed to be loaded via this mode unless they are explicitly allowlisted by the user via `torch.serialization.add_safe_globals`. We recommend you start setting `weights_only=True` for any use case where you don't have full control of the loaded file. Please open an issue on GitHub for any issues related to this experimental feature.
  _Jd = torch.load(os.path.join(os.path.dirname(__file__), "Jd.pt"))
/scratch/user/ahnafalvi/envs/matinvent-hcap-bo/lib/python3.10/site-packages/fairchem/core/common/relaxation/ase_utils.py:200: FutureWarning: You are using `torch.load` with `weights_only=False` (the current default value), which uses the default pickle module implicitly. It is possible to construct malicious pickle data which will execute arbitrary code during unpickling (See https://github.com/pytorch/pytorch/blob/main/SECURITY.md#untrusted-models for more details). In a future release, the default value for `weights_only` will be flipped to `True`. This limits the functions that could be executed during unpickling. Arbitrary objects will no longer be allowed to be loaded via this mode unless they are explicitly allowlisted by the user via `torch.serialization.add_safe_globals`. We recommend you start setting `weights_only=True` for any use case where you don't have full control of the loaded file. Please open an issue on GitHub for any issues related to this experimental feature.
  checkpoint = torch.load(checkpoint_path, map_location=torch.device("cpu"))
/scratch/user/ahnafalvi/envs/matinvent-hcap-bo/lib/python3.10/site-packages/fairchem/core/models/esen/esen.py:91: FutureWarning: You are using `torch.load` with `weights_only=False` (the current default value), which uses the default pickle module implicitly. It is possible to construct malicious pickle data which will execute arbitrary code during unpickling (See https://github.com/pytorch/pytorch/blob/main/SECURITY.md#untrusted-models for more details). In a future release, the default value for `weights_only` will be flipped to `True`. This limits the functions that could be executed during unpickling. Arbitrary objects will no longer be allowed to be loaded via this mode unless they are explicitly allowlisted by the user via `torch.serialization.add_safe_globals`. We recommend you start setting `weights_only=True` for any use case where you don't have full control of the loaded file. Please open an issue on GitHub for any issues related to this experimental feature.
  Jd_list = torch.load(os.path.join(os.path.dirname(__file__), "Jd.pt"))
[LocalESEN] imaginary modes detected
[LocalESEN] imaginary modes detected
[LocalESEN] imaginary modes detected
[GPRoutedV3] inner _phonon_task failed: OutOfMemoryError: CUDA out of memory. Tried to allocate 188.00 MiB. GPU 0 has a total capacity of 15.56 GiB of which 58.62 MiB is free. Including non-PyTorch memory, this process has 15.50 GiB memory in use. Of the allocated memory 15.24 GiB is allocated by PyTorch, and 90.19 MiB is reserved by PyTorch but unallocated. If reserved but unallocated memory is large try setting PYTORCH_CUDA_ALLOC_CONF=expandable_segments:True to avoid fragmentation.  See documentation for Memory Management  (https://pytorch.org/docs/stable/notes/cuda.html#environment-variables)
[LocalESEN] imaginary modes detected
[LocalESEN] imaginary modes detected
[LocalESEN] imaginary modes detected
/scratch/user/ahnafalvi/envs/matinvent-hcap-bo/lib/python3.10/site-packages/botorch/models/utils/assorted.py:271: InputDataWarning: Data (input features) is not contained to the unit cube. Please consider min-max scaling the input data.
  check_min_max_scaling(
/scratch/user/ahnafalvi/envs/matinvent-hcap-bo/lib/python3.10/site-packages/botorch/models/utils/assorted.py:271: InputDataWarning: Data (input features) is not contained to the unit cube. Please consider min-max scaling the input data.
  check_min_max_scaling(
/scratch/user/ahnafalvi/envs/matinvent-hcap-bo/lib/python3.10/site-packages/botorch/models/utils/assorted.py:271: InputDataWarning: Data (input features) is not contained to the unit cube. Please consider min-max scaling the input data.
  check_min_max_scaling(
/scratch/user/ahnafalvi/envs/matinvent-hcap-bo/lib/python3.10/site-packages/botorch/models/utils/assorted.py:271: InputDataWarning: Data (input features) is not contained to the unit cube. Please consider min-max scaling the input data.
  check_min_max_scaling(
/scratch/user/ahnafalvi/envs/matinvent-hcap-bo/lib/python3.10/site-packages/botorch/models/utils/assorted.py:271: InputDataWarning: Data (input features) is not contained to the unit cube. Please consider min-max scaling the input data.
  check_min_max_scaling(
/scratch/user/ahnafalvi/envs/matinvent-hcap-bo/lib/python3.10/site-packages/botorch/models/utils/assorted.py:271: InputDataWarning: Data (input features) is not contained to the unit cube. Please consider min-max scaling the input data.
  check_min_max_scaling(
/scratch/user/ahnafalvi/envs/matinvent-hcap-bo/lib/python3.10/site-packages/uncertainties/core.py:1024: UserWarning: Using UFloat objects with std_dev==0 may give unexpected results.
  warn("Using UFloat objects with std_dev==0 may give unexpected results.")
[LocalESEN] imaginary modes detected
[LocalESEN] imaginary modes detected
[GPRoutedV3] inner _phonon_task failed: OutOfMemoryError: CUDA out of memory. Tried to allocate 120.00 MiB. GPU 0 has a total capacity of 15.56 GiB of which 116.62 MiB is free. Including non-PyTorch memory, this process has 15.44 GiB memory in use. Of the allocated memory 15.10 GiB is allocated by PyTorch, and 167.81 MiB is reserved by PyTorch but unallocated. If reserved but unallocated memory is large try setting PYTORCH_CUDA_ALLOC_CONF=expandable_segments:True to avoid fragmentation.  See documentation for Memory Management  (https://pytorch.org/docs/stable/notes/cuda.html#environment-variables)
[LocalESEN] imaginary modes detected
[LocalESEN] imaginary modes detected
/scratch/user/ahnafalvi/envs/matinvent-hcap-bo/lib/python3.10/site-packages/botorch/models/utils/assorted.py:271: InputDataWarning: Data (input features) is not contained to the unit cube. Please consider min-max scaling the input data.
  check_min_max_scaling(
/scratch/user/ahnafalvi/envs/matinvent-hcap-bo/lib/python3.10/site-packages/botorch/models/utils/assorted.py:271: InputDataWarning: Data (input features) is not contained to the unit cube. Please consider min-max scaling the input data.
  check_min_max_scaling(
/scratch/user/ahnafalvi/envs/matinvent-hcap-bo/lib/python3.10/site-packages/botorch/models/utils/assorted.py:271: InputDataWarning: Data (input features) is not contained to the unit cube. Please consider min-max scaling the input data.
  check_min_max_scaling(
/scratch/user/ahnafalvi/envs/matinvent-hcap-bo/lib/python3.10/site-packages/botorch/models/utils/assorted.py:271: InputDataWarning: Data (input features) is not contained to the unit cube. Please consider min-max scaling the input data.
  check_min_max_scaling(
/scratch/user/ahnafalvi/envs/matinvent-hcap-bo/lib/python3.10/site-packages/botorch/models/utils/assorted.py:271: InputDataWarning: Data (input features) is not contained to the unit cube. Please consider min-max scaling the input data.
  check_min_max_scaling(
/scratch/user/ahnafalvi/envs/matinvent-hcap-bo/lib/python3.10/site-packages/botorch/models/utils/assorted.py:271: InputDataWarning: Data (input features) is not contained to the unit cube. Please consider min-max scaling the input data.
  check_min_max_scaling(
/scratch/user/ahnafalvi/envs/matinvent-hcap-bo/lib/python3.10/site-packages/uncertainties/core.py:1024: UserWarning: Using UFloat objects with std_dev==0 may give unexpected results.
  warn("Using UFloat objects with std_dev==0 may give unexpected results.")
[LocalESEN] imaginary modes detected
[LocalESEN] imaginary modes detected
[LocalESEN] imaginary modes detected
[LocalESEN] imaginary modes detected
[LocalESEN] imaginary modes detected
/scratch/user/ahnafalvi/envs/matinvent-hcap-bo/lib/python3.10/site-packages/botorch/models/utils/assorted.py:271: InputDataWarning: Data (input features) is not contained to the unit cube. Please consider min-max scaling the input data.
  check_min_max_scaling(
/scratch/user/ahnafalvi/envs/matinvent-hcap-bo/lib/python3.10/site-packages/botorch/models/utils/assorted.py:271: InputDataWarning: Data (input features) is not contained to the unit cube. Please consider min-max scaling the input data.
  check_min_max_scaling(
/scratch/user/ahnafalvi/envs/matinvent-hcap-bo/lib/python3.10/site-packages/botorch/models/utils/assorted.py:271: InputDataWarning: Data (input features) is not contained to the unit cube. Please consider min-max scaling the input data.
  check_min_max_scaling(
/scratch/user/ahnafalvi/envs/matinvent-hcap-bo/lib/python3.10/site-packages/botorch/models/utils/assorted.py:271: InputDataWarning: Data (input features) is not contained to the unit cube. Please consider min-max scaling the input data.
  check_min_max_scaling(
/scratch/user/ahnafalvi/envs/matinvent-hcap-bo/lib/python3.10/site-packages/botorch/models/utils/assorted.py:271: InputDataWarning: Data (input features) is not contained to the unit cube. Please consider min-max scaling the input data.
  check_min_max_scaling(
/scratch/user/ahnafalvi/envs/matinvent-hcap-bo/lib/python3.10/site-packages/botorch/models/utils/assorted.py:271: InputDataWarning: Data (input features) is not contained to the unit cube. Please consider min-max scaling the input data.
  check_min_max_scaling(
/scratch/user/ahnafalvi/envs/matinvent-hcap-bo/lib/python3.10/site-packages/uncertainties/core.py:1024: UserWarning: Using UFloat objects with std_dev==0 may give unexpected results.
  warn("Using UFloat objects with std_dev==0 may give unexpected results.")
[LocalESEN] imaginary modes detected
[GPRoutedV3] inner _phonon_task failed: OutOfMemoryError: CUDA out of memory. Tried to allocate 86.00 MiB. GPU 0 has a total capacity of 15.56 GiB of which 34.62 MiB is free. Including non-PyTorch memory, this process has 15.52 GiB memory in use. Of the allocated memory 15.23 GiB is allocated by PyTorch, and 122.70 MiB is reserved by PyTorch but unallocated. If reserved but unallocated memory is large try setting PYTORCH_CUDA_ALLOC_CONF=expandable_segments:True to avoid fragmentation.  See documentation for Memory Management  (https://pytorch.org/docs/stable/notes/cuda.html#environment-variables)
[LocalESEN] imaginary modes detected
/scratch/user/ahnafalvi/envs/matinvent-hcap-bo/lib/python3.10/site-packages/botorch/models/utils/assorted.py:271: InputDataWarning: Data (input features) is not contained to the unit cube. Please consider min-max scaling the input data.
  check_min_max_scaling(
/scratch/user/ahnafalvi/envs/matinvent-hcap-bo/lib/python3.10/site-packages/botorch/models/utils/assorted.py:271: InputDataWarning: Data (input features) is not contained to the unit cube. Please consider min-max scaling the input data.
  check_min_max_scaling(
/scratch/user/ahnafalvi/envs/matinvent-hcap-bo/lib/python3.10/site-packages/botorch/models/utils/assorted.py:271: InputDataWarning: Data (input features) is not contained to the unit cube. Please consider min-max scaling the input data.
  check_min_max_scaling(
/scratch/user/ahnafalvi/envs/matinvent-hcap-bo/lib/python3.10/site-packages/botorch/models/utils/assorted.py:271: InputDataWarning: Data (input features) is not contained to the unit cube. Please consider min-max scaling the input data.
  check_min_max_scaling(
/scratch/user/ahnafalvi/envs/matinvent-hcap-bo/lib/python3.10/site-packages/botorch/models/utils/assorted.py:271: InputDataWarning: Data (input features) is not contained to the unit cube. Please consider min-max scaling the input data.
  check_min_max_scaling(
/scratch/user/ahnafalvi/envs/matinvent-hcap-bo/lib/python3.10/site-packages/botorch/models/utils/assorted.py:271: InputDataWarning: Data (input features) is not contained to the unit cube. Please consider min-max scaling the input data.
  check_min_max_scaling(
/scratch/user/ahnafalvi/envs/matinvent-hcap-bo/lib/python3.10/site-packages/uncertainties/core.py:1024: UserWarning: Using UFloat objects with std_dev==0 may give unexpected results.
  warn("Using UFloat objects with std_dev==0 may give unexpected results.")
[GPRoutedV3] inner _phonon_task failed: OutOfMemoryError: CUDA out of memory. Tried to allocate 94.00 MiB. GPU 0 has a total capacity of 15.56 GiB of which 30.62 MiB is free. Including non-PyTorch memory, this process has 15.52 GiB memory in use. Of the allocated memory 15.24 GiB is allocated by PyTorch, and 112.70 MiB is reserved by PyTorch but unallocated. If reserved but unallocated memory is large try setting PYTORCH_CUDA_ALLOC_CONF=expandable_segments:True to avoid fragmentation.  See documentation for Memory Management  (https://pytorch.org/docs/stable/notes/cuda.html#environment-variables)
[LocalESEN] imaginary modes detected
[LocalESEN] imaginary modes detected
/scratch/user/ahnafalvi/envs/matinvent-hcap-bo/lib/python3.10/site-packages/botorch/models/utils/assorted.py:271: InputDataWarning: Data (input features) is not contained to the unit cube. Please consider min-max scaling the input data.
  check_min_max_scaling(
/scratch/user/ahnafalvi/envs/matinvent-hcap-bo/lib/python3.10/site-packages/botorch/models/utils/assorted.py:271: InputDataWarning: Data (input features) is not contained to the unit cube. Please consider min-max scaling the input data.
  check_min_max_scaling(
/scratch/user/ahnafalvi/envs/matinvent-hcap-bo/lib/python3.10/site-packages/botorch/models/utils/assorted.py:271: InputDataWarning: Data (input features) is not contained to the unit cube. Please consider min-max scaling the input data.
  check_min_max_scaling(
/scratch/user/ahnafalvi/envs/matinvent-hcap-bo/lib/python3.10/site-packages/botorch/models/utils/assorted.py:271: InputDataWarning: Data (input features) is not contained to the unit cube. Please consider min-max scaling the input data.
  check_min_max_scaling(
/scratch/user/ahnafalvi/envs/matinvent-hcap-bo/lib/python3.10/site-packages/botorch/models/utils/assorted.py:271: InputDataWarning: Data (input features) is not contained to the unit cube. Please consider min-max scaling the input data.
  check_min_max_scaling(
/scratch/user/ahnafalvi/envs/matinvent-hcap-bo/lib/python3.10/site-packages/botorch/models/utils/assorted.py:271: InputDataWarning: Data (input features) is not contained to the unit cube. Please consider min-max scaling the input data.
  check_min_max_scaling(
/scratch/user/ahnafalvi/envs/matinvent-hcap-bo/lib/python3.10/site-packages/uncertainties/core.py:1024: UserWarning: Using UFloat objects with std_dev==0 may give unexpected results.
  warn("Using UFloat objects with std_dev==0 may give unexpected results.")
[LocalESEN] imaginary modes detected
[LocalESEN] imaginary modes detected
[LocalESEN] imaginary modes detected
[LocalESEN] imaginary modes detected
[GPRoutedV3] inner _phonon_task failed: OutOfMemoryError: CUDA out of memory. Tried to allocate 64.00 MiB. GPU 0 has a total capacity of 15.56 GiB of which 54.62 MiB is free. Including non-PyTorch memory, this process has 15.50 GiB memory in use. Of the allocated memory 15.21 GiB is allocated by PyTorch, and 120.16 MiB is reserved by PyTorch but unallocated. If reserved but unallocated memory is large try setting PYTORCH_CUDA_ALLOC_CONF=expandable_segments:True to avoid fragmentation.  See documentation for Memory Management  (https://pytorch.org/docs/stable/notes/cuda.html#environment-variables)
/scratch/user/ahnafalvi/envs/matinvent-hcap-bo/lib/python3.10/site-packages/botorch/models/utils/assorted.py:271: InputDataWarning: Data (input features) is not contained to the unit cube. Please consider min-max scaling the input data.
  check_min_max_scaling(
/scratch/user/ahnafalvi/envs/matinvent-hcap-bo/lib/python3.10/site-packages/botorch/models/utils/assorted.py:271: InputDataWarning: Data (input features) is not contained to the unit cube. Please consider min-max scaling the input data.
  check_min_max_scaling(
/scratch/user/ahnafalvi/envs/matinvent-hcap-bo/lib/python3.10/site-packages/botorch/models/utils/assorted.py:271: InputDataWarning: Data (input features) is not contained to the unit cube. Please consider min-max scaling the input data.
  check_min_max_scaling(
/scratch/user/ahnafalvi/envs/matinvent-hcap-bo/lib/python3.10/site-packages/botorch/models/utils/assorted.py:271: InputDataWarning: Data (input features) is not contained to the unit cube. Please consider min-max scaling the input data.
  check_min_max_scaling(
/scratch/user/ahnafalvi/envs/matinvent-hcap-bo/lib/python3.10/site-packages/botorch/models/utils/assorted.py:271: InputDataWarning: Data (input features) is not contained to the unit cube. Please consider min-max scaling the input data.
  check_min_max_scaling(
/scratch/user/ahnafalvi/envs/matinvent-hcap-bo/lib/python3.10/site-packages/botorch/models/utils/assorted.py:271: InputDataWarning: Data (input features) is not contained to the unit cube. Please consider min-max scaling the input data.
  check_min_max_scaling(
/scratch/user/ahnafalvi/envs/matinvent-hcap-bo/lib/python3.10/site-packages/uncertainties/core.py:1024: UserWarning: Using UFloat objects with std_dev==0 may give unexpected results.
  warn("Using UFloat objects with std_dev==0 may give unexpected results.")
[LocalESEN] imaginary modes detected
[GPRoutedV3] inner _phonon_task failed: OutOfMemoryError: CUDA out of memory. Tried to allocate 76.00 MiB. GPU 0 has a total capacity of 15.56 GiB of which 54.62 MiB is free. Including non-PyTorch memory, this process has 15.50 GiB memory in use. Of the allocated memory 15.22 GiB is allocated by PyTorch, and 104.86 MiB is reserved by PyTorch but unallocated. If reserved but unallocated memory is large try setting PYTORCH_CUDA_ALLOC_CONF=expandable_segments:True to avoid fragmentation.  See documentation for Memory Management  (https://pytorch.org/docs/stable/notes/cuda.html#environment-variables)
[LocalESEN] imaginary modes detected
[LocalESEN] imaginary modes detected
[LocalESEN] imaginary modes detected
[LocalESEN] imaginary modes detected
/scratch/user/ahnafalvi/envs/matinvent-hcap-bo/lib/python3.10/site-packages/botorch/models/utils/assorted.py:271: InputDataWarning: Data (input features) is not contained to the unit cube. Please consider min-max scaling the input data.
  check_min_max_scaling(
/scratch/user/ahnafalvi/envs/matinvent-hcap-bo/lib/python3.10/site-packages/botorch/models/utils/assorted.py:271: InputDataWarning: Data (input features) is not contained to the unit cube. Please consider min-max scaling the input data.
  check_min_max_scaling(
/scratch/user/ahnafalvi/envs/matinvent-hcap-bo/lib/python3.10/site-packages/botorch/models/utils/assorted.py:271: InputDataWarning: Data (input features) is not contained to the unit cube. Please consider min-max scaling the input data.
  check_min_max_scaling(
/scratch/user/ahnafalvi/envs/matinvent-hcap-bo/lib/python3.10/site-packages/botorch/models/utils/assorted.py:271: InputDataWarning: Data (input features) is not contained to the unit cube. Please consider min-max scaling the input data.
  check_min_max_scaling(
/scratch/user/ahnafalvi/envs/matinvent-hcap-bo/lib/python3.10/site-packages/botorch/models/utils/assorted.py:271: InputDataWarning: Data (input features) is not contained to the unit cube. Please consider min-max scaling the input data.
  check_min_max_scaling(
/scratch/user/ahnafalvi/envs/matinvent-hcap-bo/lib/python3.10/site-packages/botorch/models/utils/assorted.py:271: InputDataWarning: Data (input features) is not contained to the unit cube. Please consider min-max scaling the input data.
  check_min_max_scaling(
/scratch/user/ahnafalvi/envs/matinvent-hcap-bo/lib/python3.10/site-packages/uncertainties/core.py:1024: UserWarning: Using UFloat objects with std_dev==0 may give unexpected results.
  warn("Using UFloat objects with std_dev==0 may give unexpected results.")
[LocalESEN] imaginary modes detected
[GPRoutedV3] inner _phonon_task failed: OutOfMemoryError: CUDA out of memory. Tried to allocate 86.00 MiB. GPU 0 has a total capacity of 15.56 GiB of which 72.62 MiB is free. Including non-PyTorch memory, this process has 15.48 GiB memory in use. Of the allocated memory 15.17 GiB is allocated by PyTorch, and 145.21 MiB is reserved by PyTorch but unallocated. If reserved but unallocated memory is large try setting PYTORCH_CUDA_ALLOC_CONF=expandable_segments:True to avoid fragmentation.  See documentation for Memory Management  (https://pytorch.org/docs/stable/notes/cuda.html#environment-variables)
[LocalESEN] imaginary modes detected
[GPRoutedV3] inner _phonon_task failed: OutOfMemoryError: CUDA out of memory. Tried to allocate 198.00 MiB. GPU 0 has a total capacity of 15.56 GiB of which 152.62 MiB is free. Including non-PyTorch memory, this process has 15.40 GiB memory in use. Of the allocated memory 15.11 GiB is allocated by PyTorch, and 126.49 MiB is reserved by PyTorch but unallocated. If reserved but unallocated memory is large try setting PYTORCH_CUDA_ALLOC_CONF=expandable_segments:True to avoid fragmentation.  See documentation for Memory Management  (https://pytorch.org/docs/stable/notes/cuda.html#environment-variables)
[LocalESEN] imaginary modes detected
[LocalESEN] imaginary modes detected
[LocalESEN] imaginary modes detected
/scratch/user/ahnafalvi/envs/matinvent-hcap-bo/lib/python3.10/site-packages/botorch/models/utils/assorted.py:271: InputDataWarning: Data (input features) is not contained to the unit cube. Please consider min-max scaling the input data.
  check_min_max_scaling(
/scratch/user/ahnafalvi/envs/matinvent-hcap-bo/lib/python3.10/site-packages/botorch/models/utils/assorted.py:271: InputDataWarning: Data (input features) is not contained to the unit cube. Please consider min-max scaling the input data.
  check_min_max_scaling(
/scratch/user/ahnafalvi/envs/matinvent-hcap-bo/lib/python3.10/site-packages/botorch/models/utils/assorted.py:271: InputDataWarning: Data (input features) is not contained to the unit cube. Please consider min-max scaling the input data.
  check_min_max_scaling(
/scratch/user/ahnafalvi/envs/matinvent-hcap-bo/lib/python3.10/site-packages/botorch/models/utils/assorted.py:271: InputDataWarning: Data (input features) is not contained to the unit cube. Please consider min-max scaling the input data.
  check_min_max_scaling(
/scratch/user/ahnafalvi/envs/matinvent-hcap-bo/lib/python3.10/site-packages/botorch/models/utils/assorted.py:271: InputDataWarning: Data (input features) is not contained to the unit cube. Please consider min-max scaling the input data.
  check_min_max_scaling(
/scratch/user/ahnafalvi/envs/matinvent-hcap-bo/lib/python3.10/site-packages/botorch/models/utils/assorted.py:271: InputDataWarning: Data (input features) is not contained to the unit cube. Please consider min-max scaling the input data.
  check_min_max_scaling(
/scratch/user/ahnafalvi/envs/matinvent-hcap-bo/lib/python3.10/site-packages/uncertainties/core.py:1024: UserWarning: Using UFloat objects with std_dev==0 may give unexpected results.
  warn("Using UFloat objects with std_dev==0 may give unexpected results.")
[LocalESEN] imaginary modes detected
[LocalESEN] imaginary modes detected
[LocalESEN] imaginary modes detected
[GPRoutedV3] inner _phonon_task failed: OutOfMemoryError: CUDA out of memory. Tried to allocate 84.00 MiB. GPU 0 has a total capacity of 15.56 GiB of which 14.62 MiB is free. Including non-PyTorch memory, this process has 15.54 GiB memory in use. Of the allocated memory 15.21 GiB is allocated by PyTorch, and 156.13 MiB is reserved by PyTorch but unallocated. If reserved but unallocated memory is large try setting PYTORCH_CUDA_ALLOC_CONF=expandable_segments:True to avoid fragmentation.  See documentation for Memory Management  (https://pytorch.org/docs/stable/notes/cuda.html#environment-variables)
[LocalESEN] imaginary modes detected
[LocalESEN] imaginary modes detected
/scratch/user/ahnafalvi/envs/matinvent-hcap-bo/lib/python3.10/site-packages/botorch/models/utils/assorted.py:271: InputDataWarning: Data (input features) is not contained to the unit cube. Please consider min-max scaling the input data.
  check_min_max_scaling(
/scratch/user/ahnafalvi/envs/matinvent-hcap-bo/lib/python3.10/site-packages/botorch/models/utils/assorted.py:271: InputDataWarning: Data (input features) is not contained to the unit cube. Please consider min-max scaling the input data.
  check_min_max_scaling(
/scratch/user/ahnafalvi/envs/matinvent-hcap-bo/lib/python3.10/site-packages/botorch/models/utils/assorted.py:271: InputDataWarning: Data (input features) is not contained to the unit cube. Please consider min-max scaling the input data.
  check_min_max_scaling(
/scratch/user/ahnafalvi/envs/matinvent-hcap-bo/lib/python3.10/site-packages/botorch/models/utils/assorted.py:271: InputDataWarning: Data (input features) is not contained to the unit cube. Please consider min-max scaling the input data.
  check_min_max_scaling(
/scratch/user/ahnafalvi/envs/matinvent-hcap-bo/lib/python3.10/site-packages/botorch/models/utils/assorted.py:271: InputDataWarning: Data (input features) is not contained to the unit cube. Please consider min-max scaling the input data.
  check_min_max_scaling(
/scratch/user/ahnafalvi/envs/matinvent-hcap-bo/lib/python3.10/site-packages/botorch/models/utils/assorted.py:271: InputDataWarning: Data (input features) is not contained to the unit cube. Please consider min-max scaling the input data.
  check_min_max_scaling(
/scratch/user/ahnafalvi/envs/matinvent-hcap-bo/lib/python3.10/site-packages/uncertainties/core.py:1024: UserWarning: Using UFloat objects with std_dev==0 may give unexpected results.
  warn("Using UFloat objects with std_dev==0 may give unexpected results.")
/scratch/user/ahnafalvi/envs/matinvent-hcap-bo/lib/python3.10/site-packages/botorch/models/utils/assorted.py:271: InputDataWarning: Data (input features) is not contained to the unit cube. Please consider min-max scaling the input data.
  check_min_max_scaling(
/scratch/user/ahnafalvi/envs/matinvent-hcap-bo/lib/python3.10/site-packages/botorch/models/utils/assorted.py:271: InputDataWarning: Data (input features) is not contained to the unit cube. Please consider min-max scaling the input data.
  check_min_max_scaling(
/scratch/user/ahnafalvi/envs/matinvent-hcap-bo/lib/python3.10/site-packages/botorch/models/utils/assorted.py:271: InputDataWarning: Data (input features) is not contained to the unit cube. Please consider min-max scaling the input data.
  check_min_max_scaling(
/scratch/user/ahnafalvi/envs/matinvent-hcap-bo/lib/python3.10/site-packages/botorch/models/utils/assorted.py:271: InputDataWarning: Data (input features) is not contained to the unit cube. Please consider min-max scaling the input data.
  check_min_max_scaling(
/scratch/user/ahnafalvi/envs/matinvent-hcap-bo/lib/python3.10/site-packages/botorch/models/utils/assorted.py:271: InputDataWarning: Data (input features) is not contained to the unit cube. Please consider min-max scaling the input data.
  check_min_max_scaling(
/scratch/user/ahnafalvi/envs/matinvent-hcap-bo/lib/python3.10/site-packages/botorch/models/utils/assorted.py:271: InputDataWarning: Data (input features) is not contained to the unit cube. Please consider min-max scaling the input data.
  check_min_max_scaling(
/scratch/user/ahnafalvi/envs/matinvent-hcap-bo/lib/python3.10/site-packages/uncertainties/core.py:1024: UserWarning: Using UFloat objects with std_dev==0 may give unexpected results.
  warn("Using UFloat objects with std_dev==0 may give unexpected results.")
[LocalESEN] imaginary modes detected
[LocalESEN] imaginary modes detected
[LocalESEN] imaginary modes detected
[LocalESEN] imaginary modes detected
[LocalESEN] imaginary modes detected
[LocalESEN] imaginary modes detected
[LocalESEN] imaginary modes detected
[LocalESEN] imaginary modes detected
[LocalESEN] imaginary modes detected
/scratch/user/ahnafalvi/envs/matinvent-hcap-bo/lib/python3.10/site-packages/botorch/models/utils/assorted.py:271: InputDataWarning: Data (input features) is not contained to the unit cube. Please consider min-max scaling the input data.
  check_min_max_scaling(
/scratch/user/ahnafalvi/envs/matinvent-hcap-bo/lib/python3.10/site-packages/botorch/models/utils/assorted.py:271: InputDataWarning: Data (input features) is not contained to the unit cube. Please consider min-max scaling the input data.
  check_min_max_scaling(
/scratch/user/ahnafalvi/envs/matinvent-hcap-bo/lib/python3.10/site-packages/botorch/models/utils/assorted.py:271: InputDataWarning: Data (input features) is not contained to the unit cube. Please consider min-max scaling the input data.
  check_min_max_scaling(
/scratch/user/ahnafalvi/envs/matinvent-hcap-bo/lib/python3.10/site-packages/botorch/models/utils/assorted.py:271: InputDataWarning: Data (input features) is not contained to the unit cube. Please consider min-max scaling the input data.
  check_min_max_scaling(
/scratch/user/ahnafalvi/envs/matinvent-hcap-bo/lib/python3.10/site-packages/botorch/models/utils/assorted.py:271: InputDataWarning: Data (input features) is not contained to the unit cube. Please consider min-max scaling the input data.
  check_min_max_scaling(
/scratch/user/ahnafalvi/envs/matinvent-hcap-bo/lib/python3.10/site-packages/botorch/models/utils/assorted.py:271: InputDataWarning: Data (input features) is not contained to the unit cube. Please consider min-max scaling the input data.
  check_min_max_scaling(
/scratch/user/ahnafalvi/envs/matinvent-hcap-bo/lib/python3.10/site-packages/uncertainties/core.py:1024: UserWarning: Using UFloat objects with std_dev==0 may give unexpected results.
  warn("Using UFloat objects with std_dev==0 may give unexpected results.")
[LocalESEN] imaginary modes detected
[LocalESEN] imaginary modes detected
[LocalESEN] imaginary modes detected
[LocalESEN] imaginary modes detected
[LocalESEN] imaginary modes detected
[LocalESEN] imaginary modes detected
/scratch/user/ahnafalvi/envs/matinvent-hcap-bo/lib/python3.10/site-packages/botorch/models/utils/assorted.py:271: InputDataWarning: Data (input features) is not contained to the unit cube. Please consider min-max scaling the input data.
  check_min_max_scaling(
/scratch/user/ahnafalvi/envs/matinvent-hcap-bo/lib/python3.10/site-packages/botorch/models/utils/assorted.py:271: InputDataWarning: Data (input features) is not contained to the unit cube. Please consider min-max scaling the input data.
  check_min_max_scaling(
/scratch/user/ahnafalvi/envs/matinvent-hcap-bo/lib/python3.10/site-packages/botorch/models/utils/assorted.py:271: InputDataWarning: Data (input features) is not contained to the unit cube. Please consider min-max scaling the input data.
  check_min_max_scaling(
/scratch/user/ahnafalvi/envs/matinvent-hcap-bo/lib/python3.10/site-packages/botorch/models/utils/assorted.py:271: InputDataWarning: Data (input features) is not contained to the unit cube. Please consider min-max scaling the input data.
  check_min_max_scaling(
/scratch/user/ahnafalvi/envs/matinvent-hcap-bo/lib/python3.10/site-packages/botorch/models/utils/assorted.py:271: InputDataWarning: Data (input features) is not contained to the unit cube. Please consider min-max scaling the input data.
  check_min_max_scaling(
/scratch/user/ahnafalvi/envs/matinvent-hcap-bo/lib/python3.10/site-packages/botorch/models/utils/assorted.py:271: InputDataWarning: Data (input features) is not contained to the unit cube. Please consider min-max scaling the input data.
  check_min_max_scaling(
/scratch/user/ahnafalvi/matinvent-pristine/pipeline/base.py:123: RuntimeWarning: Mean of empty slice.
  logging.info(f'reward mean={success_rewards.mean():.4f} std={success_rewards.std():.4f}')
/scratch/user/ahnafalvi/envs/matinvent-hcap-bo/lib/python3.10/site-packages/numpy/core/_methods.py:129: RuntimeWarning: invalid value encountered in scalar divide
  ret = ret.dtype.type(ret / rcount)
/scratch/user/ahnafalvi/envs/matinvent-hcap-bo/lib/python3.10/site-packages/numpy/core/_methods.py:206: RuntimeWarning: Degrees of freedom <= 0 for slice
  ret = _var(a, axis=axis, dtype=dtype, out=out, ddof=ddof,
/scratch/user/ahnafalvi/envs/matinvent-hcap-bo/lib/python3.10/site-packages/numpy/core/_methods.py:163: RuntimeWarning: invalid value encountered in divide
  arrmean = um.true_divide(arrmean, div, out=arrmean,
/scratch/user/ahnafalvi/envs/matinvent-hcap-bo/lib/python3.10/site-packages/numpy/core/_methods.py:198: RuntimeWarning: invalid value encountered in scalar divide
  ret = ret.dtype.type(ret / rcount)
/scratch/user/ahnafalvi/matinvent-pristine/pipeline/base.py:124: RuntimeWarning: Mean of empty slice.
  prop_str = [f'{k} mean={v.mean():.4f} std={v.std():.4f}' for k, v in success_prop_dict.items()]
/scratch/user/ahnafalvi/matinvent-pristine/pipeline/mat_invent.py:204: RuntimeWarning: Mean of empty slice.
  log_dict = {f'{k} mean': v.mean() for k, v in prop_dict.items()}
/scratch/user/ahnafalvi/matinvent-pristine/pipeline/mat_invent.py:206: RuntimeWarning: Mean of empty slice.
  log_dict.update({'reward mean': rewards.mean(), 'reward std': rewards.std()})
/scratch/user/ahnafalvi/envs/matinvent-hcap-bo/lib/python3.10/site-packages/uncertainties/core.py:1024: UserWarning: Using UFloat objects with std_dev==0 may give unexpected results.
  warn("Using UFloat objects with std_dev==0 may give unexpected results.")
[LocalESEN] imaginary modes detected
[LocalESEN] imaginary modes detected
[LocalESEN] imaginary modes detected
[LocalESEN] imaginary modes detected
/scratch/user/ahnafalvi/envs/matinvent-hcap-bo/lib/python3.10/site-packages/botorch/models/utils/assorted.py:271: InputDataWarning: Data (input features) is not contained to the unit cube. Please consider min-max scaling the input data.
  check_min_max_scaling(
/scratch/user/ahnafalvi/envs/matinvent-hcap-bo/lib/python3.10/site-packages/botorch/models/utils/assorted.py:271: InputDataWarning: Data (input features) is not contained to the unit cube. Please consider min-max scaling the input data.
  check_min_max_scaling(
/scratch/user/ahnafalvi/envs/matinvent-hcap-bo/lib/python3.10/site-packages/botorch/models/utils/assorted.py:271: InputDataWarning: Data (input features) is not contained to the unit cube. Please consider min-max scaling the input data.
  check_min_max_scaling(
/scratch/user/ahnafalvi/envs/matinvent-hcap-bo/lib/python3.10/site-packages/botorch/models/utils/assorted.py:271: InputDataWarning: Data (input features) is not contained to the unit cube. Please consider min-max scaling the input data.
  check_min_max_scaling(
/scratch/user/ahnafalvi/envs/matinvent-hcap-bo/lib/python3.10/site-packages/botorch/models/utils/assorted.py:271: InputDataWarning: Data (input features) is not contained to the unit cube. Please consider min-max scaling the input data.
  check_min_max_scaling(
/scratch/user/ahnafalvi/envs/matinvent-hcap-bo/lib/python3.10/site-packages/botorch/models/utils/assorted.py:271: InputDataWarning: Data (input features) is not contained to the unit cube. Please consider min-max scaling the input data.
  check_min_max_scaling(
/scratch/user/ahnafalvi/envs/matinvent-hcap-bo/lib/python3.10/site-packages/uncertainties/core.py:1024: UserWarning: Using UFloat objects with std_dev==0 may give unexpected results.
  warn("Using UFloat objects with std_dev==0 may give unexpected results.")
[LocalESEN] imaginary modes detected
[LocalESEN] imaginary modes detected
[LocalESEN] imaginary modes detected
[LocalESEN] imaginary modes detected
[GPRoutedV3] inner _phonon_task failed: OutOfMemoryError: CUDA out of memory. Tried to allocate 86.00 MiB. GPU 0 has a total capacity of 15.56 GiB of which 32.62 MiB is free. Including non-PyTorch memory, this process has 15.52 GiB memory in use. Of the allocated memory 15.23 GiB is allocated by PyTorch, and 123.94 MiB is reserved by PyTorch but unallocated. If reserved but unallocated memory is large try setting PYTORCH_CUDA_ALLOC_CONF=expandable_segments:True to avoid fragmentation.  See documentation for Memory Management  (https://pytorch.org/docs/stable/notes/cuda.html#environment-variables)
/scratch/user/ahnafalvi/envs/matinvent-hcap-bo/lib/python3.10/site-packages/botorch/models/utils/assorted.py:271: InputDataWarning: Data (input features) is not contained to the unit cube. Please consider min-max scaling the input data.
  check_min_max_scaling(
/scratch/user/ahnafalvi/envs/matinvent-hcap-bo/lib/python3.10/site-packages/botorch/models/utils/assorted.py:271: InputDataWarning: Data (input features) is not contained to the unit cube. Please consider min-max scaling the input data.
  check_min_max_scaling(
/scratch/user/ahnafalvi/envs/matinvent-hcap-bo/lib/python3.10/site-packages/botorch/models/utils/assorted.py:271: InputDataWarning: Data (input features) is not contained to the unit cube. Please consider min-max scaling the input data.
  check_min_max_scaling(
/scratch/user/ahnafalvi/envs/matinvent-hcap-bo/lib/python3.10/site-packages/botorch/models/utils/assorted.py:271: InputDataWarning: Data (input features) is not contained to the unit cube. Please consider min-max scaling the input data.
  check_min_max_scaling(
/scratch/user/ahnafalvi/envs/matinvent-hcap-bo/lib/python3.10/site-packages/botorch/models/utils/assorted.py:271: InputDataWarning: Data (input features) is not contained to the unit cube. Please consider min-max scaling the input data.
  check_min_max_scaling(
/scratch/user/ahnafalvi/envs/matinvent-hcap-bo/lib/python3.10/site-packages/botorch/models/utils/assorted.py:271: InputDataWarning: Data (input features) is not contained to the unit cube. Please consider min-max scaling the input data.
  check_min_max_scaling(
/scratch/user/ahnafalvi/envs/matinvent-hcap-bo/lib/python3.10/site-packages/uncertainties/core.py:1024: UserWarning: Using UFloat objects with std_dev==0 may give unexpected results.
  warn("Using UFloat objects with std_dev==0 may give unexpected results.")
[LocalESEN] imaginary modes detected
[LocalESEN] imaginary modes detected
[LocalESEN] imaginary modes detected
[LocalESEN] imaginary modes detected
/scratch/user/ahnafalvi/envs/matinvent-hcap-bo/lib/python3.10/site-packages/botorch/models/utils/assorted.py:271: InputDataWarning: Data (input features) is not contained to the unit cube. Please consider min-max scaling the input data.
  check_min_max_scaling(
/scratch/user/ahnafalvi/envs/matinvent-hcap-bo/lib/python3.10/site-packages/botorch/models/utils/assorted.py:271: InputDataWarning: Data (input features) is not contained to the unit cube. Please consider min-max scaling the input data.
  check_min_max_scaling(
/scratch/user/ahnafalvi/envs/matinvent-hcap-bo/lib/python3.10/site-packages/botorch/models/utils/assorted.py:271: InputDataWarning: Data (input features) is not contained to the unit cube. Please consider min-max scaling the input data.
  check_min_max_scaling(
/scratch/user/ahnafalvi/envs/matinvent-hcap-bo/lib/python3.10/site-packages/botorch/models/utils/assorted.py:271: InputDataWarning: Data (input features) is not contained to the unit cube. Please consider min-max scaling the input data.
  check_min_max_scaling(
/scratch/user/ahnafalvi/envs/matinvent-hcap-bo/lib/python3.10/site-packages/botorch/models/utils/assorted.py:271: InputDataWarning: Data (input features) is not contained to the unit cube. Please consider min-max scaling the input data.
  check_min_max_scaling(
/scratch/user/ahnafalvi/envs/matinvent-hcap-bo/lib/python3.10/site-packages/botorch/models/utils/assorted.py:271: InputDataWarning: Data (input features) is not contained to the unit cube. Please consider min-max scaling the input data.
  check_min_max_scaling(
/scratch/user/ahnafalvi/envs/matinvent-hcap-bo/lib/python3.10/site-packages/uncertainties/core.py:1024: UserWarning: Using UFloat objects with std_dev==0 may give unexpected results.
  warn("Using UFloat objects with std_dev==0 may give unexpected results.")
[LocalESEN] imaginary modes detected
[GPRoutedV3] inner _phonon_task failed: OutOfMemoryError: CUDA out of memory. Tried to allocate 86.00 MiB. GPU 0 has a total capacity of 15.56 GiB of which 14.62 MiB is free. Including non-PyTorch memory, this process has 15.54 GiB memory in use. Of the allocated memory 15.26 GiB is allocated by PyTorch, and 104.55 MiB is reserved by PyTorch but unallocated. If reserved but unallocated memory is large try setting PYTORCH_CUDA_ALLOC_CONF=expandable_segments:True to avoid fragmentation.  See documentation for Memory Management  (https://pytorch.org/docs/stable/notes/cuda.html#environment-variables)
[LocalESEN] imaginary modes detected
[LocalESEN] imaginary modes detected
[LocalESEN] imaginary modes detected
[LocalESEN] imaginary modes detected
[LocalESEN] imaginary modes detected
/scratch/user/ahnafalvi/envs/matinvent-hcap-bo/lib/python3.10/site-packages/botorch/models/utils/assorted.py:271: InputDataWarning: Data (input features) is not contained to the unit cube. Please consider min-max scaling the input data.
  check_min_max_scaling(
/scratch/user/ahnafalvi/envs/matinvent-hcap-bo/lib/python3.10/site-packages/botorch/models/utils/assorted.py:271: InputDataWarning: Data (input features) is not contained to the unit cube. Please consider min-max scaling the input data.
  check_min_max_scaling(
/scratch/user/ahnafalvi/envs/matinvent-hcap-bo/lib/python3.10/site-packages/botorch/models/utils/assorted.py:271: InputDataWarning: Data (input features) is not contained to the unit cube. Please consider min-max scaling the input data.
  check_min_max_scaling(
/scratch/user/ahnafalvi/envs/matinvent-hcap-bo/lib/python3.10/site-packages/botorch/models/utils/assorted.py:271: InputDataWarning: Data (input features) is not contained to the unit cube. Please consider min-max scaling the input data.
  check_min_max_scaling(
/scratch/user/ahnafalvi/envs/matinvent-hcap-bo/lib/python3.10/site-packages/botorch/models/utils/assorted.py:271: InputDataWarning: Data (input features) is not contained to the unit cube. Please consider min-max scaling the input data.
  check_min_max_scaling(
/scratch/user/ahnafalvi/envs/matinvent-hcap-bo/lib/python3.10/site-packages/botorch/models/utils/assorted.py:271: InputDataWarning: Data (input features) is not contained to the unit cube. Please consider min-max scaling the input data.
  check_min_max_scaling(
/scratch/user/ahnafalvi/matinvent-pristine/pipeline/base.py:123: RuntimeWarning: Mean of empty slice.
  logging.info(f'reward mean={success_rewards.mean():.4f} std={success_rewards.std():.4f}')
/scratch/user/ahnafalvi/envs/matinvent-hcap-bo/lib/python3.10/site-packages/numpy/core/_methods.py:129: RuntimeWarning: invalid value encountered in scalar divide
  ret = ret.dtype.type(ret / rcount)
/scratch/user/ahnafalvi/envs/matinvent-hcap-bo/lib/python3.10/site-packages/numpy/core/_methods.py:206: RuntimeWarning: Degrees of freedom <= 0 for slice
  ret = _var(a, axis=axis, dtype=dtype, out=out, ddof=ddof,
/scratch/user/ahnafalvi/envs/matinvent-hcap-bo/lib/python3.10/site-packages/numpy/core/_methods.py:163: RuntimeWarning: invalid value encountered in divide
  arrmean = um.true_divide(arrmean, div, out=arrmean,
/scratch/user/ahnafalvi/envs/matinvent-hcap-bo/lib/python3.10/site-packages/numpy/core/_methods.py:198: RuntimeWarning: invalid value encountered in scalar divide
  ret = ret.dtype.type(ret / rcount)
/scratch/user/ahnafalvi/matinvent-pristine/pipeline/base.py:124: RuntimeWarning: Mean of empty slice.
  prop_str = [f'{k} mean={v.mean():.4f} std={v.std():.4f}' for k, v in success_prop_dict.items()]
/scratch/user/ahnafalvi/matinvent-pristine/pipeline/mat_invent.py:204: RuntimeWarning: Mean of empty slice.
  log_dict = {f'{k} mean': v.mean() for k, v in prop_dict.items()}
/scratch/user/ahnafalvi/matinvent-pristine/pipeline/mat_invent.py:206: RuntimeWarning: Mean of empty slice.
  log_dict.update({'reward mean': rewards.mean(), 'reward std': rewards.std()})
/scratch/user/ahnafalvi/envs/matinvent-hcap-bo/lib/python3.10/site-packages/uncertainties/core.py:1024: UserWarning: Using UFloat objects with std_dev==0 may give unexpected results.
  warn("Using UFloat objects with std_dev==0 may give unexpected results.")
[LocalESEN] imaginary modes detected
[LocalESEN] imaginary modes detected
[LocalESEN] imaginary modes detected
[LocalESEN] imaginary modes detected
[LocalESEN] imaginary modes detected
[LocalESEN] imaginary modes detected
[LocalESEN] imaginary modes detected
/scratch/user/ahnafalvi/envs/matinvent-hcap-bo/lib/python3.10/site-packages/botorch/models/utils/assorted.py:271: InputDataWarning: Data (input features) is not contained to the unit cube. Please consider min-max scaling the input data.
  check_min_max_scaling(
/scratch/user/ahnafalvi/envs/matinvent-hcap-bo/lib/python3.10/site-packages/botorch/models/utils/assorted.py:271: InputDataWarning: Data (input features) is not contained to the unit cube. Please consider min-max scaling the input data.
  check_min_max_scaling(
/scratch/user/ahnafalvi/envs/matinvent-hcap-bo/lib/python3.10/site-packages/botorch/models/utils/assorted.py:271: InputDataWarning: Data (input features) is not contained to the unit cube. Please consider min-max scaling the input data.
  check_min_max_scaling(
/scratch/user/ahnafalvi/envs/matinvent-hcap-bo/lib/python3.10/site-packages/botorch/models/utils/assorted.py:271: InputDataWarning: Data (input features) is not contained to the unit cube. Please consider min-max scaling the input data.
  check_min_max_scaling(
/scratch/user/ahnafalvi/envs/matinvent-hcap-bo/lib/python3.10/site-packages/botorch/models/utils/assorted.py:271: InputDataWarning: Data (input features) is not contained to the unit cube. Please consider min-max scaling the input data.
  check_min_max_scaling(
/scratch/user/ahnafalvi/envs/matinvent-hcap-bo/lib/python3.10/site-packages/botorch/models/utils/assorted.py:271: InputDataWarning: Data (input features) is not contained to the unit cube. Please consider min-max scaling the input data.
  check_min_max_scaling(
/scratch/user/ahnafalvi/envs/matinvent-hcap-bo/lib/python3.10/site-packages/uncertainties/core.py:1024: UserWarning: Using UFloat objects with std_dev==0 may give unexpected results.
  warn("Using UFloat objects with std_dev==0 may give unexpected results.")
[LocalESEN] imaginary modes detected
[LocalESEN] imaginary modes detected
[LocalESEN] imaginary modes detected
[LocalESEN] imaginary modes detected
/scratch/user/ahnafalvi/envs/matinvent-hcap-bo/lib/python3.10/site-packages/botorch/models/utils/assorted.py:271: InputDataWarning: Data (input features) is not contained to the unit cube. Please consider min-max scaling the input data.
  check_min_max_scaling(
/scratch/user/ahnafalvi/envs/matinvent-hcap-bo/lib/python3.10/site-packages/botorch/models/utils/assorted.py:271: InputDataWarning: Data (input features) is not contained to the unit cube. Please consider min-max scaling the input data.
  check_min_max_scaling(
/scratch/user/ahnafalvi/envs/matinvent-hcap-bo/lib/python3.10/site-packages/botorch/models/utils/assorted.py:271: InputDataWarning: Data (input features) is not contained to the unit cube. Please consider min-max scaling the input data.
  check_min_max_scaling(
/scratch/user/ahnafalvi/envs/matinvent-hcap-bo/lib/python3.10/site-packages/botorch/models/utils/assorted.py:271: InputDataWarning: Data (input features) is not contained to the unit cube. Please consider min-max scaling the input data.
  check_min_max_scaling(
/scratch/user/ahnafalvi/envs/matinvent-hcap-bo/lib/python3.10/site-packages/botorch/models/utils/assorted.py:271: InputDataWarning: Data (input features) is not contained to the unit cube. Please consider min-max scaling the input data.
  check_min_max_scaling(
/scratch/user/ahnafalvi/envs/matinvent-hcap-bo/lib/python3.10/site-packages/botorch/models/utils/assorted.py:271: InputDataWarning: Data (input features) is not contained to the unit cube. Please consider min-max scaling the input data.
  check_min_max_scaling(
/scratch/user/ahnafalvi/envs/matinvent-hcap-bo/lib/python3.10/site-packages/uncertainties/core.py:1024: UserWarning: Using UFloat objects with std_dev==0 may give unexpected results.
  warn("Using UFloat objects with std_dev==0 may give unexpected results.")
[LocalESEN] imaginary modes detected
[LocalESEN] imaginary modes detected
[LocalESEN] imaginary modes detected
[LocalESEN] imaginary modes detected
[LocalESEN] imaginary modes detected
[LocalESEN] imaginary modes detected
[LocalESEN] imaginary modes detected
/scratch/user/ahnafalvi/envs/matinvent-hcap-bo/lib/python3.10/site-packages/botorch/models/utils/assorted.py:271: InputDataWarning: Data (input features) is not contained to the unit cube. Please consider min-max scaling the input data.
  check_min_max_scaling(
/scratch/user/ahnafalvi/envs/matinvent-hcap-bo/lib/python3.10/site-packages/botorch/models/utils/assorted.py:271: InputDataWarning: Data (input features) is not contained to the unit cube. Please consider min-max scaling the input data.
  check_min_max_scaling(
/scratch/user/ahnafalvi/envs/matinvent-hcap-bo/lib/python3.10/site-packages/botorch/models/utils/assorted.py:271: InputDataWarning: Data (input features) is not contained to the unit cube. Please consider min-max scaling the input data.
  check_min_max_scaling(
/scratch/user/ahnafalvi/envs/matinvent-hcap-bo/lib/python3.10/site-packages/botorch/models/utils/assorted.py:271: InputDataWarning: Data (input features) is not contained to the unit cube. Please consider min-max scaling the input data.
  check_min_max_scaling(
/scratch/user/ahnafalvi/envs/matinvent-hcap-bo/lib/python3.10/site-packages/botorch/models/utils/assorted.py:271: InputDataWarning: Data (input features) is not contained to the unit cube. Please consider min-max scaling the input data.
  check_min_max_scaling(
/scratch/user/ahnafalvi/envs/matinvent-hcap-bo/lib/python3.10/site-packages/botorch/models/utils/assorted.py:271: InputDataWarning: Data (input features) is not contained to the unit cube. Please consider min-max scaling the input data.
  check_min_max_scaling(
/scratch/user/ahnafalvi/matinvent-pristine/pipeline/base.py:123: RuntimeWarning: Mean of empty slice.
  logging.info(f'reward mean={success_rewards.mean():.4f} std={success_rewards.std():.4f}')
/scratch/user/ahnafalvi/envs/matinvent-hcap-bo/lib/python3.10/site-packages/numpy/core/_methods.py:129: RuntimeWarning: invalid value encountered in scalar divide
  ret = ret.dtype.type(ret / rcount)
/scratch/user/ahnafalvi/envs/matinvent-hcap-bo/lib/python3.10/site-packages/numpy/core/_methods.py:206: RuntimeWarning: Degrees of freedom <= 0 for slice
  ret = _var(a, axis=axis, dtype=dtype, out=out, ddof=ddof,
/scratch/user/ahnafalvi/envs/matinvent-hcap-bo/lib/python3.10/site-packages/numpy/core/_methods.py:163: RuntimeWarning: invalid value encountered in divide
  arrmean = um.true_divide(arrmean, div, out=arrmean,
/scratch/user/ahnafalvi/envs/matinvent-hcap-bo/lib/python3.10/site-packages/numpy/core/_methods.py:198: RuntimeWarning: invalid value encountered in scalar divide
  ret = ret.dtype.type(ret / rcount)
/scratch/user/ahnafalvi/matinvent-pristine/pipeline/base.py:124: RuntimeWarning: Mean of empty slice.
  prop_str = [f'{k} mean={v.mean():.4f} std={v.std():.4f}' for k, v in success_prop_dict.items()]
/scratch/user/ahnafalvi/matinvent-pristine/pipeline/mat_invent.py:204: RuntimeWarning: Mean of empty slice.
  log_dict = {f'{k} mean': v.mean() for k, v in prop_dict.items()}
/scratch/user/ahnafalvi/matinvent-pristine/pipeline/mat_invent.py:206: RuntimeWarning: Mean of empty slice.
  log_dict.update({'reward mean': rewards.mean(), 'reward std': rewards.std()})
/scratch/user/ahnafalvi/envs/matinvent-hcap-bo/lib/python3.10/site-packages/uncertainties/core.py:1024: UserWarning: Using UFloat objects with std_dev==0 may give unexpected results.
  warn("Using UFloat objects with std_dev==0 may give unexpected results.")
[LocalESEN] imaginary modes detected
[LocalESEN] imaginary modes detected
[LocalESEN] imaginary modes detected
[LocalESEN] imaginary modes detected
/scratch/user/ahnafalvi/envs/matinvent-hcap-bo/lib/python3.10/site-packages/botorch/models/utils/assorted.py:271: InputDataWarning: Data (input features) is not contained to the unit cube. Please consider min-max scaling the input data.
  check_min_max_scaling(
/scratch/user/ahnafalvi/envs/matinvent-hcap-bo/lib/python3.10/site-packages/botorch/models/utils/assorted.py:271: InputDataWarning: Data (input features) is not contained to the unit cube. Please consider min-max scaling the input data.
  check_min_max_scaling(
/scratch/user/ahnafalvi/envs/matinvent-hcap-bo/lib/python3.10/site-packages/botorch/models/utils/assorted.py:271: InputDataWarning: Data (input features) is not contained to the unit cube. Please consider min-max scaling the input data.
  check_min_max_scaling(
/scratch/user/ahnafalvi/envs/matinvent-hcap-bo/lib/python3.10/site-packages/botorch/models/utils/assorted.py:271: InputDataWarning: Data (input features) is not contained to the unit cube. Please consider min-max scaling the input data.
  check_min_max_scaling(
/scratch/user/ahnafalvi/envs/matinvent-hcap-bo/lib/python3.10/site-packages/botorch/models/utils/assorted.py:271: InputDataWarning: Data (input features) is not contained to the unit cube. Please consider min-max scaling the input data.
  check_min_max_scaling(
/scratch/user/ahnafalvi/envs/matinvent-hcap-bo/lib/python3.10/site-packages/botorch/models/utils/assorted.py:271: InputDataWarning: Data (input features) is not contained to the unit cube. Please consider min-max scaling the input data.
  check_min_max_scaling(
