Phase-3 v3 ADiT BASELINE seed=99 cycles=20 at Sat May  2 01:31:47 CDT 2026 on fc101
Tesla T4, 16384 MiB
MODELS_PROJECT_ROOT: /scratch/user/ahnafalvi/matinvent-bo/src/mattergen/mattergen
[2026-05-02 01:38:08,238][httpx][INFO] - HTTP Request: HEAD https://huggingface.co/jwchen25/MatInvent/resolve/main/reference_MP2020correction.gz "HTTP/1.1 302 Found"
[2026-05-02 01:40:35,330][root][INFO] - *****   RL START   *****
[2026-05-02 01:40:35,331][root][INFO] - *****   LOOP 0 START   *****
[2026-05-02 01:40:35,331][root][INFO] - SAMPLE:
[32m2026-05-02 01:41:28.744[0m | [1mINFO    [0m | [36mmattersim.forcefield.potential[0m:[36mfrom_checkpoint[0m:[36m891[0m - [1mLoading the pre-trained mattersim-v1.0.0-5M.pth model[0m
[2026-05-02 01:53:54,929][root][INFO] - Number of filtered samples: 7
[2026-05-02 01:53:54,978][root][INFO] - avg_energy_above_hull_per_atom: 0.171563, avg_rmsd_from_relaxation: 0.455906, frac_novel_unique_stable_structures: 0.129630, frac_stable_structures: 0.666667, frac_successful_jobs: 1.000000, avg_comp_validity: 1.000000, avg_structure_comp_validity: 1.000000, avg_structure_validity: 1.000000, frac_novel_structures: 0.444444, frac_novel_systems: 0.111111, frac_novel_unique_structures: 0.444444, frac_unique_structures: 1.000000, frac_unique_systems: 1.000000, precision: 0.555556, recall: 0.000104
[2026-05-02 01:53:54,999][root][INFO] - SCORE:
[2026-05-02 01:54:09,597][root][INFO] - Project root: /scratch/user/ahnafalvi/envs/matinvent-hcap-bo/lib/python3.10/site-packages/fairchem
[2026-05-02 01:54:40,844][root][INFO] - Checking local cache: /scratch/user/ahnafalvi/.cache/huggingface for model eSEN-30M-OAM
[2026-05-02 01:54:41,790][httpx][INFO] - HTTP Request: HEAD https://huggingface.co/facebook/OMAT24/resolve/main/esen_30m_oam.pt "HTTP/1.1 302 Found"
[2026-05-02 01:54:45,822][root][INFO] - local rank base: 0
[2026-05-02 01:54:46,241][root][INFO] - amp: false
cmd:
  checkpoint_dir: /scratch/user/ahnafalvi/matinvent-hcap-bo/results/hcap_p3v3_adit_baseline_seed99_3003388/checkpoints/2026-05-02-01-53-52
  commit: core:None,experimental:NA
  identifier: ''
  logs_dir: /scratch/user/ahnafalvi/matinvent-hcap-bo/results/hcap_p3v3_adit_baseline_seed99_3003388/logs/wandb/2026-05-02-01-53-52
  print_every: 100
  results_dir: /scratch/user/ahnafalvi/matinvent-hcap-bo/results/hcap_p3v3_adit_baseline_seed99_3003388/results/2026-05-02-01-53-52
  seed: null
  timestamp_id: 2026-05-02-01-53-52
  version: 1.10.0
dataset:
  a2g_args:
    r_energy: true
    r_forces: true
    r_stress: true
  format: ase_db
  metadata_path: ''
  transforms:
    element_references: ''
    normalizer:
      energy:
        mean: 0.0
        stdev: 0.6274358
      forces:
        mean: 0.0
        stdev: 0.6274358
      stress:
        mean: 0.0
        stdev: 0.6274358
evaluation_metrics:
  metrics:
    energy:
    - mae
    - per_atom_mae
    forces:
    - mae
    - cosine_similarity
    stress:
    - mae
  primary_metric: forces_mae
gp_gpus: null
gpus: 1
logger: wandb
loss_functions:
- energy:
    coefficient: 20
    fn: per_atom_mae
- forces:
    coefficient: 20
    fn: l2mae
- stress:
    coefficient: 5
    fn: mae
model:
  backbone:
    act_type: gate
    cutoff: 6.0
    direct_forces: false
    distance_function: gaussian
    edge_channels: 128
    hidden_channels: 128
    lmax: 3
    max_neighbors: 300
    max_num_elements: 100
    mlp_type: spectral
    mmax: 2
    model: esen_backbone
    norm_type: rms_norm_sh
    num_distance_basis: 64
    num_layers: 10
    otf_graph: true
    regress_forces: true
    regress_stress: true
    sphere_channels: 128
    use_envelope: true
    use_pbc: true
    use_pbc_single: true
  heads:
    mptrj:
      module: esen_mlp_efs_head
  name: hydra
  otf_graph: true
  pass_through_head_outputs: true
optim:
  batch_size: 4
  clip_grad_norm: 100
  ema_decay: 0.999
  eval_batch_size: 4
  eval_every: 5000
  load_balancing: atoms
  lr_initial: 0.0004
  max_epochs: 1
  num_workers: 4
  optimizer: AdamW
  optimizer_params:
    weight_decay: 0.001
  scheduler: LambdaLR
  scheduler_params:
    epochs: 85271
    lambda_type: cosine
    lr: 0.0004
    lr_min_factor: 0.1
    warmup_epochs: 8527
    warmup_factor: 0.2
outputs:
  energy:
    level: system
    property: energy
  forces:
    eval_on_free_atoms: true
    level: atom
    property: forces
    train_on_free_atoms: true
  stress:
    level: system
    property: stress
relax_dataset: {}
slurm: {}
task: {}
test_dataset: {}
trainer: ocp
val_dataset: {}

[2026-05-02 01:54:46,241][root][INFO] - Loading model: hydra
[2026-05-02 01:54:50,754][root][INFO] - Loaded HydraModel with 30161153 parameters.
[2026-05-02 01:54:50,804][root][INFO] - Loading checkpoint in inference-only mode, not loading keys associated with trainer state!
[2026-05-02 01:54:50,836][root][WARNING] - No seed has been set in modelcheckpoint or OCPCalculator! Results may not be reproducible on re-run
[2026-05-02 02:08:01,320][root][INFO] - Evaluation costs to date: 7
[2026-05-02 02:08:01,466][root][INFO] - Number of samples that successfully obtained rewards: 2
[2026-05-02 02:08:01,467][root][INFO] - reward mean=0.0671 std=0.0039
[2026-05-02 02:08:01,467][root][INFO] - heat_capacity mean=0.3674 std=0.0068
[2026-05-02 02:08:01,635][root][INFO] - 2 crystals generated so far, 2 unique components.  Burden: None, Div. Ratio: 1.0.
[2026-05-02 02:08:01,653][root][INFO] - Diversity filter: tol_n=0, buff_n=0
[2026-05-02 02:08:01,656][root][INFO] - replay buffer size=0
[2026-05-02 02:08:01,703][root][INFO] - buffer reward mean=nan
[2026-05-02 02:08:01,704][root][INFO] - FINETUNE:
[2026-05-02 02:08:04,705][root][INFO] - Epoch 0: loss: 0.1853, loss_diff: 0.1853, loss_kl: 0.0000
[2026-05-02 02:08:04,887][root][INFO] - Epoch 1: loss: 0.1332, loss_diff: 0.1332, loss_kl: 0.0004
[2026-05-02 02:08:05,083][root][INFO] - Epoch 2: loss: 0.1533, loss_diff: 0.1532, loss_kl: 0.0036
[2026-05-02 02:08:05,084][root][INFO] - *****   LOOP 0 FINISH   *****
[2026-05-02 02:08:05,084][root][INFO] - Total time taken: 27.50 min.


[2026-05-02 02:08:05,085][root][INFO] - *****   LOOP 1 START   *****
[2026-05-02 02:08:05,085][root][INFO] - SAMPLE:
[32m2026-05-02 02:08:53.056[0m | [1mINFO    [0m | [36mmattersim.forcefield.potential[0m:[36mfrom_checkpoint[0m:[36m891[0m - [1mLoading the pre-trained mattersim-v1.0.0-5M.pth model[0m
[2026-05-02 02:11:26,640][root][INFO] - Number of filtered samples: 7
[2026-05-02 02:11:26,642][root][INFO] - avg_energy_above_hull_per_atom: 0.132456, avg_rmsd_from_relaxation: 0.517805, frac_novel_unique_stable_structures: 0.122807, frac_stable_structures: 0.719298, frac_successful_jobs: 1.000000, avg_comp_validity: 1.000000, avg_structure_comp_validity: 1.000000, avg_structure_validity: 1.000000, frac_novel_structures: 0.368421, frac_novel_systems: 0.087719, frac_novel_unique_structures: 0.368421, frac_unique_structures: 1.000000, frac_unique_systems: 1.000000, precision: 0.631579, recall: 0.000104
[2026-05-02 02:11:26,648][root][INFO] - SCORE:
[2026-05-02 02:22:05,904][root][INFO] - Evaluation costs to date: 14
[2026-05-02 02:22:05,929][root][INFO] - Number of samples that successfully obtained rewards: 4
[2026-05-02 02:22:05,930][root][INFO] - reward mean=0.0351 std=0.0396
[2026-05-02 02:22:05,930][root][INFO] - heat_capacity mean=0.2999 std=0.0798
[2026-05-02 02:22:06,011][root][INFO] - 6 crystals generated so far, 6 unique components.  Burden: None, Div. Ratio: 1.0.
[2026-05-02 02:22:06,037][root][INFO] - Diversity filter: tol_n=0, buff_n=0
[2026-05-02 02:22:06,039][root][INFO] - replay buffer size=0
[2026-05-02 02:22:06,039][root][INFO] - buffer reward mean=nan
[2026-05-02 02:22:06,039][root][INFO] - FINETUNE:
[2026-05-02 02:22:07,016][root][INFO] - Epoch 0: loss: 0.0648, loss_diff: 0.0648, loss_kl: 0.0020
[2026-05-02 02:22:07,227][root][INFO] - Epoch 1: loss: 0.0428, loss_diff: 0.0428, loss_kl: 0.0002
[2026-05-02 02:22:07,426][root][INFO] - Epoch 2: loss: 0.0760, loss_diff: 0.0760, loss_kl: 0.0011
[2026-05-02 02:22:07,427][root][INFO] - *****   LOOP 1 FINISH   *****
[2026-05-02 02:22:07,427][root][INFO] - Total time taken: 14.04 min.


[2026-05-02 02:22:07,428][root][INFO] - *****   LOOP 2 START   *****
[2026-05-02 02:22:07,428][root][INFO] - SAMPLE:
[32m2026-05-02 02:22:52.220[0m | [1mINFO    [0m | [36mmattersim.forcefield.potential[0m:[36mfrom_checkpoint[0m:[36m891[0m - [1mLoading the pre-trained mattersim-v1.0.0-5M.pth model[0m
[2026-05-02 02:26:50,083][root][INFO] - Number of filtered samples: 10
[2026-05-02 02:26:50,137][root][INFO] - avg_energy_above_hull_per_atom: 0.096676, avg_rmsd_from_relaxation: 0.540037, frac_novel_unique_stable_structures: 0.178571, frac_stable_structures: 0.732143, frac_successful_jobs: 1.000000, avg_comp_validity: 1.000000, avg_structure_comp_validity: 1.000000, avg_structure_validity: 1.000000, frac_novel_structures: 0.428571, frac_novel_systems: 0.071429, frac_novel_unique_structures: 0.428571, frac_unique_structures: 1.000000, frac_unique_systems: 1.000000, precision: 0.571429, recall: 0.000099
[2026-05-02 02:26:50,159][root][INFO] - SCORE:
[2026-05-02 02:43:36,145][root][INFO] - Evaluation costs to date: 24
[2026-05-02 02:43:36,228][root][INFO] - Number of samples that successfully obtained rewards: 5
[2026-05-02 02:43:36,228][root][INFO] - reward mean=0.0280 std=0.0343
[2026-05-02 02:43:36,229][root][INFO] - heat_capacity mean=0.2856 std=0.0717
[2026-05-02 02:43:36,287][root][INFO] - 11 crystals generated so far, 11 unique components.  Burden: None, Div. Ratio: 1.0.
[2026-05-02 02:43:36,302][root][INFO] - Diversity filter: tol_n=0, buff_n=0
[2026-05-02 02:43:36,304][root][INFO] - replay buffer size=0
[2026-05-02 02:43:36,305][root][INFO] - buffer reward mean=nan
[2026-05-02 02:43:36,305][root][INFO] - FINETUNE:
[2026-05-02 02:43:36,535][root][INFO] - Epoch 0: loss: 0.0538, loss_diff: 0.0537, loss_kl: 0.0031
[2026-05-02 02:43:36,754][root][INFO] - Epoch 1: loss: 0.0490, loss_diff: 0.0490, loss_kl: 0.0008
[2026-05-02 02:43:36,973][root][INFO] - Epoch 2: loss: 0.0490, loss_diff: 0.0489, loss_kl: 0.0014
[2026-05-02 02:43:36,974][root][INFO] - *****   LOOP 2 FINISH   *****
[2026-05-02 02:43:36,974][root][INFO] - Total time taken: 21.49 min.


[2026-05-02 02:43:36,974][root][INFO] - *****   LOOP 3 START   *****
[2026-05-02 02:43:36,975][root][INFO] - SAMPLE:
[32m2026-05-02 02:44:26.802[0m | [1mINFO    [0m | [36mmattersim.forcefield.potential[0m:[36mfrom_checkpoint[0m:[36m891[0m - [1mLoading the pre-trained mattersim-v1.0.0-5M.pth model[0m
[2026-05-02 02:46:54,177][root][INFO] - Number of filtered samples: 10
[2026-05-02 02:46:54,179][root][INFO] - avg_energy_above_hull_per_atom: 0.090554, avg_rmsd_from_relaxation: 0.466687, frac_novel_unique_stable_structures: 0.178571, frac_stable_structures: 0.821429, frac_successful_jobs: 1.000000, avg_comp_validity: 1.000000, avg_structure_comp_validity: 1.000000, avg_structure_validity: 1.000000, frac_novel_structures: 0.357143, frac_novel_systems: 0.071429, frac_novel_unique_structures: 0.357143, frac_unique_structures: 1.000000, frac_unique_systems: 1.000000, precision: 0.642857, recall: 0.000100
[2026-05-02 02:46:54,196][root][INFO] - SCORE:
[2026-05-02 03:00:46,933][root][INFO] - Evaluation costs to date: 34
[2026-05-02 03:00:47,011][root][INFO] - Number of samples that successfully obtained rewards: 3
[2026-05-02 03:00:47,011][root][INFO] - reward mean=0.0358 std=0.0147
[2026-05-02 03:00:47,011][root][INFO] - heat_capacity mean=0.3126 std=0.0258
[2026-05-02 03:00:47,135][root][INFO] - 14 crystals generated so far, 14 unique components.  Burden: None, Div. Ratio: 1.0.
[2026-05-02 03:00:47,164][root][INFO] - Diversity filter: tol_n=0, buff_n=0
[2026-05-02 03:00:47,166][root][INFO] - replay buffer size=0
[2026-05-02 03:00:47,166][root][INFO] - buffer reward mean=nan
[2026-05-02 03:00:47,166][root][INFO] - FINETUNE:
[2026-05-02 03:00:47,364][root][INFO] - Epoch 0: loss: 0.0636, loss_diff: 0.0636, loss_kl: 0.0011
[2026-05-02 03:00:47,564][root][INFO] - Epoch 1: loss: 0.0822, loss_diff: 0.0785, loss_kl: 0.1482
[2026-05-02 03:00:47,762][root][INFO] - Epoch 2: loss: 0.0748, loss_diff: 0.0747, loss_kl: 0.0032
[2026-05-02 03:00:47,763][root][INFO] - *****   LOOP 3 FINISH   *****
[2026-05-02 03:00:47,764][root][INFO] - Total time taken: 17.18 min.


[2026-05-02 03:00:47,764][root][INFO] - *****   LOOP 4 START   *****
[2026-05-02 03:00:47,764][root][INFO] - SAMPLE:
[32m2026-05-02 03:01:32.735[0m | [1mINFO    [0m | [36mmattersim.forcefield.potential[0m:[36mfrom_checkpoint[0m:[36m891[0m - [1mLoading the pre-trained mattersim-v1.0.0-5M.pth model[0m
[2026-05-02 03:03:53,953][root][INFO] - Number of filtered samples: 11
[2026-05-02 03:03:53,979][root][INFO] - avg_energy_above_hull_per_atom: 0.199640, avg_rmsd_from_relaxation: 0.497256, frac_novel_unique_stable_structures: 0.207547, frac_stable_structures: 0.792453, frac_successful_jobs: 1.000000, avg_comp_validity: 1.000000, avg_structure_comp_validity: 1.000000, avg_structure_validity: 1.000000, frac_novel_structures: 0.396226, frac_novel_systems: 0.037736, frac_novel_unique_structures: 0.396226, frac_unique_structures: 0.981132, frac_unique_systems: 0.981132, precision: 0.603774, recall: 0.000067
[2026-05-02 03:03:54,007][root][INFO] - SCORE:
[2026-05-02 03:21:02,862][root][INFO] - Evaluation costs to date: 45
[2026-05-02 03:21:02,939][root][INFO] - Number of samples that successfully obtained rewards: 6
[2026-05-02 03:21:02,940][root][INFO] - reward mean=0.0078 std=0.0173
[2026-05-02 03:21:02,940][root][INFO] - heat_capacity mean=0.2318 std=0.0549
[2026-05-02 03:21:03,014][root][INFO] - 20 crystals generated so far, 20 unique components.  Burden: None, Div. Ratio: 1.0.
[2026-05-02 03:21:03,078][root][INFO] - Diversity filter: tol_n=0, buff_n=0
[2026-05-02 03:21:03,080][root][INFO] - replay buffer size=0
[2026-05-02 03:21:03,081][root][INFO] - buffer reward mean=nan
[2026-05-02 03:21:03,081][root][INFO] - FINETUNE:
[2026-05-02 03:21:03,931][root][INFO] - Epoch 0: loss: 0.0169, loss_diff: 0.0168, loss_kl: 0.0014
[2026-05-02 03:21:04,141][root][INFO] - Epoch 1: loss: 0.0130, loss_diff: 0.0130, loss_kl: 0.0020
[2026-05-02 03:21:04,353][root][INFO] - Epoch 2: loss: 0.0152, loss_diff: 0.0151, loss_kl: 0.0021
[2026-05-02 03:21:04,353][root][INFO] - *****   LOOP 4 FINISH   *****
[2026-05-02 03:21:04,354][root][INFO] - Total time taken: 20.28 min.


[2026-05-02 03:21:04,354][root][INFO] - *****   LOOP 5 START   *****
[2026-05-02 03:21:04,354][root][INFO] - SAMPLE:
[32m2026-05-02 03:21:56.688[0m | [1mINFO    [0m | [36mmattersim.forcefield.potential[0m:[36mfrom_checkpoint[0m:[36m891[0m - [1mLoading the pre-trained mattersim-v1.0.0-5M.pth model[0m
[2026-05-02 03:26:57,330][root][INFO] - Number of filtered samples: 10
[2026-05-02 03:26:57,331][root][INFO] - avg_energy_above_hull_per_atom: 0.185004, avg_rmsd_from_relaxation: 0.471661, frac_novel_unique_stable_structures: 0.200000, frac_stable_structures: 0.820000, frac_successful_jobs: 1.000000, avg_comp_validity: 1.000000, avg_structure_comp_validity: 1.000000, avg_structure_validity: 1.000000, frac_novel_structures: 0.360000, frac_novel_systems: 0.060000, frac_novel_unique_structures: 0.360000, frac_unique_structures: 1.000000, frac_unique_systems: 1.000000, precision: 0.640000, recall: 0.000065
[2026-05-02 03:26:57,338][root][INFO] - SCORE:
[2026-05-02 03:44:31,410][root][INFO] - Evaluation costs to date: 55
[2026-05-02 03:44:31,495][root][INFO] - Number of samples that successfully obtained rewards: 4
[2026-05-02 03:44:31,495][root][INFO] - reward mean=0.1162 std=0.1085
[2026-05-02 03:44:31,495][root][INFO] - heat_capacity mean=0.4533 std=0.1898
[2026-05-02 03:44:31,584][root][INFO] - 24 crystals generated so far, 24 unique components.  Burden: None, Div. Ratio: 1.0.
[2026-05-02 03:44:31,631][root][INFO] - Diversity filter: tol_n=0, buff_n=0
[2026-05-02 03:44:31,633][root][INFO] - replay buffer size=2
[2026-05-02 03:44:31,633][root][INFO] - buffer reward mean=0.20373200553703621
[2026-05-02 03:44:31,633][root][INFO] - FINETUNE:
[2026-05-02 03:44:31,849][root][INFO] - Epoch 0: loss: 0.4009, loss_diff: 0.4002, loss_kl: 0.0284
[2026-05-02 03:44:32,057][root][INFO] - Epoch 1: loss: 0.2155, loss_diff: 0.2130, loss_kl: 0.0964
[2026-05-02 03:44:32,266][root][INFO] - Epoch 2: loss: 0.2697, loss_diff: 0.2696, loss_kl: 0.0045
[2026-05-02 03:44:32,266][root][INFO] - *****   LOOP 5 FINISH   *****
[2026-05-02 03:44:32,267][root][INFO] - Total time taken: 23.47 min.


[2026-05-02 03:44:32,267][root][INFO] - *****   LOOP 6 START   *****
[2026-05-02 03:44:32,267][root][INFO] - SAMPLE:
[32m2026-05-02 03:45:19.975[0m | [1mINFO    [0m | [36mmattersim.forcefield.potential[0m:[36mfrom_checkpoint[0m:[36m891[0m - [1mLoading the pre-trained mattersim-v1.0.0-5M.pth model[0m
[2026-05-02 03:47:28,458][root][INFO] - Number of filtered samples: 7
[2026-05-02 03:47:28,460][root][INFO] - avg_energy_above_hull_per_atom: 0.156787, avg_rmsd_from_relaxation: 0.489129, frac_novel_unique_stable_structures: 0.129630, frac_stable_structures: 0.685185, frac_successful_jobs: 1.000000, avg_comp_validity: 1.000000, avg_structure_comp_validity: 1.000000, avg_structure_validity: 1.000000, frac_novel_structures: 0.388889, frac_novel_systems: 0.037037, frac_novel_unique_structures: 0.388889, frac_unique_structures: 0.981481, frac_unique_systems: 0.981481, precision: 0.611111, recall: 0.000057
[2026-05-02 03:47:28,466][root][INFO] - SCORE:
[2026-05-02 03:57:34,527][root][INFO] - Evaluation costs to date: 62
[2026-05-02 03:57:34,604][root][INFO] - Number of samples that successfully obtained rewards: 5
[2026-05-02 03:57:34,605][root][INFO] - reward mean=0.0580 std=0.0367
[2026-05-02 03:57:34,605][root][INFO] - heat_capacity mean=0.3515 std=0.0643
[2026-05-02 03:57:34,714][root][INFO] - 29 crystals generated so far, 29 unique components.  Burden: None, Div. Ratio: 1.0.
[2026-05-02 03:57:34,758][root][INFO] - Diversity filter: tol_n=0, buff_n=0
[2026-05-02 03:57:34,761][root][INFO] - replay buffer size=3
[2026-05-02 03:57:34,762][root][INFO] - buffer reward mean=0.17933865805101376
[2026-05-02 03:57:34,762][root][INFO] - FINETUNE:
[2026-05-02 03:57:35,043][root][INFO] - Epoch 0: loss: 0.2448, loss_diff: 0.2438, loss_kl: 0.0374
[2026-05-02 03:57:35,296][root][INFO] - Epoch 1: loss: 0.1716, loss_diff: 0.1715, loss_kl: 0.0035
[2026-05-02 03:57:35,556][root][INFO] - Epoch 2: loss: 0.2024, loss_diff: 0.2023, loss_kl: 0.0041
[2026-05-02 03:57:35,557][root][INFO] - *****   LOOP 6 FINISH   *****
[2026-05-02 03:57:35,557][root][INFO] - Total time taken: 13.05 min.


[2026-05-02 03:57:35,557][root][INFO] - *****   LOOP 7 START   *****
[2026-05-02 03:57:35,557][root][INFO] - SAMPLE:
[32m2026-05-02 03:58:22.175[0m | [1mINFO    [0m | [36mmattersim.forcefield.potential[0m:[36mfrom_checkpoint[0m:[36m891[0m - [1mLoading the pre-trained mattersim-v1.0.0-5M.pth model[0m
[2026-05-02 04:00:50,891][root][INFO] - Number of filtered samples: 7
[2026-05-02 04:00:50,892][root][INFO] - avg_energy_above_hull_per_atom: 0.284791, avg_rmsd_from_relaxation: 0.565684, frac_novel_unique_stable_structures: 0.129630, frac_stable_structures: 0.611111, frac_successful_jobs: 1.000000, avg_comp_validity: 1.000000, avg_structure_comp_validity: 1.000000, avg_structure_validity: 1.000000, frac_novel_structures: 0.462963, frac_novel_systems: 0.074074, frac_novel_unique_structures: 0.462963, frac_unique_structures: 1.000000, frac_unique_systems: 1.000000, precision: 0.537037, recall: 0.000064
[2026-05-02 04:00:50,909][root][INFO] - SCORE:
[2026-05-02 04:13:14,097][root][INFO] - Evaluation costs to date: 69
[2026-05-02 04:13:14,186][root][INFO] - Number of samples that successfully obtained rewards: 1
[2026-05-02 04:13:14,186][root][INFO] - reward mean=0.0000 std=0.0000
[2026-05-02 04:13:14,186][root][INFO] - heat_capacity mean=0.2500 std=0.0000
[2026-05-02 04:13:14,326][root][INFO] - 30 crystals generated so far, 30 unique components.  Burden: None, Div. Ratio: 1.0.
[2026-05-02 04:13:14,332][root][INFO] - Diversity filter: tol_n=0, buff_n=0
[2026-05-02 04:13:14,335][root][INFO] - replay buffer size=3
[2026-05-02 04:13:14,335][root][INFO] - buffer reward mean=0.17933865805101376
[2026-05-02 04:13:14,335][root][INFO] - FINETUNE:
[2026-05-02 04:13:14,774][root][INFO] - Epoch 0: loss: 0.3542, loss_diff: 0.3540, loss_kl: 0.0057
[2026-05-02 04:13:14,972][root][INFO] - Epoch 1: loss: 0.1651, loss_diff: 0.1649, loss_kl: 0.0077
[2026-05-02 04:13:15,179][root][INFO] - Epoch 2: loss: 0.2652, loss_diff: 0.2650, loss_kl: 0.0074
[2026-05-02 04:13:15,180][root][INFO] - *****   LOOP 7 FINISH   *****
[2026-05-02 04:13:15,180][root][INFO] - Total time taken: 15.66 min.


[2026-05-02 04:13:15,180][root][INFO] - *****   LOOP 8 START   *****
[2026-05-02 04:13:15,180][root][INFO] - SAMPLE:
[32m2026-05-02 04:14:01.235[0m | [1mINFO    [0m | [36mmattersim.forcefield.potential[0m:[36mfrom_checkpoint[0m:[36m891[0m - [1mLoading the pre-trained mattersim-v1.0.0-5M.pth model[0m
[2026-05-02 04:16:29,178][root][INFO] - Number of filtered samples: 9
[2026-05-02 04:16:29,180][root][INFO] - avg_energy_above_hull_per_atom: 0.101246, avg_rmsd_from_relaxation: 0.546082, frac_novel_unique_stable_structures: 0.169811, frac_stable_structures: 0.641509, frac_successful_jobs: 1.000000, avg_comp_validity: 1.000000, avg_structure_comp_validity: 1.000000, avg_structure_validity: 1.000000, frac_novel_structures: 0.509434, frac_novel_systems: 0.056604, frac_novel_unique_structures: 0.509434, frac_unique_structures: 1.000000, frac_unique_systems: 1.000000, precision: 0.490566, recall: 0.000079
[2026-05-02 04:16:29,203][root][INFO] - SCORE:
[2026-05-02 04:23:29,145][root][INFO] - Evaluation costs to date: 78
[2026-05-02 04:23:29,147][root][INFO] - Number of samples that successfully obtained rewards: 4
[2026-05-02 04:23:29,148][root][INFO] - reward mean=0.0656 std=0.0600
[2026-05-02 04:23:29,148][root][INFO] - heat_capacity mean=0.3649 std=0.1049
[2026-05-02 04:23:29,238][root][INFO] - 34 crystals generated so far, 34 unique components.  Burden: None, Div. Ratio: 1.0.
[2026-05-02 04:23:29,246][root][INFO] - Diversity filter: tol_n=0, buff_n=0
[2026-05-02 04:23:29,249][root][INFO] - replay buffer size=4
[2026-05-02 04:23:29,249][root][INFO] - buffer reward mean=0.17557406845209636
[2026-05-02 04:23:29,249][root][INFO] - FINETUNE:
[2026-05-02 04:23:29,551][root][INFO] - Epoch 0: loss: 0.2339, loss_diff: 0.2338, loss_kl: 0.0044
[2026-05-02 04:23:29,802][root][INFO] - Epoch 1: loss: 0.2389, loss_diff: 0.2388, loss_kl: 0.0071
[2026-05-02 04:23:30,059][root][INFO] - Epoch 2: loss: 0.2389, loss_diff: 0.2386, loss_kl: 0.0116
[2026-05-02 04:23:30,059][root][INFO] - *****   LOOP 8 FINISH   *****
[2026-05-02 04:23:30,060][root][INFO] - Total time taken: 10.25 min.


[2026-05-02 04:23:30,060][root][INFO] - *****   LOOP 9 START   *****
[2026-05-02 04:23:30,060][root][INFO] - SAMPLE:
[32m2026-05-02 04:24:16.332[0m | [1mINFO    [0m | [36mmattersim.forcefield.potential[0m:[36mfrom_checkpoint[0m:[36m891[0m - [1mLoading the pre-trained mattersim-v1.0.0-5M.pth model[0m
[2026-05-02 04:27:32,735][root][INFO] - Number of filtered samples: 16
[2026-05-02 04:27:32,736][root][INFO] - avg_energy_above_hull_per_atom: 0.113030, avg_rmsd_from_relaxation: 0.550996, frac_novel_unique_stable_structures: 0.262295, frac_stable_structures: 0.704918, frac_successful_jobs: 1.000000, avg_comp_validity: 1.000000, avg_structure_comp_validity: 1.000000, avg_structure_validity: 1.000000, frac_novel_structures: 0.524590, frac_novel_systems: 0.114754, frac_novel_unique_structures: 0.524590, frac_unique_structures: 1.000000, frac_unique_systems: 1.000000, precision: 0.475410, recall: 0.000074
[2026-05-02 04:27:32,761][root][INFO] - SCORE:
[2026-05-02 04:57:47,409][root][INFO] - Evaluation costs to date: 94
[2026-05-02 04:57:47,505][root][INFO] - Number of samples that successfully obtained rewards: 7
[2026-05-02 04:57:47,505][root][INFO] - reward mean=0.0901 std=0.1007
[2026-05-02 04:57:47,505][root][INFO] - heat_capacity mean=0.3908 std=0.1928
[2026-05-02 04:57:47,624][root][INFO] - 41 crystals generated so far, 41 unique components.  Burden: None, Div. Ratio: 1.0.
[2026-05-02 04:57:47,630][root][INFO] - Diversity filter: tol_n=0, buff_n=0
[2026-05-02 04:57:47,633][root][INFO] - replay buffer size=6
[2026-05-02 04:57:47,633][root][INFO] - buffer reward mean=0.1970609200194637
[2026-05-02 04:57:47,633][root][INFO] - FINETUNE:
[2026-05-02 04:57:48,131][root][INFO] - Epoch 0: loss: 0.2843, loss_diff: 0.2841, loss_kl: 0.0102
[2026-05-02 04:57:48,424][root][INFO] - Epoch 1: loss: 0.2815, loss_diff: 0.2808, loss_kl: 0.0254
[2026-05-02 04:57:48,735][root][INFO] - Epoch 2: loss: 0.2486, loss_diff: 0.2483, loss_kl: 0.0102
[2026-05-02 04:57:48,736][root][INFO] - *****   LOOP 9 FINISH   *****
[2026-05-02 04:57:48,736][root][INFO] - Total time taken: 34.31 min.


[2026-05-02 04:57:48,737][root][INFO] - *****   LOOP 10 START   *****
[2026-05-02 04:57:48,737][root][INFO] - SAMPLE:
[32m2026-05-02 04:58:37.238[0m | [1mINFO    [0m | [36mmattersim.forcefield.potential[0m:[36mfrom_checkpoint[0m:[36m891[0m - [1mLoading the pre-trained mattersim-v1.0.0-5M.pth model[0m
[2026-05-02 05:01:38,843][root][INFO] - Number of filtered samples: 12
[2026-05-02 05:01:38,846][root][INFO] - avg_energy_above_hull_per_atom: 0.197044, avg_rmsd_from_relaxation: 0.540976, frac_novel_unique_stable_structures: 0.203390, frac_stable_structures: 0.711864, frac_successful_jobs: 1.000000, avg_comp_validity: 1.000000, avg_structure_comp_validity: 1.000000, avg_structure_validity: 1.000000, frac_novel_structures: 0.457627, frac_novel_systems: 0.067797, frac_novel_unique_structures: 0.457627, frac_unique_structures: 1.000000, frac_unique_systems: 1.000000, precision: 0.542373, recall: 0.000077
[2026-05-02 05:01:38,856][root][INFO] - SCORE:
[2026-05-02 05:22:10,455][root][INFO] - Evaluation costs to date: 106
[2026-05-02 05:22:10,547][root][INFO] - Number of samples that successfully obtained rewards: 7
[2026-05-02 05:22:10,548][root][INFO] - reward mean=0.0427 std=0.0346
[2026-05-02 05:22:10,548][root][INFO] - heat_capacity mean=0.3219 std=0.0644
[2026-05-02 05:22:10,725][root][INFO] - 48 crystals generated so far, 48 unique components.  Burden: None, Div. Ratio: 1.0.
[2026-05-02 05:22:10,765][root][INFO] - Diversity filter: tol_n=0, buff_n=0
[2026-05-02 05:22:10,768][root][INFO] - replay buffer size=6
[2026-05-02 05:22:10,768][root][INFO] - buffer reward mean=0.1970609200194637
[2026-05-02 05:22:10,768][root][INFO] - FINETUNE:
[2026-05-02 05:22:11,777][root][INFO] - Epoch 0: loss: 0.2181, loss_diff: 0.2178, loss_kl: 0.0104
[2026-05-02 05:22:12,124][root][INFO] - Epoch 1: loss: 0.2544, loss_diff: 0.2537, loss_kl: 0.0272
[2026-05-02 05:22:12,487][root][INFO] - Epoch 2: loss: 0.2160, loss_diff: 0.2158, loss_kl: 0.0100
[2026-05-02 05:22:12,488][root][INFO] - *****   LOOP 10 FINISH   *****
[2026-05-02 05:22:12,489][root][INFO] - Total time taken: 24.40 min.


[2026-05-02 05:22:12,489][root][INFO] - *****   LOOP 11 START   *****
[2026-05-02 05:22:12,489][root][INFO] - SAMPLE:
[32m2026-05-02 05:22:58.340[0m | [1mINFO    [0m | [36mmattersim.forcefield.potential[0m:[36mfrom_checkpoint[0m:[36m891[0m - [1mLoading the pre-trained mattersim-v1.0.0-5M.pth model[0m
[2026-05-02 05:26:19,327][root][INFO] - Number of filtered samples: 7
[2026-05-02 05:26:19,329][root][INFO] - avg_energy_above_hull_per_atom: 0.123591, avg_rmsd_from_relaxation: 0.574896, frac_novel_unique_stable_structures: 0.132075, frac_stable_structures: 0.679245, frac_successful_jobs: 1.000000, avg_comp_validity: 1.000000, avg_structure_comp_validity: 1.000000, avg_structure_validity: 1.000000, frac_novel_structures: 0.415094, frac_novel_systems: 0.056604, frac_novel_unique_structures: 0.415094, frac_unique_structures: 1.000000, frac_unique_systems: 1.000000, precision: 0.584906, recall: 0.000067
[2026-05-02 05:26:19,334][root][INFO] - SCORE:
[2026-05-02 05:38:58,942][root][INFO] - Evaluation costs to date: 113
[2026-05-02 05:38:58,943][root][INFO] - Number of samples that successfully obtained rewards: 3
[2026-05-02 05:38:58,943][root][INFO] - reward mean=0.0179 std=0.0164
[2026-05-02 05:38:58,943][root][INFO] - heat_capacity mean=0.2525 std=0.0654
[2026-05-02 05:38:59,063][root][INFO] - 51 crystals generated so far, 51 unique components.  Burden: None, Div. Ratio: 1.0.
[2026-05-02 05:38:59,147][root][INFO] - Diversity filter: tol_n=0, buff_n=0
[2026-05-02 05:38:59,149][root][INFO] - replay buffer size=6
[2026-05-02 05:38:59,149][root][INFO] - buffer reward mean=0.1970609200194637
[2026-05-02 05:38:59,149][root][INFO] - FINETUNE:
[2026-05-02 05:38:59,411][root][INFO] - Epoch 0: loss: 0.1782, loss_diff: 0.1779, loss_kl: 0.0131
[2026-05-02 05:38:59,681][root][INFO] - Epoch 1: loss: 0.2204, loss_diff: 0.2200, loss_kl: 0.0182
[2026-05-02 05:38:59,953][root][INFO] - Epoch 2: loss: 0.2251, loss_diff: 0.2246, loss_kl: 0.0167
[2026-05-02 05:38:59,954][root][INFO] - *****   LOOP 11 FINISH   *****
[2026-05-02 05:38:59,954][root][INFO] - Total time taken: 16.79 min.


[2026-05-02 05:38:59,955][root][INFO] - *****   LOOP 12 START   *****
[2026-05-02 05:38:59,955][root][INFO] - SAMPLE:
[32m2026-05-02 05:39:46.006[0m | [1mINFO    [0m | [36mmattersim.forcefield.potential[0m:[36mfrom_checkpoint[0m:[36m891[0m - [1mLoading the pre-trained mattersim-v1.0.0-5M.pth model[0m
[2026-05-02 05:41:43,852][root][INFO] - Number of filtered samples: 6
[2026-05-02 05:41:43,853][root][INFO] - avg_energy_above_hull_per_atom: 0.130041, avg_rmsd_from_relaxation: 0.538779, frac_novel_unique_stable_structures: 0.113208, frac_stable_structures: 0.773585, frac_successful_jobs: 1.000000, avg_comp_validity: 1.000000, avg_structure_comp_validity: 1.000000, avg_structure_validity: 1.000000, frac_novel_structures: 0.320755, frac_novel_systems: 0.018868, frac_novel_unique_structures: 0.320755, frac_unique_structures: 1.000000, frac_unique_systems: 1.000000, precision: 0.679245, recall: 0.000074
[2026-05-02 05:41:43,859][root][INFO] - SCORE:
[2026-05-02 05:49:00,997][root][INFO] - Evaluation costs to date: 119
[2026-05-02 05:49:00,998][root][INFO] - Number of samples that successfully obtained rewards: 1
[2026-05-02 05:49:00,999][root][INFO] - reward mean=0.0113 std=0.0000
[2026-05-02 05:49:00,999][root][INFO] - heat_capacity mean=0.2698 std=0.0000
[2026-05-02 05:49:01,140][root][INFO] - 52 crystals generated so far, 52 unique components.  Burden: None, Div. Ratio: 1.0.
[2026-05-02 05:49:01,147][root][INFO] - Diversity filter: tol_n=0, buff_n=0
[2026-05-02 05:49:01,149][root][INFO] - replay buffer size=6
[2026-05-02 05:49:01,149][root][INFO] - buffer reward mean=0.1970609200194637
[2026-05-02 05:49:01,149][root][INFO] - FINETUNE:
[2026-05-02 05:49:01,559][root][INFO] - Epoch 0: loss: 0.2517, loss_diff: 0.2512, loss_kl: 0.0232
[2026-05-02 05:49:01,803][root][INFO] - Epoch 1: loss: 0.4028, loss_diff: 0.4024, loss_kl: 0.0195
[2026-05-02 05:49:02,057][root][INFO] - Epoch 2: loss: 0.2036, loss_diff: 0.2031, loss_kl: 0.0177
[2026-05-02 05:49:02,058][root][INFO] - *****   LOOP 12 FINISH   *****
[2026-05-02 05:49:02,058][root][INFO] - Total time taken: 10.04 min.


[2026-05-02 05:49:02,058][root][INFO] - *****   LOOP 13 START   *****
[2026-05-02 05:49:02,058][root][INFO] - SAMPLE:
[32m2026-05-02 05:49:46.443[0m | [1mINFO    [0m | [36mmattersim.forcefield.potential[0m:[36mfrom_checkpoint[0m:[36m891[0m - [1mLoading the pre-trained mattersim-v1.0.0-5M.pth model[0m
[2026-05-02 05:54:07,931][root][INFO] - Number of filtered samples: 14
[2026-05-02 05:54:07,933][root][INFO] - avg_energy_above_hull_per_atom: 0.116805, avg_rmsd_from_relaxation: 0.555017, frac_novel_unique_stable_structures: 0.237288, frac_stable_structures: 0.762712, frac_successful_jobs: 1.000000, avg_comp_validity: 1.000000, avg_structure_comp_validity: 1.000000, avg_structure_validity: 1.000000, frac_novel_structures: 0.474576, frac_novel_systems: 0.135593, frac_novel_unique_structures: 0.474576, frac_unique_structures: 1.000000, frac_unique_systems: 1.000000, precision: 0.525424, recall: 0.000052
[2026-05-02 05:54:07,943][root][INFO] - SCORE:
[2026-05-02 06:16:39,684][root][INFO] - Evaluation costs to date: 133
[2026-05-02 06:16:39,901][root][INFO] - Number of samples that successfully obtained rewards: 4
[2026-05-02 06:16:39,901][root][INFO] - reward mean=0.0402 std=0.0576
[2026-05-02 06:16:39,901][root][INFO] - heat_capacity mean=0.2919 std=0.1248
[2026-05-02 06:16:40,053][root][INFO] - 56 crystals generated so far, 56 unique components.  Burden: None, Div. Ratio: 1.0.
[2026-05-02 06:16:40,078][root][INFO] - Diversity filter: tol_n=0, buff_n=0
[2026-05-02 06:16:40,080][root][INFO] - replay buffer size=7
[2026-05-02 06:16:40,081][root][INFO] - buffer reward mean=0.18873763884201217
[2026-05-02 06:16:40,081][root][INFO] - FINETUNE:
[2026-05-02 06:16:40,461][root][INFO] - Epoch 0: loss: 0.1904, loss_diff: 0.1901, loss_kl: 0.0131
[2026-05-02 06:16:40,765][root][INFO] - Epoch 1: loss: 0.1894, loss_diff: 0.1890, loss_kl: 0.0165
[2026-05-02 06:16:41,070][root][INFO] - Epoch 2: loss: 0.1573, loss_diff: 0.1570, loss_kl: 0.0120
[2026-05-02 06:16:41,071][root][INFO] - *****   LOOP 13 FINISH   *****
[2026-05-02 06:16:41,072][root][INFO] - Total time taken: 27.65 min.


[2026-05-02 06:16:41,072][root][INFO] - *****   LOOP 14 START   *****
[2026-05-02 06:16:41,072][root][INFO] - SAMPLE:
[32m2026-05-02 06:17:25.029[0m | [1mINFO    [0m | [36mmattersim.forcefield.potential[0m:[36mfrom_checkpoint[0m:[36m891[0m - [1mLoading the pre-trained mattersim-v1.0.0-5M.pth model[0m
[2026-05-02 06:21:04,026][root][INFO] - Number of filtered samples: 13
[2026-05-02 06:21:04,028][root][INFO] - avg_energy_above_hull_per_atom: 0.081834, avg_rmsd_from_relaxation: 0.612785, frac_novel_unique_stable_structures: 0.232143, frac_stable_structures: 0.696429, frac_successful_jobs: 1.000000, avg_comp_validity: 1.000000, avg_structure_comp_validity: 1.000000, avg_structure_validity: 1.000000, frac_novel_structures: 0.535714, frac_novel_systems: 0.089286, frac_novel_unique_structures: 0.535714, frac_unique_structures: 1.000000, frac_unique_systems: 1.000000, precision: 0.464286, recall: 0.000057
[2026-05-02 06:21:04,058][root][INFO] - SCORE:
[2026-05-02 06:49:37,295][root][INFO] - Evaluation costs to date: 146
[2026-05-02 06:49:37,607][root][INFO] - Number of samples that successfully obtained rewards: 5
[2026-05-02 06:49:37,608][root][INFO] - reward mean=0.0563 std=0.0546
[2026-05-02 06:49:37,608][root][INFO] - heat_capacity mean=0.3130 std=0.1356
[2026-05-02 06:49:37,822][root][INFO] - 61 crystals generated so far, 61 unique components.  Burden: None, Div. Ratio: 1.0.
[2026-05-02 06:49:37,949][root][INFO] - Diversity filter: tol_n=0, buff_n=0
[2026-05-02 06:49:37,952][root][INFO] - replay buffer size=8
[2026-05-02 06:49:37,953][root][INFO] - buffer reward mean=0.18257883284728676
[2026-05-02 06:49:37,953][root][INFO] - FINETUNE:
[2026-05-02 06:49:38,389][root][INFO] - Epoch 0: loss: 0.2821, loss_diff: 0.2817, loss_kl: 0.0174
[2026-05-02 06:49:38,677][root][INFO] - Epoch 1: loss: 0.2129, loss_diff: 0.2124, loss_kl: 0.0200
[2026-05-02 06:49:38,981][root][INFO] - Epoch 2: loss: 0.2281, loss_diff: 0.2277, loss_kl: 0.0162
[2026-05-02 06:49:38,982][root][INFO] - *****   LOOP 14 FINISH   *****
[2026-05-02 06:49:38,982][root][INFO] - Total time taken: 32.97 min.


[2026-05-02 06:49:38,982][root][INFO] - *****   LOOP 15 START   *****
[2026-05-02 06:49:38,982][root][INFO] - SAMPLE:
[32m2026-05-02 06:50:19.160[0m | [1mINFO    [0m | [36mmattersim.forcefield.potential[0m:[36mfrom_checkpoint[0m:[36m891[0m - [1mLoading the pre-trained mattersim-v1.0.0-5M.pth model[0m
[2026-05-02 06:53:16,857][root][INFO] - Number of filtered samples: 6
[2026-05-02 06:53:16,858][root][INFO] - avg_energy_above_hull_per_atom: 0.183071, avg_rmsd_from_relaxation: 0.546312, frac_novel_unique_stable_structures: 0.117647, frac_stable_structures: 0.647059, frac_successful_jobs: 1.000000, avg_comp_validity: 1.000000, avg_structure_comp_validity: 1.000000, avg_structure_validity: 1.000000, frac_novel_structures: 0.450980, frac_novel_systems: 0.078431, frac_novel_unique_structures: 0.450980, frac_unique_structures: 1.000000, frac_unique_systems: 1.000000, precision: 0.549020, recall: 0.000067
[2026-05-02 06:53:16,865][root][INFO] - SCORE:
[2026-05-02 07:03:19,402][root][INFO] - Evaluation costs to date: 152
[2026-05-02 07:03:19,512][root][INFO] - Number of samples that successfully obtained rewards: 3
[2026-05-02 07:03:19,512][root][INFO] - reward mean=0.0339 std=0.0272
[2026-05-02 07:03:19,512][root][INFO] - heat_capacity mean=0.2877 std=0.0758
[2026-05-02 07:03:19,699][root][INFO] - 64 crystals generated so far, 64 unique components.  Burden: None, Div. Ratio: 1.0.
[2026-05-02 07:03:19,721][root][INFO] - Diversity filter: tol_n=0, buff_n=0
[2026-05-02 07:03:19,724][root][INFO] - replay buffer size=8
[2026-05-02 07:03:19,724][root][INFO] - buffer reward mean=0.18257883284728676
[2026-05-02 07:03:19,724][root][INFO] - FINETUNE:
[2026-05-02 07:03:20,420][root][INFO] - Epoch 0: loss: 0.2318, loss_diff: 0.2311, loss_kl: 0.0291
[2026-05-02 07:03:20,732][root][INFO] - Epoch 1: loss: 0.2500, loss_diff: 0.2493, loss_kl: 0.0262
[2026-05-02 07:03:21,046][root][INFO] - Epoch 2: loss: 0.2477, loss_diff: 0.2468, loss_kl: 0.0338
[2026-05-02 07:03:21,047][root][INFO] - *****   LOOP 15 FINISH   *****
[2026-05-02 07:03:21,047][root][INFO] - Total time taken: 13.70 min.


[2026-05-02 07:03:21,048][root][INFO] - *****   LOOP 16 START   *****
[2026-05-02 07:03:21,048][root][INFO] - SAMPLE:
[32m2026-05-02 07:04:04.598[0m | [1mINFO    [0m | [36mmattersim.forcefield.potential[0m:[36mfrom_checkpoint[0m:[36m891[0m - [1mLoading the pre-trained mattersim-v1.0.0-5M.pth model[0m
[2026-05-02 07:06:08,494][root][INFO] - Number of filtered samples: 11
[2026-05-02 07:06:08,496][root][INFO] - avg_energy_above_hull_per_atom: 0.116505, avg_rmsd_from_relaxation: 0.534657, frac_novel_unique_stable_structures: 0.207547, frac_stable_structures: 0.773585, frac_successful_jobs: 1.000000, avg_comp_validity: 1.000000, avg_structure_comp_validity: 1.000000, avg_structure_validity: 1.000000, frac_novel_structures: 0.415094, frac_novel_systems: 0.075472, frac_novel_unique_structures: 0.415094, frac_unique_structures: 1.000000, frac_unique_systems: 1.000000, precision: 0.584906, recall: 0.000048
[2026-05-02 07:06:08,505][root][INFO] - SCORE:
[2026-05-02 07:22:51,109][root][INFO] - Evaluation costs to date: 163
[2026-05-02 07:22:51,110][root][INFO] - Number of samples that successfully obtained rewards: 4
[2026-05-02 07:22:51,110][root][INFO] - reward mean=0.0487 std=0.0338
[2026-05-02 07:22:51,110][root][INFO] - heat_capacity mean=0.3353 std=0.0591
[2026-05-02 07:22:51,389][root][INFO] - 68 crystals generated so far, 68 unique components.  Burden: None, Div. Ratio: 1.0.
[2026-05-02 07:22:51,528][root][INFO] - Diversity filter: tol_n=0, buff_n=0
[2026-05-02 07:22:51,531][root][INFO] - replay buffer size=9
[2026-05-02 07:22:51,531][root][INFO] - buffer reward mean=0.17355394298889532
[2026-05-02 07:22:51,531][root][INFO] - FINETUNE:
[2026-05-02 07:22:52,089][root][INFO] - Epoch 0: loss: 0.2389, loss_diff: 0.2382, loss_kl: 0.0242
[2026-05-02 07:22:52,415][root][INFO] - Epoch 1: loss: 0.2227, loss_diff: 0.2221, loss_kl: 0.0271
[2026-05-02 07:22:52,739][root][INFO] - Epoch 2: loss: 0.1788, loss_diff: 0.1782, loss_kl: 0.0252
[2026-05-02 07:22:52,740][root][INFO] - *****   LOOP 16 FINISH   *****
[2026-05-02 07:22:52,740][root][INFO] - Total time taken: 19.53 min.


[2026-05-02 07:22:52,740][root][INFO] - *****   LOOP 17 START   *****
[2026-05-02 07:22:52,741][root][INFO] - SAMPLE:
[32m2026-05-02 07:24:13.062[0m | [1mINFO    [0m | [36mmattersim.forcefield.potential[0m:[36mfrom_checkpoint[0m:[36m891[0m - [1mLoading the pre-trained mattersim-v1.0.0-5M.pth model[0m
[2026-05-02 07:27:00,851][root][INFO] - Number of filtered samples: 12
[2026-05-02 07:27:00,852][root][INFO] - avg_energy_above_hull_per_atom: 0.197213, avg_rmsd_from_relaxation: 0.551062, frac_novel_unique_stable_structures: 0.210526, frac_stable_structures: 0.701754, frac_successful_jobs: 1.000000, avg_comp_validity: 1.000000, avg_structure_comp_validity: 1.000000, avg_structure_validity: 1.000000, frac_novel_structures: 0.456140, frac_novel_systems: 0.105263, frac_novel_unique_structures: 0.456140, frac_unique_structures: 1.000000, frac_unique_systems: 1.000000, precision: 0.543860, recall: 0.000070
[2026-05-02 07:27:00,861][root][INFO] - SCORE:
[2026-05-02 07:52:48,205][root][INFO] - Evaluation costs to date: 175
[2026-05-02 07:52:48,338][root][INFO] - Number of samples that successfully obtained rewards: 7
[2026-05-02 07:52:48,339][root][INFO] - reward mean=0.1782 std=0.1991
[2026-05-02 07:52:48,339][root][INFO] - heat_capacity mean=0.5619 std=0.3484
[2026-05-02 07:52:48,531][root][INFO] - 75 crystals generated so far, 75 unique components.  Burden: None, Div. Ratio: 1.0.
[2026-05-02 07:52:48,587][root][INFO] - Diversity filter: tol_n=0, buff_n=0
[2026-05-02 07:52:48,590][root][INFO] - replay buffer size=12
[2026-05-02 07:52:48,590][root][INFO] - buffer reward mean=0.21326044051522272
[2026-05-02 07:52:48,590][root][INFO] - FINETUNE:
[2026-05-02 07:52:49,042][root][INFO] - Epoch 0: loss: 0.3559, loss_diff: 0.3552, loss_kl: 0.0293
[2026-05-02 07:52:49,426][root][INFO] - Epoch 1: loss: 0.3641, loss_diff: 0.3634, loss_kl: 0.0262
[2026-05-02 07:52:49,814][root][INFO] - Epoch 2: loss: 0.3736, loss_diff: 0.3727, loss_kl: 0.0336
[2026-05-02 07:52:49,815][root][INFO] - *****   LOOP 17 FINISH   *****
[2026-05-02 07:52:49,815][root][INFO] - Total time taken: 29.95 min.


[2026-05-02 07:52:49,816][root][INFO] - *****   LOOP 18 START   *****
[2026-05-02 07:52:49,816][root][INFO] - SAMPLE:
[32m2026-05-02 07:53:39.661[0m | [1mINFO    [0m | [36mmattersim.forcefield.potential[0m:[36mfrom_checkpoint[0m:[36m891[0m - [1mLoading the pre-trained mattersim-v1.0.0-5M.pth model[0m
[2026-05-02 07:56:01,170][root][INFO] - Number of filtered samples: 8
[2026-05-02 07:56:01,172][root][INFO] - avg_energy_above_hull_per_atom: 0.210234, avg_rmsd_from_relaxation: 0.669399, frac_novel_unique_stable_structures: 0.153846, frac_stable_structures: 0.615385, frac_successful_jobs: 1.000000, avg_comp_validity: 1.000000, avg_structure_comp_validity: 1.000000, avg_structure_validity: 1.000000, frac_novel_structures: 0.519231, frac_novel_systems: 0.134615, frac_novel_unique_structures: 0.519231, frac_unique_structures: 1.000000, frac_unique_systems: 1.000000, precision: 0.480769, recall: 0.000070
[2026-05-02 07:56:01,178][root][INFO] - SCORE:
[2026-05-02 08:04:55,999][root][INFO] - Evaluation costs to date: 183
[2026-05-02 08:04:56,000][root][INFO] - Number of samples that successfully obtained rewards: 3
[2026-05-02 08:04:56,001][root][INFO] - reward mean=0.0131 std=0.0092
[2026-05-02 08:04:56,001][root][INFO] - heat_capacity mean=0.2575 std=0.0379
[2026-05-02 08:04:56,161][root][INFO] - 78 crystals generated so far, 78 unique components.  Burden: None, Div. Ratio: 1.0.
[2026-05-02 08:04:56,168][root][INFO] - Diversity filter: tol_n=0, buff_n=0
[2026-05-02 08:04:56,171][root][INFO] - replay buffer size=12
[2026-05-02 08:04:56,171][root][INFO] - buffer reward mean=0.21326044051522272
[2026-05-02 08:04:56,171][root][INFO] - FINETUNE:
[2026-05-02 08:04:56,640][root][INFO] - Epoch 0: loss: 0.3835, loss_diff: 0.3830, loss_kl: 0.0200
[2026-05-02 08:04:56,990][root][INFO] - Epoch 1: loss: 0.3502, loss_diff: 0.3497, loss_kl: 0.0230
[2026-05-02 08:04:57,348][root][INFO] - Epoch 2: loss: 0.3441, loss_diff: 0.3434, loss_kl: 0.0314
[2026-05-02 08:04:57,348][root][INFO] - *****   LOOP 18 FINISH   *****
[2026-05-02 08:04:57,349][root][INFO] - Total time taken: 12.13 min.


[2026-05-02 08:04:57,349][root][INFO] - *****   LOOP 19 START   *****
[2026-05-02 08:04:57,349][root][INFO] - SAMPLE:
[32m2026-05-02 08:05:47.977[0m | [1mINFO    [0m | [36mmattersim.forcefield.potential[0m:[36mfrom_checkpoint[0m:[36m891[0m - [1mLoading the pre-trained mattersim-v1.0.0-5M.pth model[0m
[2026-05-02 08:08:50,199][root][INFO] - Number of filtered samples: 6
[2026-05-02 08:08:50,200][root][INFO] - avg_energy_above_hull_per_atom: 0.207790, avg_rmsd_from_relaxation: 0.667308, frac_novel_unique_stable_structures: 0.117647, frac_stable_structures: 0.666667, frac_successful_jobs: 1.000000, avg_comp_validity: 1.000000, avg_structure_comp_validity: 1.000000, avg_structure_validity: 1.000000, frac_novel_structures: 0.411765, frac_novel_systems: 0.117647, frac_novel_unique_structures: 0.411765, frac_unique_structures: 1.000000, frac_unique_systems: 1.000000, precision: 0.588235, recall: 0.000060
[2026-05-02 08:08:50,207][root][INFO] - SCORE:
[2026-05-02 08:22:11,529][root][INFO] - Evaluation costs to date: 189
[2026-05-02 08:22:11,627][root][INFO] - Number of samples that successfully obtained rewards: 2
[2026-05-02 08:22:11,627][root][INFO] - reward mean=0.0444 std=0.0444
[2026-05-02 08:22:11,628][root][INFO] - heat_capacity mean=0.3025 std=0.1030
[2026-05-02 08:22:11,792][root][INFO] - 80 crystals generated so far, 80 unique components.  Burden: None, Div. Ratio: 1.0.
[2026-05-02 08:22:11,807][root][INFO] - Diversity filter: tol_n=0, buff_n=0
[2026-05-02 08:22:11,810][root][INFO] - replay buffer size=12
[2026-05-02 08:22:11,810][root][INFO] - buffer reward mean=0.21326044051522272
[2026-05-02 08:22:11,810][root][INFO] - FINETUNE:
[2026-05-02 08:22:12,217][root][INFO] - Epoch 0: loss: 0.2351, loss_diff: 0.2347, loss_kl: 0.0157
[2026-05-02 08:22:12,541][root][INFO] - Epoch 1: loss: 0.2312, loss_diff: 0.2305, loss_kl: 0.0284
[2026-05-02 08:22:12,868][root][INFO] - Epoch 2: loss: 0.2405, loss_diff: 0.2399, loss_kl: 0.0252
[2026-05-02 08:22:12,869][root][INFO] - *****   LOOP 19 FINISH   *****
[2026-05-02 08:22:12,869][root][INFO] - Total time taken: 17.26 min.


[2026-05-02 08:22:13,812][root][INFO] - *****   RL END   *****
[2026-05-02 08:22:13,812][root][INFO] - Total time taken: 24098 s.
Closing LMDB environment /tmp/job.3003388/tmpp25tg331/reference_MP2020correction
Phase-3 v3 adit baseline (seed=99) finished at Sat May  2 08:22:45 CDT 2026
