Phase-3 v3 CF ACCEL seed=17 cycles=20 at Sat May  2 00:45:52 CDT 2026 on fc102
  GP_LTM_SEED=/scratch/user/ahnafalvi/matinvent-hcap-bo/data/ltm_seed_pool_v3.parquet
  GP_LTM_PATH=/scratch/user/ahnafalvi/matinvent-hcap-bo/data/ltm_hcap_p3v3_cf_accel_seed17_3003385.parquet
  GP_COLD_START_MIN=50
Tesla T4, 16384 MiB
MODELS_PROJECT_ROOT: /scratch/user/ahnafalvi/matinvent-bo/src/mattergen/mattergen
[2026-05-02 00:55:38,364][httpx][INFO] - HTTP Request: HEAD https://huggingface.co/jwchen25/MatInvent/resolve/main/reference_MP2020correction.gz "HTTP/1.1 302 Found"
edge_style: fc
[2026-05-02 01:03:24,170][hydra.utils][INFO] - Using lattice polar decomposition with sigma=0.1
edge_style: fc
[2026-05-02 01:03:39,150][hydra.utils][INFO] - Using lattice polar decomposition with sigma=0.1
edge_style: fc
[2026-05-02 01:03:52,372][hydra.utils][INFO] - Using lattice polar decomposition with sigma=0.1
edge_style: fc
[2026-05-02 01:04:06,318][hydra.utils][INFO] - Using lattice polar decomposition with sigma=0.1
[2026-05-02 01:04:06,360][root][INFO] - *****   RL START   *****
[2026-05-02 01:04:06,360][root][INFO] - *****   LOOP 0 START   *****
[2026-05-02 01:04:06,360][root][INFO] - SAMPLE:
[32m2026-05-02 01:05:41.329[0m | [1mINFO    [0m | [36mmattersim.forcefield.potential[0m:[36mfrom_checkpoint[0m:[36m891[0m - [1mLoading the pre-trained mattersim-v1.0.0-5M.pth model[0m
[2026-05-02 01:18:43,346][root][INFO] - Number of filtered samples: 14
[2026-05-02 01:18:43,394][root][INFO] - avg_energy_above_hull_per_atom: 0.197532, avg_rmsd_from_relaxation: 0.897610, frac_novel_unique_stable_structures: 0.274510, frac_stable_structures: 0.411765, frac_successful_jobs: 1.000000, avg_comp_validity: 1.000000, avg_structure_comp_validity: 1.000000, avg_structure_validity: 1.000000, frac_novel_structures: 0.862745, frac_novel_systems: 0.137255, frac_novel_unique_structures: 0.862745, frac_unique_structures: 1.000000, frac_unique_systems: 1.000000, precision: 0.137255, recall: 0.000025
[2026-05-02 01:18:43,402][root][INFO] - SCORE:
[2026-05-02 01:18:44,991][cached_path][INFO] - cache of https://orbitalmaterials-public-models.s3.us-west-1.amazonaws.com/forcefields/orb-v3/orb-v3-conservative-inf-omat-20250404.ckpt is up-to-date
[2026-05-02 01:24:40,410][root][INFO] - Project root: /scratch/user/ahnafalvi/envs/matinvent-hcap-bo/lib/python3.10/site-packages/fairchem
[2026-05-02 01:24:41,047][root][INFO] - Checking local cache: /scratch/user/ahnafalvi/.cache/huggingface for model eSEN-30M-OAM
[2026-05-02 01:24:41,150][httpx][INFO] - HTTP Request: HEAD https://huggingface.co/facebook/OMAT24/resolve/main/esen_30m_oam.pt "HTTP/1.1 302 Found"
[2026-05-02 01:24:41,639][root][INFO] - local rank base: 0
[2026-05-02 01:24:45,109][root][INFO] - amp: false
cmd:
  checkpoint_dir: /scratch/user/ahnafalvi/matinvent-hcap-bo/results/hcap_p3v3_cf_accel_seed17_3003385/checkpoints/2026-05-02-01-24-00
  commit: core:None,experimental:NA
  identifier: ''
  logs_dir: /scratch/user/ahnafalvi/matinvent-hcap-bo/results/hcap_p3v3_cf_accel_seed17_3003385/logs/wandb/2026-05-02-01-24-00
  print_every: 100
  results_dir: /scratch/user/ahnafalvi/matinvent-hcap-bo/results/hcap_p3v3_cf_accel_seed17_3003385/results/2026-05-02-01-24-00
  seed: null
  timestamp_id: 2026-05-02-01-24-00
  version: 1.10.0
dataset:
  a2g_args:
    r_energy: true
    r_forces: true
    r_stress: true
  format: ase_db
  metadata_path: ''
  transforms:
    element_references: ''
    normalizer:
      energy:
        mean: 0.0
        stdev: 0.6274358
      forces:
        mean: 0.0
        stdev: 0.6274358
      stress:
        mean: 0.0
        stdev: 0.6274358
evaluation_metrics:
  metrics:
    energy:
    - mae
    - per_atom_mae
    forces:
    - mae
    - cosine_similarity
    stress:
    - mae
  primary_metric: forces_mae
gp_gpus: null
gpus: 1
logger: wandb
loss_functions:
- energy:
    coefficient: 20
    fn: per_atom_mae
- forces:
    coefficient: 20
    fn: l2mae
- stress:
    coefficient: 5
    fn: mae
model:
  backbone:
    act_type: gate
    cutoff: 6.0
    direct_forces: false
    distance_function: gaussian
    edge_channels: 128
    hidden_channels: 128
    lmax: 3
    max_neighbors: 300
    max_num_elements: 100
    mlp_type: spectral
    mmax: 2
    model: esen_backbone
    norm_type: rms_norm_sh
    num_distance_basis: 64
    num_layers: 10
    otf_graph: true
    regress_forces: true
    regress_stress: true
    sphere_channels: 128
    use_envelope: true
    use_pbc: true
    use_pbc_single: true
  heads:
    mptrj:
      module: esen_mlp_efs_head
  name: hydra
  otf_graph: true
  pass_through_head_outputs: true
optim:
  batch_size: 4
  clip_grad_norm: 100
  ema_decay: 0.999
  eval_batch_size: 4
  eval_every: 5000
  load_balancing: atoms
  lr_initial: 0.0004
  max_epochs: 1
  num_workers: 4
  optimizer: AdamW
  optimizer_params:
    weight_decay: 0.001
  scheduler: LambdaLR
  scheduler_params:
    epochs: 85271
    lambda_type: cosine
    lr: 0.0004
    lr_min_factor: 0.1
    warmup_epochs: 8527
    warmup_factor: 0.2
outputs:
  energy:
    level: system
    property: energy
  forces:
    eval_on_free_atoms: true
    level: atom
    property: forces
    train_on_free_atoms: true
  stress:
    level: system
    property: stress
relax_dataset: {}
slurm: {}
task: {}
test_dataset: {}
trainer: ocp
val_dataset: {}

[2026-05-02 01:24:45,110][root][INFO] - Loading model: hydra
[2026-05-02 01:24:45,847][root][INFO] - Loaded HydraModel with 30161153 parameters.
[2026-05-02 01:24:45,848][root][INFO] - Loading checkpoint in inference-only mode, not loading keys associated with trainer state!
[2026-05-02 01:24:45,884][root][WARNING] - No seed has been set in modelcheckpoint or OCPCalculator! Results may not be reproducible on re-run
[GPRoutedV3] cycle=0 N=14 oracled=14 masked=0 ltm=450 GP_RMSE_train=0.000 GP_RMSE_cv5=0.081 GP_MAE_cv5=0.053 mean_oracle_Cp=0.398 anchor=False cold=True 1476.4s
[2026-05-02 01:43:19,839][root][INFO] - Evaluation costs to date: 14
[2026-05-02 01:43:19,879][root][INFO] - Number of samples that successfully obtained rewards: 4
[2026-05-02 01:43:19,879][root][INFO] - reward mean=0.1003 std=0.1270
[2026-05-02 01:43:19,880][root][INFO] - heat_capacity mean=0.3984 std=0.2464
[2026-05-02 01:43:19,925][root][INFO] - 4 crystals generated so far, 4 unique components.  Burden: None, Div. Ratio: 1.0.
[2026-05-02 01:43:19,964][root][INFO] - Diversity filter: tol_n=0, buff_n=0
[2026-05-02 01:43:19,984][root][INFO] - replay buffer size=1
[2026-05-02 01:43:19,985][root][INFO] - buffer reward mean=0.3107308272423434
[2026-05-02 01:43:19,985][root][INFO] - FINETUNE:
[2026-05-02 01:43:21,032][root][INFO] - Epoch 0: loss: 0.1356, loss_diff: 0.1356, loss_kl: 0.0000
[2026-05-02 01:43:21,153][root][INFO] - Epoch 1: loss: 0.1364, loss_diff: 0.1364, loss_kl: 0.0000
[2026-05-02 01:43:21,274][root][INFO] - Epoch 2: loss: 0.1441, loss_diff: 0.1441, loss_kl: 0.0000
[2026-05-02 01:43:21,275][root][INFO] - *****   LOOP 0 FINISH   *****
[2026-05-02 01:43:21,275][root][INFO] - Total time taken: 39.25 min.


[2026-05-02 01:43:21,275][root][INFO] - *****   LOOP 1 START   *****
[2026-05-02 01:43:21,275][root][INFO] - SAMPLE:
[32m2026-05-02 01:45:37.615[0m | [1mINFO    [0m | [36mmattersim.forcefield.potential[0m:[36mfrom_checkpoint[0m:[36m891[0m - [1mLoading the pre-trained mattersim-v1.0.0-5M.pth model[0m
[2026-05-02 01:50:46,309][root][INFO] - Number of filtered samples: 7
[2026-05-02 01:50:46,311][root][INFO] - avg_energy_above_hull_per_atom: 0.225796, avg_rmsd_from_relaxation: 0.975430, frac_novel_unique_stable_structures: 0.145833, frac_stable_structures: 0.375000, frac_successful_jobs: 1.000000, avg_comp_validity: 1.000000, avg_structure_comp_validity: 1.000000, avg_structure_validity: 1.000000, frac_novel_structures: 0.770833, frac_novel_systems: 0.208333, frac_novel_unique_structures: 0.770833, frac_unique_structures: 1.000000, frac_unique_systems: 1.000000, precision: 0.229167, recall: 0.000031
[2026-05-02 01:50:46,324][root][INFO] - SCORE:
[GPRoutedV3] cycle=1 N=7 oracled=7 masked=0 ltm=454 GP_RMSE_train=0.000 GP_RMSE_cv5=0.081 GP_MAE_cv5=0.054 mean_oracle_Cp=0.232 anchor=False cold=False 522.3s
[2026-05-02 01:59:28,762][root][INFO] - Evaluation costs to date: 21
[2026-05-02 01:59:28,778][root][INFO] - Number of samples that successfully obtained rewards: 4
[2026-05-02 01:59:28,778][root][INFO] - reward mean=0.0053 std=0.0057
[2026-05-02 01:59:28,778][root][INFO] - heat_capacity mean=0.2318 std=0.0421
[2026-05-02 01:59:29,294][root][INFO] - 8 crystals generated so far, 8 unique components.  Burden: None, Div. Ratio: 1.0.
[2026-05-02 01:59:29,323][root][INFO] - Diversity filter: tol_n=0, buff_n=0
[2026-05-02 01:59:29,355][root][INFO] - replay buffer size=1
[2026-05-02 01:59:29,355][root][INFO] - buffer reward mean=0.3107308272423434
[2026-05-02 01:59:29,355][root][INFO] - FINETUNE:
[2026-05-02 01:59:29,678][root][INFO] - Epoch 0: loss: 0.0979, loss_diff: 0.0979, loss_kl: 0.0000
[2026-05-02 01:59:29,793][root][INFO] - Epoch 1: loss: 0.0903, loss_diff: 0.0903, loss_kl: 0.0000
[2026-05-02 01:59:29,909][root][INFO] - Epoch 2: loss: 0.0961, loss_diff: 0.0961, loss_kl: 0.0000
[2026-05-02 01:59:29,910][root][INFO] - *****   LOOP 1 FINISH   *****
[2026-05-02 01:59:29,910][root][INFO] - Total time taken: 16.14 min.


[2026-05-02 01:59:29,910][root][INFO] - *****   LOOP 2 START   *****
[2026-05-02 01:59:29,910][root][INFO] - SAMPLE:
[32m2026-05-02 02:00:46.950[0m | [1mINFO    [0m | [36mmattersim.forcefield.potential[0m:[36mfrom_checkpoint[0m:[36m891[0m - [1mLoading the pre-trained mattersim-v1.0.0-5M.pth model[0m
[2026-05-02 02:06:15,094][root][INFO] - Number of filtered samples: 6
[2026-05-02 02:06:15,096][root][INFO] - avg_energy_above_hull_per_atom: 0.353226, avg_rmsd_from_relaxation: 0.966933, frac_novel_unique_stable_structures: 0.117647, frac_stable_structures: 0.254902, frac_successful_jobs: 1.000000, avg_comp_validity: 1.000000, avg_structure_comp_validity: 1.000000, avg_structure_validity: 1.000000, frac_novel_structures: 0.843137, frac_novel_systems: 0.333333, frac_novel_unique_structures: 0.843137, frac_unique_structures: 1.000000, frac_unique_systems: 0.980392, precision: 0.156863, recall: 0.000026
[2026-05-02 02:06:15,118][root][INFO] - SCORE:
[GPRoutedV3] cycle=2 N=6 oracled=6 masked=0 ltm=455 GP_RMSE_train=0.000 GP_RMSE_cv5=0.079 GP_MAE_cv5=0.052 mean_oracle_Cp=0.175 anchor=False cold=False 393.6s
[2026-05-02 02:12:48,843][root][INFO] - Evaluation costs to date: 27
[2026-05-02 02:12:48,844][root][INFO] - Number of samples that successfully obtained rewards: 1
[2026-05-02 02:12:48,844][root][INFO] - reward mean=0.0000 std=0.0000
[2026-05-02 02:12:48,844][root][INFO] - heat_capacity mean=0.1751 std=0.0000
[2026-05-02 02:12:48,895][root][INFO] - 9 crystals generated so far, 9 unique components.  Burden: None, Div. Ratio: 1.0.
[2026-05-02 02:12:49,011][root][INFO] - Diversity filter: tol_n=0, buff_n=0
[2026-05-02 02:12:49,014][root][INFO] - replay buffer size=1
[2026-05-02 02:12:49,014][root][INFO] - buffer reward mean=0.3107308272423434
[2026-05-02 02:12:49,014][root][INFO] - FINETUNE:
[2026-05-02 02:12:49,239][root][INFO] - Epoch 0: loss: 0.1966, loss_diff: 0.1966, loss_kl: 0.0001
[2026-05-02 02:12:49,348][root][INFO] - Epoch 1: loss: 0.2163, loss_diff: 0.2163, loss_kl: 0.0001
[2026-05-02 02:12:49,458][root][INFO] - Epoch 2: loss: 0.2132, loss_diff: 0.2132, loss_kl: 0.0001
[2026-05-02 02:12:49,459][root][INFO] - *****   LOOP 2 FINISH   *****
[2026-05-02 02:12:49,459][root][INFO] - Total time taken: 13.33 min.


[2026-05-02 02:12:49,459][root][INFO] - *****   LOOP 3 START   *****
[2026-05-02 02:12:49,459][root][INFO] - SAMPLE:
[32m2026-05-02 02:15:30.645[0m | [1mINFO    [0m | [36mmattersim.forcefield.potential[0m:[36mfrom_checkpoint[0m:[36m891[0m - [1mLoading the pre-trained mattersim-v1.0.0-5M.pth model[0m
[2026-05-02 02:20:11,629][root][INFO] - Number of filtered samples: 8
[2026-05-02 02:20:11,631][root][INFO] - avg_energy_above_hull_per_atom: 0.198251, avg_rmsd_from_relaxation: 1.016966, frac_novel_unique_stable_structures: 0.163265, frac_stable_structures: 0.285714, frac_successful_jobs: 1.000000, avg_comp_validity: 1.000000, avg_structure_comp_validity: 1.000000, avg_structure_validity: 1.000000, frac_novel_structures: 0.857143, frac_novel_systems: 0.163265, frac_novel_unique_structures: 0.857143, frac_unique_structures: 1.000000, frac_unique_systems: 1.000000, precision: 0.142857, recall: 0.000011
[2026-05-02 02:20:11,659][root][INFO] - SCORE:
[GPRoutedV3] cycle=3 N=8 oracled=8 masked=0 ltm=457 GP_RMSE_train=0.000 GP_RMSE_cv5=0.082 GP_MAE_cv5=0.054 mean_oracle_Cp=0.241 anchor=False cold=False 382.3s
[2026-05-02 02:26:34,240][root][INFO] - Evaluation costs to date: 35
[2026-05-02 02:26:34,265][root][INFO] - Number of samples that successfully obtained rewards: 2
[2026-05-02 02:26:34,265][root][INFO] - reward mean=0.0000 std=0.0000
[2026-05-02 02:26:34,265][root][INFO] - heat_capacity mean=0.2408 std=0.0036
[2026-05-02 02:26:34,455][root][INFO] - 11 crystals generated so far, 11 unique components.  Burden: None, Div. Ratio: 1.0.
[2026-05-02 02:26:34,613][root][INFO] - Diversity filter: tol_n=0, buff_n=0
[2026-05-02 02:26:34,616][root][INFO] - replay buffer size=1
[2026-05-02 02:26:34,617][root][INFO] - buffer reward mean=0.3107308272423434
[2026-05-02 02:26:34,617][root][INFO] - FINETUNE:
[2026-05-02 02:26:34,791][root][INFO] - Epoch 0: loss: 0.1421, loss_diff: 0.1421, loss_kl: 0.0001
[2026-05-02 02:26:34,903][root][INFO] - Epoch 1: loss: 0.1355, loss_diff: 0.1355, loss_kl: 0.0001
[2026-05-02 02:26:35,014][root][INFO] - Epoch 2: loss: 0.1375, loss_diff: 0.1375, loss_kl: 0.0002
[2026-05-02 02:26:35,014][root][INFO] - *****   LOOP 3 FINISH   *****
[2026-05-02 02:26:35,015][root][INFO] - Total time taken: 13.76 min.


[2026-05-02 02:26:35,015][root][INFO] - *****   LOOP 4 START   *****
[2026-05-02 02:26:35,015][root][INFO] - SAMPLE:
[32m2026-05-02 02:28:19.818[0m | [1mINFO    [0m | [36mmattersim.forcefield.potential[0m:[36mfrom_checkpoint[0m:[36m891[0m - [1mLoading the pre-trained mattersim-v1.0.0-5M.pth model[0m
[2026-05-02 02:32:23,640][root][INFO] - Number of filtered samples: 10
[2026-05-02 02:32:23,642][root][INFO] - avg_energy_above_hull_per_atom: 0.213936, avg_rmsd_from_relaxation: 0.877931, frac_novel_unique_stable_structures: 0.192308, frac_stable_structures: 0.384615, frac_successful_jobs: 1.000000, avg_comp_validity: 1.000000, avg_structure_comp_validity: 1.000000, avg_structure_validity: 1.000000, frac_novel_structures: 0.788462, frac_novel_systems: 0.173077, frac_novel_unique_structures: 0.788462, frac_unique_structures: 1.000000, frac_unique_systems: 0.980769, precision: 0.211538, recall: 0.000038
[2026-05-02 02:32:23,649][root][INFO] - SCORE:
[GPRoutedV3] cycle=4 N=10 oracled=8 masked=2 ltm=459 GP_RMSE_train=0.000 GP_RMSE_cv5=0.082 GP_MAE_cv5=0.053 mean_oracle_Cp=0.356 anchor=False cold=False 487.2s
[2026-05-02 02:40:32,809][root][INFO] - Evaluation costs to date: 45
[2026-05-02 02:40:32,859][root][INFO] - Number of samples that successfully obtained rewards: 2
[2026-05-02 02:40:32,859][root][INFO] - reward mean=0.0607 std=0.0337
[2026-05-02 02:40:32,859][root][INFO] - heat_capacity mean=0.3562 std=0.0591
[2026-05-02 02:40:32,891][root][INFO] - 13 crystals generated so far, 13 unique components.  Burden: None, Div. Ratio: 1.0.
[2026-05-02 02:40:32,896][root][INFO] - Diversity filter: tol_n=0, buff_n=0
[2026-05-02 02:40:32,899][root][INFO] - replay buffer size=1
[2026-05-02 02:40:32,899][root][INFO] - buffer reward mean=0.3107308272423434
[2026-05-02 02:40:32,899][root][INFO] - FINETUNE:
[2026-05-02 02:40:33,104][root][INFO] - Epoch 0: loss: 0.1959, loss_diff: 0.1959, loss_kl: 0.0002
[2026-05-02 02:40:33,262][root][INFO] - Epoch 1: loss: 0.1976, loss_diff: 0.1976, loss_kl: 0.0003
[2026-05-02 02:40:33,393][root][INFO] - Epoch 2: loss: 0.2086, loss_diff: 0.2086, loss_kl: 0.0003
[2026-05-02 02:40:33,394][root][INFO] - *****   LOOP 4 FINISH   *****
[2026-05-02 02:40:33,394][root][INFO] - Total time taken: 13.97 min.


[2026-05-02 02:40:33,394][root][INFO] - *****   LOOP 5 START   *****
[2026-05-02 02:40:33,394][root][INFO] - SAMPLE:
[32m2026-05-02 02:42:17.679[0m | [1mINFO    [0m | [36mmattersim.forcefield.potential[0m:[36mfrom_checkpoint[0m:[36m891[0m - [1mLoading the pre-trained mattersim-v1.0.0-5M.pth model[0m
[2026-05-02 02:46:59,824][root][INFO] - Number of filtered samples: 8
[2026-05-02 02:46:59,826][root][INFO] - avg_energy_above_hull_per_atom: 0.249571, avg_rmsd_from_relaxation: 0.942780, frac_novel_unique_stable_structures: 0.156863, frac_stable_structures: 0.294118, frac_successful_jobs: 1.000000, avg_comp_validity: 1.000000, avg_structure_comp_validity: 1.000000, avg_structure_validity: 1.000000, frac_novel_structures: 0.823529, frac_novel_systems: 0.274510, frac_novel_unique_structures: 0.823529, frac_unique_structures: 1.000000, frac_unique_systems: 1.000000, precision: 0.176471, recall: 0.000024
[2026-05-02 02:46:59,832][root][INFO] - SCORE:
[GPRoutedV3] cycle=5 N=8 oracled=8 masked=0 ltm=462 GP_RMSE_train=0.000 GP_RMSE_cv5=0.083 GP_MAE_cv5=0.055 mean_oracle_Cp=0.286 anchor=True cold=False 922.4s
[2026-05-02 03:02:22,404][root][INFO] - Evaluation costs to date: 53
[2026-05-02 03:02:22,447][root][INFO] - Number of samples that successfully obtained rewards: 3
[2026-05-02 03:02:22,447][root][INFO] - reward mean=0.0389 std=0.0550
[2026-05-02 03:02:22,448][root][INFO] - heat_capacity mean=0.2858 std=0.1221
[2026-05-02 03:02:22,515][root][INFO] - 16 crystals generated so far, 16 unique components.  Burden: None, Div. Ratio: 1.0.
[2026-05-02 03:02:22,564][root][INFO] - Diversity filter: tol_n=0, buff_n=0
[2026-05-02 03:02:22,567][root][INFO] - replay buffer size=2
[2026-05-02 03:02:22,567][root][INFO] - buffer reward mean=0.21367764707791292
[2026-05-02 03:02:22,567][root][INFO] - FINETUNE:
[2026-05-02 03:02:22,740][root][INFO] - Epoch 0: loss: 0.1381, loss_diff: 0.1381, loss_kl: 0.0004
[2026-05-02 03:02:22,872][root][INFO] - Epoch 1: loss: 0.1506, loss_diff: 0.1506, loss_kl: 0.0004
[2026-05-02 03:02:23,010][root][INFO] - Epoch 2: loss: 0.1534, loss_diff: 0.1534, loss_kl: 0.0005
[2026-05-02 03:02:23,010][root][INFO] - *****   LOOP 5 FINISH   *****
[2026-05-02 03:02:23,011][root][INFO] - Total time taken: 21.83 min.


[2026-05-02 03:02:23,011][root][INFO] - *****   LOOP 6 START   *****
[2026-05-02 03:02:23,011][root][INFO] - SAMPLE:
[32m2026-05-02 03:04:09.058[0m | [1mINFO    [0m | [36mmattersim.forcefield.potential[0m:[36mfrom_checkpoint[0m:[36m891[0m - [1mLoading the pre-trained mattersim-v1.0.0-5M.pth model[0m
[2026-05-02 03:08:08,928][root][INFO] - Number of filtered samples: 7
[2026-05-02 03:08:08,929][root][INFO] - avg_energy_above_hull_per_atom: 0.200678, avg_rmsd_from_relaxation: 0.898346, frac_novel_unique_stable_structures: 0.137255, frac_stable_structures: 0.294118, frac_successful_jobs: 1.000000, avg_comp_validity: 1.000000, avg_structure_comp_validity: 1.000000, avg_structure_validity: 1.000000, frac_novel_structures: 0.823529, frac_novel_systems: 0.215686, frac_novel_unique_structures: 0.823529, frac_unique_structures: 1.000000, frac_unique_systems: 0.980392, precision: 0.176471, recall: 0.000028
[2026-05-02 03:08:08,950][root][INFO] - SCORE:
[GPRoutedV3] cycle=6 N=7 oracled=7 masked=0 ltm=466 GP_RMSE_train=0.000 GP_RMSE_cv5=0.082 GP_MAE_cv5=0.054 mean_oracle_Cp=0.281 anchor=False cold=False 492.1s
[2026-05-02 03:16:21,130][root][INFO] - Evaluation costs to date: 60
[2026-05-02 03:16:21,197][root][INFO] - Number of samples that successfully obtained rewards: 4
[2026-05-02 03:16:21,198][root][INFO] - reward mean=0.0272 std=0.0453
[2026-05-02 03:16:21,198][root][INFO] - heat_capacity mean=0.2808 std=0.0929
[2026-05-02 03:16:21,280][root][INFO] - 20 crystals generated so far, 20 unique components.  Burden: None, Div. Ratio: 1.0.
[2026-05-02 03:16:21,295][root][INFO] - Diversity filter: tol_n=0, buff_n=0
[2026-05-02 03:16:21,298][root][INFO] - replay buffer size=3
[2026-05-02 03:16:21,298][root][INFO] - buffer reward mean=0.17768837691347683
[2026-05-02 03:16:21,298][root][INFO] - FINETUNE:
[2026-05-02 03:16:21,442][root][INFO] - Epoch 0: loss: 0.1226, loss_diff: 0.1226, loss_kl: 0.0004
[2026-05-02 03:16:21,565][root][INFO] - Epoch 1: loss: 0.1264, loss_diff: 0.1264, loss_kl: 0.0004
[2026-05-02 03:16:21,688][root][INFO] - Epoch 2: loss: 0.1239, loss_diff: 0.1239, loss_kl: 0.0005
[2026-05-02 03:16:21,689][root][INFO] - *****   LOOP 6 FINISH   *****
[2026-05-02 03:16:21,689][root][INFO] - Total time taken: 13.98 min.


[2026-05-02 03:16:21,689][root][INFO] - *****   LOOP 7 START   *****
[2026-05-02 03:16:21,689][root][INFO] - SAMPLE:
[32m2026-05-02 03:17:38.932[0m | [1mINFO    [0m | [36mmattersim.forcefield.potential[0m:[36mfrom_checkpoint[0m:[36m891[0m - [1mLoading the pre-trained mattersim-v1.0.0-5M.pth model[0m
[2026-05-02 03:23:23,824][root][INFO] - Number of filtered samples: 7
[2026-05-02 03:23:23,826][root][INFO] - avg_energy_above_hull_per_atom: 0.185592, avg_rmsd_from_relaxation: 0.908635, frac_novel_unique_stable_structures: 0.129630, frac_stable_structures: 0.314815, frac_successful_jobs: 1.000000, avg_comp_validity: 1.000000, avg_structure_comp_validity: 1.000000, avg_structure_validity: 1.000000, frac_novel_structures: 0.814815, frac_novel_systems: 0.240741, frac_novel_unique_structures: 0.814815, frac_unique_structures: 0.981481, frac_unique_systems: 0.981481, precision: 0.185185, recall: 0.000035
[2026-05-02 03:23:23,832][root][INFO] - SCORE:
[GPRoutedV3] cycle=7 N=7 oracled=7 masked=0 ltm=468 GP_RMSE_train=0.000 GP_RMSE_cv5=0.081 GP_MAE_cv5=0.055 mean_oracle_Cp=0.255 anchor=False cold=False 542.2s
[2026-05-02 03:32:26,109][root][INFO] - Evaluation costs to date: 67
[2026-05-02 03:32:26,136][root][INFO] - Number of samples that successfully obtained rewards: 2
[2026-05-02 03:32:26,137][root][INFO] - reward mean=0.0317 std=0.0317
[2026-05-02 03:32:26,137][root][INFO] - heat_capacity mean=0.2548 std=0.1060
[2026-05-02 03:32:26,203][root][INFO] - 22 crystals generated so far, 22 unique components.  Burden: None, Div. Ratio: 1.0.
[2026-05-02 03:32:26,244][root][INFO] - Diversity filter: tol_n=0, buff_n=0
[2026-05-02 03:32:26,246][root][INFO] - replay buffer size=3
[2026-05-02 03:32:26,246][root][INFO] - buffer reward mean=0.17768837691347683
[2026-05-02 03:32:26,246][root][INFO] - FINETUNE:
[2026-05-02 03:32:26,393][root][INFO] - Epoch 0: loss: 0.1624, loss_diff: 0.1624, loss_kl: 0.0006
[2026-05-02 03:32:26,521][root][INFO] - Epoch 1: loss: 0.1689, loss_diff: 0.1688, loss_kl: 0.0007
[2026-05-02 03:32:26,651][root][INFO] - Epoch 2: loss: 0.1668, loss_diff: 0.1668, loss_kl: 0.0007
[2026-05-02 03:32:26,652][root][INFO] - *****   LOOP 7 FINISH   *****
[2026-05-02 03:32:26,652][root][INFO] - Total time taken: 16.08 min.


[2026-05-02 03:32:26,652][root][INFO] - *****   LOOP 8 START   *****
[2026-05-02 03:32:26,652][root][INFO] - SAMPLE:
[32m2026-05-02 03:33:49.162[0m | [1mINFO    [0m | [36mmattersim.forcefield.potential[0m:[36mfrom_checkpoint[0m:[36m891[0m - [1mLoading the pre-trained mattersim-v1.0.0-5M.pth model[0m
[2026-05-02 03:38:36,159][root][INFO] - Number of filtered samples: 6
[2026-05-02 03:38:36,160][root][INFO] - avg_energy_above_hull_per_atom: 0.288648, avg_rmsd_from_relaxation: 0.965718, frac_novel_unique_stable_structures: 0.109091, frac_stable_structures: 0.236364, frac_successful_jobs: 1.000000, avg_comp_validity: 1.000000, avg_structure_comp_validity: 1.000000, avg_structure_validity: 1.000000, frac_novel_structures: 0.872727, frac_novel_systems: 0.236364, frac_novel_unique_structures: 0.872727, frac_unique_structures: 1.000000, frac_unique_systems: 0.963636, precision: 0.127273, recall: 0.000020
[2026-05-02 03:38:36,178][root][INFO] - SCORE:
[GPRoutedV3] cycle=8 N=6 oracled=6 masked=0 ltm=470 GP_RMSE_train=0.000 GP_RMSE_cv5=0.083 GP_MAE_cv5=0.056 mean_oracle_Cp=0.413 anchor=False cold=False 640.7s
[2026-05-02 03:49:16,965][root][INFO] - Evaluation costs to date: 73
[2026-05-02 03:49:17,020][root][INFO] - Number of samples that successfully obtained rewards: 2
[2026-05-02 03:49:17,020][root][INFO] - reward mean=0.0929 std=0.0241
[2026-05-02 03:49:17,020][root][INFO] - heat_capacity mean=0.4126 std=0.0422
[2026-05-02 03:49:17,703][root][INFO] - 24 crystals generated so far, 24 unique components.  Burden: None, Div. Ratio: 1.0.
[2026-05-02 03:49:17,906][root][INFO] - Diversity filter: tol_n=0, buff_n=0
[2026-05-02 03:49:17,931][root][INFO] - replay buffer size=4
[2026-05-02 03:49:17,932][root][INFO] - buffer reward mean=0.16251583656534802
[2026-05-02 03:49:17,932][root][INFO] - FINETUNE:
[2026-05-02 03:49:18,565][root][INFO] - Epoch 0: loss: 0.2018, loss_diff: 0.2018, loss_kl: 0.0007
[2026-05-02 03:49:18,699][root][INFO] - Epoch 1: loss: 0.2058, loss_diff: 0.2058, loss_kl: 0.0009
[2026-05-02 03:49:18,835][root][INFO] - Epoch 2: loss: 0.1964, loss_diff: 0.1964, loss_kl: 0.0009
[2026-05-02 03:49:18,836][root][INFO] - *****   LOOP 8 FINISH   *****
[2026-05-02 03:49:18,836][root][INFO] - Total time taken: 16.87 min.


[2026-05-02 03:49:18,836][root][INFO] - *****   LOOP 9 START   *****
[2026-05-02 03:49:18,836][root][INFO] - SAMPLE:
[32m2026-05-02 03:50:33.534[0m | [1mINFO    [0m | [36mmattersim.forcefield.potential[0m:[36mfrom_checkpoint[0m:[36m891[0m - [1mLoading the pre-trained mattersim-v1.0.0-5M.pth model[0m
[2026-05-02 03:55:01,162][root][INFO] - Number of filtered samples: 8
[2026-05-02 03:55:01,163][root][INFO] - avg_energy_above_hull_per_atom: 0.210441, avg_rmsd_from_relaxation: 0.993723, frac_novel_unique_stable_structures: 0.170213, frac_stable_structures: 0.340426, frac_successful_jobs: 1.000000, avg_comp_validity: 1.000000, avg_structure_comp_validity: 1.000000, avg_structure_validity: 1.000000, frac_novel_structures: 0.829787, frac_novel_systems: 0.234043, frac_novel_unique_structures: 0.829787, frac_unique_structures: 1.000000, frac_unique_systems: 1.000000, precision: 0.170213, recall: 0.000017
[2026-05-02 03:55:01,169][root][INFO] - SCORE:
[GPRoutedV3] cycle=9 N=8 oracled=8 masked=0 ltm=472 GP_RMSE_train=0.000 GP_RMSE_cv5=0.083 GP_MAE_cv5=0.054 mean_oracle_Cp=0.147 anchor=False cold=False 544.4s
[2026-05-02 04:04:05,606][root][INFO] - Evaluation costs to date: 81
[2026-05-02 04:04:05,607][root][INFO] - Number of samples that successfully obtained rewards: 2
[2026-05-02 04:04:05,607][root][INFO] - reward mean=0.0000 std=0.0000
[2026-05-02 04:04:05,607][root][INFO] - heat_capacity mean=0.1466 std=0.0010
[2026-05-02 04:04:05,669][root][INFO] - 26 crystals generated so far, 26 unique components.  Burden: None, Div. Ratio: 1.0.
[2026-05-02 04:04:05,708][root][INFO] - Diversity filter: tol_n=0, buff_n=0
[2026-05-02 04:04:05,710][root][INFO] - replay buffer size=4
[2026-05-02 04:04:05,711][root][INFO] - buffer reward mean=0.16251583656534802
[2026-05-02 04:04:05,711][root][INFO] - FINETUNE:
[2026-05-02 04:04:05,904][root][INFO] - Epoch 0: loss: 0.1455, loss_diff: 0.1455, loss_kl: 0.0009
[2026-05-02 04:04:06,037][root][INFO] - Epoch 1: loss: 0.1471, loss_diff: 0.1471, loss_kl: 0.0010
[2026-05-02 04:04:06,171][root][INFO] - Epoch 2: loss: 0.1531, loss_diff: 0.1531, loss_kl: 0.0011
[2026-05-02 04:04:06,172][root][INFO] - *****   LOOP 9 FINISH   *****
[2026-05-02 04:04:06,172][root][INFO] - Total time taken: 14.79 min.


[2026-05-02 04:04:06,172][root][INFO] - *****   LOOP 10 START   *****
[2026-05-02 04:04:06,172][root][INFO] - SAMPLE:
[32m2026-05-02 04:05:43.797[0m | [1mINFO    [0m | [36mmattersim.forcefield.potential[0m:[36mfrom_checkpoint[0m:[36m891[0m - [1mLoading the pre-trained mattersim-v1.0.0-5M.pth model[0m
[2026-05-02 04:11:48,140][root][INFO] - Number of filtered samples: 5
[2026-05-02 04:11:48,170][root][INFO] - avg_energy_above_hull_per_atom: 0.371717, avg_rmsd_from_relaxation: 1.090013, frac_novel_unique_stable_structures: 0.092593, frac_stable_structures: 0.240741, frac_successful_jobs: 1.000000, avg_comp_validity: 1.000000, avg_structure_comp_validity: 1.000000, avg_structure_validity: 1.000000, frac_novel_structures: 0.851852, frac_novel_systems: 0.351852, frac_novel_unique_structures: 0.851852, frac_unique_structures: 1.000000, frac_unique_systems: 1.000000, precision: 0.148148, recall: 0.000021
[2026-05-02 04:11:48,187][root][INFO] - SCORE:
[GPRoutedV3] cycle=10 N=5 oracled=5 masked=0 ltm=475 GP_RMSE_train=0.000 GP_RMSE_cv5=0.081 GP_MAE_cv5=0.053 mean_oracle_Cp=0.294 anchor=True cold=False 430.6s
[2026-05-02 04:18:58,901][root][INFO] - Evaluation costs to date: 86
[2026-05-02 04:18:58,902][root][INFO] - Number of samples that successfully obtained rewards: 3
[2026-05-02 04:18:58,902][root][INFO] - reward mean=0.0396 std=0.0468
[2026-05-02 04:18:58,902][root][INFO] - heat_capacity mean=0.2945 std=0.1065
[2026-05-02 04:18:59,006][root][INFO] - 29 crystals generated so far, 29 unique components.  Burden: None, Div. Ratio: 1.0.
[2026-05-02 04:18:59,097][root][INFO] - Diversity filter: tol_n=0, buff_n=0
[2026-05-02 04:18:59,100][root][INFO] - replay buffer size=5
[2026-05-02 04:18:59,100][root][INFO] - buffer reward mean=0.1510575765644699
[2026-05-02 04:18:59,100][root][INFO] - FINETUNE:
[2026-05-02 04:18:59,280][root][INFO] - Epoch 0: loss: 0.1523, loss_diff: 0.1523, loss_kl: 0.0013
[2026-05-02 04:18:59,436][root][INFO] - Epoch 1: loss: 0.1529, loss_diff: 0.1529, loss_kl: 0.0013
[2026-05-02 04:18:59,594][root][INFO] - Epoch 2: loss: 0.1625, loss_diff: 0.1624, loss_kl: 0.0013
[2026-05-02 04:18:59,595][root][INFO] - *****   LOOP 10 FINISH   *****
[2026-05-02 04:18:59,595][root][INFO] - Total time taken: 14.89 min.


[2026-05-02 04:18:59,595][root][INFO] - *****   LOOP 11 START   *****
[2026-05-02 04:18:59,595][root][INFO] - SAMPLE:
[32m2026-05-02 04:20:55.112[0m | [1mINFO    [0m | [36mmattersim.forcefield.potential[0m:[36mfrom_checkpoint[0m:[36m891[0m - [1mLoading the pre-trained mattersim-v1.0.0-5M.pth model[0m
[2026-05-02 04:25:03,512][root][INFO] - Number of filtered samples: 5
[2026-05-02 04:25:03,513][root][INFO] - avg_energy_above_hull_per_atom: 0.228229, avg_rmsd_from_relaxation: 0.844273, frac_novel_unique_stable_structures: 0.116279, frac_stable_structures: 0.186047, frac_successful_jobs: 1.000000, avg_comp_validity: 1.000000, avg_structure_comp_validity: 1.000000, avg_structure_validity: 1.000000, frac_novel_structures: 0.930233, frac_novel_systems: 0.255814, frac_novel_unique_structures: 0.930233, frac_unique_structures: 1.000000, frac_unique_systems: 1.000000, precision: 0.069767, recall: 0.000009
[2026-05-02 04:25:03,536][root][INFO] - SCORE:
[GPRoutedV3] cycle=11 N=5 oracled=5 masked=0 ltm=478 GP_RMSE_train=0.000 GP_RMSE_cv5=0.080 GP_MAE_cv5=0.053 mean_oracle_Cp=0.274 anchor=False cold=False 182.7s
[2026-05-02 04:28:06,250][root][INFO] - Evaluation costs to date: 91
[2026-05-02 04:28:06,251][root][INFO] - Number of samples that successfully obtained rewards: 3
[2026-05-02 04:28:06,251][root][INFO] - reward mean=0.0176 std=0.0145
[2026-05-02 04:28:06,251][root][INFO] - heat_capacity mean=0.2743 std=0.0335
[2026-05-02 04:28:06,325][root][INFO] - 32 crystals generated so far, 32 unique components.  Burden: None, Div. Ratio: 1.0.
[2026-05-02 04:28:06,411][root][INFO] - Diversity filter: tol_n=0, buff_n=0
[2026-05-02 04:28:06,414][root][INFO] - replay buffer size=5
[2026-05-02 04:28:06,414][root][INFO] - buffer reward mean=0.1510575765644699
[2026-05-02 04:28:06,414][root][INFO] - FINETUNE:
[2026-05-02 04:28:06,604][root][INFO] - Epoch 0: loss: 0.1377, loss_diff: 0.1377, loss_kl: 0.0012
[2026-05-02 04:28:06,761][root][INFO] - Epoch 1: loss: 0.1448, loss_diff: 0.1448, loss_kl: 0.0013
[2026-05-02 04:28:06,921][root][INFO] - Epoch 2: loss: 0.1395, loss_diff: 0.1394, loss_kl: 0.0013
[2026-05-02 04:28:06,922][root][INFO] - *****   LOOP 11 FINISH   *****
[2026-05-02 04:28:06,922][root][INFO] - Total time taken: 9.12 min.


[2026-05-02 04:28:06,922][root][INFO] - *****   LOOP 12 START   *****
[2026-05-02 04:28:06,922][root][INFO] - SAMPLE:
[32m2026-05-02 04:29:36.020[0m | [1mINFO    [0m | [36mmattersim.forcefield.potential[0m:[36mfrom_checkpoint[0m:[36m891[0m - [1mLoading the pre-trained mattersim-v1.0.0-5M.pth model[0m
[2026-05-02 04:35:47,544][root][INFO] - Number of filtered samples: 6
[2026-05-02 04:35:47,561][root][INFO] - avg_energy_above_hull_per_atom: 0.256008, avg_rmsd_from_relaxation: 0.954761, frac_novel_unique_stable_structures: 0.125000, frac_stable_structures: 0.354167, frac_successful_jobs: 1.000000, avg_comp_validity: 1.000000, avg_structure_comp_validity: 1.000000, avg_structure_validity: 1.000000, frac_novel_structures: 0.750000, frac_novel_systems: 0.208333, frac_novel_unique_structures: 0.750000, frac_unique_structures: 1.000000, frac_unique_systems: 1.000000, precision: 0.250000, recall: 0.000025
[2026-05-02 04:35:47,583][root][INFO] - SCORE:
[GPRoutedV3] cycle=12 N=6 oracled=6 masked=0 ltm=479 GP_RMSE_train=0.000 GP_RMSE_cv5=0.080 GP_MAE_cv5=0.053 mean_oracle_Cp=0.245 anchor=False cold=False 667.1s
[2026-05-02 04:46:54,768][root][INFO] - Evaluation costs to date: 97
[2026-05-02 04:46:54,830][root][INFO] - Number of samples that successfully obtained rewards: 1
[2026-05-02 04:46:54,830][root][INFO] - reward mean=0.0000 std=0.0000
[2026-05-02 04:46:54,830][root][INFO] - heat_capacity mean=0.2448 std=0.0000
[2026-05-02 04:46:54,907][root][INFO] - 33 crystals generated so far, 33 unique components.  Burden: None, Div. Ratio: 1.0.
[2026-05-02 04:46:54,986][root][INFO] - Diversity filter: tol_n=0, buff_n=0
[2026-05-02 04:46:54,989][root][INFO] - replay buffer size=5
[2026-05-02 04:46:54,989][root][INFO] - buffer reward mean=0.1510575765644699
[2026-05-02 04:46:54,989][root][INFO] - FINETUNE:
[2026-05-02 04:46:55,157][root][INFO] - Epoch 0: loss: 0.1769, loss_diff: 0.1769, loss_kl: 0.0016
[2026-05-02 04:46:55,308][root][INFO] - Epoch 1: loss: 0.1671, loss_diff: 0.1670, loss_kl: 0.0017
[2026-05-02 04:46:55,465][root][INFO] - Epoch 2: loss: 0.1659, loss_diff: 0.1658, loss_kl: 0.0019
[2026-05-02 04:46:55,466][root][INFO] - *****   LOOP 12 FINISH   *****
[2026-05-02 04:46:55,466][root][INFO] - Total time taken: 18.81 min.


[2026-05-02 04:46:55,466][root][INFO] - *****   LOOP 13 START   *****
[2026-05-02 04:46:55,466][root][INFO] - SAMPLE:
[32m2026-05-02 04:48:25.893[0m | [1mINFO    [0m | [36mmattersim.forcefield.potential[0m:[36mfrom_checkpoint[0m:[36m891[0m - [1mLoading the pre-trained mattersim-v1.0.0-5M.pth model[0m
[2026-05-02 04:53:21,764][root][INFO] - Number of filtered samples: 8
[2026-05-02 04:53:21,802][root][INFO] - avg_energy_above_hull_per_atom: 0.290073, avg_rmsd_from_relaxation: 0.917849, frac_novel_unique_stable_structures: 0.153846, frac_stable_structures: 0.403846, frac_successful_jobs: 1.000000, avg_comp_validity: 1.000000, avg_structure_comp_validity: 1.000000, avg_structure_validity: 1.000000, frac_novel_structures: 0.750000, frac_novel_systems: 0.153846, frac_novel_unique_structures: 0.750000, frac_unique_structures: 1.000000, frac_unique_systems: 1.000000, precision: 0.250000, recall: 0.000053
[2026-05-02 04:53:21,818][root][INFO] - SCORE:
[GPRoutedV3] cycle=13 N=8 oracled=8 masked=0 ltm=484 GP_RMSE_train=0.000 GP_RMSE_cv5=0.081 GP_MAE_cv5=0.053 mean_oracle_Cp=0.410 anchor=False cold=False 773.7s
[2026-05-02 05:06:15,578][root][INFO] - Evaluation costs to date: 105
[2026-05-02 05:06:15,579][root][INFO] - Number of samples that successfully obtained rewards: 5
[2026-05-02 05:06:15,579][root][INFO] - reward mean=0.0947 std=0.1119
[2026-05-02 05:06:15,579][root][INFO] - heat_capacity mean=0.4104 std=0.2006
[2026-05-02 05:06:15,679][root][INFO] - 38 crystals generated so far, 38 unique components.  Burden: None, Div. Ratio: 1.0.
[2026-05-02 05:06:15,708][root][INFO] - Diversity filter: tol_n=0, buff_n=0
[2026-05-02 05:06:15,711][root][INFO] - replay buffer size=6
[2026-05-02 05:06:15,711][root][INFO] - buffer reward mean=0.17788771537083958
[2026-05-02 05:06:15,711][root][INFO] - FINETUNE:
[2026-05-02 05:06:15,898][root][INFO] - Epoch 0: loss: 0.1767, loss_diff: 0.1767, loss_kl: 0.0015
[2026-05-02 05:06:16,070][root][INFO] - Epoch 1: loss: 0.1745, loss_diff: 0.1744, loss_kl: 0.0015
[2026-05-02 05:06:16,245][root][INFO] - Epoch 2: loss: 0.1723, loss_diff: 0.1722, loss_kl: 0.0015
[2026-05-02 05:06:16,245][root][INFO] - *****   LOOP 13 FINISH   *****
[2026-05-02 05:06:16,245][root][INFO] - Total time taken: 19.35 min.


[2026-05-02 05:06:16,246][root][INFO] - *****   LOOP 14 START   *****
[2026-05-02 05:06:16,246][root][INFO] - SAMPLE:
[32m2026-05-02 05:07:55.501[0m | [1mINFO    [0m | [36mmattersim.forcefield.potential[0m:[36mfrom_checkpoint[0m:[36m891[0m - [1mLoading the pre-trained mattersim-v1.0.0-5M.pth model[0m
[2026-05-02 05:12:29,048][root][INFO] - Number of filtered samples: 5
[2026-05-02 05:12:29,050][root][INFO] - avg_energy_above_hull_per_atom: 0.315231, avg_rmsd_from_relaxation: 0.881475, frac_novel_unique_stable_structures: 0.102041, frac_stable_structures: 0.265306, frac_successful_jobs: 1.000000, avg_comp_validity: 1.000000, avg_structure_comp_validity: 1.000000, avg_structure_validity: 1.000000, frac_novel_structures: 0.836735, frac_novel_systems: 0.244898, frac_novel_unique_structures: 0.836735, frac_unique_structures: 1.000000, frac_unique_systems: 1.000000, precision: 0.163265, recall: 0.000034
[2026-05-02 05:12:29,055][root][INFO] - SCORE:
[GPRoutedV3] cycle=14 N=5 oracled=5 masked=0 ltm=486 GP_RMSE_train=0.000 GP_RMSE_cv5=0.083 GP_MAE_cv5=0.054 mean_oracle_Cp=0.222 anchor=False cold=False 380.6s
[2026-05-02 05:18:49,702][root][INFO] - Evaluation costs to date: 110
[2026-05-02 05:18:49,703][root][INFO] - Number of samples that successfully obtained rewards: 2
[2026-05-02 05:18:49,703][root][INFO] - reward mean=0.0049 std=0.0049
[2026-05-02 05:18:49,703][root][INFO] - heat_capacity mean=0.2218 std=0.0453
[2026-05-02 05:18:49,847][root][INFO] - 40 crystals generated so far, 40 unique components.  Burden: None, Div. Ratio: 1.0.
[2026-05-02 05:18:49,862][root][INFO] - Diversity filter: tol_n=0, buff_n=0
[2026-05-02 05:18:49,887][root][INFO] - replay buffer size=6
[2026-05-02 05:18:49,887][root][INFO] - buffer reward mean=0.17788771537083958
[2026-05-02 05:18:49,887][root][INFO] - FINETUNE:
[2026-05-02 05:18:50,223][root][INFO] - Epoch 0: loss: 0.1839, loss_diff: 0.1838, loss_kl: 0.0017
[2026-05-02 05:18:50,395][root][INFO] - Epoch 1: loss: 0.1897, loss_diff: 0.1897, loss_kl: 0.0019
[2026-05-02 05:18:50,567][root][INFO] - Epoch 2: loss: 0.1908, loss_diff: 0.1908, loss_kl: 0.0018
[2026-05-02 05:18:50,567][root][INFO] - *****   LOOP 14 FINISH   *****
[2026-05-02 05:18:50,567][root][INFO] - Total time taken: 12.57 min.


[2026-05-02 05:18:50,568][root][INFO] - *****   LOOP 15 START   *****
[2026-05-02 05:18:50,568][root][INFO] - SAMPLE:
[32m2026-05-02 05:20:13.550[0m | [1mINFO    [0m | [36mmattersim.forcefield.potential[0m:[36mfrom_checkpoint[0m:[36m891[0m - [1mLoading the pre-trained mattersim-v1.0.0-5M.pth model[0m
[2026-05-02 05:25:21,348][root][INFO] - Number of filtered samples: 10
[2026-05-02 05:25:21,487][root][INFO] - avg_energy_above_hull_per_atom: 0.180973, avg_rmsd_from_relaxation: 1.024194, frac_novel_unique_stable_structures: 0.192308, frac_stable_structures: 0.326923, frac_successful_jobs: 1.000000, avg_comp_validity: 1.000000, avg_structure_comp_validity: 1.000000, avg_structure_validity: 1.000000, frac_novel_structures: 0.807692, frac_novel_systems: 0.192308, frac_novel_unique_structures: 0.807692, frac_unique_structures: 1.000000, frac_unique_systems: 1.000000, precision: 0.192308, recall: 0.000020
[2026-05-02 05:25:21,496][root][INFO] - SCORE:
[GPRoutedV3] cycle=15 N=10 oracled=10 masked=0 ltm=491 GP_RMSE_train=0.000 GP_RMSE_cv5=0.082 GP_MAE_cv5=0.054 mean_oracle_Cp=0.330 anchor=True cold=False 536.3s
[2026-05-02 05:34:17,783][root][INFO] - Evaluation costs to date: 120
[2026-05-02 05:34:17,784][root][INFO] - Number of samples that successfully obtained rewards: 5
[2026-05-02 05:34:17,784][root][INFO] - reward mean=0.0679 std=0.0995
[2026-05-02 05:34:17,785][root][INFO] - heat_capacity mean=0.3299 std=0.2046
[2026-05-02 05:34:17,881][root][INFO] - 45 crystals generated so far, 45 unique components.  Burden: None, Div. Ratio: 1.0.
[2026-05-02 05:34:17,914][root][INFO] - Diversity filter: tol_n=0, buff_n=0
[2026-05-02 05:34:17,917][root][INFO] - replay buffer size=7
[2026-05-02 05:34:17,918][root][INFO] - buffer reward mean=0.1893385168783897
[2026-05-02 05:34:17,918][root][INFO] - FINETUNE:
[2026-05-02 05:34:18,146][root][INFO] - Epoch 0: loss: 0.1741, loss_diff: 0.1741, loss_kl: 0.0018
[2026-05-02 05:34:18,360][root][INFO] - Epoch 1: loss: 0.1813, loss_diff: 0.1812, loss_kl: 0.0017
[2026-05-02 05:34:18,576][root][INFO] - Epoch 2: loss: 0.1738, loss_diff: 0.1737, loss_kl: 0.0020
[2026-05-02 05:34:18,577][root][INFO] - *****   LOOP 15 FINISH   *****
[2026-05-02 05:34:18,577][root][INFO] - Total time taken: 15.47 min.


[2026-05-02 05:34:18,577][root][INFO] - *****   LOOP 16 START   *****
[2026-05-02 05:34:18,577][root][INFO] - SAMPLE:
[32m2026-05-02 05:35:56.532[0m | [1mINFO    [0m | [36mmattersim.forcefield.potential[0m:[36mfrom_checkpoint[0m:[36m891[0m - [1mLoading the pre-trained mattersim-v1.0.0-5M.pth model[0m
[2026-05-02 05:40:40,887][root][INFO] - Number of filtered samples: 3
[2026-05-02 05:40:40,889][root][INFO] - avg_energy_above_hull_per_atom: 0.228564, avg_rmsd_from_relaxation: 0.848617, frac_novel_unique_stable_structures: 0.060000, frac_stable_structures: 0.200000, frac_successful_jobs: 1.000000, avg_comp_validity: 1.000000, avg_structure_comp_validity: 1.000000, avg_structure_validity: 1.000000, frac_novel_structures: 0.860000, frac_novel_systems: 0.160000, frac_novel_unique_structures: 0.860000, frac_unique_structures: 1.000000, frac_unique_systems: 1.000000, precision: 0.140000, recall: 0.000037
[2026-05-02 05:40:40,895][root][INFO] - SCORE:
[GPRoutedV3] cycle=16 N=3 oracled=3 masked=0 ltm=492 GP_RMSE_train=0.000 GP_RMSE_cv5=0.084 GP_MAE_cv5=0.055 mean_oracle_Cp=0.161 anchor=False cold=False 230.8s
[2026-05-02 05:44:31,724][root][INFO] - Evaluation costs to date: 123
[2026-05-02 05:44:31,725][root][INFO] - Number of samples that successfully obtained rewards: 1
[2026-05-02 05:44:31,725][root][INFO] - reward mean=0.0000 std=0.0000
[2026-05-02 05:44:31,725][root][INFO] - heat_capacity mean=0.1606 std=0.0000
[2026-05-02 05:44:31,810][root][INFO] - 46 crystals generated so far, 46 unique components.  Burden: None, Div. Ratio: 1.0.
[2026-05-02 05:44:31,833][root][INFO] - Diversity filter: tol_n=0, buff_n=0
[2026-05-02 05:44:31,836][root][INFO] - replay buffer size=7
[2026-05-02 05:44:31,836][root][INFO] - buffer reward mean=0.1893385168783897
[2026-05-02 05:44:31,836][root][INFO] - FINETUNE:
[2026-05-02 05:44:32,043][root][INFO] - Epoch 0: loss: 0.2300, loss_diff: 0.2300, loss_kl: 0.0024
[2026-05-02 05:44:32,236][root][INFO] - Epoch 1: loss: 0.2292, loss_diff: 0.2292, loss_kl: 0.0024
[2026-05-02 05:44:32,429][root][INFO] - Epoch 2: loss: 0.2336, loss_diff: 0.2335, loss_kl: 0.0026
[2026-05-02 05:44:32,430][root][INFO] - *****   LOOP 16 FINISH   *****
[2026-05-02 05:44:32,430][root][INFO] - Total time taken: 10.23 min.


[2026-05-02 05:44:32,431][root][INFO] - *****   LOOP 17 START   *****
[2026-05-02 05:44:32,431][root][INFO] - SAMPLE:
[32m2026-05-02 05:45:52.689[0m | [1mINFO    [0m | [36mmattersim.forcefield.potential[0m:[36mfrom_checkpoint[0m:[36m891[0m - [1mLoading the pre-trained mattersim-v1.0.0-5M.pth model[0m
[2026-05-02 05:50:29,186][root][INFO] - Number of filtered samples: 12
[2026-05-02 05:50:29,188][root][INFO] - avg_energy_above_hull_per_atom: 0.327666, avg_rmsd_from_relaxation: 0.886637, frac_novel_unique_stable_structures: 0.260870, frac_stable_structures: 0.326087, frac_successful_jobs: 1.000000, avg_comp_validity: 1.000000, avg_structure_comp_validity: 1.000000, avg_structure_validity: 1.000000, frac_novel_structures: 0.913043, frac_novel_systems: 0.195652, frac_novel_unique_structures: 0.913043, frac_unique_structures: 0.978261, frac_unique_systems: 0.956522, precision: 0.086957, recall: 0.000006
[2026-05-02 05:50:29,196][root][INFO] - SCORE:
[GPRoutedV3] cycle=17 N=12 oracled=8 masked=4 ltm=496 GP_RMSE_train=0.000 GP_RMSE_cv5=0.082 GP_MAE_cv5=0.054 mean_oracle_Cp=0.221 anchor=False cold=False 503.6s
[2026-05-02 05:58:52,873][root][INFO] - Evaluation costs to date: 135
[2026-05-02 05:58:52,925][root][INFO] - Number of samples that successfully obtained rewards: 4
[2026-05-02 05:58:52,926][root][INFO] - reward mean=0.0120 std=0.0183
[2026-05-02 05:58:52,926][root][INFO] - heat_capacity mean=0.2211 std=0.0751
[2026-05-02 05:58:53,037][root][INFO] - 50 crystals generated so far, 49 unique components.  Burden: None, Div. Ratio: 0.98.
[2026-05-02 05:58:53,063][root][INFO] - Diversity filter: tol_n=0, buff_n=0
[2026-05-02 05:58:53,066][root][INFO] - replay buffer size=7
[2026-05-02 05:58:53,066][root][INFO] - buffer reward mean=0.1893385168783897
[2026-05-02 05:58:53,066][root][INFO] - FINETUNE:
[2026-05-02 05:58:53,306][root][INFO] - Epoch 0: loss: 0.1698, loss_diff: 0.1697, loss_kl: 0.0020
[2026-05-02 05:58:53,528][root][INFO] - Epoch 1: loss: 0.1758, loss_diff: 0.1757, loss_kl: 0.0022
[2026-05-02 05:58:53,751][root][INFO] - Epoch 2: loss: 0.1717, loss_diff: 0.1716, loss_kl: 0.0023
[2026-05-02 05:58:53,752][root][INFO] - *****   LOOP 17 FINISH   *****
[2026-05-02 05:58:53,752][root][INFO] - Total time taken: 14.36 min.


[2026-05-02 05:58:53,753][root][INFO] - *****   LOOP 18 START   *****
[2026-05-02 05:58:53,753][root][INFO] - SAMPLE:
[32m2026-05-02 06:00:26.073[0m | [1mINFO    [0m | [36mmattersim.forcefield.potential[0m:[36mfrom_checkpoint[0m:[36m891[0m - [1mLoading the pre-trained mattersim-v1.0.0-5M.pth model[0m
[2026-05-02 06:05:07,776][root][INFO] - Number of filtered samples: 7
[2026-05-02 06:05:07,777][root][INFO] - avg_energy_above_hull_per_atom: 0.212950, avg_rmsd_from_relaxation: 1.005448, frac_novel_unique_stable_structures: 0.137255, frac_stable_structures: 0.254902, frac_successful_jobs: 1.000000, avg_comp_validity: 1.000000, avg_structure_comp_validity: 1.000000, avg_structure_validity: 1.000000, frac_novel_structures: 0.862745, frac_novel_systems: 0.294118, frac_novel_unique_structures: 0.862745, frac_unique_structures: 1.000000, frac_unique_systems: 1.000000, precision: 0.137255, recall: 0.000017
[2026-05-02 06:05:07,799][root][INFO] - SCORE:
[GPRoutedV3] cycle=18 N=7 oracled=7 masked=0 ltm=498 GP_RMSE_train=0.000 GP_RMSE_cv5=0.083 GP_MAE_cv5=0.053 mean_oracle_Cp=0.482 anchor=False cold=False 649.8s
[2026-05-02 06:15:57,708][root][INFO] - Evaluation costs to date: 142
[2026-05-02 06:15:57,845][root][INFO] - Number of samples that successfully obtained rewards: 2
[2026-05-02 06:15:57,845][root][INFO] - reward mean=0.1474 std=0.1474
[2026-05-02 06:15:57,845][root][INFO] - heat_capacity mean=0.4815 std=0.2845
[2026-05-02 06:15:57,974][root][INFO] - 52 crystals generated so far, 51 unique components.  Burden: None, Div. Ratio: 0.9807692307692307.
[2026-05-02 06:15:57,995][root][INFO] - Diversity filter: tol_n=0, buff_n=0
[2026-05-02 06:15:57,998][root][INFO] - replay buffer size=8
[2026-05-02 06:15:57,998][root][INFO] - buffer reward mean=0.20252964566318687
[2026-05-02 06:15:57,998][root][INFO] - FINETUNE:
[2026-05-02 06:15:58,202][root][INFO] - Epoch 0: loss: 0.2420, loss_diff: 0.2419, loss_kl: 0.0024
[2026-05-02 06:15:58,395][root][INFO] - Epoch 1: loss: 0.2460, loss_diff: 0.2459, loss_kl: 0.0022
[2026-05-02 06:15:58,591][root][INFO] - Epoch 2: loss: 0.2433, loss_diff: 0.2432, loss_kl: 0.0023
[2026-05-02 06:15:58,592][root][INFO] - *****   LOOP 18 FINISH   *****
[2026-05-02 06:15:58,592][root][INFO] - Total time taken: 17.08 min.


[2026-05-02 06:15:58,592][root][INFO] - *****   LOOP 19 START   *****
[2026-05-02 06:15:58,592][root][INFO] - SAMPLE:
[32m2026-05-02 06:17:10.569[0m | [1mINFO    [0m | [36mmattersim.forcefield.potential[0m:[36mfrom_checkpoint[0m:[36m891[0m - [1mLoading the pre-trained mattersim-v1.0.0-5M.pth model[0m
[2026-05-02 06:21:33,540][root][INFO] - Number of filtered samples: 9
[2026-05-02 06:21:33,542][root][INFO] - avg_energy_above_hull_per_atom: 0.201964, avg_rmsd_from_relaxation: 0.850721, frac_novel_unique_stable_structures: 0.173077, frac_stable_structures: 0.384615, frac_successful_jobs: 1.000000, avg_comp_validity: 1.000000, avg_structure_comp_validity: 1.000000, avg_structure_validity: 1.000000, frac_novel_structures: 0.788462, frac_novel_systems: 0.192308, frac_novel_unique_structures: 0.788462, frac_unique_structures: 1.000000, frac_unique_systems: 1.000000, precision: 0.211538, recall: 0.000028
[2026-05-02 06:21:33,560][root][INFO] - SCORE:
[GPRoutedV3] cycle=19 N=9 oracled=8 masked=1 ltm=502 GP_RMSE_train=0.000 GP_RMSE_cv5=0.082 GP_MAE_cv5=0.054 mean_oracle_Cp=0.237 anchor=False cold=False 472.7s
[2026-05-02 06:29:26,259][root][INFO] - Evaluation costs to date: 151
[2026-05-02 06:29:26,260][root][INFO] - Number of samples that successfully obtained rewards: 4
[2026-05-02 06:29:26,260][root][INFO] - reward mean=0.0132 std=0.0229
[2026-05-02 06:29:26,260][root][INFO] - heat_capacity mean=0.2371 std=0.0676
[2026-05-02 06:29:26,393][root][INFO] - 56 crystals generated so far, 55 unique components.  Burden: None, Div. Ratio: 0.9821428571428571.
[2026-05-02 06:29:26,400][root][INFO] - Diversity filter: tol_n=0, buff_n=0
[2026-05-02 06:29:26,403][root][INFO] - replay buffer size=8
[2026-05-02 06:29:26,403][root][INFO] - buffer reward mean=0.20252964566318687
[2026-05-02 06:29:26,403][root][INFO] - FINETUNE:
[2026-05-02 06:29:26,698][root][INFO] - Epoch 0: loss: 0.1904, loss_diff: 0.1904, loss_kl: 0.0019
[2026-05-02 06:29:26,910][root][INFO] - Epoch 1: loss: 0.1877, loss_diff: 0.1877, loss_kl: 0.0019
[2026-05-02 06:29:27,118][root][INFO] - Epoch 2: loss: 0.2014, loss_diff: 0.2014, loss_kl: 0.0019
[2026-05-02 06:29:27,119][root][INFO] - *****   LOOP 19 FINISH   *****
[2026-05-02 06:29:27,119][root][INFO] - Total time taken: 13.48 min.


[2026-05-02 06:29:27,638][root][INFO] - *****   RL END   *****
[2026-05-02 06:29:27,638][root][INFO] - Total time taken: 19521 s.
Closing LMDB environment /tmp/job.3003385/tmpn3s97tp5/reference_MP2020correction
Phase-3 v3 cf accel (seed=17) finished at Sat May  2 06:29:38 CDT 2026
