Phase-3 v4 MG BASELINE seed=17 cycles=20 at Sat May  2 07:19:57 CDT 2026 on fc101
Tesla T4, 16384 MiB
MODELS_PROJECT_ROOT: /scratch/user/ahnafalvi/matinvent-bo/src/mattergen/mattergen
[2026-05-02 07:27:32,815][httpx][INFO] - HTTP Request: HEAD https://huggingface.co/jwchen25/MatInvent/resolve/main/reference_MP2020correction.gz "HTTP/1.1 302 Found"
[2026-05-02 07:28:55,887][httpx][INFO] - HTTP Request: HEAD https://huggingface.co/microsoft/mattergen/resolve/main/checkpoints/mattergen_base/checkpoints/last.ckpt "HTTP/1.1 302 Found"
[2026-05-02 07:28:56,034][httpx][INFO] - HTTP Request: HEAD https://huggingface.co/microsoft/mattergen/resolve/main/checkpoints/mattergen_base/config.yaml "HTTP/1.1 307 Temporary Redirect"
[2026-05-02 07:28:56,047][httpx][INFO] - HTTP Request: HEAD https://huggingface.co/api/resolve-cache/models/microsoft/mattergen/ea430eab64b80855029c2941b9fda15f245a771a/checkpoints%2Fmattergen_base%2Fconfig.yaml "HTTP/1.1 200 OK"
[2026-05-02 07:29:08,824][httpx][INFO] - HTTP Request: HEAD https://huggingface.co/microsoft/mattergen/resolve/main/checkpoints/mattergen_base/checkpoints/last.ckpt "HTTP/1.1 302 Found"
[2026-05-02 07:29:08,884][httpx][INFO] - HTTP Request: HEAD https://huggingface.co/microsoft/mattergen/resolve/main/checkpoints/mattergen_base/config.yaml "HTTP/1.1 307 Temporary Redirect"
[2026-05-02 07:29:08,896][httpx][INFO] - HTTP Request: HEAD https://huggingface.co/api/resolve-cache/models/microsoft/mattergen/ea430eab64b80855029c2941b9fda15f245a771a/checkpoints%2Fmattergen_base%2Fconfig.yaml "HTTP/1.1 200 OK"
[2026-05-02 07:29:12,141][root][INFO] - *****   RL START   *****
[2026-05-02 07:29:12,141][root][INFO] - *****   LOOP 0 START   *****
[2026-05-02 07:29:12,141][root][INFO] - SAMPLE:
[32m2026-05-02 07:53:35.122[0m | [1mINFO    [0m | [36mmattersim.forcefield.potential[0m:[36mfrom_checkpoint[0m:[36m891[0m - [1mLoading the pre-trained mattersim-v1.0.0-5M.pth model[0m
[2026-05-02 08:04:00,600][root][INFO] - Number of filtered samples: 23
[2026-05-02 08:04:01,129][root][INFO] - avg_energy_above_hull_per_atom: 0.064176, avg_rmsd_from_relaxation: 0.082588, frac_novel_unique_stable_structures: 0.370968, frac_stable_structures: 0.758065, frac_successful_jobs: 1.000000, avg_comp_validity: 1.000000, avg_structure_comp_validity: 1.000000, avg_structure_validity: 1.000000, frac_novel_structures: 0.596774, frac_novel_systems: 0.096774, frac_novel_unique_structures: 0.596774, frac_unique_structures: 1.000000, frac_unique_systems: 1.000000, precision: 0.403226, recall: 0.000041
[2026-05-02 08:04:01,169][root][INFO] - SCORE:
[2026-05-02 08:04:04,227][root][INFO] - Project root: /scratch/user/ahnafalvi/envs/matinvent-hcap-bo/lib/python3.10/site-packages/fairchem
[2026-05-02 08:04:24,078][root][INFO] - Checking local cache: /scratch/user/ahnafalvi/.cache/huggingface for model eSEN-30M-OAM
[2026-05-02 08:04:24,178][httpx][INFO] - HTTP Request: HEAD https://huggingface.co/facebook/OMAT24/resolve/main/esen_30m_oam.pt "HTTP/1.1 302 Found"
[2026-05-02 08:04:24,718][root][INFO] - local rank base: 0
[2026-05-02 08:04:24,807][root][INFO] - amp: false
cmd:
  checkpoint_dir: /scratch/user/ahnafalvi/matinvent-hcap-bo/results/hcap_p3v4_mg_baseline_seed17_3003439/checkpoints/2026-05-02-08-05-04
  commit: core:None,experimental:NA
  identifier: ''
  logs_dir: /scratch/user/ahnafalvi/matinvent-hcap-bo/results/hcap_p3v4_mg_baseline_seed17_3003439/logs/wandb/2026-05-02-08-05-04
  print_every: 100
  results_dir: /scratch/user/ahnafalvi/matinvent-hcap-bo/results/hcap_p3v4_mg_baseline_seed17_3003439/results/2026-05-02-08-05-04
  seed: null
  timestamp_id: 2026-05-02-08-05-04
  version: 1.10.0
dataset:
  a2g_args:
    r_energy: true
    r_forces: true
    r_stress: true
  format: ase_db
  metadata_path: ''
  transforms:
    element_references: ''
    normalizer:
      energy:
        mean: 0.0
        stdev: 0.6274358
      forces:
        mean: 0.0
        stdev: 0.6274358
      stress:
        mean: 0.0
        stdev: 0.6274358
evaluation_metrics:
  metrics:
    energy:
    - mae
    - per_atom_mae
    forces:
    - mae
    - cosine_similarity
    stress:
    - mae
  primary_metric: forces_mae
gp_gpus: null
gpus: 1
logger: wandb
loss_functions:
- energy:
    coefficient: 20
    fn: per_atom_mae
- forces:
    coefficient: 20
    fn: l2mae
- stress:
    coefficient: 5
    fn: mae
model:
  backbone:
    act_type: gate
    cutoff: 6.0
    direct_forces: false
    distance_function: gaussian
    edge_channels: 128
    hidden_channels: 128
    lmax: 3
    max_neighbors: 300
    max_num_elements: 100
    mlp_type: spectral
    mmax: 2
    model: esen_backbone
    norm_type: rms_norm_sh
    num_distance_basis: 64
    num_layers: 10
    otf_graph: true
    regress_forces: true
    regress_stress: true
    sphere_channels: 128
    use_envelope: true
    use_pbc: true
    use_pbc_single: true
  heads:
    mptrj:
      module: esen_mlp_efs_head
  name: hydra
  otf_graph: true
  pass_through_head_outputs: true
optim:
  batch_size: 4
  clip_grad_norm: 100
  ema_decay: 0.999
  eval_batch_size: 4
  eval_every: 5000
  load_balancing: atoms
  lr_initial: 0.0004
  max_epochs: 1
  num_workers: 4
  optimizer: AdamW
  optimizer_params:
    weight_decay: 0.001
  scheduler: LambdaLR
  scheduler_params:
    epochs: 85271
    lambda_type: cosine
    lr: 0.0004
    lr_min_factor: 0.1
    warmup_epochs: 8527
    warmup_factor: 0.2
outputs:
  energy:
    level: system
    property: energy
  forces:
    eval_on_free_atoms: true
    level: atom
    property: forces
    train_on_free_atoms: true
  stress:
    level: system
    property: stress
relax_dataset: {}
slurm: {}
task: {}
test_dataset: {}
trainer: ocp
val_dataset: {}

[2026-05-02 08:04:24,808][root][INFO] - Loading model: hydra
[2026-05-02 08:04:25,330][root][INFO] - Loaded HydraModel with 30161153 parameters.
[2026-05-02 08:04:25,330][root][INFO] - Loading checkpoint in inference-only mode, not loading keys associated with trainer state!
[2026-05-02 08:04:25,365][root][WARNING] - No seed has been set in modelcheckpoint or OCPCalculator! Results may not be reproducible on re-run
[2026-05-02 08:21:55,661][root][INFO] - Evaluation costs to date: 16
[2026-05-02 08:21:55,680][root][INFO] - Number of samples that successfully obtained rewards: 7
[2026-05-02 08:21:55,681][root][INFO] - reward mean=0.0296 std=0.0484
[2026-05-02 08:21:55,681][root][INFO] - heat_capacity mean=0.2421 std=0.1245
[2026-05-02 08:21:55,754][root][INFO] - 7 crystals generated so far, 7 unique components.  Burden: None, Div. Ratio: 1.0.
[2026-05-02 08:21:55,759][root][INFO] - Diversity filter: tol_n=0, buff_n=0
[2026-05-02 08:21:55,761][root][INFO] - replay buffer size=1
[2026-05-02 08:21:55,762][root][INFO] - buffer reward mean=0.12663741818343427
[2026-05-02 08:21:55,762][root][INFO] - FINETUNE:
[2026-05-02 08:26:33,524][root][INFO] - Epoch 0: loss: 0.0103, loss_diff: 0.0101, loss_kl: 0.0060
[2026-05-02 08:31:10,730][root][INFO] - Epoch 1: loss: 0.0104, loss_diff: 0.0098, loss_kl: 0.0269
[2026-05-02 08:35:47,911][root][INFO] - Epoch 2: loss: 0.0117, loss_diff: 0.0099, loss_kl: 0.0700
[2026-05-02 08:35:47,913][root][INFO] - *****   LOOP 0 FINISH   *****
[2026-05-02 08:35:47,914][root][INFO] - Total time taken: 66.60 min.


[2026-05-02 08:35:47,914][root][INFO] - *****   LOOP 1 START   *****
[2026-05-02 08:35:47,914][root][INFO] - SAMPLE:
[32m2026-05-02 09:01:22.066[0m | [1mINFO    [0m | [36mmattersim.forcefield.potential[0m:[36mfrom_checkpoint[0m:[36m891[0m - [1mLoading the pre-trained mattersim-v1.0.0-5M.pth model[0m
[2026-05-02 09:02:21,915][root][INFO] - Number of filtered samples: 24
[2026-05-02 09:02:21,961][root][INFO] - avg_energy_above_hull_per_atom: 0.077546, avg_rmsd_from_relaxation: 0.086892, frac_novel_unique_stable_structures: 0.413793, frac_stable_structures: 0.758621, frac_successful_jobs: 1.000000, avg_comp_validity: 1.000000, avg_structure_comp_validity: 1.000000, avg_structure_validity: 1.000000, frac_novel_structures: 0.620690, frac_novel_systems: 0.120690, frac_novel_unique_structures: 0.620690, frac_unique_structures: 1.000000, frac_unique_systems: 1.000000, precision: 0.379310, recall: 0.000056
[2026-05-02 09:02:21,970][root][INFO] - SCORE:
[2026-05-02 09:26:53,596][root][INFO] - Evaluation costs to date: 32
[2026-05-02 09:26:53,757][root][INFO] - Number of samples that successfully obtained rewards: 5
[2026-05-02 09:26:53,757][root][INFO] - reward mean=0.0301 std=0.0409
[2026-05-02 09:26:53,758][root][INFO] - heat_capacity mean=0.2694 std=0.1021
[2026-05-02 09:26:53,985][root][INFO] - 12 crystals generated so far, 12 unique components.  Burden: None, Div. Ratio: 1.0.
[2026-05-02 09:26:54,222][root][INFO] - Diversity filter: tol_n=0, buff_n=0
[2026-05-02 09:26:54,225][root][INFO] - replay buffer size=2
[2026-05-02 09:26:54,225][root][INFO] - buffer reward mean=0.11788974368596625
[2026-05-02 09:26:54,225][root][INFO] - FINETUNE:
[2026-05-02 09:31:47,390][root][INFO] - Epoch 0: loss: 0.0192, loss_diff: 0.0179, loss_kl: 0.0484
[2026-05-02 09:36:41,202][root][INFO] - Epoch 1: loss: 0.0218, loss_diff: 0.0165, loss_kl: 0.2131
[2026-05-02 09:41:34,863][root][INFO] - Epoch 2: loss: 0.0286, loss_diff: 0.0173, loss_kl: 0.4541
[2026-05-02 09:41:37,068][root][INFO] - *****   LOOP 1 FINISH   *****
[2026-05-02 09:41:37,069][root][INFO] - Total time taken: 65.82 min.


[2026-05-02 09:41:37,069][root][INFO] - *****   LOOP 2 START   *****
[2026-05-02 09:41:37,069][root][INFO] - SAMPLE:
[32m2026-05-02 10:09:34.372[0m | [1mINFO    [0m | [36mmattersim.forcefield.potential[0m:[36mfrom_checkpoint[0m:[36m891[0m - [1mLoading the pre-trained mattersim-v1.0.0-5M.pth model[0m
[2026-05-02 10:11:14,167][root][INFO] - Number of filtered samples: 16
[2026-05-02 10:11:14,203][root][INFO] - avg_energy_above_hull_per_atom: 0.077479, avg_rmsd_from_relaxation: 0.052363, frac_novel_unique_stable_structures: 0.307692, frac_stable_structures: 0.692308, frac_successful_jobs: 1.000000, avg_comp_validity: 1.000000, avg_structure_comp_validity: 1.000000, avg_structure_validity: 1.000000, frac_novel_structures: 0.557692, frac_novel_systems: 0.173077, frac_novel_unique_structures: 0.557692, frac_unique_structures: 1.000000, frac_unique_systems: 1.000000, precision: 0.442308, recall: 0.000067
[2026-05-02 10:11:14,212][root][INFO] - SCORE:
[2026-05-02 10:31:03,027][root][INFO] - Evaluation costs to date: 48
[2026-05-02 10:31:05,358][root][INFO] - Number of samples that successfully obtained rewards: 6
[2026-05-02 10:31:05,358][root][INFO] - reward mean=0.0407 std=0.0520
[2026-05-02 10:31:05,358][root][INFO] - heat_capacity mean=0.2866 std=0.1238
[2026-05-02 10:31:06,050][root][INFO] - 18 crystals generated so far, 18 unique components.  Burden: None, Div. Ratio: 1.0.
[2026-05-02 10:31:06,113][root][INFO] - Diversity filter: tol_n=0, buff_n=0
[2026-05-02 10:31:06,116][root][INFO] - replay buffer size=3
[2026-05-02 10:31:06,116][root][INFO] - buffer reward mean=0.12382202533725734
[2026-05-02 10:31:06,116][root][INFO] - FINETUNE:
[2026-05-02 10:38:05,520][root][INFO] - Epoch 0: loss: 0.0324, loss_diff: 0.0266, loss_kl: 0.2336
[2026-05-02 10:45:01,006][root][INFO] - Epoch 1: loss: 0.0362, loss_diff: 0.0256, loss_kl: 0.4260
[2026-05-02 10:51:52,538][root][INFO] - Epoch 2: loss: 0.0576, loss_diff: 0.0255, loss_kl: 1.2818
[2026-05-02 10:51:52,560][root][INFO] - *****   LOOP 2 FINISH   *****
[2026-05-02 10:51:52,560][root][INFO] - Total time taken: 70.26 min.


[2026-05-02 10:51:52,561][root][INFO] - *****   LOOP 3 START   *****
[2026-05-02 10:51:52,561][root][INFO] - SAMPLE:
[32m2026-05-02 11:17:55.350[0m | [1mINFO    [0m | [36mmattersim.forcefield.potential[0m:[36mfrom_checkpoint[0m:[36m891[0m - [1mLoading the pre-trained mattersim-v1.0.0-5M.pth model[0m
[2026-05-02 11:18:34,948][root][INFO] - Number of filtered samples: 31
[2026-05-02 11:18:34,991][root][INFO] - avg_energy_above_hull_per_atom: 0.081455, avg_rmsd_from_relaxation: 0.023476, frac_novel_unique_stable_structures: 0.543860, frac_stable_structures: 0.754386, frac_successful_jobs: 1.000000, avg_comp_validity: 1.000000, avg_structure_comp_validity: 1.000000, avg_structure_validity: 1.000000, frac_novel_structures: 0.771930, frac_novel_systems: 0.122807, frac_novel_unique_structures: 0.771930, frac_unique_structures: 1.000000, frac_unique_systems: 1.000000, precision: 0.228070, recall: 0.000043
[2026-05-02 11:18:35,001][root][INFO] - SCORE:
[2026-05-02 11:35:17,797][root][INFO] - Evaluation costs to date: 64
[2026-05-02 11:35:17,798][root][INFO] - Number of samples that successfully obtained rewards: 6
[2026-05-02 11:35:17,798][root][INFO] - reward mean=0.0237 std=0.0341
[2026-05-02 11:35:17,798][root][INFO] - heat_capacity mean=0.2495 std=0.0910
[2026-05-02 11:35:17,900][root][INFO] - 24 crystals generated so far, 24 unique components.  Burden: None, Div. Ratio: 1.0.
[2026-05-02 11:35:19,411][root][INFO] - Diversity filter: tol_n=0, buff_n=0
[2026-05-02 11:35:19,413][root][INFO] - replay buffer size=3
[2026-05-02 11:35:19,414][root][INFO] - buffer reward mean=0.12382202533725734
[2026-05-02 11:35:19,414][root][INFO] - FINETUNE:
[2026-05-02 11:42:52,053][root][INFO] - Epoch 0: loss: 0.0347, loss_diff: 0.0244, loss_kl: 0.4134
[2026-05-02 11:50:24,435][root][INFO] - Epoch 1: loss: 0.0388, loss_diff: 0.0240, loss_kl: 0.5940
[2026-05-02 11:58:19,621][root][INFO] - Epoch 2: loss: 0.0500, loss_diff: 0.0240, loss_kl: 1.0402
[2026-05-02 11:58:20,863][root][INFO] - *****   LOOP 3 FINISH   *****
[2026-05-02 11:58:20,864][root][INFO] - Total time taken: 66.47 min.


[2026-05-02 11:58:20,864][root][INFO] - *****   LOOP 4 START   *****
[2026-05-02 11:58:20,864][root][INFO] - SAMPLE:
[32m2026-05-02 12:21:04.618[0m | [1mINFO    [0m | [36mmattersim.forcefield.potential[0m:[36mfrom_checkpoint[0m:[36m891[0m - [1mLoading the pre-trained mattersim-v1.0.0-5M.pth model[0m
[2026-05-02 12:22:26,251][root][INFO] - Number of filtered samples: 18
[2026-05-02 12:22:26,285][root][INFO] - avg_energy_above_hull_per_atom: 0.078453, avg_rmsd_from_relaxation: 0.050878, frac_novel_unique_stable_structures: 0.290323, frac_stable_structures: 0.725806, frac_successful_jobs: 1.000000, avg_comp_validity: 1.000000, avg_structure_comp_validity: 1.000000, avg_structure_validity: 1.000000, frac_novel_structures: 0.564516, frac_novel_systems: 0.080645, frac_novel_unique_structures: 0.564516, frac_unique_structures: 1.000000, frac_unique_systems: 1.000000, precision: 0.435484, recall: 0.000056
[2026-05-02 12:22:26,295][root][INFO] - SCORE:
[2026-05-02 12:38:07,625][root][INFO] - Evaluation costs to date: 80
[2026-05-02 12:38:07,767][root][INFO] - Number of samples that successfully obtained rewards: 13
[2026-05-02 12:38:07,768][root][INFO] - reward mean=0.0376 std=0.0597
[2026-05-02 12:38:07,768][root][INFO] - heat_capacity mean=0.2689 std=0.1385
[2026-05-02 12:38:08,535][root][INFO] - 37 crystals generated so far, 37 unique components.  Burden: None, Div. Ratio: 1.0.
[2026-05-02 12:38:11,496][root][INFO] - Diversity filter: tol_n=0, buff_n=0
[2026-05-02 12:38:11,499][root][INFO] - replay buffer size=5
[2026-05-02 12:38:11,500][root][INFO] - buffer reward mean=0.1388395810046079
[2026-05-02 12:38:11,500][root][INFO] - FINETUNE:
[2026-05-02 12:48:10,824][root][INFO] - Epoch 0: loss: 0.0417, loss_diff: 0.0327, loss_kl: 0.3604
[2026-05-02 12:58:11,171][root][INFO] - Epoch 1: loss: 0.0486, loss_diff: 0.0325, loss_kl: 0.6430
[2026-05-02 13:07:25,534][root][INFO] - Epoch 2: loss: 0.0673, loss_diff: 0.0325, loss_kl: 1.3928
[2026-05-02 13:07:25,537][root][INFO] - *****   LOOP 4 FINISH   *****
[2026-05-02 13:07:25,537][root][INFO] - Total time taken: 69.08 min.


[2026-05-02 13:07:25,538][root][INFO] - *****   LOOP 5 START   *****
[2026-05-02 13:07:25,538][root][INFO] - SAMPLE:
[32m2026-05-02 13:34:33.622[0m | [1mINFO    [0m | [36mmattersim.forcefield.potential[0m:[36mfrom_checkpoint[0m:[36m891[0m - [1mLoading the pre-trained mattersim-v1.0.0-5M.pth model[0m
[2026-05-02 13:37:07,165][root][INFO] - Number of filtered samples: 18
[2026-05-02 13:37:07,249][root][INFO] - avg_energy_above_hull_per_atom: 0.069596, avg_rmsd_from_relaxation: 0.089751, frac_novel_unique_stable_structures: 0.310345, frac_stable_structures: 0.793103, frac_successful_jobs: 1.000000, avg_comp_validity: 1.000000, avg_structure_comp_validity: 1.000000, avg_structure_validity: 1.000000, frac_novel_structures: 0.482759, frac_novel_systems: 0.120690, frac_novel_unique_structures: 0.482759, frac_unique_structures: 1.000000, frac_unique_systems: 1.000000, precision: 0.517241, recall: 0.000069
[2026-05-02 13:37:07,269][root][INFO] - SCORE:
[2026-05-02 13:50:47,532][root][INFO] - Evaluation costs to date: 96
[2026-05-02 13:50:47,558][root][INFO] - Number of samples that successfully obtained rewards: 12
[2026-05-02 13:50:47,559][root][INFO] - reward mean=0.0382 std=0.0537
[2026-05-02 13:50:47,559][root][INFO] - heat_capacity mean=0.2874 std=0.1170
[2026-05-02 13:50:47,724][root][INFO] - 49 crystals generated so far, 49 unique components.  Burden: None, Div. Ratio: 1.0.
[2026-05-02 13:50:47,960][root][INFO] - Diversity filter: tol_n=0, buff_n=0
[2026-05-02 13:50:47,963][root][INFO] - replay buffer size=7
[2026-05-02 13:50:47,963][root][INFO] - buffer reward mean=0.13785601410308104
[2026-05-02 13:50:47,963][root][INFO] - FINETUNE:
[2026-05-02 14:01:08,277][root][INFO] - Epoch 0: loss: 0.0513, loss_diff: 0.0407, loss_kl: 0.4236
[2026-05-02 14:11:29,219][root][INFO] - Epoch 1: loss: 0.0514, loss_diff: 0.0399, loss_kl: 0.4638
[2026-05-02 14:22:34,320][root][INFO] - Epoch 2: loss: 0.0683, loss_diff: 0.0399, loss_kl: 1.1354
[2026-05-02 14:22:34,796][root][INFO] - *****   LOOP 5 FINISH   *****
[2026-05-02 14:22:34,797][root][INFO] - Total time taken: 75.15 min.


[2026-05-02 14:22:34,797][root][INFO] - *****   LOOP 6 START   *****
[2026-05-02 14:22:34,797][root][INFO] - SAMPLE:
[32m2026-05-02 14:43:17.707[0m | [1mINFO    [0m | [36mmattersim.forcefield.potential[0m:[36mfrom_checkpoint[0m:[36m891[0m - [1mLoading the pre-trained mattersim-v1.0.0-5M.pth model[0m
[2026-05-02 14:44:03,318][root][INFO] - Number of filtered samples: 21
[2026-05-02 14:44:03,417][root][INFO] - avg_energy_above_hull_per_atom: 0.064016, avg_rmsd_from_relaxation: 0.048838, frac_novel_unique_stable_structures: 0.388889, frac_stable_structures: 0.796296, frac_successful_jobs: 1.000000, avg_comp_validity: 1.000000, avg_structure_comp_validity: 1.000000, avg_structure_validity: 1.000000, frac_novel_structures: 0.574074, frac_novel_systems: 0.111111, frac_novel_unique_structures: 0.574074, frac_unique_structures: 1.000000, frac_unique_systems: 1.000000, precision: 0.425926, recall: 0.000063
[2026-05-02 14:44:03,427][root][INFO] - SCORE:
[2026-05-02 15:01:39,663][root][INFO] - Evaluation costs to date: 112
[2026-05-02 15:01:39,665][root][INFO] - Number of samples that successfully obtained rewards: 7
[2026-05-02 15:01:39,665][root][INFO] - reward mean=0.0224 std=0.0384
[2026-05-02 15:01:39,665][root][INFO] - heat_capacity mean=0.2609 std=0.0883
[2026-05-02 15:01:39,870][root][INFO] - 56 crystals generated so far, 56 unique components.  Burden: None, Div. Ratio: 1.0.
[2026-05-02 15:01:40,497][root][INFO] - Diversity filter: tol_n=0, buff_n=0
[2026-05-02 15:01:40,500][root][INFO] - replay buffer size=8
[2026-05-02 15:01:40,501][root][INFO] - buffer reward mean=0.13435174950032858
[2026-05-02 15:01:40,501][root][INFO] - FINETUNE:
[2026-05-02 15:13:04,087][root][INFO] - Epoch 0: loss: 0.0388, loss_diff: 0.0354, loss_kl: 0.1386
[2026-05-02 15:24:09,966][root][INFO] - Epoch 1: loss: 0.0475, loss_diff: 0.0346, loss_kl: 0.5171
[2026-05-02 15:37:33,343][root][INFO] - Epoch 2: loss: 0.0740, loss_diff: 0.0353, loss_kl: 1.5504
[2026-05-02 15:37:33,345][root][INFO] - *****   LOOP 6 FINISH   *****
[2026-05-02 15:37:33,346][root][INFO] - Total time taken: 74.98 min.


[2026-05-02 15:37:33,346][root][INFO] - *****   LOOP 7 START   *****
[2026-05-02 15:37:33,346][root][INFO] - SAMPLE:
[32m2026-05-02 16:00:46.140[0m | [1mINFO    [0m | [36mmattersim.forcefield.potential[0m:[36mfrom_checkpoint[0m:[36m891[0m - [1mLoading the pre-trained mattersim-v1.0.0-5M.pth model[0m
[2026-05-02 16:01:29,730][root][INFO] - Number of filtered samples: 25
[2026-05-02 16:01:29,814][root][INFO] - avg_energy_above_hull_per_atom: 0.067351, avg_rmsd_from_relaxation: 0.033215, frac_novel_unique_stable_structures: 0.446429, frac_stable_structures: 0.821429, frac_successful_jobs: 1.000000, avg_comp_validity: 1.000000, avg_structure_comp_validity: 1.000000, avg_structure_validity: 1.000000, frac_novel_structures: 0.625000, frac_novel_systems: 0.089286, frac_novel_unique_structures: 0.625000, frac_unique_structures: 1.000000, frac_unique_systems: 1.000000, precision: 0.375000, recall: 0.000050
[2026-05-02 16:01:29,825][root][INFO] - SCORE:
[2026-05-02 16:18:45,474][root][INFO] - Evaluation costs to date: 128
[2026-05-02 16:18:45,683][root][INFO] - Number of samples that successfully obtained rewards: 6
[2026-05-02 16:18:45,683][root][INFO] - reward mean=0.0231 std=0.0277
[2026-05-02 16:18:45,684][root][INFO] - heat_capacity mean=0.2711 std=0.0708
[2026-05-02 16:18:45,986][root][INFO] - 62 crystals generated so far, 62 unique components.  Burden: None, Div. Ratio: 1.0.
[2026-05-02 16:18:46,026][root][INFO] - Diversity filter: tol_n=0, buff_n=0
[2026-05-02 16:18:46,029][root][INFO] - replay buffer size=8
[2026-05-02 16:18:46,029][root][INFO] - buffer reward mean=0.13435174950032858
[2026-05-02 16:18:46,029][root][INFO] - FINETUNE:
[2026-05-02 16:30:36,221][root][INFO] - Epoch 0: loss: 0.0396, loss_diff: 0.0367, loss_kl: 0.1134
[2026-05-02 16:43:46,867][root][INFO] - Epoch 1: loss: 0.0464, loss_diff: 0.0366, loss_kl: 0.3903
[2026-05-02 16:56:36,277][root][INFO] - Epoch 2: loss: 0.0719, loss_diff: 0.0369, loss_kl: 1.4023
[2026-05-02 16:56:36,329][root][INFO] - *****   LOOP 7 FINISH   *****
[2026-05-02 16:56:36,329][root][INFO] - Total time taken: 79.05 min.


[2026-05-02 16:56:36,330][root][INFO] - *****   LOOP 8 START   *****
[2026-05-02 16:56:36,330][root][INFO] - SAMPLE:
[32m2026-05-02 17:17:46.419[0m | [1mINFO    [0m | [36mmattersim.forcefield.potential[0m:[36mfrom_checkpoint[0m:[36m891[0m - [1mLoading the pre-trained mattersim-v1.0.0-5M.pth model[0m
[2026-05-02 17:18:42,868][root][INFO] - Number of filtered samples: 18
[2026-05-02 17:18:42,949][root][INFO] - avg_energy_above_hull_per_atom: 0.076090, avg_rmsd_from_relaxation: 0.070725, frac_novel_unique_stable_structures: 0.305085, frac_stable_structures: 0.762712, frac_successful_jobs: 1.000000, avg_comp_validity: 1.000000, avg_structure_comp_validity: 1.000000, avg_structure_validity: 1.000000, frac_novel_structures: 0.508475, frac_novel_systems: 0.084746, frac_novel_unique_structures: 0.508475, frac_unique_structures: 1.000000, frac_unique_systems: 1.000000, precision: 0.491525, recall: 0.000066
[2026-05-02 17:18:42,958][root][INFO] - SCORE:
[2026-05-02 17:32:27,150][root][INFO] - Evaluation costs to date: 144
[2026-05-02 17:32:27,181][root][INFO] - Number of samples that successfully obtained rewards: 10
[2026-05-02 17:32:27,182][root][INFO] - reward mean=0.0187 std=0.0319
[2026-05-02 17:32:27,182][root][INFO] - heat_capacity mean=0.2273 std=0.0943
[2026-05-02 17:32:29,190][root][INFO] - 72 crystals generated so far, 72 unique components.  Burden: None, Div. Ratio: 1.0.
[2026-05-02 17:32:29,362][root][INFO] - Diversity filter: tol_n=0, buff_n=0
[2026-05-02 17:32:29,365][root][INFO] - replay buffer size=8
[2026-05-02 17:32:29,365][root][INFO] - buffer reward mean=0.13435174950032858
[2026-05-02 17:32:29,365][root][INFO] - FINETUNE:
[2026-05-02 17:46:33,107][root][INFO] - Epoch 0: loss: 0.0422, loss_diff: 0.0341, loss_kl: 0.3244
[2026-05-02 17:59:49,451][root][INFO] - Epoch 1: loss: 0.0473, loss_diff: 0.0338, loss_kl: 0.5380
[2026-05-02 18:13:04,797][root][INFO] - Epoch 2: loss: 0.0479, loss_diff: 0.0341, loss_kl: 0.5524
[2026-05-02 18:13:04,869][root][INFO] - *****   LOOP 8 FINISH   *****
[2026-05-02 18:13:04,869][root][INFO] - Total time taken: 76.48 min.


[2026-05-02 18:13:04,870][root][INFO] - *****   LOOP 9 START   *****
[2026-05-02 18:13:04,870][root][INFO] - SAMPLE:
[32m2026-05-02 18:37:18.830[0m | [1mINFO    [0m | [36mmattersim.forcefield.potential[0m:[36mfrom_checkpoint[0m:[36m891[0m - [1mLoading the pre-trained mattersim-v1.0.0-5M.pth model[0m
[2026-05-02 18:39:30,434][root][INFO] - Number of filtered samples: 24
[2026-05-02 18:39:31,898][root][INFO] - avg_energy_above_hull_per_atom: 0.083254, avg_rmsd_from_relaxation: 0.083621, frac_novel_unique_stable_structures: 0.428571, frac_stable_structures: 0.714286, frac_successful_jobs: 1.000000, avg_comp_validity: 1.000000, avg_structure_comp_validity: 1.000000, avg_structure_validity: 1.000000, frac_novel_structures: 0.714286, frac_novel_systems: 0.089286, frac_novel_unique_structures: 0.714286, frac_unique_structures: 1.000000, frac_unique_systems: 1.000000, precision: 0.285714, recall: 0.000022
[2026-05-02 18:39:31,908][root][INFO] - SCORE:
[2026-05-02 19:02:25,877][root][INFO] - Evaluation costs to date: 160
[2026-05-02 19:02:26,028][root][INFO] - Number of samples that successfully obtained rewards: 8
[2026-05-02 19:02:26,028][root][INFO] - reward mean=0.0190 std=0.0502
[2026-05-02 19:02:26,029][root][INFO] - heat_capacity mean=0.2296 std=0.1113
[2026-05-02 19:02:26,275][root][INFO] - 80 crystals generated so far, 80 unique components.  Burden: None, Div. Ratio: 1.0.
[2026-05-02 19:02:26,295][root][INFO] - Diversity filter: tol_n=0, buff_n=0
[2026-05-02 19:02:26,299][root][INFO] - replay buffer size=9
[2026-05-02 19:02:26,299][root][INFO] - buffer reward mean=0.1363009957226566
[2026-05-02 19:02:26,299][root][INFO] - FINETUNE:
[2026-05-02 19:14:56,706][root][INFO] - Epoch 0: loss: 0.0427, loss_diff: 0.0363, loss_kl: 0.2553
[2026-05-02 19:27:32,252][root][INFO] - Epoch 1: loss: 0.0504, loss_diff: 0.0357, loss_kl: 0.5893
[2026-05-02 19:39:59,454][root][INFO] - Epoch 2: loss: 0.0764, loss_diff: 0.0361, loss_kl: 1.6092
[2026-05-02 19:39:59,461][root][INFO] - *****   LOOP 9 FINISH   *****
[2026-05-02 19:39:59,461][root][INFO] - Total time taken: 86.91 min.


[2026-05-02 19:39:59,461][root][INFO] - *****   LOOP 10 START   *****
[2026-05-02 19:39:59,461][root][INFO] - SAMPLE:
[32m2026-05-02 20:00:40.610[0m | [1mINFO    [0m | [36mmattersim.forcefield.potential[0m:[36mfrom_checkpoint[0m:[36m891[0m - [1mLoading the pre-trained mattersim-v1.0.0-5M.pth model[0m
[2026-05-02 20:01:18,683][root][INFO] - Number of filtered samples: 16
[2026-05-02 20:01:18,738][root][INFO] - avg_energy_above_hull_per_atom: 0.079024, avg_rmsd_from_relaxation: 0.047585, frac_novel_unique_stable_structures: 0.290909, frac_stable_structures: 0.745455, frac_successful_jobs: 1.000000, avg_comp_validity: 1.000000, avg_structure_comp_validity: 1.000000, avg_structure_validity: 1.000000, frac_novel_structures: 0.545455, frac_novel_systems: 0.054545, frac_novel_unique_structures: 0.545455, frac_unique_structures: 1.000000, frac_unique_systems: 1.000000, precision: 0.454545, recall: 0.000057
[2026-05-02 20:01:18,806][root][INFO] - SCORE:
[2026-05-02 20:15:53,383][root][INFO] - Evaluation costs to date: 176
[2026-05-02 20:15:53,449][root][INFO] - Number of samples that successfully obtained rewards: 5
[2026-05-02 20:15:53,482][root][INFO] - reward mean=0.0141 std=0.0175
[2026-05-02 20:15:53,482][root][INFO] - heat_capacity mean=0.2313 std=0.0685
[2026-05-02 20:15:54,321][root][INFO] - 85 crystals generated so far, 85 unique components.  Burden: None, Div. Ratio: 1.0.
[2026-05-02 20:15:55,286][root][INFO] - Diversity filter: tol_n=0, buff_n=0
[2026-05-02 20:15:55,333][root][INFO] - replay buffer size=9
[2026-05-02 20:15:55,333][root][INFO] - buffer reward mean=0.1363009957226566
[2026-05-02 20:15:55,333][root][INFO] - FINETUNE:
[2026-05-02 20:28:46,856][root][INFO] - Epoch 0: loss: 0.0462, loss_diff: 0.0422, loss_kl: 0.1597
[2026-05-02 20:42:49,810][root][INFO] - Epoch 1: loss: 0.0542, loss_diff: 0.0417, loss_kl: 0.5020
[2026-05-02 20:54:34,285][root][INFO] - Epoch 2: loss: 0.0758, loss_diff: 0.0419, loss_kl: 1.3547
[2026-05-02 20:54:34,370][root][INFO] - *****   LOOP 10 FINISH   *****
[2026-05-02 20:54:34,370][root][INFO] - Total time taken: 74.58 min.


[2026-05-02 20:54:34,371][root][INFO] - *****   LOOP 11 START   *****
[2026-05-02 20:54:34,371][root][INFO] - SAMPLE:
[32m2026-05-02 21:19:22.142[0m | [1mINFO    [0m | [36mmattersim.forcefield.potential[0m:[36mfrom_checkpoint[0m:[36m891[0m - [1mLoading the pre-trained mattersim-v1.0.0-5M.pth model[0m
[2026-05-02 21:20:23,622][root][INFO] - Number of filtered samples: 21
[2026-05-02 21:20:23,655][root][INFO] - avg_energy_above_hull_per_atom: 0.083107, avg_rmsd_from_relaxation: 0.030808, frac_novel_unique_stable_structures: 0.350000, frac_stable_structures: 0.750000, frac_successful_jobs: 1.000000, avg_comp_validity: 1.000000, avg_structure_comp_validity: 1.000000, avg_structure_validity: 1.000000, frac_novel_structures: 0.600000, frac_novel_systems: 0.166667, frac_novel_unique_structures: 0.600000, frac_unique_structures: 1.000000, frac_unique_systems: 1.000000, precision: 0.400000, recall: 0.000037
[2026-05-02 21:20:23,664][root][INFO] - SCORE:
[2026-05-02 21:40:12,122][root][INFO] - Evaluation costs to date: 192
[2026-05-02 21:40:12,156][root][INFO] - Number of samples that successfully obtained rewards: 8
[2026-05-02 21:40:12,157][root][INFO] - reward mean=0.0372 std=0.0482
[2026-05-02 21:40:12,157][root][INFO] - heat_capacity mean=0.2704 std=0.1196
[2026-05-02 21:40:12,663][root][INFO] - 93 crystals generated so far, 93 unique components.  Burden: None, Div. Ratio: 1.0.
[2026-05-02 21:40:12,900][root][INFO] - Diversity filter: tol_n=0, buff_n=0
[2026-05-02 21:40:12,961][root][INFO] - replay buffer size=11
[2026-05-02 21:40:12,961][root][INFO] - buffer reward mean=0.1305038129001926
[2026-05-02 21:40:12,961][root][INFO] - FINETUNE:
[2026-05-02 21:54:21,074][root][INFO] - Epoch 0: loss: 0.0452, loss_diff: 0.0391, loss_kl: 0.2445
[2026-05-02 22:09:49,774][root][INFO] - Epoch 1: loss: 0.0495, loss_diff: 0.0389, loss_kl: 0.4245
[2026-05-02 22:28:48,472][root][INFO] - Epoch 2: loss: 0.0621, loss_diff: 0.0391, loss_kl: 0.9180
[2026-05-02 22:28:50,041][root][INFO] - *****   LOOP 11 FINISH   *****
[2026-05-02 22:28:50,042][root][INFO] - Total time taken: 94.26 min.


[2026-05-02 22:28:50,042][root][INFO] - *****   LOOP 12 START   *****
[2026-05-02 22:28:50,042][root][INFO] - SAMPLE:
[32m2026-05-02 22:54:33.715[0m | [1mINFO    [0m | [36mmattersim.forcefield.potential[0m:[36mfrom_checkpoint[0m:[36m891[0m - [1mLoading the pre-trained mattersim-v1.0.0-5M.pth model[0m
[2026-05-02 22:55:31,153][root][INFO] - Number of filtered samples: 22
[2026-05-02 22:55:31,214][root][INFO] - avg_energy_above_hull_per_atom: 0.062276, avg_rmsd_from_relaxation: 0.040261, frac_novel_unique_stable_structures: 0.379310, frac_stable_structures: 0.827586, frac_successful_jobs: 1.000000, avg_comp_validity: 1.000000, avg_structure_comp_validity: 1.000000, avg_structure_validity: 1.000000, frac_novel_structures: 0.534483, frac_novel_systems: 0.120690, frac_novel_unique_structures: 0.534483, frac_unique_structures: 1.000000, frac_unique_systems: 1.000000, precision: 0.465517, recall: 0.000045
[2026-05-02 22:55:31,223][root][INFO] - SCORE:
[2026-05-02 23:12:28,228][root][INFO] - Evaluation costs to date: 208
[2026-05-02 23:12:28,314][root][INFO] - Number of samples that successfully obtained rewards: 3
[2026-05-02 23:12:28,316][root][INFO] - reward mean=0.0045 std=0.0063
[2026-05-02 23:12:28,316][root][INFO] - heat_capacity mean=0.2324 std=0.0298
[2026-05-02 23:12:29,863][root][INFO] - 96 crystals generated so far, 96 unique components.  Burden: None, Div. Ratio: 1.0.
[2026-05-02 23:12:30,958][root][INFO] - Diversity filter: tol_n=0, buff_n=0
[2026-05-02 23:12:31,172][root][INFO] - replay buffer size=11
[2026-05-02 23:12:31,172][root][INFO] - buffer reward mean=0.1305038129001926
[2026-05-02 23:12:31,172][root][INFO] - FINETUNE:
[2026-05-02 23:24:03,743][root][INFO] - Epoch 0: loss: 0.0536, loss_diff: 0.0462, loss_kl: 0.2943
[2026-05-02 23:35:52,053][root][INFO] - Epoch 1: loss: 0.0597, loss_diff: 0.0463, loss_kl: 0.5343
[2026-05-02 23:47:32,278][root][INFO] - Epoch 2: loss: 0.0782, loss_diff: 0.0465, loss_kl: 1.2668
[2026-05-02 23:47:32,517][root][INFO] - *****   LOOP 12 FINISH   *****
[2026-05-02 23:47:32,518][root][INFO] - Total time taken: 78.71 min.


[2026-05-02 23:47:32,518][root][INFO] - *****   LOOP 13 START   *****
[2026-05-02 23:47:32,518][root][INFO] - SAMPLE:
[32m2026-05-03 00:11:02.780[0m | [1mINFO    [0m | [36mmattersim.forcefield.potential[0m:[36mfrom_checkpoint[0m:[36m891[0m - [1mLoading the pre-trained mattersim-v1.0.0-5M.pth model[0m
[2026-05-03 00:11:56,848][root][INFO] - Number of filtered samples: 20
[2026-05-03 00:11:56,976][root][INFO] - avg_energy_above_hull_per_atom: 0.069708, avg_rmsd_from_relaxation: 0.066253, frac_novel_unique_stable_structures: 0.363636, frac_stable_structures: 0.800000, frac_successful_jobs: 1.000000, avg_comp_validity: 1.000000, avg_structure_comp_validity: 1.000000, avg_structure_validity: 1.000000, frac_novel_structures: 0.563636, frac_novel_systems: 0.072727, frac_novel_unique_structures: 0.563636, frac_unique_structures: 1.000000, frac_unique_systems: 1.000000, precision: 0.436364, recall: 0.000052
[2026-05-03 00:11:56,988][root][INFO] - SCORE:
[2026-05-03 00:27:41,472][root][INFO] - Evaluation costs to date: 224
[2026-05-03 00:27:41,563][root][INFO] - Number of samples that successfully obtained rewards: 5
[2026-05-03 00:27:41,564][root][INFO] - reward mean=0.0254 std=0.0508
[2026-05-03 00:27:41,564][root][INFO] - heat_capacity mean=0.2479 std=0.1150
[2026-05-03 00:27:41,944][root][INFO] - 101 crystals generated so far, 101 unique components.  Burden: None, Div. Ratio: 1.0.
[2026-05-03 00:27:43,742][root][INFO] - Diversity filter: tol_n=0, buff_n=0
[2026-05-03 00:27:43,744][root][INFO] - replay buffer size=12
[2026-05-03 00:27:43,745][root][INFO] - buffer reward mean=0.13020144673302017
[2026-05-03 00:27:43,745][root][INFO] - FINETUNE:
[2026-05-03 00:39:33,000][root][INFO] - Epoch 0: loss: 0.0432, loss_diff: 0.0369, loss_kl: 0.2513
[2026-05-03 00:51:20,988][root][INFO] - Epoch 1: loss: 0.0502, loss_diff: 0.0376, loss_kl: 0.5043
[2026-05-03 01:04:05,889][root][INFO] - Epoch 2: loss: 0.0670, loss_diff: 0.0376, loss_kl: 1.1781
[2026-05-03 01:04:07,309][root][INFO] - *****   LOOP 13 FINISH   *****
[2026-05-03 01:04:07,309][root][INFO] - Total time taken: 76.58 min.


[2026-05-03 01:04:07,310][root][INFO] - *****   LOOP 14 START   *****
[2026-05-03 01:04:07,310][root][INFO] - SAMPLE:
[32m2026-05-03 01:25:56.762[0m | [1mINFO    [0m | [36mmattersim.forcefield.potential[0m:[36mfrom_checkpoint[0m:[36m891[0m - [1mLoading the pre-trained mattersim-v1.0.0-5M.pth model[0m
[2026-05-03 01:27:40,026][root][INFO] - Number of filtered samples: 21
[2026-05-03 01:27:40,115][root][INFO] - avg_energy_above_hull_per_atom: 0.076095, avg_rmsd_from_relaxation: 0.135296, frac_novel_unique_stable_structures: 0.396226, frac_stable_structures: 0.735849, frac_successful_jobs: 1.000000, avg_comp_validity: 1.000000, avg_structure_comp_validity: 1.000000, avg_structure_validity: 1.000000, frac_novel_structures: 0.622642, frac_novel_systems: 0.113208, frac_novel_unique_structures: 0.622642, frac_unique_structures: 1.000000, frac_unique_systems: 1.000000, precision: 0.377358, recall: 0.000034
[2026-05-03 01:27:40,125][root][INFO] - SCORE:
[2026-05-03 01:51:39,405][root][INFO] - Evaluation costs to date: 240
[2026-05-03 01:51:39,629][root][INFO] - Number of samples that successfully obtained rewards: 8
[2026-05-03 01:51:39,657][root][INFO] - reward mean=0.0175 std=0.0303
[2026-05-03 01:51:39,657][root][INFO] - heat_capacity mean=0.2514 std=0.0763
[2026-05-03 01:51:41,421][root][INFO] - 109 crystals generated so far, 109 unique components.  Burden: None, Div. Ratio: 1.0.
[2026-05-03 01:51:41,933][root][INFO] - Diversity filter: tol_n=0, buff_n=0
[2026-05-03 01:51:42,208][root][INFO] - replay buffer size=12
[2026-05-03 01:51:42,208][root][INFO] - buffer reward mean=0.13020144673302017
[2026-05-03 01:51:42,209][root][INFO] - FINETUNE:
[2026-05-03 02:10:08,978][root][INFO] - Epoch 0: loss: 0.0391, loss_diff: 0.0344, loss_kl: 0.1859
[2026-05-03 02:25:14,266][root][INFO] - Epoch 1: loss: 0.0478, loss_diff: 0.0344, loss_kl: 0.5358
[2026-05-03 02:40:22,490][root][INFO] - Epoch 2: loss: 0.0686, loss_diff: 0.0347, loss_kl: 1.3552
[2026-05-03 02:40:22,525][root][INFO] - *****   LOOP 14 FINISH   *****
[2026-05-03 02:40:22,525][root][INFO] - Total time taken: 96.25 min.


[2026-05-03 02:40:22,526][root][INFO] - *****   LOOP 15 START   *****
[2026-05-03 02:40:22,526][root][INFO] - SAMPLE:
[32m2026-05-03 03:05:00.627[0m | [1mINFO    [0m | [36mmattersim.forcefield.potential[0m:[36mfrom_checkpoint[0m:[36m891[0m - [1mLoading the pre-trained mattersim-v1.0.0-5M.pth model[0m
[2026-05-03 03:06:08,809][root][INFO] - Number of filtered samples: 20
[2026-05-03 03:06:08,866][root][INFO] - avg_energy_above_hull_per_atom: 0.071847, avg_rmsd_from_relaxation: 0.036661, frac_novel_unique_stable_structures: 0.370370, frac_stable_structures: 0.759259, frac_successful_jobs: 1.000000, avg_comp_validity: 1.000000, avg_structure_comp_validity: 1.000000, avg_structure_validity: 1.000000, frac_novel_structures: 0.574074, frac_novel_systems: 0.111111, frac_novel_unique_structures: 0.574074, frac_unique_structures: 1.000000, frac_unique_systems: 1.000000, precision: 0.425926, recall: 0.000045
[2026-05-03 03:06:08,894][root][INFO] - SCORE:
[2026-05-03 03:17:39,362][root][INFO] - Evaluation costs to date: 256
[2026-05-03 03:17:40,432][root][INFO] - Number of samples that successfully obtained rewards: 12
[2026-05-03 03:17:40,433][root][INFO] - reward mean=0.0364 std=0.0452
[2026-05-03 03:17:40,433][root][INFO] - heat_capacity mean=0.2768 std=0.1145
[2026-05-03 03:17:58,739][root][INFO] - 121 crystals generated so far, 121 unique components.  Burden: None, Div. Ratio: 1.0.
[2026-05-03 03:18:02,537][root][INFO] - Diversity filter: tol_n=0, buff_n=0
[2026-05-03 03:18:02,541][root][INFO] - replay buffer size=14
[2026-05-03 03:18:02,541][root][INFO] - buffer reward mean=0.12883095608438858
[2026-05-03 03:18:02,541][root][INFO] - FINETUNE:
[2026-05-03 03:32:55,340][root][INFO] - Epoch 0: loss: 0.0423, loss_diff: 0.0384, loss_kl: 0.1584
[2026-05-03 03:47:24,972][root][INFO] - Epoch 1: loss: 0.0486, loss_diff: 0.0381, loss_kl: 0.4227
[2026-05-03 04:06:21,692][root][INFO] - Epoch 2: loss: 0.0699, loss_diff: 0.0384, loss_kl: 1.2635
[2026-05-03 04:06:21,824][root][INFO] - *****   LOOP 15 FINISH   *****
[2026-05-03 04:06:21,824][root][INFO] - Total time taken: 85.99 min.


[2026-05-03 04:06:21,824][root][INFO] - *****   LOOP 16 START   *****
[2026-05-03 04:06:21,825][root][INFO] - SAMPLE:
[32m2026-05-03 04:28:58.082[0m | [1mINFO    [0m | [36mmattersim.forcefield.potential[0m:[36mfrom_checkpoint[0m:[36m891[0m - [1mLoading the pre-trained mattersim-v1.0.0-5M.pth model[0m
[2026-05-03 04:29:52,843][root][INFO] - Number of filtered samples: 20
[2026-05-03 04:29:52,845][root][INFO] - avg_energy_above_hull_per_atom: 0.073646, avg_rmsd_from_relaxation: 0.047301, frac_novel_unique_stable_structures: 0.363636, frac_stable_structures: 0.781818, frac_successful_jobs: 1.000000, avg_comp_validity: 1.000000, avg_structure_comp_validity: 1.000000, avg_structure_validity: 1.000000, frac_novel_structures: 0.563636, frac_novel_systems: 0.145455, frac_novel_unique_structures: 0.563636, frac_unique_structures: 1.000000, frac_unique_systems: 1.000000, precision: 0.436364, recall: 0.000098
[2026-05-03 04:29:52,925][root][INFO] - SCORE:
[2026-05-03 04:51:52,763][root][INFO] - Evaluation costs to date: 272
[2026-05-03 04:51:52,765][root][INFO] - Number of samples that successfully obtained rewards: 7
[2026-05-03 04:51:52,766][root][INFO] - reward mean=0.0529 std=0.0576
[2026-05-03 04:51:52,766][root][INFO] - heat_capacity mean=0.3278 std=0.1165
[2026-05-03 04:51:53,118][root][INFO] - 128 crystals generated so far, 128 unique components.  Burden: None, Div. Ratio: 1.0.
[2026-05-03 04:51:53,152][root][INFO] - Diversity filter: tol_n=0, buff_n=0
[2026-05-03 04:51:53,155][root][INFO] - replay buffer size=16
[2026-05-03 04:51:53,155][root][INFO] - buffer reward mean=0.12983942464742596
[2026-05-03 04:51:53,155][root][INFO] - FINETUNE:
[2026-05-03 05:06:23,520][root][INFO] - Epoch 0: loss: 0.0541, loss_diff: 0.0455, loss_kl: 0.3425
[2026-05-03 05:21:12,556][root][INFO] - Epoch 1: loss: 0.0582, loss_diff: 0.0449, loss_kl: 0.5320
[2026-05-03 05:35:43,496][root][INFO] - Epoch 2: loss: 0.0582, loss_diff: 0.0448, loss_kl: 0.5351
[2026-05-03 05:35:43,503][root][INFO] - *****   LOOP 16 FINISH   *****
[2026-05-03 05:35:43,504][root][INFO] - Total time taken: 89.36 min.


[2026-05-03 05:35:43,504][root][INFO] - *****   LOOP 17 START   *****
[2026-05-03 05:35:43,504][root][INFO] - SAMPLE:
[32m2026-05-03 05:55:08.138[0m | [1mINFO    [0m | [36mmattersim.forcefield.potential[0m:[36mfrom_checkpoint[0m:[36m891[0m - [1mLoading the pre-trained mattersim-v1.0.0-5M.pth model[0m
[2026-05-03 05:56:00,395][root][INFO] - Number of filtered samples: 19
[2026-05-03 05:56:00,396][root][INFO] - avg_energy_above_hull_per_atom: 0.067658, avg_rmsd_from_relaxation: 0.064072, frac_novel_unique_stable_structures: 0.351852, frac_stable_structures: 0.796296, frac_successful_jobs: 1.000000, avg_comp_validity: 1.000000, avg_structure_comp_validity: 1.000000, avg_structure_validity: 1.000000, frac_novel_structures: 0.518519, frac_novel_systems: 0.055556, frac_novel_unique_structures: 0.518519, frac_unique_structures: 1.000000, frac_unique_systems: 1.000000, precision: 0.481481, recall: 0.000040
[2026-05-03 05:56:00,405][root][INFO] - SCORE:
[2026-05-03 06:10:12,593][root][INFO] - Evaluation costs to date: 288
[2026-05-03 06:10:12,628][root][INFO] - Number of samples that successfully obtained rewards: 7
[2026-05-03 06:10:12,629][root][INFO] - reward mean=0.0575 std=0.0923
[2026-05-03 06:10:12,629][root][INFO] - heat_capacity mean=0.3126 std=0.1865
[2026-05-03 06:10:12,946][root][INFO] - 135 crystals generated so far, 135 unique components.  Burden: None, Div. Ratio: 1.0.
[2026-05-03 06:10:13,207][root][INFO] - Diversity filter: tol_n=0, buff_n=0
[2026-05-03 06:10:13,210][root][INFO] - replay buffer size=18
[2026-05-03 06:10:13,211][root][INFO] - buffer reward mean=0.13778491290457018
[2026-05-03 06:10:13,211][root][INFO] - FINETUNE:
[2026-05-03 06:25:23,746][root][INFO] - Epoch 0: loss: 0.0595, loss_diff: 0.0490, loss_kl: 0.4194
[2026-05-03 06:40:34,615][root][INFO] - Epoch 1: loss: 0.0584, loss_diff: 0.0483, loss_kl: 0.4047
[2026-05-03 06:55:45,381][root][INFO] - Epoch 2: loss: 0.0644, loss_diff: 0.0483, loss_kl: 0.6438
[2026-05-03 06:55:45,388][root][INFO] - *****   LOOP 17 FINISH   *****
[2026-05-03 06:55:45,389][root][INFO] - Total time taken: 80.03 min.


[2026-05-03 06:55:45,389][root][INFO] - *****   LOOP 18 START   *****
[2026-05-03 06:55:45,389][root][INFO] - SAMPLE:
[32m2026-05-03 07:17:12.261[0m | [1mINFO    [0m | [36mmattersim.forcefield.potential[0m:[36mfrom_checkpoint[0m:[36m891[0m - [1mLoading the pre-trained mattersim-v1.0.0-5M.pth model[0m
[2026-05-03 07:18:00,117][root][INFO] - Number of filtered samples: 24
[2026-05-03 07:18:00,155][root][INFO] - avg_energy_above_hull_per_atom: 0.076775, avg_rmsd_from_relaxation: 0.053075, frac_novel_unique_stable_structures: 0.413793, frac_stable_structures: 0.793103, frac_successful_jobs: 1.000000, avg_comp_validity: 1.000000, avg_structure_comp_validity: 1.000000, avg_structure_validity: 1.000000, frac_novel_structures: 0.620690, frac_novel_systems: 0.172414, frac_novel_unique_structures: 0.620690, frac_unique_structures: 1.000000, frac_unique_systems: 1.000000, precision: 0.379310, recall: 0.000032
[2026-05-03 07:18:00,188][root][INFO] - SCORE:
[2026-05-03 07:31:12,662][root][INFO] - Evaluation costs to date: 304
[2026-05-03 07:31:12,664][root][INFO] - Number of samples that successfully obtained rewards: 6
[2026-05-03 07:31:12,665][root][INFO] - reward mean=0.0159 std=0.0221
[2026-05-03 07:31:12,665][root][INFO] - heat_capacity mean=0.2620 std=0.0536
[2026-05-03 07:31:12,992][root][INFO] - 141 crystals generated so far, 141 unique components.  Burden: None, Div. Ratio: 1.0.
[2026-05-03 07:31:13,245][root][INFO] - Diversity filter: tol_n=0, buff_n=0
[2026-05-03 07:31:13,248][root][INFO] - replay buffer size=18
[2026-05-03 07:31:13,248][root][INFO] - buffer reward mean=0.13778491290457018
[2026-05-03 07:31:13,248][root][INFO] - FINETUNE:
[2026-05-03 07:45:22,087][root][INFO] - Epoch 0: loss: 0.0502, loss_diff: 0.0453, loss_kl: 0.1985
[2026-05-03 07:59:30,562][root][INFO] - Epoch 1: loss: 0.0580, loss_diff: 0.0449, loss_kl: 0.5237
[2026-05-03 08:13:39,142][root][INFO] - Epoch 2: loss: 0.0863, loss_diff: 0.0451, loss_kl: 1.6473
[2026-05-03 08:13:39,148][root][INFO] - *****   LOOP 18 FINISH   *****
[2026-05-03 08:13:39,149][root][INFO] - Total time taken: 77.90 min.


[2026-05-03 08:13:39,149][root][INFO] - *****   LOOP 19 START   *****
[2026-05-03 08:13:39,149][root][INFO] - SAMPLE:
[32m2026-05-03 08:34:20.079[0m | [1mINFO    [0m | [36mmattersim.forcefield.potential[0m:[36mfrom_checkpoint[0m:[36m891[0m - [1mLoading the pre-trained mattersim-v1.0.0-5M.pth model[0m
[2026-05-03 08:35:09,887][root][INFO] - Number of filtered samples: 23
[2026-05-03 08:35:09,936][root][INFO] - avg_energy_above_hull_per_atom: 0.073986, avg_rmsd_from_relaxation: 0.044084, frac_novel_unique_stable_structures: 0.383333, frac_stable_structures: 0.750000, frac_successful_jobs: 1.000000, avg_comp_validity: 1.000000, avg_structure_comp_validity: 1.000000, avg_structure_validity: 1.000000, frac_novel_structures: 0.600000, frac_novel_systems: 0.083333, frac_novel_unique_structures: 0.600000, frac_unique_structures: 1.000000, frac_unique_systems: 1.000000, precision: 0.400000, recall: 0.000073
[2026-05-03 08:35:09,946][root][INFO] - SCORE:
[2026-05-03 08:45:35,558][root][INFO] - Evaluation costs to date: 320
[2026-05-03 08:45:35,560][root][INFO] - Number of samples that successfully obtained rewards: 9
[2026-05-03 08:45:35,560][root][INFO] - reward mean=0.0144 std=0.0322
[2026-05-03 08:45:35,561][root][INFO] - heat_capacity mean=0.2324 std=0.0803
[2026-05-03 08:45:35,890][root][INFO] - 150 crystals generated so far, 150 unique components.  Burden: None, Div. Ratio: 1.0.
[2026-05-03 08:45:35,937][root][INFO] - Diversity filter: tol_n=0, buff_n=0
[2026-05-03 08:45:35,940][root][INFO] - replay buffer size=19
[2026-05-03 08:45:35,940][root][INFO] - buffer reward mean=0.13591643614816337
[2026-05-03 08:45:35,940][root][INFO] - FINETUNE:
[2026-05-03 08:59:54,993][root][INFO] - Epoch 0: loss: 0.0455, loss_diff: 0.0406, loss_kl: 0.1965
[2026-05-03 09:14:16,631][root][INFO] - Epoch 1: loss: 0.0507, loss_diff: 0.0402, loss_kl: 0.4208
[2026-05-03 09:28:36,082][root][INFO] - Epoch 2: loss: 0.0664, loss_diff: 0.0402, loss_kl: 1.0505
[2026-05-03 09:28:36,193][root][INFO] - *****   LOOP 19 FINISH   *****
[2026-05-03 09:28:36,193][root][INFO] - Total time taken: 74.95 min.


[2026-05-03 09:28:36,558][root][INFO] - *****   RL END   *****
[2026-05-03 09:28:36,558][root][INFO] - Total time taken: 93564 s.
Closing LMDB environment /tmp/job.3003439/tmpicn2ui9m/reference_MP2020correction
Phase-3 v4 mg baseline (seed=17) finished at Sun May  3 09:29:05 CDT 2026
