Phase-3 v4 ADiT BASELINE seed=23 cycles=20 at Tue May  5 08:17:57 CDT 2026 on fc104
Tesla T4, 16384 MiB
MODELS_PROJECT_ROOT: /scratch/user/ahnafalvi/matinvent-bo/src/mattergen/mattergen
[2026-05-05 08:34:49,787][httpx][INFO] - HTTP Request: HEAD https://huggingface.co/jwchen25/MatInvent/resolve/main/reference_MP2020correction.gz "HTTP/1.1 302 Found"
[2026-05-05 09:01:34,260][root][INFO] - *****   RL START   *****
[2026-05-05 09:01:34,345][root][INFO] - *****   LOOP 0 START   *****
[2026-05-05 09:01:34,345][root][INFO] - SAMPLE:
[32m2026-05-05 09:04:51.854[0m | [1mINFO    [0m | [36mmattersim.forcefield.potential[0m:[36mfrom_checkpoint[0m:[36m891[0m - [1mLoading the pre-trained mattersim-v1.0.0-5M.pth model[0m
[2026-05-05 09:22:33,942][root][INFO] - Number of filtered samples: 4
[2026-05-05 09:22:34,021][root][INFO] - avg_energy_above_hull_per_atom: 0.213620, avg_rmsd_from_relaxation: 0.672668, frac_novel_unique_stable_structures: 0.072727, frac_stable_structures: 0.654545, frac_successful_jobs: 1.000000, avg_comp_validity: 1.000000, avg_structure_comp_validity: 1.000000, avg_structure_validity: 1.000000, frac_novel_structures: 0.381818, frac_novel_systems: 0.090909, frac_novel_unique_structures: 0.381818, frac_unique_structures: 1.000000, frac_unique_systems: 0.981818, precision: 0.618182, recall: 0.000065
[2026-05-05 09:22:34,044][root][INFO] - SCORE:
[2026-05-05 09:22:57,362][root][INFO] - Project root: /scratch/user/ahnafalvi/envs/matinvent-hcap-bo/lib/python3.10/site-packages/fairchem
[2026-05-05 09:23:28,345][root][INFO] - Checking local cache: /scratch/user/ahnafalvi/.cache/huggingface for model eSEN-30M-OAM
[2026-05-05 09:23:28,586][httpx][INFO] - HTTP Request: HEAD https://huggingface.co/facebook/OMAT24/resolve/main/esen_30m_oam.pt "HTTP/1.1 302 Found"
[2026-05-05 09:23:31,980][root][INFO] - local rank base: 0
[2026-05-05 09:23:41,777][root][INFO] - amp: false
cmd:
  checkpoint_dir: /scratch/user/ahnafalvi/matinvent-hcap-bo/results/hcap_p3v4_adit_baseline_seed23_3006089/checkpoints/2026-05-05-09-24-00
  commit: core:None,experimental:NA
  identifier: ''
  logs_dir: /scratch/user/ahnafalvi/matinvent-hcap-bo/results/hcap_p3v4_adit_baseline_seed23_3006089/logs/wandb/2026-05-05-09-24-00
  print_every: 100
  results_dir: /scratch/user/ahnafalvi/matinvent-hcap-bo/results/hcap_p3v4_adit_baseline_seed23_3006089/results/2026-05-05-09-24-00
  seed: null
  timestamp_id: 2026-05-05-09-24-00
  version: 1.10.0
dataset:
  a2g_args:
    r_energy: true
    r_forces: true
    r_stress: true
  format: ase_db
  metadata_path: ''
  transforms:
    element_references: ''
    normalizer:
      energy:
        mean: 0.0
        stdev: 0.6274358
      forces:
        mean: 0.0
        stdev: 0.6274358
      stress:
        mean: 0.0
        stdev: 0.6274358
evaluation_metrics:
  metrics:
    energy:
    - mae
    - per_atom_mae
    forces:
    - mae
    - cosine_similarity
    stress:
    - mae
  primary_metric: forces_mae
gp_gpus: null
gpus: 1
logger: wandb
loss_functions:
- energy:
    coefficient: 20
    fn: per_atom_mae
- forces:
    coefficient: 20
    fn: l2mae
- stress:
    coefficient: 5
    fn: mae
model:
  backbone:
    act_type: gate
    cutoff: 6.0
    direct_forces: false
    distance_function: gaussian
    edge_channels: 128
    hidden_channels: 128
    lmax: 3
    max_neighbors: 300
    max_num_elements: 100
    mlp_type: spectral
    mmax: 2
    model: esen_backbone
    norm_type: rms_norm_sh
    num_distance_basis: 64
    num_layers: 10
    otf_graph: true
    regress_forces: true
    regress_stress: true
    sphere_channels: 128
    use_envelope: true
    use_pbc: true
    use_pbc_single: true
  heads:
    mptrj:
      module: esen_mlp_efs_head
  name: hydra
  otf_graph: true
  pass_through_head_outputs: true
optim:
  batch_size: 4
  clip_grad_norm: 100
  ema_decay: 0.999
  eval_batch_size: 4
  eval_every: 5000
  load_balancing: atoms
  lr_initial: 0.0004
  max_epochs: 1
  num_workers: 4
  optimizer: AdamW
  optimizer_params:
    weight_decay: 0.001
  scheduler: LambdaLR
  scheduler_params:
    epochs: 85271
    lambda_type: cosine
    lr: 0.0004
    lr_min_factor: 0.1
    warmup_epochs: 8527
    warmup_factor: 0.2
outputs:
  energy:
    level: system
    property: energy
  forces:
    eval_on_free_atoms: true
    level: atom
    property: forces
    train_on_free_atoms: true
  stress:
    level: system
    property: stress
relax_dataset: {}
slurm: {}
task: {}
test_dataset: {}
trainer: ocp
val_dataset: {}

[2026-05-05 09:23:41,777][root][INFO] - Loading model: hydra
[2026-05-05 09:23:46,272][root][INFO] - Loaded HydraModel with 30161153 parameters.
[2026-05-05 09:23:46,272][root][INFO] - Loading checkpoint in inference-only mode, not loading keys associated with trainer state!
[2026-05-05 09:23:46,309][root][WARNING] - No seed has been set in modelcheckpoint or OCPCalculator! Results may not be reproducible on re-run
[2026-05-05 09:27:42,782][root][INFO] - Evaluation costs to date: 4
[2026-05-05 09:27:42,782][root][INFO] - Number of samples that successfully obtained rewards: 0
[2026-05-05 09:27:42,805][root][INFO] - reward mean=nan std=nan
[2026-05-05 09:27:42,805][root][INFO] - heat_capacity mean=nan std=nan
Closing LMDB environment /tmp/job.3006089/tmp_0y445z4/reference_MP2020correction
