/scratch/user/ahnafalvi/envs/matinvent-hcap-bo/lib/python3.10/site-packages/hydra/_internal/defaults_list.py:251: UserWarning: In 'base': Defaults list is missing `_self_`. See https://hydra.cc/docs/1.2/upgrades/1.0_to_1.1/default_composition_order for more information
  warnings.warn(msg, UserWarning)
/scratch/user/ahnafalvi/envs/matinvent-hcap-bo/lib/python3.10/site-packages/hydra/_internal/hydra.py:119: UserWarning: Future Hydra versions will no longer change working directory at job runtime by default.
See https://hydra.cc/docs/1.2/upgrades/1.1_to_1.2/changes_to_job_working_dir/ for more information.
  ret = run_job(
/scratch/user/ahnafalvi/envs/matinvent-hcap-bo/lib/python3.10/site-packages/lightning/fabric/utilities/cloud_io.py:73: You are using `torch.load` with `weights_only=False` (the current default value), which uses the default pickle module implicitly. It is possible to construct malicious pickle data which will execute arbitrary code during unpickling (See https://github.com/pytorch/pytorch/blob/main/SECURITY.md#untrusted-models for more details). In a future release, the default value for `weights_only` will be flipped to `True`. This limits the functions that could be executed during unpickling. Arbitrary objects will no longer be allowed to be loaded via this mode unless they are explicitly allowlisted by the user via `torch.serialization.add_safe_globals`. We recommend you start setting `weights_only=True` for any use case where you don't have full control of the loaded file. Please open an issue on GitHub for any issues related to this experimental feature.
/scratch/user/ahnafalvi/envs/matinvent-hcap-bo/lib/python3.10/site-packages/lightning/pytorch/utilities/parsing.py:213: Attribute 'encoder' is an instance of `nn.Module` and is already saved during checkpointing. It is recommended to ignore them using `self.save_hyperparameters(ignore=['encoder'])`.
/scratch/user/ahnafalvi/envs/matinvent-hcap-bo/lib/python3.10/site-packages/lightning/pytorch/utilities/parsing.py:213: Attribute 'decoder' is an instance of `nn.Module` and is already saved during checkpointing. It is recommended to ignore them using `self.save_hyperparameters(ignore=['decoder'])`.
/scratch/user/ahnafalvi/envs/matinvent-hcap-bo/lib/python3.10/site-packages/uncertainties/core.py:1024: UserWarning: Using UFloat objects with std_dev==0 may give unexpected results.
  warn("Using UFloat objects with std_dev==0 may give unexpected results.")
/scratch/user/ahnafalvi/envs/matinvent-hcap-bo/lib/python3.10/site-packages/fairchem/core/models/escn/so3.py:23: FutureWarning: You are using `torch.load` with `weights_only=False` (the current default value), which uses the default pickle module implicitly. It is possible to construct malicious pickle data which will execute arbitrary code during unpickling (See https://github.com/pytorch/pytorch/blob/main/SECURITY.md#untrusted-models for more details). In a future release, the default value for `weights_only` will be flipped to `True`. This limits the functions that could be executed during unpickling. Arbitrary objects will no longer be allowed to be loaded via this mode unless they are explicitly allowlisted by the user via `torch.serialization.add_safe_globals`. We recommend you start setting `weights_only=True` for any use case where you don't have full control of the loaded file. Please open an issue on GitHub for any issues related to this experimental feature.
  _Jd = torch.load(os.path.join(os.path.dirname(__file__), "Jd.pt"))
/scratch/user/ahnafalvi/envs/matinvent-hcap-bo/lib/python3.10/site-packages/fairchem/core/models/scn/spherical_harmonics.py:23: FutureWarning: You are using `torch.load` with `weights_only=False` (the current default value), which uses the default pickle module implicitly. It is possible to construct malicious pickle data which will execute arbitrary code during unpickling (See https://github.com/pytorch/pytorch/blob/main/SECURITY.md#untrusted-models for more details). In a future release, the default value for `weights_only` will be flipped to `True`. This limits the functions that could be executed during unpickling. Arbitrary objects will no longer be allowed to be loaded via this mode unless they are explicitly allowlisted by the user via `torch.serialization.add_safe_globals`. We recommend you start setting `weights_only=True` for any use case where you don't have full control of the loaded file. Please open an issue on GitHub for any issues related to this experimental feature.
  _Jd = torch.load(os.path.join(os.path.dirname(__file__), "Jd.pt"))
/scratch/user/ahnafalvi/envs/matinvent-hcap-bo/lib/python3.10/site-packages/fairchem/core/models/equiformer_v2/wigner.py:10: FutureWarning: You are using `torch.load` with `weights_only=False` (the current default value), which uses the default pickle module implicitly. It is possible to construct malicious pickle data which will execute arbitrary code during unpickling (See https://github.com/pytorch/pytorch/blob/main/SECURITY.md#untrusted-models for more details). In a future release, the default value for `weights_only` will be flipped to `True`. This limits the functions that could be executed during unpickling. Arbitrary objects will no longer be allowed to be loaded via this mode unless they are explicitly allowlisted by the user via `torch.serialization.add_safe_globals`. We recommend you start setting `weights_only=True` for any use case where you don't have full control of the loaded file. Please open an issue on GitHub for any issues related to this experimental feature.
  _Jd = torch.load(os.path.join(os.path.dirname(__file__), "Jd.pt"))
/scratch/user/ahnafalvi/envs/matinvent-hcap-bo/lib/python3.10/site-packages/fairchem/core/common/relaxation/ase_utils.py:200: FutureWarning: You are using `torch.load` with `weights_only=False` (the current default value), which uses the default pickle module implicitly. It is possible to construct malicious pickle data which will execute arbitrary code during unpickling (See https://github.com/pytorch/pytorch/blob/main/SECURITY.md#untrusted-models for more details). In a future release, the default value for `weights_only` will be flipped to `True`. This limits the functions that could be executed during unpickling. Arbitrary objects will no longer be allowed to be loaded via this mode unless they are explicitly allowlisted by the user via `torch.serialization.add_safe_globals`. We recommend you start setting `weights_only=True` for any use case where you don't have full control of the loaded file. Please open an issue on GitHub for any issues related to this experimental feature.
  checkpoint = torch.load(checkpoint_path, map_location=torch.device("cpu"))
/scratch/user/ahnafalvi/envs/matinvent-hcap-bo/lib/python3.10/site-packages/fairchem/core/models/esen/esen.py:91: FutureWarning: You are using `torch.load` with `weights_only=False` (the current default value), which uses the default pickle module implicitly. It is possible to construct malicious pickle data which will execute arbitrary code during unpickling (See https://github.com/pytorch/pytorch/blob/main/SECURITY.md#untrusted-models for more details). In a future release, the default value for `weights_only` will be flipped to `True`. This limits the functions that could be executed during unpickling. Arbitrary objects will no longer be allowed to be loaded via this mode unless they are explicitly allowlisted by the user via `torch.serialization.add_safe_globals`. We recommend you start setting `weights_only=True` for any use case where you don't have full control of the loaded file. Please open an issue on GitHub for any issues related to this experimental feature.
  Jd_list = torch.load(os.path.join(os.path.dirname(__file__), "Jd.pt"))
[LocalESEN] imaginary modes detected
[LocalESEN] imaginary modes detected
[LocalESEN] task 4 failed: OutOfMemoryError: CUDA out of memory. Tried to allocate 90.00 MiB. GPU 0 has a total capacity of 15.56 GiB of which 78.62 MiB is free. Including non-PyTorch memory, this process has 15.48 GiB memory in use. Of the allocated memory 15.20 GiB is allocated by PyTorch, and 110.80 MiB is reserved by PyTorch but unallocated. If reserved but unallocated memory is large try setting PYTORCH_CUDA_ALLOC_CONF=expandable_segments:True to avoid fragmentation.  See documentation for Memory Management  (https://pytorch.org/docs/stable/notes/cuda.html#environment-variables)
[LocalESEN] task 6 failed: OutOfMemoryError: CUDA out of memory. Tried to allocate 190.00 MiB. GPU 0 has a total capacity of 15.56 GiB of which 136.62 MiB is free. Including non-PyTorch memory, this process has 15.42 GiB memory in use. Of the allocated memory 15.14 GiB is allocated by PyTorch, and 112.20 MiB is reserved by PyTorch but unallocated. If reserved but unallocated memory is large try setting PYTORCH_CUDA_ALLOC_CONF=expandable_segments:True to avoid fragmentation.  See documentation for Memory Management  (https://pytorch.org/docs/stable/notes/cuda.html#environment-variables)
[LocalESEN] imaginary modes detected
/scratch/user/ahnafalvi/matinvent-pristine/pipeline/mat_invent.py:256: RuntimeWarning: Mean of empty slice.
  logging.info(f'buffer reward mean={self.replay.buffer["reward"].values.mean()}')
/scratch/user/ahnafalvi/envs/matinvent-hcap-bo/lib/python3.10/site-packages/numpy/core/_methods.py:129: RuntimeWarning: invalid value encountered in scalar divide
  ret = ret.dtype.type(ret / rcount)
/scratch/user/ahnafalvi/envs/matinvent-hcap-bo/lib/python3.10/site-packages/uncertainties/core.py:1024: UserWarning: Using UFloat objects with std_dev==0 may give unexpected results.
  warn("Using UFloat objects with std_dev==0 may give unexpected results.")
[LocalESEN] imaginary modes detected
[LocalESEN] task 1 failed: OutOfMemoryError: CUDA out of memory. Tried to allocate 96.00 MiB. GPU 0 has a total capacity of 15.56 GiB of which 12.62 MiB is free. Including non-PyTorch memory, this process has 15.54 GiB memory in use. Of the allocated memory 15.31 GiB is allocated by PyTorch, and 68.90 MiB is reserved by PyTorch but unallocated. If reserved but unallocated memory is large try setting PYTORCH_CUDA_ALLOC_CONF=expandable_segments:True to avoid fragmentation.  See documentation for Memory Management  (https://pytorch.org/docs/stable/notes/cuda.html#environment-variables)
[LocalESEN] imaginary modes detected
[LocalESEN] imaginary modes detected
[LocalESEN] imaginary modes detected
[LocalESEN] imaginary modes detected
[LocalESEN] imaginary modes detected
[LocalESEN] imaginary modes detected
/scratch/user/ahnafalvi/matinvent-pristine/pipeline/mat_invent.py:256: RuntimeWarning: Mean of empty slice.
  logging.info(f'buffer reward mean={self.replay.buffer["reward"].values.mean()}')
/scratch/user/ahnafalvi/envs/matinvent-hcap-bo/lib/python3.10/site-packages/numpy/core/_methods.py:129: RuntimeWarning: invalid value encountered in scalar divide
  ret = ret.dtype.type(ret / rcount)
/scratch/user/ahnafalvi/envs/matinvent-hcap-bo/lib/python3.10/site-packages/uncertainties/core.py:1024: UserWarning: Using UFloat objects with std_dev==0 may give unexpected results.
  warn("Using UFloat objects with std_dev==0 may give unexpected results.")
[LocalESEN] imaginary modes detected
[LocalESEN] imaginary modes detected
[LocalESEN] imaginary modes detected
[LocalESEN] imaginary modes detected
[LocalESEN] task 4 failed: OutOfMemoryError: CUDA out of memory. Tried to allocate 186.00 MiB. GPU 0 has a total capacity of 15.56 GiB of which 134.62 MiB is free. Including non-PyTorch memory, this process has 15.42 GiB memory in use. Of the allocated memory 15.11 GiB is allocated by PyTorch, and 151.81 MiB is reserved by PyTorch but unallocated. If reserved but unallocated memory is large try setting PYTORCH_CUDA_ALLOC_CONF=expandable_segments:True to avoid fragmentation.  See documentation for Memory Management  (https://pytorch.org/docs/stable/notes/cuda.html#environment-variables)
[LocalESEN] imaginary modes detected
/scratch/user/ahnafalvi/envs/matinvent-hcap-bo/lib/python3.10/site-packages/uncertainties/core.py:1024: UserWarning: Using UFloat objects with std_dev==0 may give unexpected results.
  warn("Using UFloat objects with std_dev==0 may give unexpected results.")
[LocalESEN] task 0 failed: OutOfMemoryError: CUDA out of memory. Tried to allocate 78.00 MiB. GPU 0 has a total capacity of 15.56 GiB of which 34.62 MiB is free. Including non-PyTorch memory, this process has 15.52 GiB memory in use. Of the allocated memory 15.27 GiB is allocated by PyTorch, and 85.69 MiB is reserved by PyTorch but unallocated. If reserved but unallocated memory is large try setting PYTORCH_CUDA_ALLOC_CONF=expandable_segments:True to avoid fragmentation.  See documentation for Memory Management  (https://pytorch.org/docs/stable/notes/cuda.html#environment-variables)
[LocalESEN] imaginary modes detected
[LocalESEN] imaginary modes detected
[LocalESEN] task 3 failed: OutOfMemoryError: CUDA out of memory. Tried to allocate 46.00 MiB. GPU 0 has a total capacity of 15.56 GiB of which 34.62 MiB is free. Including non-PyTorch memory, this process has 15.52 GiB memory in use. Of the allocated memory 15.23 GiB is allocated by PyTorch, and 127.89 MiB is reserved by PyTorch but unallocated. If reserved but unallocated memory is large try setting PYTORCH_CUDA_ALLOC_CONF=expandable_segments:True to avoid fragmentation.  See documentation for Memory Management  (https://pytorch.org/docs/stable/notes/cuda.html#environment-variables)
/scratch/user/ahnafalvi/envs/matinvent-hcap-bo/lib/python3.10/site-packages/uncertainties/core.py:1024: UserWarning: Using UFloat objects with std_dev==0 may give unexpected results.
  warn("Using UFloat objects with std_dev==0 may give unexpected results.")
[LocalESEN] imaginary modes detected
[LocalESEN] imaginary modes detected
[LocalESEN] task 4 failed: OutOfMemoryError: CUDA out of memory. Tried to allocate 180.00 MiB. GPU 0 has a total capacity of 15.56 GiB of which 134.62 MiB is free. Including non-PyTorch memory, this process has 15.42 GiB memory in use. Of the allocated memory 15.10 GiB is allocated by PyTorch, and 162.67 MiB is reserved by PyTorch but unallocated. If reserved but unallocated memory is large try setting PYTORCH_CUDA_ALLOC_CONF=expandable_segments:True to avoid fragmentation.  See documentation for Memory Management  (https://pytorch.org/docs/stable/notes/cuda.html#environment-variables)
/scratch/user/ahnafalvi/envs/matinvent-hcap-bo/lib/python3.10/site-packages/uncertainties/core.py:1024: UserWarning: Using UFloat objects with std_dev==0 may give unexpected results.
  warn("Using UFloat objects with std_dev==0 may give unexpected results.")
[LocalESEN] imaginary modes detected
[LocalESEN] imaginary modes detected
[LocalESEN] imaginary modes detected
[LocalESEN] imaginary modes detected
[LocalESEN] imaginary modes detected
[LocalESEN] imaginary modes detected
/scratch/user/ahnafalvi/envs/matinvent-hcap-bo/lib/python3.10/site-packages/uncertainties/core.py:1024: UserWarning: Using UFloat objects with std_dev==0 may give unexpected results.
  warn("Using UFloat objects with std_dev==0 may give unexpected results.")
[LocalESEN] imaginary modes detected
[LocalESEN] imaginary modes detected
[LocalESEN] imaginary modes detected
[LocalESEN] imaginary modes detected
[LocalESEN] imaginary modes detected
[LocalESEN] imaginary modes detected
[LocalESEN] imaginary modes detected
/scratch/user/ahnafalvi/envs/matinvent-hcap-bo/lib/python3.10/site-packages/uncertainties/core.py:1024: UserWarning: Using UFloat objects with std_dev==0 may give unexpected results.
  warn("Using UFloat objects with std_dev==0 may give unexpected results.")
[LocalESEN] imaginary modes detected
[LocalESEN] task 1 failed: OutOfMemoryError: CUDA out of memory. Tried to allocate 226.00 MiB. GPU 0 has a total capacity of 15.56 GiB of which 154.62 MiB is free. Including non-PyTorch memory, this process has 15.40 GiB memory in use. Of the allocated memory 15.13 GiB is allocated by PyTorch, and 109.19 MiB is reserved by PyTorch but unallocated. If reserved but unallocated memory is large try setting PYTORCH_CUDA_ALLOC_CONF=expandable_segments:True to avoid fragmentation.  See documentation for Memory Management  (https://pytorch.org/docs/stable/notes/cuda.html#environment-variables)
[LocalESEN] imaginary modes detected
[LocalESEN] imaginary modes detected
[LocalESEN] imaginary modes detected
[LocalESEN] imaginary modes detected
[LocalESEN] imaginary modes detected
[LocalESEN] imaginary modes detected
[LocalESEN] imaginary modes detected
/scratch/user/ahnafalvi/matinvent-pristine/pipeline/base.py:123: RuntimeWarning: Mean of empty slice.
  logging.info(f'reward mean={success_rewards.mean():.4f} std={success_rewards.std():.4f}')
/scratch/user/ahnafalvi/envs/matinvent-hcap-bo/lib/python3.10/site-packages/numpy/core/_methods.py:129: RuntimeWarning: invalid value encountered in scalar divide
  ret = ret.dtype.type(ret / rcount)
/scratch/user/ahnafalvi/envs/matinvent-hcap-bo/lib/python3.10/site-packages/numpy/core/_methods.py:206: RuntimeWarning: Degrees of freedom <= 0 for slice
  ret = _var(a, axis=axis, dtype=dtype, out=out, ddof=ddof,
/scratch/user/ahnafalvi/envs/matinvent-hcap-bo/lib/python3.10/site-packages/numpy/core/_methods.py:163: RuntimeWarning: invalid value encountered in divide
  arrmean = um.true_divide(arrmean, div, out=arrmean,
/scratch/user/ahnafalvi/envs/matinvent-hcap-bo/lib/python3.10/site-packages/numpy/core/_methods.py:198: RuntimeWarning: invalid value encountered in scalar divide
  ret = ret.dtype.type(ret / rcount)
/scratch/user/ahnafalvi/matinvent-pristine/pipeline/base.py:124: RuntimeWarning: Mean of empty slice.
  prop_str = [f'{k} mean={v.mean():.4f} std={v.std():.4f}' for k, v in success_prop_dict.items()]
/scratch/user/ahnafalvi/matinvent-pristine/pipeline/mat_invent.py:204: RuntimeWarning: Mean of empty slice.
  log_dict = {f'{k} mean': v.mean() for k, v in prop_dict.items()}
/scratch/user/ahnafalvi/matinvent-pristine/pipeline/mat_invent.py:206: RuntimeWarning: Mean of empty slice.
  log_dict.update({'reward mean': rewards.mean(), 'reward std': rewards.std()})
/scratch/user/ahnafalvi/envs/matinvent-hcap-bo/lib/python3.10/site-packages/uncertainties/core.py:1024: UserWarning: Using UFloat objects with std_dev==0 may give unexpected results.
  warn("Using UFloat objects with std_dev==0 may give unexpected results.")
[LocalESEN] imaginary modes detected
[LocalESEN] imaginary modes detected
[LocalESEN] imaginary modes detected
[LocalESEN] task 4 failed: OutOfMemoryError: CUDA out of memory. Tried to allocate 84.00 MiB. GPU 0 has a total capacity of 15.56 GiB of which 16.62 MiB is free. Including non-PyTorch memory, this process has 15.54 GiB memory in use. Of the allocated memory 15.27 GiB is allocated by PyTorch, and 104.14 MiB is reserved by PyTorch but unallocated. If reserved but unallocated memory is large try setting PYTORCH_CUDA_ALLOC_CONF=expandable_segments:True to avoid fragmentation.  See documentation for Memory Management  (https://pytorch.org/docs/stable/notes/cuda.html#environment-variables)
[LocalESEN] imaginary modes detected
[LocalESEN] imaginary modes detected
[LocalESEN] task 10 failed: OutOfMemoryError: CUDA out of memory. Tried to allocate 52.00 MiB. GPU 0 has a total capacity of 15.56 GiB of which 36.62 MiB is free. Including non-PyTorch memory, this process has 15.52 GiB memory in use. Of the allocated memory 15.24 GiB is allocated by PyTorch, and 114.72 MiB is reserved by PyTorch but unallocated. If reserved but unallocated memory is large try setting PYTORCH_CUDA_ALLOC_CONF=expandable_segments:True to avoid fragmentation.  See documentation for Memory Management  (https://pytorch.org/docs/stable/notes/cuda.html#environment-variables)
[LocalESEN] imaginary modes detected
/scratch/user/ahnafalvi/envs/matinvent-hcap-bo/lib/python3.10/site-packages/uncertainties/core.py:1024: UserWarning: Using UFloat objects with std_dev==0 may give unexpected results.
  warn("Using UFloat objects with std_dev==0 may give unexpected results.")
[LocalESEN] task 0 failed: OutOfMemoryError: CUDA out of memory. Tried to allocate 38.00 MiB. GPU 0 has a total capacity of 15.56 GiB of which 16.62 MiB is free. Including non-PyTorch memory, this process has 15.54 GiB memory in use. Of the allocated memory 15.27 GiB is allocated by PyTorch, and 101.56 MiB is reserved by PyTorch but unallocated. If reserved but unallocated memory is large try setting PYTORCH_CUDA_ALLOC_CONF=expandable_segments:True to avoid fragmentation.  See documentation for Memory Management  (https://pytorch.org/docs/stable/notes/cuda.html#environment-variables)
[LocalESEN] imaginary modes detected
[LocalESEN] imaginary modes detected
[LocalESEN] imaginary modes detected
[LocalESEN] imaginary modes detected
[LocalESEN] imaginary modes detected
[LocalESEN] task 12 failed: OutOfMemoryError: CUDA out of memory. Tried to allocate 372.00 MiB. GPU 0 has a total capacity of 15.56 GiB of which 132.62 MiB is free. Including non-PyTorch memory, this process has 15.42 GiB memory in use. Of the allocated memory 15.09 GiB is allocated by PyTorch, and 167.61 MiB is reserved by PyTorch but unallocated. If reserved but unallocated memory is large try setting PYTORCH_CUDA_ALLOC_CONF=expandable_segments:True to avoid fragmentation.  See documentation for Memory Management  (https://pytorch.org/docs/stable/notes/cuda.html#environment-variables)
[LocalESEN] imaginary modes detected
[LocalESEN] imaginary modes detected
/scratch/user/ahnafalvi/envs/matinvent-hcap-bo/lib/python3.10/site-packages/uncertainties/core.py:1024: UserWarning: Using UFloat objects with std_dev==0 may give unexpected results.
  warn("Using UFloat objects with std_dev==0 may give unexpected results.")
[LocalESEN] task 0 failed: OutOfMemoryError: CUDA out of memory. Tried to allocate 178.00 MiB. GPU 0 has a total capacity of 15.56 GiB of which 152.62 MiB is free. Including non-PyTorch memory, this process has 15.40 GiB memory in use. Of the allocated memory 14.99 GiB is allocated by PyTorch, and 250.26 MiB is reserved by PyTorch but unallocated. If reserved but unallocated memory is large try setting PYTORCH_CUDA_ALLOC_CONF=expandable_segments:True to avoid fragmentation.  See documentation for Memory Management  (https://pytorch.org/docs/stable/notes/cuda.html#environment-variables)
[LocalESEN] imaginary modes detected
[LocalESEN] imaginary modes detected
[LocalESEN] imaginary modes detected
[LocalESEN] imaginary modes detected
[LocalESEN] imaginary modes detected
[LocalESEN] task 9 failed: OutOfMemoryError: CUDA out of memory. Tried to allocate 96.00 MiB. GPU 0 has a total capacity of 15.56 GiB of which 54.62 MiB is free. Including non-PyTorch memory, this process has 15.50 GiB memory in use. Of the allocated memory 15.24 GiB is allocated by PyTorch, and 97.44 MiB is reserved by PyTorch but unallocated. If reserved but unallocated memory is large try setting PYTORCH_CUDA_ALLOC_CONF=expandable_segments:True to avoid fragmentation.  See documentation for Memory Management  (https://pytorch.org/docs/stable/notes/cuda.html#environment-variables)
[LocalESEN] imaginary modes detected
[LocalESEN] imaginary modes detected
/scratch/user/ahnafalvi/envs/matinvent-hcap-bo/lib/python3.10/site-packages/uncertainties/core.py:1024: UserWarning: Using UFloat objects with std_dev==0 may give unexpected results.
  warn("Using UFloat objects with std_dev==0 may give unexpected results.")
[LocalESEN] imaginary modes detected
[LocalESEN] task 1 failed: OutOfMemoryError: CUDA out of memory. Tried to allocate 180.00 MiB. GPU 0 has a total capacity of 15.56 GiB of which 172.62 MiB is free. Including non-PyTorch memory, this process has 15.38 GiB memory in use. Of the allocated memory 15.13 GiB is allocated by PyTorch, and 92.10 MiB is reserved by PyTorch but unallocated. If reserved but unallocated memory is large try setting PYTORCH_CUDA_ALLOC_CONF=expandable_segments:True to avoid fragmentation.  See documentation for Memory Management  (https://pytorch.org/docs/stable/notes/cuda.html#environment-variables)
[LocalESEN] task 2 failed: OutOfMemoryError: CUDA out of memory. Tried to allocate 50.00 MiB. GPU 0 has a total capacity of 15.56 GiB of which 34.62 MiB is free. Including non-PyTorch memory, this process has 15.52 GiB memory in use. Of the allocated memory 15.23 GiB is allocated by PyTorch, and 124.31 MiB is reserved by PyTorch but unallocated. If reserved but unallocated memory is large try setting PYTORCH_CUDA_ALLOC_CONF=expandable_segments:True to avoid fragmentation.  See documentation for Memory Management  (https://pytorch.org/docs/stable/notes/cuda.html#environment-variables)
[LocalESEN] imaginary modes detected
[LocalESEN] imaginary modes detected
[LocalESEN] imaginary modes detected
[LocalESEN] imaginary modes detected
[LocalESEN] task 7 failed: OutOfMemoryError: CUDA out of memory. Tried to allocate 122.00 MiB. GPU 0 has a total capacity of 15.56 GiB of which 94.62 MiB is free. Including non-PyTorch memory, this process has 15.46 GiB memory in use. Of the allocated memory 15.17 GiB is allocated by PyTorch, and 128.83 MiB is reserved by PyTorch but unallocated. If reserved but unallocated memory is large try setting PYTORCH_CUDA_ALLOC_CONF=expandable_segments:True to avoid fragmentation.  See documentation for Memory Management  (https://pytorch.org/docs/stable/notes/cuda.html#environment-variables)
/scratch/user/ahnafalvi/envs/matinvent-hcap-bo/lib/python3.10/site-packages/uncertainties/core.py:1024: UserWarning: Using UFloat objects with std_dev==0 may give unexpected results.
  warn("Using UFloat objects with std_dev==0 may give unexpected results.")
[LocalESEN] imaginary modes detected
[LocalESEN] imaginary modes detected
[LocalESEN] task 3 failed: OutOfMemoryError: CUDA out of memory. Tried to allocate 70.00 MiB. GPU 0 has a total capacity of 15.56 GiB of which 36.62 MiB is free. Including non-PyTorch memory, this process has 15.52 GiB memory in use. Of the allocated memory 15.21 GiB is allocated by PyTorch, and 143.36 MiB is reserved by PyTorch but unallocated. If reserved but unallocated memory is large try setting PYTORCH_CUDA_ALLOC_CONF=expandable_segments:True to avoid fragmentation.  See documentation for Memory Management  (https://pytorch.org/docs/stable/notes/cuda.html#environment-variables)
[LocalESEN] task 4 failed: OutOfMemoryError: CUDA out of memory. Tried to allocate 260.00 MiB. GPU 0 has a total capacity of 15.56 GiB of which 94.62 MiB is free. Including non-PyTorch memory, this process has 15.46 GiB memory in use. Of the allocated memory 15.19 GiB is allocated by PyTorch, and 107.26 MiB is reserved by PyTorch but unallocated. If reserved but unallocated memory is large try setting PYTORCH_CUDA_ALLOC_CONF=expandable_segments:True to avoid fragmentation.  See documentation for Memory Management  (https://pytorch.org/docs/stable/notes/cuda.html#environment-variables)
[LocalESEN] task 5 failed: OutOfMemoryError: CUDA out of memory. Tried to allocate 76.00 MiB. GPU 0 has a total capacity of 15.56 GiB of which 56.62 MiB is free. Including non-PyTorch memory, this process has 15.50 GiB memory in use. Of the allocated memory 15.22 GiB is allocated by PyTorch, and 107.66 MiB is reserved by PyTorch but unallocated. If reserved but unallocated memory is large try setting PYTORCH_CUDA_ALLOC_CONF=expandable_segments:True to avoid fragmentation.  See documentation for Memory Management  (https://pytorch.org/docs/stable/notes/cuda.html#environment-variables)
[LocalESEN] imaginary modes detected
[LocalESEN] imaginary modes detected
[LocalESEN] imaginary modes detected
[LocalESEN] task 11 failed: OutOfMemoryError: CUDA out of memory. Tried to allocate 120.00 MiB. GPU 0 has a total capacity of 15.56 GiB of which 116.62 MiB is free. Including non-PyTorch memory, this process has 15.44 GiB memory in use. Of the allocated memory 15.08 GiB is allocated by PyTorch, and 197.48 MiB is reserved by PyTorch but unallocated. If reserved but unallocated memory is large try setting PYTORCH_CUDA_ALLOC_CONF=expandable_segments:True to avoid fragmentation.  See documentation for Memory Management  (https://pytorch.org/docs/stable/notes/cuda.html#environment-variables)
/scratch/user/ahnafalvi/envs/matinvent-hcap-bo/lib/python3.10/site-packages/uncertainties/core.py:1024: UserWarning: Using UFloat objects with std_dev==0 may give unexpected results.
  warn("Using UFloat objects with std_dev==0 may give unexpected results.")
[LocalESEN] imaginary modes detected
[LocalESEN] imaginary modes detected
[LocalESEN] imaginary modes detected
[LocalESEN] imaginary modes detected
[LocalESEN] imaginary modes detected
/scratch/user/ahnafalvi/envs/matinvent-hcap-bo/lib/python3.10/site-packages/uncertainties/core.py:1024: UserWarning: Using UFloat objects with std_dev==0 may give unexpected results.
  warn("Using UFloat objects with std_dev==0 may give unexpected results.")
[LocalESEN] imaginary modes detected
[LocalESEN] imaginary modes detected
[LocalESEN] imaginary modes detected
[LocalESEN] imaginary modes detected
[LocalESEN] imaginary modes detected
[LocalESEN] imaginary modes detected
/scratch/user/ahnafalvi/envs/matinvent-hcap-bo/lib/python3.10/site-packages/uncertainties/core.py:1024: UserWarning: Using UFloat objects with std_dev==0 may give unexpected results.
  warn("Using UFloat objects with std_dev==0 may give unexpected results.")
[LocalESEN] imaginary modes detected
[LocalESEN] imaginary modes detected
[LocalESEN] imaginary modes detected
[LocalESEN] imaginary modes detected
[LocalESEN] imaginary modes detected
[LocalESEN] task 8 failed: OutOfMemoryError: CUDA out of memory. Tried to allocate 76.00 MiB. GPU 0 has a total capacity of 15.56 GiB of which 10.62 MiB is free. Including non-PyTorch memory, this process has 15.54 GiB memory in use. Of the allocated memory 15.29 GiB is allocated by PyTorch, and 82.83 MiB is reserved by PyTorch but unallocated. If reserved but unallocated memory is large try setting PYTORCH_CUDA_ALLOC_CONF=expandable_segments:True to avoid fragmentation.  See documentation for Memory Management  (https://pytorch.org/docs/stable/notes/cuda.html#environment-variables)
[LocalESEN] imaginary modes detected
[LocalESEN] imaginary modes detected
[LocalESEN] task 11 failed: OutOfMemoryError: CUDA out of memory. Tried to allocate 86.00 MiB. GPU 0 has a total capacity of 15.56 GiB of which 10.62 MiB is free. Including non-PyTorch memory, this process has 15.54 GiB memory in use. Of the allocated memory 15.25 GiB is allocated by PyTorch, and 133.00 MiB is reserved by PyTorch but unallocated. If reserved but unallocated memory is large try setting PYTORCH_CUDA_ALLOC_CONF=expandable_segments:True to avoid fragmentation.  See documentation for Memory Management  (https://pytorch.org/docs/stable/notes/cuda.html#environment-variables)
/scratch/user/ahnafalvi/envs/matinvent-hcap-bo/lib/python3.10/site-packages/uncertainties/core.py:1024: UserWarning: Using UFloat objects with std_dev==0 may give unexpected results.
  warn("Using UFloat objects with std_dev==0 may give unexpected results.")
[LocalESEN] imaginary modes detected
[LocalESEN] task 2 failed: OutOfMemoryError: CUDA out of memory. Tried to allocate 88.00 MiB. GPU 0 has a total capacity of 15.56 GiB of which 70.62 MiB is free. Including non-PyTorch memory, this process has 15.48 GiB memory in use. Of the allocated memory 15.21 GiB is allocated by PyTorch, and 113.17 MiB is reserved by PyTorch but unallocated. If reserved but unallocated memory is large try setting PYTORCH_CUDA_ALLOC_CONF=expandable_segments:True to avoid fragmentation.  See documentation for Memory Management  (https://pytorch.org/docs/stable/notes/cuda.html#environment-variables)
[LocalESEN] imaginary modes detected
[LocalESEN] imaginary modes detected
[LocalESEN] imaginary modes detected
[LocalESEN] imaginary modes detected
[LocalESEN] imaginary modes detected
/scratch/user/ahnafalvi/envs/matinvent-hcap-bo/lib/python3.10/site-packages/uncertainties/core.py:1024: UserWarning: Using UFloat objects with std_dev==0 may give unexpected results.
  warn("Using UFloat objects with std_dev==0 may give unexpected results.")
[LocalESEN] imaginary modes detected
[LocalESEN] imaginary modes detected
[LocalESEN] imaginary modes detected
[LocalESEN] task 5 failed: OutOfMemoryError: CUDA out of memory. Tried to allocate 78.00 MiB. GPU 0 has a total capacity of 15.56 GiB of which 12.62 MiB is free. Including non-PyTorch memory, this process has 15.54 GiB memory in use. Of the allocated memory 15.27 GiB is allocated by PyTorch, and 107.69 MiB is reserved by PyTorch but unallocated. If reserved but unallocated memory is large try setting PYTORCH_CUDA_ALLOC_CONF=expandable_segments:True to avoid fragmentation.  See documentation for Memory Management  (https://pytorch.org/docs/stable/notes/cuda.html#environment-variables)
[LocalESEN] task 7 failed: OutOfMemoryError: CUDA out of memory. Tried to allocate 46.00 MiB. GPU 0 has a total capacity of 15.56 GiB of which 12.62 MiB is free. Including non-PyTorch memory, this process has 15.54 GiB memory in use. Of the allocated memory 15.29 GiB is allocated by PyTorch, and 89.73 MiB is reserved by PyTorch but unallocated. If reserved but unallocated memory is large try setting PYTORCH_CUDA_ALLOC_CONF=expandable_segments:True to avoid fragmentation.  See documentation for Memory Management  (https://pytorch.org/docs/stable/notes/cuda.html#environment-variables)
/scratch/user/ahnafalvi/envs/matinvent-hcap-bo/lib/python3.10/site-packages/uncertainties/core.py:1024: UserWarning: Using UFloat objects with std_dev==0 may give unexpected results.
  warn("Using UFloat objects with std_dev==0 may give unexpected results.")
[LocalESEN] task 0 failed: OutOfMemoryError: CUDA out of memory. Tried to allocate 84.00 MiB. GPU 0 has a total capacity of 15.56 GiB of which 92.62 MiB is free. Including non-PyTorch memory, this process has 15.46 GiB memory in use. Of the allocated memory 15.19 GiB is allocated by PyTorch, and 105.73 MiB is reserved by PyTorch but unallocated. If reserved but unallocated memory is large try setting PYTORCH_CUDA_ALLOC_CONF=expandable_segments:True to avoid fragmentation.  See documentation for Memory Management  (https://pytorch.org/docs/stable/notes/cuda.html#environment-variables)
[LocalESEN] imaginary modes detected
[LocalESEN] task 2 failed: OutOfMemoryError: CUDA out of memory. Tried to allocate 84.00 MiB. GPU 0 has a total capacity of 15.56 GiB of which 32.62 MiB is free. Including non-PyTorch memory, this process has 15.52 GiB memory in use. Of the allocated memory 15.27 GiB is allocated by PyTorch, and 83.67 MiB is reserved by PyTorch but unallocated. If reserved but unallocated memory is large try setting PYTORCH_CUDA_ALLOC_CONF=expandable_segments:True to avoid fragmentation.  See documentation for Memory Management  (https://pytorch.org/docs/stable/notes/cuda.html#environment-variables)
[LocalESEN] imaginary modes detected
[LocalESEN] imaginary modes detected
[LocalESEN] imaginary modes detected
[LocalESEN] task 7 failed: OutOfMemoryError: CUDA out of memory. Tried to allocate 86.00 MiB. GPU 0 has a total capacity of 15.56 GiB of which 72.62 MiB is free. Including non-PyTorch memory, this process has 15.48 GiB memory in use. Of the allocated memory 15.17 GiB is allocated by PyTorch, and 144.97 MiB is reserved by PyTorch but unallocated. If reserved but unallocated memory is large try setting PYTORCH_CUDA_ALLOC_CONF=expandable_segments:True to avoid fragmentation.  See documentation for Memory Management  (https://pytorch.org/docs/stable/notes/cuda.html#environment-variables)
[LocalESEN] imaginary modes detected
/scratch/user/ahnafalvi/envs/matinvent-hcap-bo/lib/python3.10/site-packages/uncertainties/core.py:1024: UserWarning: Using UFloat objects with std_dev==0 may give unexpected results.
  warn("Using UFloat objects with std_dev==0 may give unexpected results.")
[LocalESEN] imaginary modes detected
[LocalESEN] imaginary modes detected
[LocalESEN] imaginary modes detected
[LocalESEN] imaginary modes detected
[LocalESEN] task 6 failed: OutOfMemoryError: CUDA out of memory. Tried to allocate 46.00 MiB. GPU 0 has a total capacity of 15.56 GiB of which 10.62 MiB is free. Including non-PyTorch memory, this process has 15.54 GiB memory in use. Of the allocated memory 15.29 GiB is allocated by PyTorch, and 90.22 MiB is reserved by PyTorch but unallocated. If reserved but unallocated memory is large try setting PYTORCH_CUDA_ALLOC_CONF=expandable_segments:True to avoid fragmentation.  See documentation for Memory Management  (https://pytorch.org/docs/stable/notes/cuda.html#environment-variables)
[LocalESEN] imaginary modes detected
