/scratch/user/ahnafalvi/envs/matinvent-hcap-bo/lib/python3.10/site-packages/hydra/_internal/defaults_list.py:251: UserWarning: In 'base': Defaults list is missing `_self_`. See https://hydra.cc/docs/1.2/upgrades/1.0_to_1.1/default_composition_order for more information
  warnings.warn(msg, UserWarning)
/scratch/user/ahnafalvi/envs/matinvent-hcap-bo/lib/python3.10/site-packages/hydra/_internal/hydra.py:119: UserWarning: Future Hydra versions will no longer change working directory at job runtime by default.
See https://hydra.cc/docs/1.2/upgrades/1.1_to_1.2/changes_to_job_working_dir/ for more information.
  ret = run_job(
[GPRoutedV4] queued 446 warm-start samples from /scratch/user/ahnafalvi/matinvent-hcap-bo/data/ltm_seed_pool_v3.parquet
[GPRoutedV4] init: K=4 K_ratio=0.5 anchor_every=999 cold_min=0 target=1.5 acq=ei
/scratch/user/ahnafalvi/envs/matinvent-hcap-bo/lib/python3.10/site-packages/lightning/fabric/utilities/cloud_io.py:73: You are using `torch.load` with `weights_only=False` (the current default value), which uses the default pickle module implicitly. It is possible to construct malicious pickle data which will execute arbitrary code during unpickling (See https://github.com/pytorch/pytorch/blob/main/SECURITY.md#untrusted-models for more details). In a future release, the default value for `weights_only` will be flipped to `True`. This limits the functions that could be executed during unpickling. Arbitrary objects will no longer be allowed to be loaded via this mode unless they are explicitly allowlisted by the user via `torch.serialization.add_safe_globals`. We recommend you start setting `weights_only=True` for any use case where you don't have full control of the loaded file. Please open an issue on GitHub for any issues related to this experimental feature.
/scratch/user/ahnafalvi/envs/matinvent-hcap-bo/lib/python3.10/site-packages/lightning/pytorch/utilities/parsing.py:213: Attribute 'encoder' is an instance of `nn.Module` and is already saved during checkpointing. It is recommended to ignore them using `self.save_hyperparameters(ignore=['encoder'])`.
/scratch/user/ahnafalvi/envs/matinvent-hcap-bo/lib/python3.10/site-packages/lightning/pytorch/utilities/parsing.py:213: Attribute 'decoder' is an instance of `nn.Module` and is already saved during checkpointing. It is recommended to ignore them using `self.save_hyperparameters(ignore=['decoder'])`.
/scratch/user/ahnafalvi/envs/matinvent-hcap-bo/lib/python3.10/site-packages/uncertainties/core.py:1024: UserWarning: Using UFloat objects with std_dev==0 may give unexpected results.
  warn("Using UFloat objects with std_dev==0 may give unexpected results.")
/scratch/user/ahnafalvi/envs/matinvent-hcap-bo/lib/python3.10/site-packages/google/api_core/_python_version_support.py:275: FutureWarning: You are using a Python version (3.10.19) which Google will stop supporting in new releases of google.api_core once it reaches its end of life (2026-10-04). Please upgrade to the latest Python version, or at least Python 3.11, to continue receiving updates for google.api_core past that date.
  warnings.warn(message, FutureWarning)
/scratch/user/ahnafalvi/envs/matinvent-hcap-bo/lib/python3.10/site-packages/orb_models/utils.py:30: UserWarning: Setting global torch default dtype to torch.float32.
  warnings.warn(f"Setting global torch default dtype to {torch_dtype}.")
W0505 07:14:25.328000 3415112 site-packages/torch/_dynamo/convert_frame.py:844] [0/8] torch._dynamo hit config.cache_size_limit (8)
W0505 07:14:25.328000 3415112 site-packages/torch/_dynamo/convert_frame.py:844] [0/8]    function: 'forward' (/scratch/user/ahnafalvi/envs/matinvent-hcap-bo/lib/python3.10/site-packages/orb_models/forcefield/gns.py:476)
W0505 07:14:25.328000 3415112 site-packages/torch/_dynamo/convert_frame.py:844] [0/8]    last reason: 0/0: tensor 'L['batch'][0]' size mismatch at index 0. expected 1156, actual 406
W0505 07:14:25.328000 3415112 site-packages/torch/_dynamo/convert_frame.py:844] [0/8] To log all recompilation reasons, use TORCH_LOGS="recompiles".
W0505 07:14:25.328000 3415112 site-packages/torch/_dynamo/convert_frame.py:844] [0/8] To diagnose recompilation issues, see https://pytorch.org/docs/main/torch.compiler_troubleshooting.html.
/scratch/user/ahnafalvi/matinvent-hcap-bo/src/ltm.py:106: FutureWarning: The behavior of DataFrame concatenation with empty or all-NA entries is deprecated. In a future version, this will no longer exclude empty or all-NA columns when determining the result dtypes. To retain the old behavior, exclude the relevant entries before the concat operation.
  self._df = pd.concat([self._df, new_df], ignore_index=True)
[GPRoutedV4] re-embedded 446 warm-start rows
/scratch/user/ahnafalvi/envs/matinvent-hcap-bo/lib/python3.10/site-packages/fairchem/core/models/escn/so3.py:23: FutureWarning: You are using `torch.load` with `weights_only=False` (the current default value), which uses the default pickle module implicitly. It is possible to construct malicious pickle data which will execute arbitrary code during unpickling (See https://github.com/pytorch/pytorch/blob/main/SECURITY.md#untrusted-models for more details). In a future release, the default value for `weights_only` will be flipped to `True`. This limits the functions that could be executed during unpickling. Arbitrary objects will no longer be allowed to be loaded via this mode unless they are explicitly allowlisted by the user via `torch.serialization.add_safe_globals`. We recommend you start setting `weights_only=True` for any use case where you don't have full control of the loaded file. Please open an issue on GitHub for any issues related to this experimental feature.
  _Jd = torch.load(os.path.join(os.path.dirname(__file__), "Jd.pt"))
/scratch/user/ahnafalvi/envs/matinvent-hcap-bo/lib/python3.10/site-packages/fairchem/core/models/scn/spherical_harmonics.py:23: FutureWarning: You are using `torch.load` with `weights_only=False` (the current default value), which uses the default pickle module implicitly. It is possible to construct malicious pickle data which will execute arbitrary code during unpickling (See https://github.com/pytorch/pytorch/blob/main/SECURITY.md#untrusted-models for more details). In a future release, the default value for `weights_only` will be flipped to `True`. This limits the functions that could be executed during unpickling. Arbitrary objects will no longer be allowed to be loaded via this mode unless they are explicitly allowlisted by the user via `torch.serialization.add_safe_globals`. We recommend you start setting `weights_only=True` for any use case where you don't have full control of the loaded file. Please open an issue on GitHub for any issues related to this experimental feature.
  _Jd = torch.load(os.path.join(os.path.dirname(__file__), "Jd.pt"))
/scratch/user/ahnafalvi/envs/matinvent-hcap-bo/lib/python3.10/site-packages/fairchem/core/models/equiformer_v2/wigner.py:10: FutureWarning: You are using `torch.load` with `weights_only=False` (the current default value), which uses the default pickle module implicitly. It is possible to construct malicious pickle data which will execute arbitrary code during unpickling (See https://github.com/pytorch/pytorch/blob/main/SECURITY.md#untrusted-models for more details). In a future release, the default value for `weights_only` will be flipped to `True`. This limits the functions that could be executed during unpickling. Arbitrary objects will no longer be allowed to be loaded via this mode unless they are explicitly allowlisted by the user via `torch.serialization.add_safe_globals`. We recommend you start setting `weights_only=True` for any use case where you don't have full control of the loaded file. Please open an issue on GitHub for any issues related to this experimental feature.
  _Jd = torch.load(os.path.join(os.path.dirname(__file__), "Jd.pt"))
/scratch/user/ahnafalvi/envs/matinvent-hcap-bo/lib/python3.10/site-packages/fairchem/core/common/relaxation/ase_utils.py:200: FutureWarning: You are using `torch.load` with `weights_only=False` (the current default value), which uses the default pickle module implicitly. It is possible to construct malicious pickle data which will execute arbitrary code during unpickling (See https://github.com/pytorch/pytorch/blob/main/SECURITY.md#untrusted-models for more details). In a future release, the default value for `weights_only` will be flipped to `True`. This limits the functions that could be executed during unpickling. Arbitrary objects will no longer be allowed to be loaded via this mode unless they are explicitly allowlisted by the user via `torch.serialization.add_safe_globals`. We recommend you start setting `weights_only=True` for any use case where you don't have full control of the loaded file. Please open an issue on GitHub for any issues related to this experimental feature.
  checkpoint = torch.load(checkpoint_path, map_location=torch.device("cpu"))
/scratch/user/ahnafalvi/envs/matinvent-hcap-bo/lib/python3.10/site-packages/fairchem/core/models/esen/esen.py:91: FutureWarning: You are using `torch.load` with `weights_only=False` (the current default value), which uses the default pickle module implicitly. It is possible to construct malicious pickle data which will execute arbitrary code during unpickling (See https://github.com/pytorch/pytorch/blob/main/SECURITY.md#untrusted-models for more details). In a future release, the default value for `weights_only` will be flipped to `True`. This limits the functions that could be executed during unpickling. Arbitrary objects will no longer be allowed to be loaded via this mode unless they are explicitly allowlisted by the user via `torch.serialization.add_safe_globals`. We recommend you start setting `weights_only=True` for any use case where you don't have full control of the loaded file. Please open an issue on GitHub for any issues related to this experimental feature.
  Jd_list = torch.load(os.path.join(os.path.dirname(__file__), "Jd.pt"))
[LocalESEN] imaginary modes detected
[LocalESEN] imaginary modes detected
[LocalESEN] imaginary modes detected
[GPRoutedV4] _phonon_task failed: OutOfMemoryError: CUDA out of memory. Tried to allocate 236.00 MiB. GPU 0 has a total capacity of 15.56 GiB of which 240.62 MiB is free. Including non-PyTorch memory, this process has 15.32 GiB memory in use. Of the allocated memory 15.03 GiB is allocated by PyTorch, and 124.37 MiB is reserved by PyTorch but unallocated. If reserved but unallocated memory is large try setting PYTORCH_CUDA_ALLOC_CONF=expandable_segments:True to avoid fragmentation.  See documentation for Memory Management  (https://pytorch.org/docs/stable/notes/cuda.html#environment-variables)
[LocalESEN] imaginary modes detected
/scratch/user/ahnafalvi/envs/matinvent-hcap-bo/lib/python3.10/site-packages/botorch/models/utils/assorted.py:271: InputDataWarning: Data (input features) is not contained to the unit cube. Please consider min-max scaling the input data.
  check_min_max_scaling(
/scratch/user/ahnafalvi/envs/matinvent-hcap-bo/lib/python3.10/site-packages/botorch/models/utils/assorted.py:271: InputDataWarning: Data (input features) is not contained to the unit cube. Please consider min-max scaling the input data.
  check_min_max_scaling(
/scratch/user/ahnafalvi/envs/matinvent-hcap-bo/lib/python3.10/site-packages/botorch/models/utils/assorted.py:271: InputDataWarning: Data (input features) is not contained to the unit cube. Please consider min-max scaling the input data.
  check_min_max_scaling(
/scratch/user/ahnafalvi/envs/matinvent-hcap-bo/lib/python3.10/site-packages/botorch/models/utils/assorted.py:271: InputDataWarning: Data (input features) is not contained to the unit cube. Please consider min-max scaling the input data.
  check_min_max_scaling(
/scratch/user/ahnafalvi/envs/matinvent-hcap-bo/lib/python3.10/site-packages/botorch/models/utils/assorted.py:271: InputDataWarning: Data (input features) is not contained to the unit cube. Please consider min-max scaling the input data.
  check_min_max_scaling(
/scratch/user/ahnafalvi/envs/matinvent-hcap-bo/lib/python3.10/site-packages/botorch/models/utils/assorted.py:271: InputDataWarning: Data (input features) is not contained to the unit cube. Please consider min-max scaling the input data.
  check_min_max_scaling(
/scratch/user/ahnafalvi/matinvent-pristine/pipeline/mat_invent.py:256: RuntimeWarning: Mean of empty slice.
  logging.info(f'buffer reward mean={self.replay.buffer["reward"].values.mean()}')
/scratch/user/ahnafalvi/envs/matinvent-hcap-bo/lib/python3.10/site-packages/numpy/core/_methods.py:129: RuntimeWarning: invalid value encountered in scalar divide
  ret = ret.dtype.type(ret / rcount)
/scratch/user/ahnafalvi/envs/matinvent-hcap-bo/lib/python3.10/site-packages/uncertainties/core.py:1024: UserWarning: Using UFloat objects with std_dev==0 may give unexpected results.
  warn("Using UFloat objects with std_dev==0 may give unexpected results.")
[LocalESEN] imaginary modes detected
[LocalESEN] imaginary modes detected
[LocalESEN] imaginary modes detected
/scratch/user/ahnafalvi/envs/matinvent-hcap-bo/lib/python3.10/site-packages/botorch/models/utils/assorted.py:271: InputDataWarning: Data (input features) is not contained to the unit cube. Please consider min-max scaling the input data.
  check_min_max_scaling(
/scratch/user/ahnafalvi/envs/matinvent-hcap-bo/lib/python3.10/site-packages/botorch/models/utils/assorted.py:271: InputDataWarning: Data (input features) is not contained to the unit cube. Please consider min-max scaling the input data.
  check_min_max_scaling(
/scratch/user/ahnafalvi/envs/matinvent-hcap-bo/lib/python3.10/site-packages/botorch/models/utils/assorted.py:271: InputDataWarning: Data (input features) is not contained to the unit cube. Please consider min-max scaling the input data.
  check_min_max_scaling(
/scratch/user/ahnafalvi/envs/matinvent-hcap-bo/lib/python3.10/site-packages/botorch/models/utils/assorted.py:271: InputDataWarning: Data (input features) is not contained to the unit cube. Please consider min-max scaling the input data.
  check_min_max_scaling(
/scratch/user/ahnafalvi/envs/matinvent-hcap-bo/lib/python3.10/site-packages/botorch/models/utils/assorted.py:271: InputDataWarning: Data (input features) is not contained to the unit cube. Please consider min-max scaling the input data.
  check_min_max_scaling(
/scratch/user/ahnafalvi/envs/matinvent-hcap-bo/lib/python3.10/site-packages/botorch/models/utils/assorted.py:271: InputDataWarning: Data (input features) is not contained to the unit cube. Please consider min-max scaling the input data.
  check_min_max_scaling(
/scratch/user/ahnafalvi/matinvent-pristine/pipeline/mat_invent.py:256: RuntimeWarning: Mean of empty slice.
  logging.info(f'buffer reward mean={self.replay.buffer["reward"].values.mean()}')
/scratch/user/ahnafalvi/envs/matinvent-hcap-bo/lib/python3.10/site-packages/numpy/core/_methods.py:129: RuntimeWarning: invalid value encountered in scalar divide
  ret = ret.dtype.type(ret / rcount)
/scratch/user/ahnafalvi/envs/matinvent-hcap-bo/lib/python3.10/site-packages/uncertainties/core.py:1024: UserWarning: Using UFloat objects with std_dev==0 may give unexpected results.
  warn("Using UFloat objects with std_dev==0 may give unexpected results.")
[LocalESEN] imaginary modes detected
[GPRoutedV4] _phonon_task failed: OutOfMemoryError: CUDA out of memory. Tried to allocate 314.00 MiB. GPU 0 has a total capacity of 15.56 GiB of which 154.62 MiB is free. Including non-PyTorch memory, this process has 15.40 GiB memory in use. Of the allocated memory 15.11 GiB is allocated by PyTorch, and 120.78 MiB is reserved by PyTorch but unallocated. If reserved but unallocated memory is large try setting PYTORCH_CUDA_ALLOC_CONF=expandable_segments:True to avoid fragmentation.  See documentation for Memory Management  (https://pytorch.org/docs/stable/notes/cuda.html#environment-variables)
/scratch/user/ahnafalvi/envs/matinvent-hcap-bo/lib/python3.10/site-packages/botorch/models/utils/assorted.py:271: InputDataWarning: Data (input features) is not contained to the unit cube. Please consider min-max scaling the input data.
  check_min_max_scaling(
/scratch/user/ahnafalvi/envs/matinvent-hcap-bo/lib/python3.10/site-packages/botorch/models/utils/assorted.py:271: InputDataWarning: Data (input features) is not contained to the unit cube. Please consider min-max scaling the input data.
  check_min_max_scaling(
/scratch/user/ahnafalvi/envs/matinvent-hcap-bo/lib/python3.10/site-packages/botorch/models/utils/assorted.py:271: InputDataWarning: Data (input features) is not contained to the unit cube. Please consider min-max scaling the input data.
  check_min_max_scaling(
/scratch/user/ahnafalvi/envs/matinvent-hcap-bo/lib/python3.10/site-packages/botorch/models/utils/assorted.py:271: InputDataWarning: Data (input features) is not contained to the unit cube. Please consider min-max scaling the input data.
  check_min_max_scaling(
/scratch/user/ahnafalvi/envs/matinvent-hcap-bo/lib/python3.10/site-packages/botorch/models/utils/assorted.py:271: InputDataWarning: Data (input features) is not contained to the unit cube. Please consider min-max scaling the input data.
  check_min_max_scaling(
/scratch/user/ahnafalvi/envs/matinvent-hcap-bo/lib/python3.10/site-packages/botorch/models/utils/assorted.py:271: InputDataWarning: Data (input features) is not contained to the unit cube. Please consider min-max scaling the input data.
  check_min_max_scaling(
/scratch/user/ahnafalvi/matinvent-pristine/pipeline/mat_invent.py:256: RuntimeWarning: Mean of empty slice.
  logging.info(f'buffer reward mean={self.replay.buffer["reward"].values.mean()}')
/scratch/user/ahnafalvi/envs/matinvent-hcap-bo/lib/python3.10/site-packages/numpy/core/_methods.py:129: RuntimeWarning: invalid value encountered in scalar divide
  ret = ret.dtype.type(ret / rcount)
/scratch/user/ahnafalvi/envs/matinvent-hcap-bo/lib/python3.10/site-packages/uncertainties/core.py:1024: UserWarning: Using UFloat objects with std_dev==0 may give unexpected results.
  warn("Using UFloat objects with std_dev==0 may give unexpected results.")
[LocalESEN] imaginary modes detected
[GPRoutedV4] _phonon_task failed: OutOfMemoryError: CUDA out of memory. Tried to allocate 260.00 MiB. GPU 0 has a total capacity of 15.56 GiB of which 214.62 MiB is free. Including non-PyTorch memory, this process has 15.34 GiB memory in use. Of the allocated memory 15.06 GiB is allocated by PyTorch, and 109.50 MiB is reserved by PyTorch but unallocated. If reserved but unallocated memory is large try setting PYTORCH_CUDA_ALLOC_CONF=expandable_segments:True to avoid fragmentation.  See documentation for Memory Management  (https://pytorch.org/docs/stable/notes/cuda.html#environment-variables)
/scratch/user/ahnafalvi/envs/matinvent-hcap-bo/lib/python3.10/site-packages/botorch/models/utils/assorted.py:271: InputDataWarning: Data (input features) is not contained to the unit cube. Please consider min-max scaling the input data.
  check_min_max_scaling(
/scratch/user/ahnafalvi/envs/matinvent-hcap-bo/lib/python3.10/site-packages/botorch/models/utils/assorted.py:271: InputDataWarning: Data (input features) is not contained to the unit cube. Please consider min-max scaling the input data.
  check_min_max_scaling(
/scratch/user/ahnafalvi/envs/matinvent-hcap-bo/lib/python3.10/site-packages/botorch/models/utils/assorted.py:271: InputDataWarning: Data (input features) is not contained to the unit cube. Please consider min-max scaling the input data.
  check_min_max_scaling(
/scratch/user/ahnafalvi/envs/matinvent-hcap-bo/lib/python3.10/site-packages/botorch/models/utils/assorted.py:271: InputDataWarning: Data (input features) is not contained to the unit cube. Please consider min-max scaling the input data.
  check_min_max_scaling(
/scratch/user/ahnafalvi/envs/matinvent-hcap-bo/lib/python3.10/site-packages/botorch/models/utils/assorted.py:271: InputDataWarning: Data (input features) is not contained to the unit cube. Please consider min-max scaling the input data.
  check_min_max_scaling(
/scratch/user/ahnafalvi/envs/matinvent-hcap-bo/lib/python3.10/site-packages/botorch/models/utils/assorted.py:271: InputDataWarning: Data (input features) is not contained to the unit cube. Please consider min-max scaling the input data.
  check_min_max_scaling(
/scratch/user/ahnafalvi/matinvent-pristine/pipeline/mat_invent.py:256: RuntimeWarning: Mean of empty slice.
  logging.info(f'buffer reward mean={self.replay.buffer["reward"].values.mean()}')
/scratch/user/ahnafalvi/envs/matinvent-hcap-bo/lib/python3.10/site-packages/numpy/core/_methods.py:129: RuntimeWarning: invalid value encountered in scalar divide
  ret = ret.dtype.type(ret / rcount)
/scratch/user/ahnafalvi/envs/matinvent-hcap-bo/lib/python3.10/site-packages/uncertainties/core.py:1024: UserWarning: Using UFloat objects with std_dev==0 may give unexpected results.
  warn("Using UFloat objects with std_dev==0 may give unexpected results.")
[LocalESEN] imaginary modes detected
[LocalESEN] imaginary modes detected
/scratch/user/ahnafalvi/envs/matinvent-hcap-bo/lib/python3.10/site-packages/botorch/models/utils/assorted.py:271: InputDataWarning: Data (input features) is not contained to the unit cube. Please consider min-max scaling the input data.
  check_min_max_scaling(
/scratch/user/ahnafalvi/envs/matinvent-hcap-bo/lib/python3.10/site-packages/botorch/models/utils/assorted.py:271: InputDataWarning: Data (input features) is not contained to the unit cube. Please consider min-max scaling the input data.
  check_min_max_scaling(
/scratch/user/ahnafalvi/envs/matinvent-hcap-bo/lib/python3.10/site-packages/botorch/models/utils/assorted.py:271: InputDataWarning: Data (input features) is not contained to the unit cube. Please consider min-max scaling the input data.
  check_min_max_scaling(
/scratch/user/ahnafalvi/envs/matinvent-hcap-bo/lib/python3.10/site-packages/botorch/models/utils/assorted.py:271: InputDataWarning: Data (input features) is not contained to the unit cube. Please consider min-max scaling the input data.
  check_min_max_scaling(
/scratch/user/ahnafalvi/envs/matinvent-hcap-bo/lib/python3.10/site-packages/botorch/models/utils/assorted.py:271: InputDataWarning: Data (input features) is not contained to the unit cube. Please consider min-max scaling the input data.
  check_min_max_scaling(
/scratch/user/ahnafalvi/envs/matinvent-hcap-bo/lib/python3.10/site-packages/botorch/models/utils/assorted.py:271: InputDataWarning: Data (input features) is not contained to the unit cube. Please consider min-max scaling the input data.
  check_min_max_scaling(
/scratch/user/ahnafalvi/matinvent-pristine/pipeline/mat_invent.py:256: RuntimeWarning: Mean of empty slice.
  logging.info(f'buffer reward mean={self.replay.buffer["reward"].values.mean()}')
/scratch/user/ahnafalvi/envs/matinvent-hcap-bo/lib/python3.10/site-packages/numpy/core/_methods.py:129: RuntimeWarning: invalid value encountered in scalar divide
  ret = ret.dtype.type(ret / rcount)
/scratch/user/ahnafalvi/envs/matinvent-hcap-bo/lib/python3.10/site-packages/uncertainties/core.py:1024: UserWarning: Using UFloat objects with std_dev==0 may give unexpected results.
  warn("Using UFloat objects with std_dev==0 may give unexpected results.")
[LocalESEN] imaginary modes detected
[LocalESEN] imaginary modes detected
/scratch/user/ahnafalvi/envs/matinvent-hcap-bo/lib/python3.10/site-packages/botorch/models/utils/assorted.py:271: InputDataWarning: Data (input features) is not contained to the unit cube. Please consider min-max scaling the input data.
  check_min_max_scaling(
/scratch/user/ahnafalvi/envs/matinvent-hcap-bo/lib/python3.10/site-packages/botorch/models/utils/assorted.py:271: InputDataWarning: Data (input features) is not contained to the unit cube. Please consider min-max scaling the input data.
  check_min_max_scaling(
/scratch/user/ahnafalvi/envs/matinvent-hcap-bo/lib/python3.10/site-packages/botorch/models/utils/assorted.py:271: InputDataWarning: Data (input features) is not contained to the unit cube. Please consider min-max scaling the input data.
  check_min_max_scaling(
/scratch/user/ahnafalvi/envs/matinvent-hcap-bo/lib/python3.10/site-packages/botorch/models/utils/assorted.py:271: InputDataWarning: Data (input features) is not contained to the unit cube. Please consider min-max scaling the input data.
  check_min_max_scaling(
/scratch/user/ahnafalvi/envs/matinvent-hcap-bo/lib/python3.10/site-packages/botorch/models/utils/assorted.py:271: InputDataWarning: Data (input features) is not contained to the unit cube. Please consider min-max scaling the input data.
  check_min_max_scaling(
/scratch/user/ahnafalvi/envs/matinvent-hcap-bo/lib/python3.10/site-packages/botorch/models/utils/assorted.py:271: InputDataWarning: Data (input features) is not contained to the unit cube. Please consider min-max scaling the input data.
  check_min_max_scaling(
/scratch/user/ahnafalvi/matinvent-pristine/pipeline/mat_invent.py:256: RuntimeWarning: Mean of empty slice.
  logging.info(f'buffer reward mean={self.replay.buffer["reward"].values.mean()}')
/scratch/user/ahnafalvi/envs/matinvent-hcap-bo/lib/python3.10/site-packages/numpy/core/_methods.py:129: RuntimeWarning: invalid value encountered in scalar divide
  ret = ret.dtype.type(ret / rcount)
/scratch/user/ahnafalvi/envs/matinvent-hcap-bo/lib/python3.10/site-packages/uncertainties/core.py:1024: UserWarning: Using UFloat objects with std_dev==0 may give unexpected results.
  warn("Using UFloat objects with std_dev==0 may give unexpected results.")
[LocalESEN] imaginary modes detected
[GPRoutedV4] _phonon_task failed: OutOfMemoryError: CUDA out of memory. Tried to allocate 140.00 MiB. GPU 0 has a total capacity of 15.56 GiB of which 96.62 MiB is free. Including non-PyTorch memory, this process has 15.46 GiB memory in use. Of the allocated memory 15.20 GiB is allocated by PyTorch, and 91.01 MiB is reserved by PyTorch but unallocated. If reserved but unallocated memory is large try setting PYTORCH_CUDA_ALLOC_CONF=expandable_segments:True to avoid fragmentation.  See documentation for Memory Management  (https://pytorch.org/docs/stable/notes/cuda.html#environment-variables)
[LocalESEN] imaginary modes detected
/scratch/user/ahnafalvi/envs/matinvent-hcap-bo/lib/python3.10/site-packages/botorch/models/utils/assorted.py:271: InputDataWarning: Data (input features) is not contained to the unit cube. Please consider min-max scaling the input data.
  check_min_max_scaling(
/scratch/user/ahnafalvi/envs/matinvent-hcap-bo/lib/python3.10/site-packages/botorch/models/utils/assorted.py:271: InputDataWarning: Data (input features) is not contained to the unit cube. Please consider min-max scaling the input data.
  check_min_max_scaling(
/scratch/user/ahnafalvi/envs/matinvent-hcap-bo/lib/python3.10/site-packages/botorch/models/utils/assorted.py:271: InputDataWarning: Data (input features) is not contained to the unit cube. Please consider min-max scaling the input data.
  check_min_max_scaling(
/scratch/user/ahnafalvi/envs/matinvent-hcap-bo/lib/python3.10/site-packages/botorch/models/utils/assorted.py:271: InputDataWarning: Data (input features) is not contained to the unit cube. Please consider min-max scaling the input data.
  check_min_max_scaling(
/scratch/user/ahnafalvi/envs/matinvent-hcap-bo/lib/python3.10/site-packages/botorch/models/utils/assorted.py:271: InputDataWarning: Data (input features) is not contained to the unit cube. Please consider min-max scaling the input data.
  check_min_max_scaling(
/scratch/user/ahnafalvi/envs/matinvent-hcap-bo/lib/python3.10/site-packages/botorch/models/utils/assorted.py:271: InputDataWarning: Data (input features) is not contained to the unit cube. Please consider min-max scaling the input data.
  check_min_max_scaling(
/scratch/user/ahnafalvi/matinvent-pristine/pipeline/base.py:123: RuntimeWarning: Mean of empty slice.
  logging.info(f'reward mean={success_rewards.mean():.4f} std={success_rewards.std():.4f}')
/scratch/user/ahnafalvi/envs/matinvent-hcap-bo/lib/python3.10/site-packages/numpy/core/_methods.py:129: RuntimeWarning: invalid value encountered in scalar divide
  ret = ret.dtype.type(ret / rcount)
/scratch/user/ahnafalvi/envs/matinvent-hcap-bo/lib/python3.10/site-packages/numpy/core/_methods.py:206: RuntimeWarning: Degrees of freedom <= 0 for slice
  ret = _var(a, axis=axis, dtype=dtype, out=out, ddof=ddof,
/scratch/user/ahnafalvi/envs/matinvent-hcap-bo/lib/python3.10/site-packages/numpy/core/_methods.py:163: RuntimeWarning: invalid value encountered in divide
  arrmean = um.true_divide(arrmean, div, out=arrmean,
/scratch/user/ahnafalvi/envs/matinvent-hcap-bo/lib/python3.10/site-packages/numpy/core/_methods.py:198: RuntimeWarning: invalid value encountered in scalar divide
  ret = ret.dtype.type(ret / rcount)
/scratch/user/ahnafalvi/matinvent-pristine/pipeline/base.py:124: RuntimeWarning: Mean of empty slice.
  prop_str = [f'{k} mean={v.mean():.4f} std={v.std():.4f}' for k, v in success_prop_dict.items()]
/scratch/user/ahnafalvi/matinvent-pristine/pipeline/mat_invent.py:204: RuntimeWarning: Mean of empty slice.
  log_dict = {f'{k} mean': v.mean() for k, v in prop_dict.items()}
/scratch/user/ahnafalvi/matinvent-pristine/pipeline/mat_invent.py:206: RuntimeWarning: Mean of empty slice.
  log_dict.update({'reward mean': rewards.mean(), 'reward std': rewards.std()})
/scratch/user/ahnafalvi/matinvent-pristine/pipeline/mat_invent.py:256: RuntimeWarning: Mean of empty slice.
  logging.info(f'buffer reward mean={self.replay.buffer["reward"].values.mean()}')
/scratch/user/ahnafalvi/envs/matinvent-hcap-bo/lib/python3.10/site-packages/numpy/core/_methods.py:129: RuntimeWarning: invalid value encountered in scalar divide
  ret = ret.dtype.type(ret / rcount)
Error executing job with overrides: ['expname=hcap_p3v4_adit_accel_seed7_3006078', '+seed=7', 'model=adit', 'reward=heat_capacity', 'reward.prop_cfg.0.calculator._target_=src.calculators.LocalESEN_GPRoutedV4', 'reward.prop_cfg.0.calculator.env_name=null', 'reward.prop_cfg.0.calculator.worker=1', 'rl_epoch=20', 'eval_size=16', 'logger=csv', 'results_dir=/scratch/user/ahnafalvi/matinvent-hcap-bo/results']
Traceback (most recent call last):
  File "/scratch/user/ahnafalvi/matinvent-pristine/main.py", line 21, in main
    reinl.run_rl()
  File "/scratch/user/ahnafalvi/matinvent-pristine/pipeline/mat_invent.py", line 279, in run_rl
    self.rl_step()
  File "/scratch/user/ahnafalvi/matinvent-pristine/pipeline/mat_invent.py", line 265, in rl_step
    baseline = min(baseline, ft_reward.min())
  File "/scratch/user/ahnafalvi/envs/matinvent-hcap-bo/lib/python3.10/site-packages/numpy/core/_methods.py", line 45, in _amin
    return umr_minimum(a, axis, None, out, keepdims, initial, where)
ValueError: zero-size array to reduction operation minimum which has no identity

Set the environment variable HYDRA_FULL_ERROR=1 for a complete stack trace.
