Phase-3 v4 MG ACCEL seed=17 cycles=20 at Sat May  2 07:20:02 CDT 2026 on fc102
  GP_LTM_SEED=/scratch/user/ahnafalvi/matinvent-hcap-bo/data/ltm_seed_pool_v3.parquet
  GP_LTM_PATH=/scratch/user/ahnafalvi/matinvent-hcap-bo/data/ltm_hcap_p3v4_mg_accel_seed17_3003441.parquet
  GP_COLD_START_MIN=0
Tesla T4, 16384 MiB
MODELS_PROJECT_ROOT: /scratch/user/ahnafalvi/matinvent-bo/src/mattergen/mattergen
[2026-05-02 07:27:32,807][httpx][INFO] - HTTP Request: HEAD https://huggingface.co/jwchen25/MatInvent/resolve/main/reference_MP2020correction.gz "HTTP/1.1 302 Found"
[2026-05-02 07:31:56,011][httpx][INFO] - HTTP Request: HEAD https://huggingface.co/microsoft/mattergen/resolve/main/checkpoints/mattergen_base/checkpoints/last.ckpt "HTTP/1.1 302 Found"
[2026-05-02 07:31:56,075][httpx][INFO] - HTTP Request: HEAD https://huggingface.co/microsoft/mattergen/resolve/main/checkpoints/mattergen_base/config.yaml "HTTP/1.1 307 Temporary Redirect"
[2026-05-02 07:31:56,086][httpx][INFO] - HTTP Request: HEAD https://huggingface.co/api/resolve-cache/models/microsoft/mattergen/ea430eab64b80855029c2941b9fda15f245a771a/checkpoints%2Fmattergen_base%2Fconfig.yaml "HTTP/1.1 200 OK"
[2026-05-02 07:32:00,620][httpx][INFO] - HTTP Request: HEAD https://huggingface.co/microsoft/mattergen/resolve/main/checkpoints/mattergen_base/checkpoints/last.ckpt "HTTP/1.1 302 Found"
[2026-05-02 07:32:00,677][httpx][INFO] - HTTP Request: HEAD https://huggingface.co/microsoft/mattergen/resolve/main/checkpoints/mattergen_base/config.yaml "HTTP/1.1 307 Temporary Redirect"
[2026-05-02 07:32:00,690][httpx][INFO] - HTTP Request: HEAD https://huggingface.co/api/resolve-cache/models/microsoft/mattergen/ea430eab64b80855029c2941b9fda15f245a771a/checkpoints%2Fmattergen_base%2Fconfig.yaml "HTTP/1.1 200 OK"
[2026-05-02 07:32:03,903][root][INFO] - *****   RL START   *****
[2026-05-02 07:32:03,904][root][INFO] - *****   LOOP 0 START   *****
[2026-05-02 07:32:03,904][root][INFO] - SAMPLE:
[32m2026-05-02 07:54:30.198[0m | [1mINFO    [0m | [36mmattersim.forcefield.potential[0m:[36mfrom_checkpoint[0m:[36m891[0m - [1mLoading the pre-trained mattersim-v1.0.0-5M.pth model[0m
[2026-05-02 08:05:04,924][root][INFO] - Number of filtered samples: 28
[2026-05-02 08:05:04,962][root][INFO] - avg_energy_above_hull_per_atom: 0.070700, avg_rmsd_from_relaxation: 0.052236, frac_novel_unique_stable_structures: 0.518519, frac_stable_structures: 0.814815, frac_successful_jobs: 1.000000, avg_comp_validity: 1.000000, avg_structure_comp_validity: 1.000000, avg_structure_validity: 1.000000, frac_novel_structures: 0.703704, frac_novel_systems: 0.129630, frac_novel_unique_structures: 0.703704, frac_unique_structures: 1.000000, frac_unique_systems: 1.000000, precision: 0.296296, recall: 0.000032
[2026-05-02 08:05:04,985][root][INFO] - SCORE:
[2026-05-02 08:05:20,234][cached_path][INFO] - cache of https://orbitalmaterials-public-models.s3.us-west-1.amazonaws.com/forcefields/orb-v3/orb-v3-conservative-inf-omat-20250404.ckpt is up-to-date
[2026-05-02 08:10:28,832][root][INFO] - Project root: /scratch/user/ahnafalvi/envs/matinvent-hcap-bo/lib/python3.10/site-packages/fairchem
[2026-05-02 08:10:29,323][root][INFO] - Checking local cache: /scratch/user/ahnafalvi/.cache/huggingface for model eSEN-30M-OAM
[2026-05-02 08:10:29,411][httpx][INFO] - HTTP Request: HEAD https://huggingface.co/facebook/OMAT24/resolve/main/esen_30m_oam.pt "HTTP/1.1 302 Found"
[2026-05-02 08:10:29,879][root][INFO] - local rank base: 0
[2026-05-02 08:10:32,563][root][INFO] - amp: false
cmd:
  checkpoint_dir: /scratch/user/ahnafalvi/matinvent-hcap-bo/results/hcap_p3v4_mg_accel_seed17_3003441/checkpoints/2026-05-02-08-11-28
  commit: core:None,experimental:NA
  identifier: ''
  logs_dir: /scratch/user/ahnafalvi/matinvent-hcap-bo/results/hcap_p3v4_mg_accel_seed17_3003441/logs/wandb/2026-05-02-08-11-28
  print_every: 100
  results_dir: /scratch/user/ahnafalvi/matinvent-hcap-bo/results/hcap_p3v4_mg_accel_seed17_3003441/results/2026-05-02-08-11-28
  seed: null
  timestamp_id: 2026-05-02-08-11-28
  version: 1.10.0
dataset:
  a2g_args:
    r_energy: true
    r_forces: true
    r_stress: true
  format: ase_db
  metadata_path: ''
  transforms:
    element_references: ''
    normalizer:
      energy:
        mean: 0.0
        stdev: 0.6274358
      forces:
        mean: 0.0
        stdev: 0.6274358
      stress:
        mean: 0.0
        stdev: 0.6274358
evaluation_metrics:
  metrics:
    energy:
    - mae
    - per_atom_mae
    forces:
    - mae
    - cosine_similarity
    stress:
    - mae
  primary_metric: forces_mae
gp_gpus: null
gpus: 1
logger: wandb
loss_functions:
- energy:
    coefficient: 20
    fn: per_atom_mae
- forces:
    coefficient: 20
    fn: l2mae
- stress:
    coefficient: 5
    fn: mae
model:
  backbone:
    act_type: gate
    cutoff: 6.0
    direct_forces: false
    distance_function: gaussian
    edge_channels: 128
    hidden_channels: 128
    lmax: 3
    max_neighbors: 300
    max_num_elements: 100
    mlp_type: spectral
    mmax: 2
    model: esen_backbone
    norm_type: rms_norm_sh
    num_distance_basis: 64
    num_layers: 10
    otf_graph: true
    regress_forces: true
    regress_stress: true
    sphere_channels: 128
    use_envelope: true
    use_pbc: true
    use_pbc_single: true
  heads:
    mptrj:
      module: esen_mlp_efs_head
  name: hydra
  otf_graph: true
  pass_through_head_outputs: true
optim:
  batch_size: 4
  clip_grad_norm: 100
  ema_decay: 0.999
  eval_batch_size: 4
  eval_every: 5000
  load_balancing: atoms
  lr_initial: 0.0004
  max_epochs: 1
  num_workers: 4
  optimizer: AdamW
  optimizer_params:
    weight_decay: 0.001
  scheduler: LambdaLR
  scheduler_params:
    epochs: 85271
    lambda_type: cosine
    lr: 0.0004
    lr_min_factor: 0.1
    warmup_epochs: 8527
    warmup_factor: 0.2
outputs:
  energy:
    level: system
    property: energy
  forces:
    eval_on_free_atoms: true
    level: atom
    property: forces
    train_on_free_atoms: true
  stress:
    level: system
    property: stress
relax_dataset: {}
slurm: {}
task: {}
test_dataset: {}
trainer: ocp
val_dataset: {}

[2026-05-02 08:10:32,563][root][INFO] - Loading model: hydra
[2026-05-02 08:10:32,938][root][INFO] - Loaded HydraModel with 30161153 parameters.
[2026-05-02 08:10:32,938][root][INFO] - Loading checkpoint in inference-only mode, not loading keys associated with trainer state!
[2026-05-02 08:10:32,973][root][WARNING] - No seed has been set in modelcheckpoint or OCPCalculator! Results may not be reproducible on re-run
[GPRoutedV4] cycle=0 N=16 K_eff=4 oracled=16 masked=0 ltm=456 GP_RMSE_train=0.000 GP_RMSE_cv5=0.087 GP_MAE_cv5=0.056 mean_oracle_Cp=0.214 anchor=False cold=True 1143.2s
[2026-05-02 08:24:08,286][root][INFO] - Evaluation costs to date: 16
[2026-05-02 08:24:08,287][root][INFO] - Number of samples that successfully obtained rewards: 10
[2026-05-02 08:24:08,287][root][INFO] - reward mean=0.0085 std=0.0195
[2026-05-02 08:24:08,287][root][INFO] - heat_capacity mean=0.2140 std=0.0605
[2026-05-02 08:24:08,384][root][INFO] - 10 crystals generated so far, 10 unique components.  Burden: None, Div. Ratio: 1.0.
[2026-05-02 08:24:08,400][root][INFO] - Diversity filter: tol_n=0, buff_n=0
[2026-05-02 08:24:08,402][root][INFO] - replay buffer size=0
[2026-05-02 08:24:08,403][root][INFO] - buffer reward mean=nan
[2026-05-02 08:24:08,403][root][INFO] - FINETUNE:
[2026-05-02 08:29:47,181][root][INFO] - Epoch 0: loss: 0.0042, loss_diff: 0.0039, loss_kl: 0.0093
[2026-05-02 08:35:26,907][root][INFO] - Epoch 1: loss: 0.0042, loss_diff: 0.0037, loss_kl: 0.0189
[2026-05-02 08:41:06,471][root][INFO] - Epoch 2: loss: 0.0070, loss_diff: 0.0038, loss_kl: 0.1286
[2026-05-02 08:41:06,474][root][INFO] - *****   LOOP 0 FINISH   *****
[2026-05-02 08:41:06,475][root][INFO] - Total time taken: 69.04 min.


[2026-05-02 08:41:06,475][root][INFO] - *****   LOOP 1 START   *****
[2026-05-02 08:41:06,475][root][INFO] - SAMPLE:
[32m2026-05-02 09:06:35.164[0m | [1mINFO    [0m | [36mmattersim.forcefield.potential[0m:[36mfrom_checkpoint[0m:[36m891[0m - [1mLoading the pre-trained mattersim-v1.0.0-5M.pth model[0m
[2026-05-02 09:10:38,493][root][INFO] - Number of filtered samples: 28
[2026-05-02 09:10:49,940][root][INFO] - avg_energy_above_hull_per_atom: 0.050748, avg_rmsd_from_relaxation: 0.042798, frac_novel_unique_stable_structures: 0.500000, frac_stable_structures: 0.857143, frac_successful_jobs: 1.000000, avg_comp_validity: 1.000000, avg_structure_comp_validity: 1.000000, avg_structure_validity: 1.000000, frac_novel_structures: 0.607143, frac_novel_systems: 0.035714, frac_novel_unique_structures: 0.607143, frac_unique_structures: 1.000000, frac_unique_systems: 1.000000, precision: 0.392857, recall: 0.000047
[2026-05-02 09:10:50,000][root][INFO] - SCORE:
[GPRoutedV4] cycle=1 N=16 K_eff=4 oracled=4 masked=12 ltm=458 GP_RMSE_train=0.000 GP_RMSE_cv5=0.084 GP_MAE_cv5=0.055 mean_oracle_Cp=0.230 anchor=False cold=False 279.0s
[2026-05-02 09:15:29,528][root][INFO] - Evaluation costs to date: 32
[2026-05-02 09:15:29,593][root][INFO] - Number of samples that successfully obtained rewards: 2
[2026-05-02 09:15:29,593][root][INFO] - reward mean=0.0152 std=0.0152
[2026-05-02 09:15:29,593][root][INFO] - heat_capacity mean=0.2297 std=0.0737
[2026-05-02 09:15:29,622][root][INFO] - 12 crystals generated so far, 12 unique components.  Burden: None, Div. Ratio: 1.0.
[2026-05-02 09:15:29,646][root][INFO] - Diversity filter: tol_n=0, buff_n=0
[2026-05-02 09:15:29,648][root][INFO] - replay buffer size=0
[2026-05-02 09:15:29,648][root][INFO] - buffer reward mean=nan
[2026-05-02 09:15:29,648][root][INFO] - FINETUNE:
[2026-05-02 09:17:03,901][root][INFO] - Epoch 0: loss: 0.0061, loss_diff: 0.0041, loss_kl: 0.0788
[2026-05-02 09:18:37,718][root][INFO] - Epoch 1: loss: 0.0144, loss_diff: 0.0039, loss_kl: 0.4183
[2026-05-02 09:20:12,770][root][INFO] - Epoch 2: loss: 0.0466, loss_diff: 0.0040, loss_kl: 1.7038
[2026-05-02 09:20:12,772][root][INFO] - *****   LOOP 1 FINISH   *****
[2026-05-02 09:20:12,773][root][INFO] - Total time taken: 39.10 min.


[2026-05-02 09:20:12,773][root][INFO] - *****   LOOP 2 START   *****
[2026-05-02 09:20:12,773][root][INFO] - SAMPLE:
[32m2026-05-02 09:41:48.376[0m | [1mINFO    [0m | [36mmattersim.forcefield.potential[0m:[36mfrom_checkpoint[0m:[36m891[0m - [1mLoading the pre-trained mattersim-v1.0.0-5M.pth model[0m
[2026-05-02 09:43:32,252][root][INFO] - Number of filtered samples: 15
[2026-05-02 09:43:32,293][root][INFO] - avg_energy_above_hull_per_atom: 0.063927, avg_rmsd_from_relaxation: 0.067213, frac_novel_unique_stable_structures: 0.263158, frac_stable_structures: 0.807018, frac_successful_jobs: 1.000000, avg_comp_validity: 1.000000, avg_structure_comp_validity: 1.000000, avg_structure_validity: 1.000000, frac_novel_structures: 0.438596, frac_novel_systems: 0.052632, frac_novel_unique_structures: 0.438596, frac_unique_structures: 1.000000, frac_unique_systems: 1.000000, precision: 0.561404, recall: 0.000076
[2026-05-02 09:43:32,302][root][INFO] - SCORE:
[GPRoutedV4] cycle=2 N=15 K_eff=4 oracled=4 masked=11 ltm=461 GP_RMSE_train=0.000 GP_RMSE_cv5=0.080 GP_MAE_cv5=0.052 mean_oracle_Cp=0.250 anchor=False cold=False 821.7s
[2026-05-02 09:57:14,158][root][INFO] - Evaluation costs to date: 47
[2026-05-02 09:57:14,158][root][INFO] - Number of samples that successfully obtained rewards: 3
[2026-05-02 09:57:14,159][root][INFO] - reward mean=0.0126 std=0.0178
[2026-05-02 09:57:14,159][root][INFO] - heat_capacity mean=0.2498 std=0.0469
[2026-05-02 09:57:14,351][root][INFO] - 15 crystals generated so far, 15 unique components.  Burden: None, Div. Ratio: 1.0.
[2026-05-02 09:57:14,399][root][INFO] - Diversity filter: tol_n=0, buff_n=0
[2026-05-02 09:57:14,401][root][INFO] - replay buffer size=0
[2026-05-02 09:57:14,401][root][INFO] - buffer reward mean=nan
[2026-05-02 09:57:14,401][root][INFO] - FINETUNE:
[2026-05-02 09:59:31,603][root][INFO] - Epoch 0: loss: 0.0127, loss_diff: 0.0033, loss_kl: 0.3764
[2026-05-02 10:01:49,518][root][INFO] - Epoch 1: loss: 0.0267, loss_diff: 0.0033, loss_kl: 0.9351
[2026-05-02 10:04:08,677][root][INFO] - Epoch 2: loss: 0.0675, loss_diff: 0.0034, loss_kl: 2.5649
[2026-05-02 10:04:08,679][root][INFO] - *****   LOOP 2 FINISH   *****
[2026-05-02 10:04:08,679][root][INFO] - Total time taken: 43.93 min.


[2026-05-02 10:04:08,680][root][INFO] - *****   LOOP 3 START   *****
[2026-05-02 10:04:08,680][root][INFO] - SAMPLE:
[32m2026-05-02 10:30:59.518[0m | [1mINFO    [0m | [36mmattersim.forcefield.potential[0m:[36mfrom_checkpoint[0m:[36m891[0m - [1mLoading the pre-trained mattersim-v1.0.0-5M.pth model[0m
[2026-05-02 10:32:50,857][root][INFO] - Number of filtered samples: 25
[2026-05-02 10:32:50,914][root][INFO] - avg_energy_above_hull_per_atom: 0.061588, avg_rmsd_from_relaxation: 0.033318, frac_novel_unique_stable_structures: 0.438596, frac_stable_structures: 0.807018, frac_successful_jobs: 1.000000, avg_comp_validity: 1.000000, avg_structure_comp_validity: 1.000000, avg_structure_validity: 1.000000, frac_novel_structures: 0.614035, frac_novel_systems: 0.070175, frac_novel_unique_structures: 0.614035, frac_unique_structures: 1.000000, frac_unique_systems: 1.000000, precision: 0.385965, recall: 0.000044
[2026-05-02 10:32:50,923][root][INFO] - SCORE:
[GPRoutedV4] cycle=3 N=16 K_eff=4 oracled=4 masked=12 ltm=464 GP_RMSE_train=0.000 GP_RMSE_cv5=0.083 GP_MAE_cv5=0.054 mean_oracle_Cp=0.255 anchor=False cold=False 376.7s
[2026-05-02 10:39:07,729][root][INFO] - Evaluation costs to date: 63
[2026-05-02 10:39:07,729][root][INFO] - Number of samples that successfully obtained rewards: 3
[2026-05-02 10:39:07,729][root][INFO] - reward mean=0.0233 std=0.0169
[2026-05-02 10:39:07,730][root][INFO] - heat_capacity mean=0.2547 std=0.0800
[2026-05-02 10:39:07,858][root][INFO] - 18 crystals generated so far, 18 unique components.  Burden: None, Div. Ratio: 1.0.
[2026-05-02 10:39:07,879][root][INFO] - Diversity filter: tol_n=0, buff_n=0
[2026-05-02 10:39:07,881][root][INFO] - replay buffer size=0
[2026-05-02 10:39:07,882][root][INFO] - buffer reward mean=nan
[2026-05-02 10:39:07,882][root][INFO] - FINETUNE:
[2026-05-02 10:42:31,503][root][INFO] - Epoch 0: loss: 0.0140, loss_diff: 0.0088, loss_kl: 0.2065
[2026-05-02 10:45:54,408][root][INFO] - Epoch 1: loss: 0.0248, loss_diff: 0.0086, loss_kl: 0.6500
[2026-05-02 10:49:18,610][root][INFO] - Epoch 2: loss: 0.0612, loss_diff: 0.0084, loss_kl: 2.1104
[2026-05-02 10:49:18,617][root][INFO] - *****   LOOP 3 FINISH   *****
[2026-05-02 10:49:18,629][root][INFO] - Total time taken: 45.17 min.


[2026-05-02 10:49:18,642][root][INFO] - *****   LOOP 4 START   *****
[2026-05-02 10:49:18,642][root][INFO] - SAMPLE:
[32m2026-05-02 11:19:42.760[0m | [1mINFO    [0m | [36mmattersim.forcefield.potential[0m:[36mfrom_checkpoint[0m:[36m891[0m - [1mLoading the pre-trained mattersim-v1.0.0-5M.pth model[0m
[2026-05-02 11:21:45,121][root][INFO] - Number of filtered samples: 27
[2026-05-02 11:21:45,159][root][INFO] - avg_energy_above_hull_per_atom: 0.080063, avg_rmsd_from_relaxation: 0.080188, frac_novel_unique_stable_structures: 0.500000, frac_stable_structures: 0.777778, frac_successful_jobs: 1.000000, avg_comp_validity: 1.000000, avg_structure_comp_validity: 1.000000, avg_structure_validity: 1.000000, frac_novel_structures: 0.685185, frac_novel_systems: 0.055556, frac_novel_unique_structures: 0.685185, frac_unique_structures: 1.000000, frac_unique_systems: 0.981481, precision: 0.314815, recall: 0.000030
[2026-05-02 11:21:45,169][root][INFO] - SCORE:
[GPRoutedV4] cycle=4 N=16 K_eff=4 oracled=4 masked=12 ltm=465 GP_RMSE_train=0.000 GP_RMSE_cv5=0.084 GP_MAE_cv5=0.054 mean_oracle_Cp=0.230 anchor=False cold=False 433.1s
[2026-05-02 11:28:58,366][root][INFO] - Evaluation costs to date: 79
[2026-05-02 11:28:58,893][root][INFO] - Number of samples that successfully obtained rewards: 1
[2026-05-02 11:28:58,893][root][INFO] - reward mean=0.0000 std=0.0000
[2026-05-02 11:28:58,893][root][INFO] - heat_capacity mean=0.2302 std=0.0000
[2026-05-02 11:29:02,838][root][INFO] - 19 crystals generated so far, 19 unique components.  Burden: None, Div. Ratio: 1.0.
[2026-05-02 11:29:02,901][root][INFO] - Diversity filter: tol_n=0, buff_n=0
[2026-05-02 11:29:02,903][root][INFO] - replay buffer size=0
[2026-05-02 11:29:02,904][root][INFO] - buffer reward mean=nan
[2026-05-02 11:29:02,904][root][INFO] - FINETUNE:
[2026-05-02 11:30:31,754][root][INFO] - Epoch 0: loss: 0.0073, loss_diff: 0.0000, loss_kl: 0.2924
[2026-05-02 11:31:58,925][root][INFO] - Epoch 1: loss: 0.0196, loss_diff: 0.0000, loss_kl: 0.7851
[2026-05-02 11:34:50,175][root][INFO] - Epoch 2: loss: 0.0363, loss_diff: 0.0000, loss_kl: 1.4516
[2026-05-02 11:34:50,178][root][INFO] - *****   LOOP 4 FINISH   *****
[2026-05-02 11:34:50,179][root][INFO] - Total time taken: 45.53 min.


[2026-05-02 11:34:50,179][root][INFO] - *****   LOOP 5 START   *****
[2026-05-02 11:34:50,179][root][INFO] - SAMPLE:
[32m2026-05-02 11:57:31.284[0m | [1mINFO    [0m | [36mmattersim.forcefield.potential[0m:[36mfrom_checkpoint[0m:[36m891[0m - [1mLoading the pre-trained mattersim-v1.0.0-5M.pth model[0m
[2026-05-02 12:00:02,317][root][INFO] - Number of filtered samples: 21
[2026-05-02 12:00:20,867][root][INFO] - avg_energy_above_hull_per_atom: 0.074692, avg_rmsd_from_relaxation: 0.049755, frac_novel_unique_stable_structures: 0.368421, frac_stable_structures: 0.719298, frac_successful_jobs: 1.000000, avg_comp_validity: 1.000000, avg_structure_comp_validity: 1.000000, avg_structure_validity: 1.000000, frac_novel_structures: 0.578947, frac_novel_systems: 0.122807, frac_novel_unique_structures: 0.578947, frac_unique_structures: 1.000000, frac_unique_systems: 1.000000, precision: 0.421053, recall: 0.000061
[2026-05-02 12:00:20,878][root][INFO] - SCORE:
[GPRoutedV4] cycle=5 N=16 K_eff=4 oracled=4 masked=12 ltm=468 GP_RMSE_train=0.000 GP_RMSE_cv5=0.085 GP_MAE_cv5=0.055 mean_oracle_Cp=0.272 anchor=False cold=False 254.6s
[2026-05-02 12:04:35,571][root][INFO] - Evaluation costs to date: 95
[2026-05-02 12:04:36,026][root][INFO] - Number of samples that successfully obtained rewards: 3
[2026-05-02 12:04:36,027][root][INFO] - reward mean=0.0339 std=0.0249
[2026-05-02 12:04:36,027][root][INFO] - heat_capacity mean=0.2716 std=0.0959
[2026-05-02 12:04:36,306][root][INFO] - 22 crystals generated so far, 22 unique components.  Burden: None, Div. Ratio: 1.0.
[2026-05-02 12:04:36,465][root][INFO] - Diversity filter: tol_n=0, buff_n=0
[2026-05-02 12:04:36,467][root][INFO] - replay buffer size=0
[2026-05-02 12:04:36,468][root][INFO] - buffer reward mean=nan
[2026-05-02 12:04:36,468][root][INFO] - FINETUNE:
[2026-05-02 12:07:17,521][root][INFO] - Epoch 0: loss: 0.0220, loss_diff: 0.0126, loss_kl: 0.3760
[2026-05-02 12:09:59,656][root][INFO] - Epoch 1: loss: 0.0317, loss_diff: 0.0124, loss_kl: 0.7759
[2026-05-02 12:12:42,507][root][INFO] - Epoch 2: loss: 0.0319, loss_diff: 0.0120, loss_kl: 0.7967
[2026-05-02 12:12:42,509][root][INFO] - *****   LOOP 5 FINISH   *****
[2026-05-02 12:12:42,510][root][INFO] - Total time taken: 37.87 min.


[2026-05-02 12:12:42,510][root][INFO] - *****   LOOP 6 START   *****
[2026-05-02 12:12:42,510][root][INFO] - SAMPLE:
[32m2026-05-02 12:37:35.140[0m | [1mINFO    [0m | [36mmattersim.forcefield.potential[0m:[36mfrom_checkpoint[0m:[36m891[0m - [1mLoading the pre-trained mattersim-v1.0.0-5M.pth model[0m
[2026-05-02 12:39:08,322][root][INFO] - Number of filtered samples: 22
[2026-05-02 12:39:12,487][root][INFO] - avg_energy_above_hull_per_atom: 0.063891, avg_rmsd_from_relaxation: 0.117918, frac_novel_unique_stable_structures: 0.423077, frac_stable_structures: 0.865385, frac_successful_jobs: 1.000000, avg_comp_validity: 1.000000, avg_structure_comp_validity: 1.000000, avg_structure_validity: 1.000000, frac_novel_structures: 0.519231, frac_novel_systems: 0.019231, frac_novel_unique_structures: 0.519231, frac_unique_structures: 1.000000, frac_unique_systems: 1.000000, precision: 0.480769, recall: 0.000039
[2026-05-02 12:39:12,514][root][INFO] - SCORE:
[GPRoutedV4] cycle=6 N=16 K_eff=4 oracled=4 masked=12 ltm=471 GP_RMSE_train=0.000 GP_RMSE_cv5=0.083 GP_MAE_cv5=0.053 mean_oracle_Cp=0.213 anchor=False cold=False 269.3s
[2026-05-02 12:43:41,909][root][INFO] - Evaluation costs to date: 111
[2026-05-02 12:43:41,910][root][INFO] - Number of samples that successfully obtained rewards: 3
[2026-05-02 12:43:41,910][root][INFO] - reward mean=0.0000 std=0.0000
[2026-05-02 12:43:41,910][root][INFO] - heat_capacity mean=0.2131 std=0.0246
[2026-05-02 12:43:42,000][root][INFO] - 25 crystals generated so far, 25 unique components.  Burden: None, Div. Ratio: 1.0.
[2026-05-02 12:43:42,019][root][INFO] - Diversity filter: tol_n=0, buff_n=0
[2026-05-02 12:43:42,021][root][INFO] - replay buffer size=0
[2026-05-02 12:43:42,021][root][INFO] - buffer reward mean=nan
[2026-05-02 12:43:42,021][root][INFO] - FINETUNE:
[2026-05-02 12:46:17,953][root][INFO] - Epoch 0: loss: 0.0058, loss_diff: 0.0000, loss_kl: 0.2336
[2026-05-02 12:48:57,609][root][INFO] - Epoch 1: loss: 0.0189, loss_diff: 0.0000, loss_kl: 0.7564
[2026-05-02 12:54:44,048][root][INFO] - Epoch 2: loss: 0.0467, loss_diff: 0.0000, loss_kl: 1.8668
[2026-05-02 12:54:44,051][root][INFO] - *****   LOOP 6 FINISH   *****
[2026-05-02 12:54:44,052][root][INFO] - Total time taken: 42.03 min.


[2026-05-02 12:54:44,052][root][INFO] - *****   LOOP 7 START   *****
[2026-05-02 12:54:44,052][root][INFO] - SAMPLE:
[32m2026-05-02 13:17:39.455[0m | [1mINFO    [0m | [36mmattersim.forcefield.potential[0m:[36mfrom_checkpoint[0m:[36m891[0m - [1mLoading the pre-trained mattersim-v1.0.0-5M.pth model[0m
[2026-05-02 13:30:01,849][root][INFO] - Number of filtered samples: 22
[2026-05-02 13:30:02,147][root][INFO] - avg_energy_above_hull_per_atom: 0.061125, avg_rmsd_from_relaxation: 0.084062, frac_novel_unique_stable_structures: 0.407407, frac_stable_structures: 0.833333, frac_successful_jobs: 1.000000, avg_comp_validity: 1.000000, avg_structure_comp_validity: 1.000000, avg_structure_validity: 1.000000, frac_novel_structures: 0.574074, frac_novel_systems: 0.074074, frac_novel_unique_structures: 0.574074, frac_unique_structures: 1.000000, frac_unique_systems: 1.000000, precision: 0.425926, recall: 0.000040
[2026-05-02 13:30:02,170][root][INFO] - SCORE:
[GPRoutedV4] cycle=7 N=16 K_eff=4 oracled=4 masked=12 ltm=473 GP_RMSE_train=0.000 GP_RMSE_cv5=0.085 GP_MAE_cv5=0.055 mean_oracle_Cp=0.255 anchor=False cold=False 332.4s
[2026-05-02 13:35:34,973][root][INFO] - Evaluation costs to date: 127
[2026-05-02 13:35:34,974][root][INFO] - Number of samples that successfully obtained rewards: 2
[2026-05-02 13:35:34,974][root][INFO] - reward mean=0.0316 std=0.0316
[2026-05-02 13:35:34,974][root][INFO] - heat_capacity mean=0.2553 std=0.1051
[2026-05-02 13:35:35,068][root][INFO] - 27 crystals generated so far, 27 unique components.  Burden: None, Div. Ratio: 1.0.
[2026-05-02 13:35:35,086][root][INFO] - Diversity filter: tol_n=0, buff_n=0
[2026-05-02 13:35:35,088][root][INFO] - replay buffer size=0
[2026-05-02 13:35:35,088][root][INFO] - buffer reward mean=nan
[2026-05-02 13:35:35,088][root][INFO] - FINETUNE:
[2026-05-02 13:37:14,049][root][INFO] - Epoch 0: loss: 0.0181, loss_diff: 0.0080, loss_kl: 0.4024
[2026-05-02 13:38:53,000][root][INFO] - Epoch 1: loss: 0.0280, loss_diff: 0.0077, loss_kl: 0.8116
[2026-05-02 13:41:25,053][root][INFO] - Epoch 2: loss: 0.0462, loss_diff: 0.0076, loss_kl: 1.5426
[2026-05-02 13:41:25,056][root][INFO] - *****   LOOP 7 FINISH   *****
[2026-05-02 13:41:25,056][root][INFO] - Total time taken: 46.68 min.


[2026-05-02 13:41:25,057][root][INFO] - *****   LOOP 8 START   *****
[2026-05-02 13:41:25,057][root][INFO] - SAMPLE:
[32m2026-05-02 14:03:18.131[0m | [1mINFO    [0m | [36mmattersim.forcefield.potential[0m:[36mfrom_checkpoint[0m:[36m891[0m - [1mLoading the pre-trained mattersim-v1.0.0-5M.pth model[0m
[2026-05-02 14:06:02,971][root][INFO] - Number of filtered samples: 16
[2026-05-02 14:06:03,062][root][INFO] - avg_energy_above_hull_per_atom: 0.072106, avg_rmsd_from_relaxation: 0.085893, frac_novel_unique_stable_structures: 0.296296, frac_stable_structures: 0.740741, frac_successful_jobs: 1.000000, avg_comp_validity: 1.000000, avg_structure_comp_validity: 1.000000, avg_structure_validity: 1.000000, frac_novel_structures: 0.537037, frac_novel_systems: 0.111111, frac_novel_unique_structures: 0.537037, frac_unique_structures: 1.000000, frac_unique_systems: 1.000000, precision: 0.462963, recall: 0.000039
[2026-05-02 14:06:03,076][root][INFO] - SCORE:
[GPRoutedV4] cycle=8 N=16 K_eff=4 oracled=4 masked=12 ltm=476 GP_RMSE_train=0.000 GP_RMSE_cv5=0.085 GP_MAE_cv5=0.055 mean_oracle_Cp=0.349 anchor=False cold=False 218.8s
[2026-05-02 14:09:41,976][root][INFO] - Evaluation costs to date: 143
[2026-05-02 14:09:41,976][root][INFO] - Number of samples that successfully obtained rewards: 3
[2026-05-02 14:09:41,976][root][INFO] - reward mean=0.0567 std=0.0107
[2026-05-02 14:09:41,976][root][INFO] - heat_capacity mean=0.3492 std=0.0188
[2026-05-02 14:09:42,036][root][INFO] - 30 crystals generated so far, 30 unique components.  Burden: None, Div. Ratio: 1.0.
[2026-05-02 14:09:42,041][root][INFO] - Diversity filter: tol_n=0, buff_n=0
[2026-05-02 14:09:42,062][root][INFO] - replay buffer size=0
[2026-05-02 14:09:42,063][root][INFO] - buffer reward mean=nan
[2026-05-02 14:09:42,063][root][INFO] - FINETUNE:
[2026-05-02 14:11:49,385][root][INFO] - Epoch 0: loss: 0.0229, loss_diff: 0.0178, loss_kl: 0.2031
[2026-05-02 14:14:04,008][root][INFO] - Epoch 1: loss: 0.0315, loss_diff: 0.0173, loss_kl: 0.5678
[2026-05-02 14:16:12,010][root][INFO] - Epoch 2: loss: 0.0406, loss_diff: 0.0174, loss_kl: 0.9268
[2026-05-02 14:16:12,013][root][INFO] - *****   LOOP 8 FINISH   *****
[2026-05-02 14:16:12,013][root][INFO] - Total time taken: 34.78 min.


[2026-05-02 14:16:12,013][root][INFO] - *****   LOOP 9 START   *****
[2026-05-02 14:16:12,014][root][INFO] - SAMPLE:
[32m2026-05-02 14:41:38.617[0m | [1mINFO    [0m | [36mmattersim.forcefield.potential[0m:[36mfrom_checkpoint[0m:[36m891[0m - [1mLoading the pre-trained mattersim-v1.0.0-5M.pth model[0m
[2026-05-02 14:43:15,616][root][INFO] - Number of filtered samples: 21
[2026-05-02 14:43:15,761][root][INFO] - avg_energy_above_hull_per_atom: 0.070804, avg_rmsd_from_relaxation: 0.100832, frac_novel_unique_stable_structures: 0.403846, frac_stable_structures: 0.730769, frac_successful_jobs: 1.000000, avg_comp_validity: 1.000000, avg_structure_comp_validity: 1.000000, avg_structure_validity: 1.000000, frac_novel_structures: 0.673077, frac_novel_systems: 0.057692, frac_novel_unique_structures: 0.673077, frac_unique_structures: 1.000000, frac_unique_systems: 1.000000, precision: 0.326923, recall: 0.000026
[2026-05-02 14:43:15,772][root][INFO] - SCORE:
[GPRoutedV4] cycle=9 N=16 K_eff=4 oracled=4 masked=12 ltm=477 GP_RMSE_train=0.000 GP_RMSE_cv5=0.084 GP_MAE_cv5=0.055 mean_oracle_Cp=0.172 anchor=False cold=False 262.3s
[2026-05-02 14:47:38,231][root][INFO] - Evaluation costs to date: 159
[2026-05-02 14:47:38,231][root][INFO] - Number of samples that successfully obtained rewards: 1
[2026-05-02 14:47:38,232][root][INFO] - reward mean=0.0000 std=0.0000
[2026-05-02 14:47:38,232][root][INFO] - heat_capacity mean=0.1719 std=0.0000
[2026-05-02 14:47:38,401][root][INFO] - 31 crystals generated so far, 31 unique components.  Burden: None, Div. Ratio: 1.0.
[2026-05-02 14:47:38,407][root][INFO] - Diversity filter: tol_n=0, buff_n=0
[2026-05-02 14:47:38,429][root][INFO] - replay buffer size=0
[2026-05-02 14:47:38,430][root][INFO] - buffer reward mean=nan
[2026-05-02 14:47:38,430][root][INFO] - FINETUNE:
[2026-05-02 14:49:04,485][root][INFO] - Epoch 0: loss: 0.0043, loss_diff: 0.0000, loss_kl: 0.1703
[2026-05-02 14:50:29,635][root][INFO] - Epoch 1: loss: 0.0105, loss_diff: 0.0000, loss_kl: 0.4195
[2026-05-02 14:51:58,302][root][INFO] - Epoch 2: loss: 0.0271, loss_diff: 0.0000, loss_kl: 1.0841
[2026-05-02 14:51:58,304][root][INFO] - *****   LOOP 9 FINISH   *****
[2026-05-02 14:51:58,305][root][INFO] - Total time taken: 35.77 min.


[2026-05-02 14:51:58,305][root][INFO] - *****   LOOP 10 START   *****
[2026-05-02 14:51:58,305][root][INFO] - SAMPLE:
[32m2026-05-02 15:15:18.579[0m | [1mINFO    [0m | [36mmattersim.forcefield.potential[0m:[36mfrom_checkpoint[0m:[36m891[0m - [1mLoading the pre-trained mattersim-v1.0.0-5M.pth model[0m
[2026-05-02 15:16:44,998][root][INFO] - Number of filtered samples: 21
[2026-05-02 15:16:45,042][root][INFO] - avg_energy_above_hull_per_atom: 0.073577, avg_rmsd_from_relaxation: 0.050125, frac_novel_unique_stable_structures: 0.355932, frac_stable_structures: 0.728814, frac_successful_jobs: 1.000000, avg_comp_validity: 1.000000, avg_structure_comp_validity: 1.000000, avg_structure_validity: 1.000000, frac_novel_structures: 0.593220, frac_novel_systems: 0.084746, frac_novel_unique_structures: 0.593220, frac_unique_structures: 1.000000, frac_unique_systems: 1.000000, precision: 0.406780, recall: 0.000050
[2026-05-02 15:16:45,051][root][INFO] - SCORE:
[GPRoutedV4] cycle=10 N=16 K_eff=4 oracled=4 masked=12 ltm=479 GP_RMSE_train=0.000 GP_RMSE_cv5=0.082 GP_MAE_cv5=0.054 mean_oracle_Cp=0.191 anchor=False cold=False 201.1s
[2026-05-02 15:20:06,244][root][INFO] - Evaluation costs to date: 175
[2026-05-02 15:20:06,244][root][INFO] - Number of samples that successfully obtained rewards: 2
[2026-05-02 15:20:06,244][root][INFO] - reward mean=0.0000 std=0.0000
[2026-05-02 15:20:06,245][root][INFO] - heat_capacity mean=0.1912 std=0.0177
[2026-05-02 15:20:06,378][root][INFO] - 33 crystals generated so far, 33 unique components.  Burden: None, Div. Ratio: 1.0.
[2026-05-02 15:20:06,611][root][INFO] - Diversity filter: tol_n=0, buff_n=0
[2026-05-02 15:20:06,613][root][INFO] - replay buffer size=0
[2026-05-02 15:20:06,614][root][INFO] - buffer reward mean=nan
[2026-05-02 15:20:06,614][root][INFO] - FINETUNE:
[2026-05-02 15:21:52,048][root][INFO] - Epoch 0: loss: 0.0041, loss_diff: 0.0000, loss_kl: 0.1629
[2026-05-02 15:23:37,784][root][INFO] - Epoch 1: loss: 0.0141, loss_diff: 0.0000, loss_kl: 0.5621
[2026-05-02 15:30:40,157][root][INFO] - Epoch 2: loss: 0.0511, loss_diff: 0.0000, loss_kl: 2.0421
[2026-05-02 15:30:40,162][root][INFO] - *****   LOOP 10 FINISH   *****
[2026-05-02 15:30:40,162][root][INFO] - Total time taken: 38.70 min.


[2026-05-02 15:30:40,163][root][INFO] - *****   LOOP 11 START   *****
[2026-05-02 15:30:40,163][root][INFO] - SAMPLE:
[32m2026-05-02 16:01:11.268[0m | [1mINFO    [0m | [36mmattersim.forcefield.potential[0m:[36mfrom_checkpoint[0m:[36m891[0m - [1mLoading the pre-trained mattersim-v1.0.0-5M.pth model[0m
[2026-05-02 16:02:52,580][root][INFO] - Number of filtered samples: 26
[2026-05-02 16:02:52,630][root][INFO] - avg_energy_above_hull_per_atom: 0.078175, avg_rmsd_from_relaxation: 0.036336, frac_novel_unique_stable_structures: 0.448276, frac_stable_structures: 0.827586, frac_successful_jobs: 1.000000, avg_comp_validity: 1.000000, avg_structure_comp_validity: 1.000000, avg_structure_validity: 1.000000, frac_novel_structures: 0.620690, frac_novel_systems: 0.068966, frac_novel_unique_structures: 0.620690, frac_unique_structures: 1.000000, frac_unique_systems: 0.982759, precision: 0.379310, recall: 0.000071
[2026-05-02 16:02:52,640][root][INFO] - SCORE:
[GPRoutedV4] cycle=11 N=16 K_eff=4 oracled=4 masked=12 ltm=482 GP_RMSE_train=0.000 GP_RMSE_cv5=0.081 GP_MAE_cv5=0.053 mean_oracle_Cp=0.252 anchor=False cold=False 261.0s
[2026-05-02 16:07:13,806][root][INFO] - Evaluation costs to date: 191
[2026-05-02 16:07:13,806][root][INFO] - Number of samples that successfully obtained rewards: 3
[2026-05-02 16:07:13,807][root][INFO] - reward mean=0.0116 std=0.0128
[2026-05-02 16:07:13,807][root][INFO] - heat_capacity mean=0.2523 std=0.0434
[2026-05-02 16:07:13,950][root][INFO] - 36 crystals generated so far, 36 unique components.  Burden: None, Div. Ratio: 1.0.
[2026-05-02 16:07:13,962][root][INFO] - Diversity filter: tol_n=0, buff_n=0
[2026-05-02 16:07:13,964][root][INFO] - replay buffer size=0
[2026-05-02 16:07:13,964][root][INFO] - buffer reward mean=nan
[2026-05-02 16:07:13,964][root][INFO] - FINETUNE:
[2026-05-02 16:10:06,614][root][INFO] - Epoch 0: loss: 0.0138, loss_diff: 0.0056, loss_kl: 0.3272
[2026-05-02 16:16:50,126][root][INFO] - Epoch 1: loss: 0.0266, loss_diff: 0.0055, loss_kl: 0.8412
[2026-05-02 16:21:12,393][root][INFO] - Epoch 2: loss: 0.0467, loss_diff: 0.0057, loss_kl: 1.6390
[2026-05-02 16:21:12,396][root][INFO] - *****   LOOP 11 FINISH   *****
[2026-05-02 16:21:12,397][root][INFO] - Total time taken: 50.54 min.


[2026-05-02 16:21:12,397][root][INFO] - *****   LOOP 12 START   *****
[2026-05-02 16:21:12,397][root][INFO] - SAMPLE:
[32m2026-05-02 16:45:00.416[0m | [1mINFO    [0m | [36mmattersim.forcefield.potential[0m:[36mfrom_checkpoint[0m:[36m891[0m - [1mLoading the pre-trained mattersim-v1.0.0-5M.pth model[0m
[2026-05-02 16:46:43,009][root][INFO] - Number of filtered samples: 19
[2026-05-02 16:46:43,131][root][INFO] - avg_energy_above_hull_per_atom: 0.063641, avg_rmsd_from_relaxation: 0.038150, frac_novel_unique_stable_structures: 0.365385, frac_stable_structures: 0.826923, frac_successful_jobs: 1.000000, avg_comp_validity: 1.000000, avg_structure_comp_validity: 1.000000, avg_structure_validity: 1.000000, frac_novel_structures: 0.538462, frac_novel_systems: 0.096154, frac_novel_unique_structures: 0.538462, frac_unique_structures: 1.000000, frac_unique_systems: 0.980769, precision: 0.461538, recall: 0.000052
[2026-05-02 16:46:43,159][root][INFO] - SCORE:
[GPRoutedV4] cycle=12 N=16 K_eff=4 oracled=4 masked=12 ltm=484 GP_RMSE_train=0.000 GP_RMSE_cv5=0.083 GP_MAE_cv5=0.054 mean_oracle_Cp=0.205 anchor=False cold=False 379.4s
[2026-05-02 16:53:02,635][root][INFO] - Evaluation costs to date: 207
[2026-05-02 16:53:02,636][root][INFO] - Number of samples that successfully obtained rewards: 2
[2026-05-02 16:53:02,636][root][INFO] - reward mean=0.0000 std=0.0000
[2026-05-02 16:53:02,636][root][INFO] - heat_capacity mean=0.2051 std=0.0287
[2026-05-02 16:53:02,721][root][INFO] - 38 crystals generated so far, 38 unique components.  Burden: None, Div. Ratio: 1.0.
[2026-05-02 16:53:02,726][root][INFO] - Diversity filter: tol_n=0, buff_n=0
[2026-05-02 16:53:02,749][root][INFO] - replay buffer size=0
[2026-05-02 16:53:02,749][root][INFO] - buffer reward mean=nan
[2026-05-02 16:53:02,749][root][INFO] - FINETUNE:
[2026-05-02 16:54:40,658][root][INFO] - Epoch 0: loss: 0.0064, loss_diff: 0.0000, loss_kl: 0.2551
[2026-05-02 16:56:26,475][root][INFO] - Epoch 1: loss: 0.0170, loss_diff: 0.0000, loss_kl: 0.6799
[2026-05-02 16:58:04,536][root][INFO] - Epoch 2: loss: 0.0238, loss_diff: 0.0000, loss_kl: 0.9534
[2026-05-02 16:58:04,538][root][INFO] - *****   LOOP 12 FINISH   *****
[2026-05-02 16:58:04,539][root][INFO] - Total time taken: 36.87 min.


[2026-05-02 16:58:04,539][root][INFO] - *****   LOOP 13 START   *****
[2026-05-02 16:58:04,539][root][INFO] - SAMPLE:
[32m2026-05-02 17:19:56.831[0m | [1mINFO    [0m | [36mmattersim.forcefield.potential[0m:[36mfrom_checkpoint[0m:[36m891[0m - [1mLoading the pre-trained mattersim-v1.0.0-5M.pth model[0m
[2026-05-02 17:21:46,714][root][INFO] - Number of filtered samples: 34
[2026-05-02 17:21:46,882][root][INFO] - avg_energy_above_hull_per_atom: 0.070193, avg_rmsd_from_relaxation: 0.036376, frac_novel_unique_stable_structures: 0.576271, frac_stable_structures: 0.813559, frac_successful_jobs: 1.000000, avg_comp_validity: 1.000000, avg_structure_comp_validity: 1.000000, avg_structure_validity: 1.000000, frac_novel_structures: 0.745763, frac_novel_systems: 0.067797, frac_novel_unique_structures: 0.745763, frac_unique_structures: 1.000000, frac_unique_systems: 1.000000, precision: 0.254237, recall: 0.000046
[2026-05-02 17:21:46,896][root][INFO] - SCORE:
[GPRoutedV4] cycle=13 N=16 K_eff=4 oracled=4 masked=12 ltm=486 GP_RMSE_train=0.000 GP_RMSE_cv5=0.082 GP_MAE_cv5=0.054 mean_oracle_Cp=0.294 anchor=False cold=False 339.7s
[2026-05-02 17:27:29,882][root][INFO] - Evaluation costs to date: 223
[2026-05-02 17:27:29,884][root][INFO] - Number of samples that successfully obtained rewards: 2
[2026-05-02 17:27:29,884][root][INFO] - reward mean=0.0549 std=0.0549
[2026-05-02 17:27:29,884][root][INFO] - heat_capacity mean=0.2942 std=0.1481
[2026-05-02 17:27:30,021][root][INFO] - 40 crystals generated so far, 40 unique components.  Burden: None, Div. Ratio: 1.0.
[2026-05-02 17:27:30,034][root][INFO] - Diversity filter: tol_n=0, buff_n=0
[2026-05-02 17:27:30,036][root][INFO] - replay buffer size=1
[2026-05-02 17:27:30,036][root][INFO] - buffer reward mean=0.10989678781609287
[2026-05-02 17:27:30,036][root][INFO] - FINETUNE:
[2026-05-02 17:29:08,592][root][INFO] - Epoch 0: loss: 0.0321, loss_diff: 0.0250, loss_kl: 0.2831
[2026-05-02 17:30:47,812][root][INFO] - Epoch 1: loss: 0.0425, loss_diff: 0.0216, loss_kl: 0.8334
[2026-05-02 17:32:28,465][root][INFO] - Epoch 2: loss: 0.0425, loss_diff: 0.0226, loss_kl: 0.7973
[2026-05-02 17:32:28,468][root][INFO] - *****   LOOP 13 FINISH   *****
[2026-05-02 17:32:28,469][root][INFO] - Total time taken: 34.40 min.


[2026-05-02 17:32:28,469][root][INFO] - *****   LOOP 14 START   *****
[2026-05-02 17:32:28,469][root][INFO] - SAMPLE:
[32m2026-05-02 17:54:55.412[0m | [1mINFO    [0m | [36mmattersim.forcefield.potential[0m:[36mfrom_checkpoint[0m:[36m891[0m - [1mLoading the pre-trained mattersim-v1.0.0-5M.pth model[0m
[2026-05-02 17:56:28,653][root][INFO] - Number of filtered samples: 24
[2026-05-02 17:56:28,745][root][INFO] - avg_energy_above_hull_per_atom: 0.076664, avg_rmsd_from_relaxation: 0.070172, frac_novel_unique_stable_structures: 0.428571, frac_stable_structures: 0.732143, frac_successful_jobs: 1.000000, avg_comp_validity: 1.000000, avg_structure_comp_validity: 1.000000, avg_structure_validity: 1.000000, frac_novel_structures: 0.678571, frac_novel_systems: 0.035714, frac_novel_unique_structures: 0.678571, frac_unique_structures: 1.000000, frac_unique_systems: 1.000000, precision: 0.321429, recall: 0.000047
[2026-05-02 17:56:28,754][root][INFO] - SCORE:
[GPRoutedV4] cycle=14 N=16 K_eff=4 oracled=4 masked=12 ltm=487 GP_RMSE_train=0.000 GP_RMSE_cv5=0.083 GP_MAE_cv5=0.055 mean_oracle_Cp=0.182 anchor=False cold=False 385.4s
[2026-05-02 18:02:54,197][root][INFO] - Evaluation costs to date: 239
[2026-05-02 18:02:54,197][root][INFO] - Number of samples that successfully obtained rewards: 1
[2026-05-02 18:02:54,198][root][INFO] - reward mean=0.0000 std=0.0000
[2026-05-02 18:02:54,198][root][INFO] - heat_capacity mean=0.1821 std=0.0000
[2026-05-02 18:02:54,312][root][INFO] - 41 crystals generated so far, 41 unique components.  Burden: None, Div. Ratio: 1.0.
[2026-05-02 18:02:54,329][root][INFO] - Diversity filter: tol_n=0, buff_n=0
[2026-05-02 18:02:54,474][root][INFO] - replay buffer size=1
[2026-05-02 18:02:54,474][root][INFO] - buffer reward mean=0.10989678781609287
[2026-05-02 18:02:54,474][root][INFO] - FINETUNE:
[2026-05-02 18:04:46,577][root][INFO] - Epoch 0: loss: 0.0283, loss_diff: 0.0220, loss_kl: 0.2529
[2026-05-02 18:07:27,588][root][INFO] - Epoch 1: loss: 0.0404, loss_diff: 0.0214, loss_kl: 0.7560
[2026-05-02 18:09:20,115][root][INFO] - Epoch 2: loss: 0.0662, loss_diff: 0.0213, loss_kl: 1.7971
[2026-05-02 18:09:20,118][root][INFO] - *****   LOOP 14 FINISH   *****
[2026-05-02 18:09:20,119][root][INFO] - Total time taken: 36.86 min.


[2026-05-02 18:09:20,119][root][INFO] - *****   LOOP 15 START   *****
[2026-05-02 18:09:20,119][root][INFO] - SAMPLE:
[32m2026-05-02 18:35:25.455[0m | [1mINFO    [0m | [36mmattersim.forcefield.potential[0m:[36mfrom_checkpoint[0m:[36m891[0m - [1mLoading the pre-trained mattersim-v1.0.0-5M.pth model[0m
[2026-05-02 18:39:30,073][root][INFO] - Number of filtered samples: 20
[2026-05-02 18:39:30,235][root][INFO] - avg_energy_above_hull_per_atom: 0.066529, avg_rmsd_from_relaxation: 0.076971, frac_novel_unique_stable_structures: 0.400000, frac_stable_structures: 0.760000, frac_successful_jobs: 1.000000, avg_comp_validity: 1.000000, avg_structure_comp_validity: 1.000000, avg_structure_validity: 1.000000, frac_novel_structures: 0.620000, frac_novel_systems: 0.040000, frac_novel_unique_structures: 0.620000, frac_unique_structures: 1.000000, frac_unique_systems: 1.000000, precision: 0.380000, recall: 0.000045
[2026-05-02 18:39:30,247][root][INFO] - SCORE:
[GPRoutedV4] cycle=15 N=16 K_eff=4 oracled=4 masked=12 ltm=490 GP_RMSE_train=0.000 GP_RMSE_cv5=0.083 GP_MAE_cv5=0.054 mean_oracle_Cp=0.230 anchor=False cold=False 219.8s
[2026-05-02 18:43:11,152][root][INFO] - Evaluation costs to date: 255
[2026-05-02 18:43:15,726][root][INFO] - Number of samples that successfully obtained rewards: 3
[2026-05-02 18:43:15,727][root][INFO] - reward mean=0.0043 std=0.0061
[2026-05-02 18:43:15,727][root][INFO] - heat_capacity mean=0.2299 std=0.0411
[2026-05-02 18:45:26,360][root][INFO] - 44 crystals generated so far, 44 unique components.  Burden: None, Div. Ratio: 1.0.
[2026-05-02 18:45:33,169][root][INFO] - Diversity filter: tol_n=0, buff_n=0
[2026-05-02 18:45:33,182][root][INFO] - replay buffer size=1
[2026-05-02 18:45:33,182][root][INFO] - buffer reward mean=0.10989678781609287
[2026-05-02 18:45:33,183][root][INFO] - FINETUNE:
[2026-05-02 18:48:11,574][root][INFO] - Epoch 0: loss: 0.0239, loss_diff: 0.0111, loss_kl: 0.5118
[2026-05-02 18:50:51,506][root][INFO] - Epoch 1: loss: 0.0340, loss_diff: 0.0110, loss_kl: 0.9224
[2026-05-02 18:53:31,549][root][INFO] - Epoch 2: loss: 0.0299, loss_diff: 0.0109, loss_kl: 0.7587
[2026-05-02 18:53:31,554][root][INFO] - *****   LOOP 15 FINISH   *****
[2026-05-02 18:53:31,555][root][INFO] - Total time taken: 44.19 min.


[2026-05-02 18:53:31,555][root][INFO] - *****   LOOP 16 START   *****
[2026-05-02 18:53:31,556][root][INFO] - SAMPLE:
[32m2026-05-02 19:15:30.817[0m | [1mINFO    [0m | [36mmattersim.forcefield.potential[0m:[36mfrom_checkpoint[0m:[36m891[0m - [1mLoading the pre-trained mattersim-v1.0.0-5M.pth model[0m
[2026-05-02 19:17:51,300][root][INFO] - Number of filtered samples: 22
[2026-05-02 19:17:51,382][root][INFO] - avg_energy_above_hull_per_atom: 0.072386, avg_rmsd_from_relaxation: 0.023889, frac_novel_unique_stable_structures: 0.372881, frac_stable_structures: 0.830508, frac_successful_jobs: 1.000000, avg_comp_validity: 1.000000, avg_structure_comp_validity: 1.000000, avg_structure_validity: 1.000000, frac_novel_structures: 0.525424, frac_novel_systems: 0.101695, frac_novel_unique_structures: 0.525424, frac_unique_structures: 1.000000, frac_unique_systems: 1.000000, precision: 0.474576, recall: 0.000076
[2026-05-02 19:17:51,425][root][INFO] - SCORE:
[GPRoutedV4] cycle=16 N=16 K_eff=4 oracled=4 masked=12 ltm=493 GP_RMSE_train=0.000 GP_RMSE_cv5=0.084 GP_MAE_cv5=0.054 mean_oracle_Cp=0.617 anchor=False cold=False 414.4s
[2026-05-02 19:24:45,906][root][INFO] - Evaluation costs to date: 271
[2026-05-02 19:24:45,907][root][INFO] - Number of samples that successfully obtained rewards: 3
[2026-05-02 19:24:45,907][root][INFO] - reward mean=0.2275 std=0.3106
[2026-05-02 19:24:45,907][root][INFO] - heat_capacity mean=0.6174 std=0.5674
[2026-05-02 19:24:45,996][root][INFO] - 47 crystals generated so far, 47 unique components.  Burden: None, Div. Ratio: 1.0.
[2026-05-02 19:24:46,008][root][INFO] - Diversity filter: tol_n=0, buff_n=0
[2026-05-02 19:24:46,035][root][INFO] - replay buffer size=2
[2026-05-02 19:24:46,036][root][INFO] - buffer reward mean=0.3883143418953631
[2026-05-02 19:24:46,036][root][INFO] - FINETUNE:
[2026-05-02 19:28:06,027][root][INFO] - Epoch 0: loss: 0.0644, loss_diff: 0.0590, loss_kl: 0.2135
[2026-05-02 19:31:28,575][root][INFO] - Epoch 1: loss: 0.0687, loss_diff: 0.0505, loss_kl: 0.7291
[2026-05-02 19:34:49,094][root][INFO] - Epoch 2: loss: 0.1125, loss_diff: 0.0515, loss_kl: 2.4412
[2026-05-02 19:34:49,097][root][INFO] - *****   LOOP 16 FINISH   *****
[2026-05-02 19:34:49,098][root][INFO] - Total time taken: 41.29 min.


[2026-05-02 19:34:49,098][root][INFO] - *****   LOOP 17 START   *****
[2026-05-02 19:34:49,099][root][INFO] - SAMPLE:
[32m2026-05-02 19:55:57.653[0m | [1mINFO    [0m | [36mmattersim.forcefield.potential[0m:[36mfrom_checkpoint[0m:[36m891[0m - [1mLoading the pre-trained mattersim-v1.0.0-5M.pth model[0m
[2026-05-02 19:57:30,981][root][INFO] - Number of filtered samples: 15
[2026-05-02 19:57:31,039][root][INFO] - avg_energy_above_hull_per_atom: 0.072274, avg_rmsd_from_relaxation: 0.038066, frac_novel_unique_stable_structures: 0.272727, frac_stable_structures: 0.763636, frac_successful_jobs: 1.000000, avg_comp_validity: 1.000000, avg_structure_comp_validity: 1.000000, avg_structure_validity: 1.000000, frac_novel_structures: 0.509091, frac_novel_systems: 0.090909, frac_novel_unique_structures: 0.509091, frac_unique_structures: 1.000000, frac_unique_systems: 1.000000, precision: 0.490909, recall: 0.000057
[2026-05-02 19:57:31,054][root][INFO] - SCORE:
[GPRoutedV4] cycle=17 N=15 K_eff=4 oracled=4 masked=11 ltm=494 GP_RMSE_train=0.000 GP_RMSE_cv5=0.081 GP_MAE_cv5=0.054 mean_oracle_Cp=0.218 anchor=False cold=False 268.7s
[2026-05-02 20:01:59,869][root][INFO] - Evaluation costs to date: 286
[2026-05-02 20:01:59,869][root][INFO] - Number of samples that successfully obtained rewards: 1
[2026-05-02 20:01:59,870][root][INFO] - reward mean=0.0000 std=0.0000
[2026-05-02 20:01:59,870][root][INFO] - heat_capacity mean=0.2180 std=0.0000
[2026-05-02 20:02:00,556][root][INFO] - 48 crystals generated so far, 48 unique components.  Burden: None, Div. Ratio: 1.0.
[2026-05-02 20:02:00,661][root][INFO] - Diversity filter: tol_n=0, buff_n=0
[2026-05-02 20:02:00,725][root][INFO] - replay buffer size=2
[2026-05-02 20:02:00,725][root][INFO] - buffer reward mean=0.3883143418953631
[2026-05-02 20:02:00,726][root][INFO] - FINETUNE:
[2026-05-02 20:04:28,214][root][INFO] - Epoch 0: loss: 0.0642, loss_diff: 0.0591, loss_kl: 0.2036
[2026-05-02 20:06:55,989][root][INFO] - Epoch 1: loss: 0.0728, loss_diff: 0.0624, loss_kl: 0.4167
[2026-05-02 20:09:24,111][root][INFO] - Epoch 2: loss: 0.0895, loss_diff: 0.0588, loss_kl: 1.2260
[2026-05-02 20:09:24,113][root][INFO] - *****   LOOP 17 FINISH   *****
[2026-05-02 20:09:24,114][root][INFO] - Total time taken: 34.58 min.


[2026-05-02 20:09:24,114][root][INFO] - *****   LOOP 18 START   *****
[2026-05-02 20:09:24,114][root][INFO] - SAMPLE:
[32m2026-05-02 20:31:39.541[0m | [1mINFO    [0m | [36mmattersim.forcefield.potential[0m:[36mfrom_checkpoint[0m:[36m891[0m - [1mLoading the pre-trained mattersim-v1.0.0-5M.pth model[0m
[2026-05-02 20:33:19,179][root][INFO] - Number of filtered samples: 24
[2026-05-02 20:33:19,294][root][INFO] - avg_energy_above_hull_per_atom: 0.068518, avg_rmsd_from_relaxation: 0.047693, frac_novel_unique_stable_structures: 0.444444, frac_stable_structures: 0.833333, frac_successful_jobs: 1.000000, avg_comp_validity: 1.000000, avg_structure_comp_validity: 1.000000, avg_structure_validity: 1.000000, frac_novel_structures: 0.592593, frac_novel_systems: 0.018519, frac_novel_unique_structures: 0.592593, frac_unique_structures: 1.000000, frac_unique_systems: 1.000000, precision: 0.407407, recall: 0.000044
[2026-05-02 20:33:19,320][root][INFO] - SCORE:
[GPRoutedV4] cycle=18 N=16 K_eff=4 oracled=4 masked=12 ltm=497 GP_RMSE_train=0.000 GP_RMSE_cv5=0.084 GP_MAE_cv5=0.054 mean_oracle_Cp=0.228 anchor=False cold=False 434.0s
[2026-05-02 20:40:33,558][root][INFO] - Evaluation costs to date: 302
[2026-05-02 20:41:11,254][root][INFO] - Number of samples that successfully obtained rewards: 3
[2026-05-02 20:41:11,254][root][INFO] - reward mean=0.0073 std=0.0103
[2026-05-02 20:41:11,254][root][INFO] - heat_capacity mean=0.2279 std=0.0444
[2026-05-02 20:41:48,408][root][INFO] - 51 crystals generated so far, 51 unique components.  Burden: None, Div. Ratio: 1.0.
[2026-05-02 20:41:48,416][root][INFO] - Diversity filter: tol_n=0, buff_n=0
[2026-05-02 20:41:48,439][root][INFO] - replay buffer size=2
[2026-05-02 20:41:48,439][root][INFO] - buffer reward mean=0.3883143418953631
[2026-05-02 20:41:48,439][root][INFO] - FINETUNE:
[2026-05-02 20:46:56,044][root][INFO] - Epoch 0: loss: 0.0416, loss_diff: 0.0362, loss_kl: 0.2195
[2026-05-02 20:51:47,131][root][INFO] - Epoch 1: loss: 0.0470, loss_diff: 0.0362, loss_kl: 0.4331
[2026-05-02 20:56:40,798][root][INFO] - Epoch 2: loss: 0.0719, loss_diff: 0.0358, loss_kl: 1.4465
[2026-05-02 20:56:44,529][root][INFO] - *****   LOOP 18 FINISH   *****
[2026-05-02 20:56:44,530][root][INFO] - Total time taken: 47.34 min.


[2026-05-02 20:56:44,530][root][INFO] - *****   LOOP 19 START   *****
[2026-05-02 20:56:44,530][root][INFO] - SAMPLE:
[32m2026-05-02 21:19:20.125[0m | [1mINFO    [0m | [36mmattersim.forcefield.potential[0m:[36mfrom_checkpoint[0m:[36m891[0m - [1mLoading the pre-trained mattersim-v1.0.0-5M.pth model[0m
[2026-05-02 21:21:02,867][root][INFO] - Number of filtered samples: 17
[2026-05-02 21:21:02,936][root][INFO] - avg_energy_above_hull_per_atom: 0.076591, avg_rmsd_from_relaxation: 0.022371, frac_novel_unique_stable_structures: 0.303571, frac_stable_structures: 0.767857, frac_successful_jobs: 1.000000, avg_comp_validity: 1.000000, avg_structure_comp_validity: 1.000000, avg_structure_validity: 1.000000, frac_novel_structures: 0.517857, frac_novel_systems: 0.089286, frac_novel_unique_structures: 0.517857, frac_unique_structures: 1.000000, frac_unique_systems: 1.000000, precision: 0.482143, recall: 0.000044
[2026-05-02 21:21:02,946][root][INFO] - SCORE:
[GPRoutedV4] cycle=19 N=16 K_eff=4 oracled=4 masked=12 ltm=500 GP_RMSE_train=0.000 GP_RMSE_cv5=0.083 GP_MAE_cv5=0.055 mean_oracle_Cp=0.413 anchor=False cold=False 359.1s
[2026-05-02 21:27:02,095][root][INFO] - Evaluation costs to date: 318
[2026-05-02 21:27:02,096][root][INFO] - Number of samples that successfully obtained rewards: 3
[2026-05-02 21:27:02,096][root][INFO] - reward mean=0.1306 std=0.1846
[2026-05-02 21:27:02,096][root][INFO] - heat_capacity mean=0.4131 std=0.3694
[2026-05-02 21:27:02,716][root][INFO] - 54 crystals generated so far, 54 unique components.  Burden: None, Div. Ratio: 1.0.
[2026-05-02 21:27:02,862][root][INFO] - Diversity filter: tol_n=0, buff_n=0
[2026-05-02 21:27:02,865][root][INFO] - replay buffer size=3
[2026-05-02 21:27:02,866][root][INFO] - buffer reward mean=0.38943664671316336
[2026-05-02 21:27:02,866][root][INFO] - FINETUNE:
[2026-05-02 21:30:43,637][root][INFO] - Epoch 0: loss: 0.0789, loss_diff: 0.0707, loss_kl: 0.3267
[2026-05-02 21:34:25,728][root][INFO] - Epoch 1: loss: 0.0805, loss_diff: 0.0678, loss_kl: 0.5116
[2026-05-02 21:39:10,300][root][INFO] - Epoch 2: loss: 0.0842, loss_diff: 0.0673, loss_kl: 0.6784
[2026-05-02 21:39:10,303][root][INFO] - *****   LOOP 19 FINISH   *****
[2026-05-02 21:39:10,304][root][INFO] - Total time taken: 42.43 min.


[2026-05-02 21:39:11,130][root][INFO] - *****   RL END   *****
[2026-05-02 21:39:11,131][root][INFO] - Total time taken: 50827 s.
Closing LMDB environment /tmp/job.3003441/tmpqxn5oir9/reference_MP2020correction
Phase-3 v4 mg accel (seed=17) finished at Sat May  2 21:40:12 CDT 2026
