Phase-3 v4 CF BASELINE seed=17 cycles=20 at Sat May  2 07:20:45 CDT 2026 on fc103
Tesla T4, 16384 MiB
MODELS_PROJECT_ROOT: /scratch/user/ahnafalvi/matinvent-bo/src/mattergen/mattergen
[2026-05-02 07:27:32,814][httpx][INFO] - HTTP Request: HEAD https://huggingface.co/jwchen25/MatInvent/resolve/main/reference_MP2020correction.gz "HTTP/1.1 302 Found"
edge_style: fc
[2026-05-02 07:37:56,275][hydra.utils][INFO] - Using lattice polar decomposition with sigma=0.1
edge_style: fc
[2026-05-02 07:38:14,073][hydra.utils][INFO] - Using lattice polar decomposition with sigma=0.1
edge_style: fc
[2026-05-02 07:38:25,856][hydra.utils][INFO] - Using lattice polar decomposition with sigma=0.1
edge_style: fc
[2026-05-02 07:38:39,701][hydra.utils][INFO] - Using lattice polar decomposition with sigma=0.1
[2026-05-02 07:38:39,740][root][INFO] - *****   RL START   *****
[2026-05-02 07:38:39,740][root][INFO] - *****   LOOP 0 START   *****
[2026-05-02 07:38:39,741][root][INFO] - SAMPLE:
[32m2026-05-02 07:40:42.137[0m | [1mINFO    [0m | [36mmattersim.forcefield.potential[0m:[36mfrom_checkpoint[0m:[36m891[0m - [1mLoading the pre-trained mattersim-v1.0.0-5M.pth model[0m
[2026-05-02 07:53:51,907][root][INFO] - Number of filtered samples: 7
[2026-05-02 07:53:51,962][root][INFO] - avg_energy_above_hull_per_atom: 0.295371, avg_rmsd_from_relaxation: 1.027324, frac_novel_unique_stable_structures: 0.134615, frac_stable_structures: 0.250000, frac_successful_jobs: 1.000000, avg_comp_validity: 1.000000, avg_structure_comp_validity: 1.000000, avg_structure_validity: 1.000000, frac_novel_structures: 0.865385, frac_novel_systems: 0.307692, frac_novel_unique_structures: 0.865385, frac_unique_structures: 1.000000, frac_unique_systems: 1.000000, precision: 0.134615, recall: 0.000028
[2026-05-02 07:53:51,968][root][INFO] - SCORE:
[2026-05-02 07:53:58,263][root][INFO] - Project root: /scratch/user/ahnafalvi/envs/matinvent-hcap-bo/lib/python3.10/site-packages/fairchem
[2026-05-02 07:53:59,347][root][INFO] - Checking local cache: /scratch/user/ahnafalvi/.cache/huggingface for model eSEN-30M-OAM
[2026-05-02 07:53:59,601][httpx][INFO] - HTTP Request: HEAD https://huggingface.co/facebook/OMAT24/resolve/main/esen_30m_oam.pt "HTTP/1.1 302 Found"
[2026-05-02 07:54:00,152][root][INFO] - local rank base: 0
[2026-05-02 07:54:06,331][root][INFO] - amp: false
cmd:
  checkpoint_dir: /scratch/user/ahnafalvi/matinvent-hcap-bo/results/hcap_p3v4_cf_baseline_seed17_3003443/checkpoints/2026-05-02-07-54-24
  commit: core:None,experimental:NA
  identifier: ''
  logs_dir: /scratch/user/ahnafalvi/matinvent-hcap-bo/results/hcap_p3v4_cf_baseline_seed17_3003443/logs/wandb/2026-05-02-07-54-24
  print_every: 100
  results_dir: /scratch/user/ahnafalvi/matinvent-hcap-bo/results/hcap_p3v4_cf_baseline_seed17_3003443/results/2026-05-02-07-54-24
  seed: null
  timestamp_id: 2026-05-02-07-54-24
  version: 1.10.0
dataset:
  a2g_args:
    r_energy: true
    r_forces: true
    r_stress: true
  format: ase_db
  metadata_path: ''
  transforms:
    element_references: ''
    normalizer:
      energy:
        mean: 0.0
        stdev: 0.6274358
      forces:
        mean: 0.0
        stdev: 0.6274358
      stress:
        mean: 0.0
        stdev: 0.6274358
evaluation_metrics:
  metrics:
    energy:
    - mae
    - per_atom_mae
    forces:
    - mae
    - cosine_similarity
    stress:
    - mae
  primary_metric: forces_mae
gp_gpus: null
gpus: 1
logger: wandb
loss_functions:
- energy:
    coefficient: 20
    fn: per_atom_mae
- forces:
    coefficient: 20
    fn: l2mae
- stress:
    coefficient: 5
    fn: mae
model:
  backbone:
    act_type: gate
    cutoff: 6.0
    direct_forces: false
    distance_function: gaussian
    edge_channels: 128
    hidden_channels: 128
    lmax: 3
    max_neighbors: 300
    max_num_elements: 100
    mlp_type: spectral
    mmax: 2
    model: esen_backbone
    norm_type: rms_norm_sh
    num_distance_basis: 64
    num_layers: 10
    otf_graph: true
    regress_forces: true
    regress_stress: true
    sphere_channels: 128
    use_envelope: true
    use_pbc: true
    use_pbc_single: true
  heads:
    mptrj:
      module: esen_mlp_efs_head
  name: hydra
  otf_graph: true
  pass_through_head_outputs: true
optim:
  batch_size: 4
  clip_grad_norm: 100
  ema_decay: 0.999
  eval_batch_size: 4
  eval_every: 5000
  load_balancing: atoms
  lr_initial: 0.0004
  max_epochs: 1
  num_workers: 4
  optimizer: AdamW
  optimizer_params:
    weight_decay: 0.001
  scheduler: LambdaLR
  scheduler_params:
    epochs: 85271
    lambda_type: cosine
    lr: 0.0004
    lr_min_factor: 0.1
    warmup_epochs: 8527
    warmup_factor: 0.2
outputs:
  energy:
    level: system
    property: energy
  forces:
    eval_on_free_atoms: true
    level: atom
    property: forces
    train_on_free_atoms: true
  stress:
    level: system
    property: stress
relax_dataset: {}
slurm: {}
task: {}
test_dataset: {}
trainer: ocp
val_dataset: {}

[2026-05-02 07:54:06,331][root][INFO] - Loading model: hydra
[2026-05-02 07:54:07,028][root][INFO] - Loaded HydraModel with 30161153 parameters.
[2026-05-02 07:54:07,028][root][INFO] - Loading checkpoint in inference-only mode, not loading keys associated with trainer state!
[2026-05-02 07:54:07,063][root][WARNING] - No seed has been set in modelcheckpoint or OCPCalculator! Results may not be reproducible on re-run
[2026-05-02 08:00:51,786][root][INFO] - Evaluation costs to date: 7
[2026-05-02 08:00:51,788][root][INFO] - Number of samples that successfully obtained rewards: 1
[2026-05-02 08:00:51,788][root][INFO] - reward mean=0.0000 std=0.0000
[2026-05-02 08:00:51,789][root][INFO] - heat_capacity mean=0.1879 std=0.0000
[2026-05-02 08:00:51,854][root][INFO] - 1 crystals generated so far, 1 unique components.  Burden: None, Div. Ratio: 1.0.
[2026-05-02 08:00:51,875][root][INFO] - Diversity filter: tol_n=0, buff_n=0
[2026-05-02 08:00:51,878][root][INFO] - replay buffer size=0
[2026-05-02 08:00:51,880][root][INFO] - buffer reward mean=nan
[2026-05-02 08:00:51,880][root][INFO] - FINETUNE:
[2026-05-02 08:00:52,221][root][INFO] - Epoch 0: loss: 0.0000, loss_diff: 0.0000, loss_kl: 0.0000
[2026-05-02 08:00:52,313][root][INFO] - Epoch 1: loss: 0.0000, loss_diff: 0.0000, loss_kl: 0.0000
[2026-05-02 08:00:52,403][root][INFO] - Epoch 2: loss: 0.0000, loss_diff: 0.0000, loss_kl: 0.0000
[2026-05-02 08:00:52,403][root][INFO] - *****   LOOP 0 FINISH   *****
[2026-05-02 08:00:52,404][root][INFO] - Total time taken: 22.21 min.


[2026-05-02 08:00:52,404][root][INFO] - *****   LOOP 1 START   *****
[2026-05-02 08:00:52,404][root][INFO] - SAMPLE:
[32m2026-05-02 08:03:16.456[0m | [1mINFO    [0m | [36mmattersim.forcefield.potential[0m:[36mfrom_checkpoint[0m:[36m891[0m - [1mLoading the pre-trained mattersim-v1.0.0-5M.pth model[0m
[2026-05-02 08:08:44,422][root][INFO] - Number of filtered samples: 6
[2026-05-02 08:08:44,423][root][INFO] - avg_energy_above_hull_per_atom: 0.328415, avg_rmsd_from_relaxation: 1.140872, frac_novel_unique_stable_structures: 0.127660, frac_stable_structures: 0.170213, frac_successful_jobs: 1.000000, avg_comp_validity: 1.000000, avg_structure_comp_validity: 1.000000, avg_structure_validity: 1.000000, frac_novel_structures: 0.957447, frac_novel_systems: 0.361702, frac_novel_unique_structures: 0.957447, frac_unique_structures: 1.000000, frac_unique_systems: 1.000000, precision: 0.042553, recall: 0.000005
[2026-05-02 08:08:44,703][root][INFO] - SCORE:
[2026-05-02 08:17:06,673][root][INFO] - Evaluation costs to date: 13
[2026-05-02 08:17:06,674][root][INFO] - Number of samples that successfully obtained rewards: 1
[2026-05-02 08:17:06,675][root][INFO] - reward mean=0.0394 std=0.0000
[2026-05-02 08:17:06,675][root][INFO] - heat_capacity mean=0.3190 std=0.0000
[2026-05-02 08:17:06,702][root][INFO] - 2 crystals generated so far, 2 unique components.  Burden: None, Div. Ratio: 1.0.
[2026-05-02 08:17:06,708][root][INFO] - Diversity filter: tol_n=0, buff_n=0
[2026-05-02 08:17:06,711][root][INFO] - replay buffer size=0
[2026-05-02 08:17:06,711][root][INFO] - buffer reward mean=nan
[2026-05-02 08:17:06,711][root][INFO] - FINETUNE:
[2026-05-02 08:17:07,013][root][INFO] - Epoch 0: loss: 0.0614, loss_diff: 0.0614, loss_kl: 0.0000
[2026-05-02 08:17:07,120][root][INFO] - Epoch 1: loss: 0.0532, loss_diff: 0.0532, loss_kl: 0.0000
[2026-05-02 08:17:07,233][root][INFO] - Epoch 2: loss: 0.0613, loss_diff: 0.0613, loss_kl: 0.0000
[2026-05-02 08:17:07,233][root][INFO] - *****   LOOP 1 FINISH   *****
[2026-05-02 08:17:07,234][root][INFO] - Total time taken: 16.25 min.


[2026-05-02 08:17:07,234][root][INFO] - *****   LOOP 2 START   *****
[2026-05-02 08:17:07,234][root][INFO] - SAMPLE:
[32m2026-05-02 08:21:53.435[0m | [1mINFO    [0m | [36mmattersim.forcefield.potential[0m:[36mfrom_checkpoint[0m:[36m891[0m - [1mLoading the pre-trained mattersim-v1.0.0-5M.pth model[0m
[2026-05-02 08:27:16,178][root][INFO] - Number of filtered samples: 9
[2026-05-02 08:27:16,190][root][INFO] - avg_energy_above_hull_per_atom: 0.413670, avg_rmsd_from_relaxation: 0.992576, frac_novel_unique_stable_structures: 0.183673, frac_stable_structures: 0.285714, frac_successful_jobs: 1.000000, avg_comp_validity: 1.000000, avg_structure_comp_validity: 1.000000, avg_structure_validity: 1.000000, frac_novel_structures: 0.877551, frac_novel_systems: 0.285714, frac_novel_unique_structures: 0.877551, frac_unique_structures: 1.000000, frac_unique_systems: 1.000000, precision: 0.122449, recall: 0.000011
[2026-05-02 08:27:16,514][root][INFO] - SCORE:
[2026-05-02 08:39:42,614][root][INFO] - Evaluation costs to date: 22
[2026-05-02 08:39:42,676][root][INFO] - Number of samples that successfully obtained rewards: 5
[2026-05-02 08:39:42,676][root][INFO] - reward mean=0.0462 std=0.0261
[2026-05-02 08:39:42,677][root][INFO] - heat_capacity mean=0.3255 std=0.0552
[2026-05-02 08:39:42,840][root][INFO] - 7 crystals generated so far, 7 unique components.  Burden: None, Div. Ratio: 1.0.
[2026-05-02 08:39:42,932][root][INFO] - Diversity filter: tol_n=0, buff_n=0
[2026-05-02 08:39:42,935][root][INFO] - replay buffer size=0
[2026-05-02 08:39:42,935][root][INFO] - buffer reward mean=nan
[2026-05-02 08:39:42,936][root][INFO] - FINETUNE:
[2026-05-02 08:39:43,464][root][INFO] - Epoch 0: loss: 0.0627, loss_diff: 0.0627, loss_kl: 0.0000
[2026-05-02 08:39:43,644][root][INFO] - Epoch 1: loss: 0.0626, loss_diff: 0.0626, loss_kl: 0.0000
[2026-05-02 08:39:43,823][root][INFO] - Epoch 2: loss: 0.0612, loss_diff: 0.0612, loss_kl: 0.0000
[2026-05-02 08:39:43,824][root][INFO] - *****   LOOP 2 FINISH   *****
[2026-05-02 08:39:43,824][root][INFO] - Total time taken: 22.61 min.


[2026-05-02 08:39:43,824][root][INFO] - *****   LOOP 3 START   *****
[2026-05-02 08:39:43,824][root][INFO] - SAMPLE:
[32m2026-05-02 08:42:26.007[0m | [1mINFO    [0m | [36mmattersim.forcefield.potential[0m:[36mfrom_checkpoint[0m:[36m891[0m - [1mLoading the pre-trained mattersim-v1.0.0-5M.pth model[0m
[2026-05-02 08:47:40,587][root][INFO] - Number of filtered samples: 7
[2026-05-02 08:47:40,612][root][INFO] - avg_energy_above_hull_per_atom: 0.192521, avg_rmsd_from_relaxation: 0.915745, frac_novel_unique_stable_structures: 0.142857, frac_stable_structures: 0.367347, frac_successful_jobs: 1.000000, avg_comp_validity: 1.000000, avg_structure_comp_validity: 1.000000, avg_structure_validity: 1.000000, frac_novel_structures: 0.755102, frac_novel_systems: 0.265306, frac_novel_unique_structures: 0.755102, frac_unique_structures: 1.000000, frac_unique_systems: 1.000000, precision: 0.244898, recall: 0.000021
[2026-05-02 08:47:40,622][root][INFO] - SCORE:
[2026-05-02 08:56:04,165][root][INFO] - Evaluation costs to date: 29
[2026-05-02 08:56:04,223][root][INFO] - Number of samples that successfully obtained rewards: 3
[2026-05-02 08:56:04,224][root][INFO] - reward mean=0.1260 std=0.1624
[2026-05-02 08:56:04,224][root][INFO] - heat_capacity mean=0.4601 std=0.2926
[2026-05-02 08:56:04,769][root][INFO] - 10 crystals generated so far, 10 unique components.  Burden: None, Div. Ratio: 1.0.
[2026-05-02 08:56:05,429][root][INFO] - Diversity filter: tol_n=0, buff_n=0
[2026-05-02 08:56:05,450][root][INFO] - replay buffer size=1
[2026-05-02 08:56:05,451][root][INFO] - buffer reward mean=0.3553230643852133
[2026-05-02 08:56:05,451][root][INFO] - FINETUNE:
[2026-05-02 08:56:05,833][root][INFO] - Epoch 0: loss: 0.1955, loss_diff: 0.1955, loss_kl: 0.0000
[2026-05-02 08:56:05,965][root][INFO] - Epoch 1: loss: 0.1831, loss_diff: 0.1831, loss_kl: 0.0000
[2026-05-02 08:56:06,119][root][INFO] - Epoch 2: loss: 0.1882, loss_diff: 0.1882, loss_kl: 0.0000
[2026-05-02 08:56:06,120][root][INFO] - *****   LOOP 3 FINISH   *****
[2026-05-02 08:56:06,120][root][INFO] - Total time taken: 16.37 min.


[2026-05-02 08:56:06,120][root][INFO] - *****   LOOP 4 START   *****
[2026-05-02 08:56:06,120][root][INFO] - SAMPLE:
[32m2026-05-02 08:58:58.605[0m | [1mINFO    [0m | [36mmattersim.forcefield.potential[0m:[36mfrom_checkpoint[0m:[36m891[0m - [1mLoading the pre-trained mattersim-v1.0.0-5M.pth model[0m
[2026-05-02 09:04:43,743][root][INFO] - Number of filtered samples: 7
[2026-05-02 09:04:43,745][root][INFO] - avg_energy_above_hull_per_atom: 0.218056, avg_rmsd_from_relaxation: 1.021047, frac_novel_unique_stable_structures: 0.145833, frac_stable_structures: 0.250000, frac_successful_jobs: 1.000000, avg_comp_validity: 1.000000, avg_structure_comp_validity: 1.000000, avg_structure_validity: 1.000000, frac_novel_structures: 0.854167, frac_novel_systems: 0.166667, frac_novel_unique_structures: 0.854167, frac_unique_structures: 1.000000, frac_unique_systems: 1.000000, precision: 0.145833, recall: 0.000014
[2026-05-02 09:04:43,773][root][INFO] - SCORE:
[2026-05-02 09:08:31,909][root][INFO] - Evaluation costs to date: 36
[2026-05-02 09:08:31,916][root][INFO] - Number of samples that successfully obtained rewards: 5
[2026-05-02 09:08:31,916][root][INFO] - reward mean=0.0025 std=0.0050
[2026-05-02 09:08:31,917][root][INFO] - heat_capacity mean=0.2217 std=0.0390
[2026-05-02 09:08:36,561][root][INFO] - 15 crystals generated so far, 15 unique components.  Burden: None, Div. Ratio: 1.0.
[2026-05-02 09:08:36,620][root][INFO] - Diversity filter: tol_n=0, buff_n=0
[2026-05-02 09:08:36,623][root][INFO] - replay buffer size=1
[2026-05-02 09:08:36,623][root][INFO] - buffer reward mean=0.3553230643852133
[2026-05-02 09:08:36,623][root][INFO] - FINETUNE:
[2026-05-02 09:08:36,823][root][INFO] - Epoch 0: loss: 0.0887, loss_diff: 0.0887, loss_kl: 0.0000
[2026-05-02 09:08:36,943][root][INFO] - Epoch 1: loss: 0.0943, loss_diff: 0.0943, loss_kl: 0.0000
[2026-05-02 09:08:37,057][root][INFO] - Epoch 2: loss: 0.0938, loss_diff: 0.0938, loss_kl: 0.0000
[2026-05-02 09:08:37,057][root][INFO] - *****   LOOP 4 FINISH   *****
[2026-05-02 09:08:37,057][root][INFO] - Total time taken: 12.52 min.


[2026-05-02 09:08:37,057][root][INFO] - *****   LOOP 5 START   *****
[2026-05-02 09:08:37,058][root][INFO] - SAMPLE:
[32m2026-05-02 09:10:49.935[0m | [1mINFO    [0m | [36mmattersim.forcefield.potential[0m:[36mfrom_checkpoint[0m:[36m891[0m - [1mLoading the pre-trained mattersim-v1.0.0-5M.pth model[0m
[2026-05-02 09:16:18,572][root][INFO] - Number of filtered samples: 7
[2026-05-02 09:16:18,618][root][INFO] - avg_energy_above_hull_per_atom: 0.272266, avg_rmsd_from_relaxation: 0.941093, frac_novel_unique_stable_structures: 0.127273, frac_stable_structures: 0.345455, frac_successful_jobs: 1.000000, avg_comp_validity: 1.000000, avg_structure_comp_validity: 1.000000, avg_structure_validity: 1.000000, frac_novel_structures: 0.781818, frac_novel_systems: 0.163636, frac_novel_unique_structures: 0.781818, frac_unique_structures: 1.000000, frac_unique_systems: 1.000000, precision: 0.218182, recall: 0.000043
[2026-05-02 09:16:22,359][root][INFO] - SCORE:
[2026-05-02 09:25:56,468][root][INFO] - Evaluation costs to date: 43
[2026-05-02 09:25:56,501][root][INFO] - Number of samples that successfully obtained rewards: 3
[2026-05-02 09:25:56,501][root][INFO] - reward mean=0.0881 std=0.0963
[2026-05-02 09:25:56,502][root][INFO] - heat_capacity mean=0.3667 std=0.2068
[2026-05-02 09:25:56,605][root][INFO] - 18 crystals generated so far, 18 unique components.  Burden: None, Div. Ratio: 1.0.
[2026-05-02 09:25:56,744][root][INFO] - Diversity filter: tol_n=0, buff_n=0
[2026-05-02 09:25:56,748][root][INFO] - replay buffer size=2
[2026-05-02 09:25:56,748][root][INFO] - buffer reward mean=0.2886853504598607
[2026-05-02 09:25:56,748][root][INFO] - FINETUNE:
[2026-05-02 09:25:57,034][root][INFO] - Epoch 0: loss: 0.2118, loss_diff: 0.2118, loss_kl: 0.0000
[2026-05-02 09:25:57,164][root][INFO] - Epoch 1: loss: 0.2163, loss_diff: 0.2163, loss_kl: 0.0001
[2026-05-02 09:25:57,284][root][INFO] - Epoch 2: loss: 0.2210, loss_diff: 0.2210, loss_kl: 0.0001
[2026-05-02 09:25:57,285][root][INFO] - *****   LOOP 5 FINISH   *****
[2026-05-02 09:25:57,285][root][INFO] - Total time taken: 17.34 min.


[2026-05-02 09:25:57,285][root][INFO] - *****   LOOP 6 START   *****
[2026-05-02 09:25:57,285][root][INFO] - SAMPLE:
[32m2026-05-02 09:28:40.521[0m | [1mINFO    [0m | [36mmattersim.forcefield.potential[0m:[36mfrom_checkpoint[0m:[36m891[0m - [1mLoading the pre-trained mattersim-v1.0.0-5M.pth model[0m
[2026-05-02 09:33:58,063][root][INFO] - Number of filtered samples: 4
[2026-05-02 09:33:58,101][root][INFO] - avg_energy_above_hull_per_atom: 0.198218, avg_rmsd_from_relaxation: 1.046656, frac_novel_unique_stable_structures: 0.076923, frac_stable_structures: 0.230769, frac_successful_jobs: 1.000000, avg_comp_validity: 1.000000, avg_structure_comp_validity: 1.000000, avg_structure_validity: 1.000000, frac_novel_structures: 0.807692, frac_novel_systems: 0.326923, frac_novel_unique_structures: 0.807692, frac_unique_structures: 1.000000, frac_unique_systems: 1.000000, precision: 0.192308, recall: 0.000030
[2026-05-02 09:33:58,132][root][INFO] - SCORE:
[2026-05-02 09:40:33,960][root][INFO] - Evaluation costs to date: 47
[2026-05-02 09:40:33,962][root][INFO] - Number of samples that successfully obtained rewards: 0
[2026-05-02 09:40:34,021][root][INFO] - reward mean=nan std=nan
[2026-05-02 09:40:34,021][root][INFO] - heat_capacity mean=nan std=nan
[2026-05-02 09:40:34,148][root][INFO] - 18 crystals generated so far, 18 unique components.  Burden: None, Div. Ratio: 1.0.
[2026-05-02 09:40:34,198][root][INFO] - Diversity filter: tol_n=0, buff_n=0
[2026-05-02 09:40:34,201][root][INFO] - replay buffer size=2
[2026-05-02 09:40:34,201][root][INFO] - buffer reward mean=0.2886853504598607
[2026-05-02 09:40:34,201][root][INFO] - FINETUNE:
[2026-05-02 09:40:34,684][root][INFO] - Epoch 0: loss: 0.4407, loss_diff: 0.4407, loss_kl: 0.0001
[2026-05-02 09:40:34,800][root][INFO] - Epoch 1: loss: 0.4334, loss_diff: 0.4334, loss_kl: 0.0001
[2026-05-02 09:40:34,908][root][INFO] - Epoch 2: loss: 0.4135, loss_diff: 0.4135, loss_kl: 0.0001
[2026-05-02 09:40:34,909][root][INFO] - *****   LOOP 6 FINISH   *****
[2026-05-02 09:40:34,909][root][INFO] - Total time taken: 14.63 min.


[2026-05-02 09:40:34,909][root][INFO] - *****   LOOP 7 START   *****
[2026-05-02 09:40:34,909][root][INFO] - SAMPLE:
[32m2026-05-02 09:44:31.111[0m | [1mINFO    [0m | [36mmattersim.forcefield.potential[0m:[36mfrom_checkpoint[0m:[36m891[0m - [1mLoading the pre-trained mattersim-v1.0.0-5M.pth model[0m
[2026-05-02 09:55:18,889][root][INFO] - Number of filtered samples: 4
[2026-05-02 09:55:18,913][root][INFO] - avg_energy_above_hull_per_atom: 0.254530, avg_rmsd_from_relaxation: 0.992171, frac_novel_unique_stable_structures: 0.085106, frac_stable_structures: 0.234043, frac_successful_jobs: 1.000000, avg_comp_validity: 1.000000, avg_structure_comp_validity: 1.000000, avg_structure_validity: 1.000000, frac_novel_structures: 0.829787, frac_novel_systems: 0.297872, frac_novel_unique_structures: 0.829787, frac_unique_structures: 1.000000, frac_unique_systems: 0.978723, precision: 0.170213, recall: 0.000024
[2026-05-02 09:55:18,957][root][INFO] - SCORE:
[2026-05-02 09:56:44,866][root][INFO] - Evaluation costs to date: 51
[2026-05-02 09:56:44,867][root][INFO] - Number of samples that successfully obtained rewards: 2
[2026-05-02 09:56:44,867][root][INFO] - reward mean=0.0000 std=0.0000
[2026-05-02 09:56:44,867][root][INFO] - heat_capacity mean=0.1563 std=0.0067
[2026-05-02 09:56:44,982][root][INFO] - 20 crystals generated so far, 20 unique components.  Burden: None, Div. Ratio: 1.0.
[2026-05-02 09:56:45,347][root][INFO] - Diversity filter: tol_n=0, buff_n=0
[2026-05-02 09:56:45,349][root][INFO] - replay buffer size=2
[2026-05-02 09:56:45,350][root][INFO] - buffer reward mean=0.2886853504598607
[2026-05-02 09:56:45,350][root][INFO] - FINETUNE:
[2026-05-02 09:56:45,485][root][INFO] - Epoch 0: loss: 0.2056, loss_diff: 0.2056, loss_kl: 0.0002
[2026-05-02 09:56:45,581][root][INFO] - Epoch 1: loss: 0.2040, loss_diff: 0.2040, loss_kl: 0.0002
[2026-05-02 09:56:45,677][root][INFO] - Epoch 2: loss: 0.2189, loss_diff: 0.2189, loss_kl: 0.0002
[2026-05-02 09:56:45,678][root][INFO] - *****   LOOP 7 FINISH   *****
[2026-05-02 09:56:45,678][root][INFO] - Total time taken: 16.18 min.


[2026-05-02 09:56:45,678][root][INFO] - *****   LOOP 8 START   *****
[2026-05-02 09:56:45,678][root][INFO] - SAMPLE:
[32m2026-05-02 09:59:01.966[0m | [1mINFO    [0m | [36mmattersim.forcefield.potential[0m:[36mfrom_checkpoint[0m:[36m891[0m - [1mLoading the pre-trained mattersim-v1.0.0-5M.pth model[0m
[2026-05-02 10:05:08,461][root][INFO] - Number of filtered samples: 6
[2026-05-02 10:05:08,501][root][INFO] - avg_energy_above_hull_per_atom: 0.353477, avg_rmsd_from_relaxation: 0.957001, frac_novel_unique_stable_structures: 0.127660, frac_stable_structures: 0.297872, frac_successful_jobs: 1.000000, avg_comp_validity: 1.000000, avg_structure_comp_validity: 1.000000, avg_structure_validity: 1.000000, frac_novel_structures: 0.829787, frac_novel_systems: 0.191489, frac_novel_unique_structures: 0.829787, frac_unique_structures: 1.000000, frac_unique_systems: 1.000000, precision: 0.170213, recall: 0.000026
[2026-05-02 10:05:08,512][root][INFO] - SCORE:
[2026-05-02 10:11:46,382][root][INFO] - Evaluation costs to date: 57
[2026-05-02 10:11:49,244][root][INFO] - Number of samples that successfully obtained rewards: 0
[2026-05-02 10:11:49,245][root][INFO] - reward mean=nan std=nan
[2026-05-02 10:11:49,245][root][INFO] - heat_capacity mean=nan std=nan
[2026-05-02 10:11:49,326][root][INFO] - 20 crystals generated so far, 20 unique components.  Burden: None, Div. Ratio: 1.0.
[2026-05-02 10:11:49,330][root][INFO] - Diversity filter: tol_n=0, buff_n=0
[2026-05-02 10:11:49,332][root][INFO] - replay buffer size=2
[2026-05-02 10:11:49,333][root][INFO] - buffer reward mean=0.2886853504598607
[2026-05-02 10:11:49,333][root][INFO] - FINETUNE:
[2026-05-02 10:11:49,494][root][INFO] - Epoch 0: loss: 0.3946, loss_diff: 0.3946, loss_kl: 0.0002
[2026-05-02 10:11:49,609][root][INFO] - Epoch 1: loss: 0.4168, loss_diff: 0.4168, loss_kl: 0.0002
[2026-05-02 10:11:49,721][root][INFO] - Epoch 2: loss: 0.3998, loss_diff: 0.3998, loss_kl: 0.0003
[2026-05-02 10:11:49,722][root][INFO] - *****   LOOP 8 FINISH   *****
[2026-05-02 10:11:49,722][root][INFO] - Total time taken: 15.07 min.


[2026-05-02 10:11:49,722][root][INFO] - *****   LOOP 9 START   *****
[2026-05-02 10:11:49,722][root][INFO] - SAMPLE:
[32m2026-05-02 10:15:11.003[0m | [1mINFO    [0m | [36mmattersim.forcefield.potential[0m:[36mfrom_checkpoint[0m:[36m891[0m - [1mLoading the pre-trained mattersim-v1.0.0-5M.pth model[0m
[2026-05-02 10:20:26,104][root][INFO] - Number of filtered samples: 6
[2026-05-02 10:20:26,116][root][INFO] - avg_energy_above_hull_per_atom: 0.252385, avg_rmsd_from_relaxation: 0.910105, frac_novel_unique_stable_structures: 0.122449, frac_stable_structures: 0.265306, frac_successful_jobs: 1.000000, avg_comp_validity: 1.000000, avg_structure_comp_validity: 1.000000, avg_structure_validity: 1.000000, frac_novel_structures: 0.795918, frac_novel_systems: 0.265306, frac_novel_unique_structures: 0.795918, frac_unique_structures: 1.000000, frac_unique_systems: 1.000000, precision: 0.204082, recall: 0.000043
[2026-05-02 10:20:26,130][root][INFO] - SCORE:
[2026-05-02 10:25:52,911][root][INFO] - Evaluation costs to date: 63
[2026-05-02 10:25:52,920][root][INFO] - Number of samples that successfully obtained rewards: 0
[2026-05-02 10:25:52,921][root][INFO] - reward mean=nan std=nan
[2026-05-02 10:25:52,921][root][INFO] - heat_capacity mean=nan std=nan
[2026-05-02 10:25:52,969][root][INFO] - 20 crystals generated so far, 20 unique components.  Burden: None, Div. Ratio: 1.0.
[2026-05-02 10:25:53,007][root][INFO] - Diversity filter: tol_n=0, buff_n=0
[2026-05-02 10:25:53,010][root][INFO] - replay buffer size=2
[2026-05-02 10:25:53,010][root][INFO] - buffer reward mean=0.2886853504598607
[2026-05-02 10:25:53,011][root][INFO] - FINETUNE:
[2026-05-02 10:25:53,163][root][INFO] - Epoch 0: loss: 0.4164, loss_diff: 0.4164, loss_kl: 0.0003
[2026-05-02 10:25:53,265][root][INFO] - Epoch 1: loss: 0.4341, loss_diff: 0.4341, loss_kl: 0.0003
[2026-05-02 10:25:53,367][root][INFO] - Epoch 2: loss: 0.4226, loss_diff: 0.4226, loss_kl: 0.0003
[2026-05-02 10:25:53,368][root][INFO] - *****   LOOP 9 FINISH   *****
[2026-05-02 10:25:53,368][root][INFO] - Total time taken: 14.06 min.


[2026-05-02 10:25:53,368][root][INFO] - *****   LOOP 10 START   *****
[2026-05-02 10:25:53,368][root][INFO] - SAMPLE:
[32m2026-05-02 10:28:55.431[0m | [1mINFO    [0m | [36mmattersim.forcefield.potential[0m:[36mfrom_checkpoint[0m:[36m891[0m - [1mLoading the pre-trained mattersim-v1.0.0-5M.pth model[0m
[2026-05-02 10:36:02,226][root][INFO] - Number of filtered samples: 5
[2026-05-02 10:36:08,329][root][INFO] - avg_energy_above_hull_per_atom: 0.242792, avg_rmsd_from_relaxation: 1.141049, frac_novel_unique_stable_structures: 0.108696, frac_stable_structures: 0.195652, frac_successful_jobs: 1.000000, avg_comp_validity: 1.000000, avg_structure_comp_validity: 1.000000, avg_structure_validity: 1.000000, frac_novel_structures: 0.913043, frac_novel_systems: 0.326087, frac_novel_unique_structures: 0.913043, frac_unique_structures: 1.000000, frac_unique_systems: 1.000000, precision: 0.086957, recall: 0.000009
[2026-05-02 10:36:08,357][root][INFO] - SCORE:
[2026-05-02 10:41:18,908][root][INFO] - Evaluation costs to date: 68
[2026-05-02 10:41:24,390][root][INFO] - Number of samples that successfully obtained rewards: 2
[2026-05-02 10:41:24,390][root][INFO] - reward mean=0.0000 std=0.0000
[2026-05-02 10:41:24,390][root][INFO] - heat_capacity mean=0.1977 std=0.0147
[2026-05-02 10:41:26,428][root][INFO] - 22 crystals generated so far, 22 unique components.  Burden: None, Div. Ratio: 1.0.
[2026-05-02 10:41:26,879][root][INFO] - Diversity filter: tol_n=0, buff_n=0
[2026-05-02 10:41:26,881][root][INFO] - replay buffer size=2
[2026-05-02 10:41:26,881][root][INFO] - buffer reward mean=0.2886853504598607
[2026-05-02 10:41:26,881][root][INFO] - FINETUNE:
[2026-05-02 10:41:27,048][root][INFO] - Epoch 0: loss: 0.2164, loss_diff: 0.2164, loss_kl: 0.0004
[2026-05-02 10:41:27,187][root][INFO] - Epoch 1: loss: 0.2101, loss_diff: 0.2101, loss_kl: 0.0004
[2026-05-02 10:41:27,307][root][INFO] - Epoch 2: loss: 0.2014, loss_diff: 0.2014, loss_kl: 0.0005
[2026-05-02 10:41:27,307][root][INFO] - *****   LOOP 10 FINISH   *****
[2026-05-02 10:41:27,307][root][INFO] - Total time taken: 15.57 min.


[2026-05-02 10:41:27,308][root][INFO] - *****   LOOP 11 START   *****
[2026-05-02 10:41:27,308][root][INFO] - SAMPLE:
[32m2026-05-02 10:47:30.066[0m | [1mINFO    [0m | [36mmattersim.forcefield.potential[0m:[36mfrom_checkpoint[0m:[36m891[0m - [1mLoading the pre-trained mattersim-v1.0.0-5M.pth model[0m
[2026-05-02 10:53:56,389][root][INFO] - Number of filtered samples: 5
[2026-05-02 10:53:56,413][root][INFO] - avg_energy_above_hull_per_atom: 0.249574, avg_rmsd_from_relaxation: 1.041092, frac_novel_unique_stable_structures: 0.100000, frac_stable_structures: 0.220000, frac_successful_jobs: 1.000000, avg_comp_validity: 1.000000, avg_structure_comp_validity: 1.000000, avg_structure_validity: 1.000000, frac_novel_structures: 0.880000, frac_novel_systems: 0.400000, frac_novel_unique_structures: 0.880000, frac_unique_structures: 1.000000, frac_unique_systems: 1.000000, precision: 0.120000, recall: 0.000018
[2026-05-02 10:53:56,428][root][INFO] - SCORE:
[2026-05-02 11:04:46,846][root][INFO] - Evaluation costs to date: 73
[2026-05-02 11:04:46,863][root][INFO] - Number of samples that successfully obtained rewards: 0
[2026-05-02 11:04:46,864][root][INFO] - reward mean=nan std=nan
[2026-05-02 11:04:46,864][root][INFO] - heat_capacity mean=nan std=nan
[2026-05-02 11:04:46,957][root][INFO] - 22 crystals generated so far, 22 unique components.  Burden: None, Div. Ratio: 1.0.
[2026-05-02 11:04:46,972][root][INFO] - Diversity filter: tol_n=0, buff_n=0
[2026-05-02 11:04:46,974][root][INFO] - replay buffer size=2
[2026-05-02 11:04:46,974][root][INFO] - buffer reward mean=0.2886853504598607
[2026-05-02 11:04:46,974][root][INFO] - FINETUNE:
[2026-05-02 11:04:47,091][root][INFO] - Epoch 0: loss: 0.3853, loss_diff: 0.3853, loss_kl: 0.0005
[2026-05-02 11:04:47,194][root][INFO] - Epoch 1: loss: 0.4396, loss_diff: 0.4396, loss_kl: 0.0005
[2026-05-02 11:04:47,297][root][INFO] - Epoch 2: loss: 0.4206, loss_diff: 0.4206, loss_kl: 0.0006
[2026-05-02 11:04:47,297][root][INFO] - *****   LOOP 11 FINISH   *****
[2026-05-02 11:04:47,297][root][INFO] - Total time taken: 23.33 min.


[2026-05-02 11:04:47,298][root][INFO] - *****   LOOP 12 START   *****
[2026-05-02 11:04:47,298][root][INFO] - SAMPLE:
[32m2026-05-02 11:07:03.214[0m | [1mINFO    [0m | [36mmattersim.forcefield.potential[0m:[36mfrom_checkpoint[0m:[36m891[0m - [1mLoading the pre-trained mattersim-v1.0.0-5M.pth model[0m
[2026-05-02 11:12:33,059][root][INFO] - Number of filtered samples: 4
[2026-05-02 11:12:33,061][root][INFO] - avg_energy_above_hull_per_atom: 0.214516, avg_rmsd_from_relaxation: 0.963840, frac_novel_unique_stable_structures: 0.093023, frac_stable_structures: 0.255814, frac_successful_jobs: 1.000000, avg_comp_validity: 1.000000, avg_structure_comp_validity: 1.000000, avg_structure_validity: 1.000000, frac_novel_structures: 0.837209, frac_novel_systems: 0.279070, frac_novel_unique_structures: 0.837209, frac_unique_structures: 1.000000, frac_unique_systems: 1.000000, precision: 0.162791, recall: 0.000034
[2026-05-02 11:12:33,065][root][INFO] - SCORE:
[2026-05-02 11:18:39,038][root][INFO] - Evaluation costs to date: 77
[2026-05-02 11:18:39,063][root][INFO] - Number of samples that successfully obtained rewards: 1
[2026-05-02 11:18:39,064][root][INFO] - reward mean=0.0258 std=0.0000
[2026-05-02 11:18:39,064][root][INFO] - heat_capacity mean=0.2951 std=0.0000
[2026-05-02 11:18:39,164][root][INFO] - 23 crystals generated so far, 23 unique components.  Burden: None, Div. Ratio: 1.0.
[2026-05-02 11:18:39,235][root][INFO] - Diversity filter: tol_n=0, buff_n=0
[2026-05-02 11:18:39,238][root][INFO] - replay buffer size=2
[2026-05-02 11:18:39,238][root][INFO] - buffer reward mean=0.2886853504598607
[2026-05-02 11:18:39,238][root][INFO] - FINETUNE:
[2026-05-02 11:18:39,363][root][INFO] - Epoch 0: loss: 0.2984, loss_diff: 0.2984, loss_kl: 0.0007
[2026-05-02 11:18:39,457][root][INFO] - Epoch 1: loss: 0.2792, loss_diff: 0.2792, loss_kl: 0.0008
[2026-05-02 11:18:39,550][root][INFO] - Epoch 2: loss: 0.2842, loss_diff: 0.2842, loss_kl: 0.0008
[2026-05-02 11:18:39,551][root][INFO] - *****   LOOP 12 FINISH   *****
[2026-05-02 11:18:39,551][root][INFO] - Total time taken: 13.87 min.


[2026-05-02 11:18:39,551][root][INFO] - *****   LOOP 13 START   *****
[2026-05-02 11:18:39,551][root][INFO] - SAMPLE:
[32m2026-05-02 11:21:03.240[0m | [1mINFO    [0m | [36mmattersim.forcefield.potential[0m:[36mfrom_checkpoint[0m:[36m891[0m - [1mLoading the pre-trained mattersim-v1.0.0-5M.pth model[0m
[2026-05-02 11:27:37,575][root][INFO] - Number of filtered samples: 7
[2026-05-02 11:27:45,475][root][INFO] - avg_energy_above_hull_per_atom: 0.207598, avg_rmsd_from_relaxation: 0.973363, frac_novel_unique_stable_structures: 0.152174, frac_stable_structures: 0.217391, frac_successful_jobs: 1.000000, avg_comp_validity: 1.000000, avg_structure_comp_validity: 1.000000, avg_structure_validity: 1.000000, frac_novel_structures: 0.913043, frac_novel_systems: 0.282609, frac_novel_unique_structures: 0.913043, frac_unique_structures: 1.000000, frac_unique_systems: 1.000000, precision: 0.086957, recall: 0.000008
[2026-05-02 11:27:45,561][root][INFO] - SCORE:
[2026-05-02 11:39:24,102][root][INFO] - Evaluation costs to date: 84
[2026-05-02 11:39:24,167][root][INFO] - Number of samples that successfully obtained rewards: 3
[2026-05-02 11:39:24,168][root][INFO] - reward mean=0.1199 std=0.1414
[2026-05-02 11:39:24,168][root][INFO] - heat_capacity mean=0.4463 std=0.2594
[2026-05-02 11:39:24,279][root][INFO] - 26 crystals generated so far, 26 unique components.  Burden: None, Div. Ratio: 1.0.
[2026-05-02 11:39:24,295][root][INFO] - Diversity filter: tol_n=0, buff_n=0
[2026-05-02 11:39:24,298][root][INFO] - replay buffer size=3
[2026-05-02 11:39:24,298][root][INFO] - buffer reward mean=0.2986007982385463
[2026-05-02 11:39:24,298][root][INFO] - FINETUNE:
[2026-05-02 11:39:24,493][root][INFO] - Epoch 0: loss: 0.2725, loss_diff: 0.2725, loss_kl: 0.0007
[2026-05-02 11:39:24,607][root][INFO] - Epoch 1: loss: 0.2585, loss_diff: 0.2585, loss_kl: 0.0006
[2026-05-02 11:39:24,719][root][INFO] - Epoch 2: loss: 0.2737, loss_diff: 0.2737, loss_kl: 0.0007
[2026-05-02 11:39:24,719][root][INFO] - *****   LOOP 13 FINISH   *****
[2026-05-02 11:39:24,719][root][INFO] - Total time taken: 20.75 min.


[2026-05-02 11:39:24,719][root][INFO] - *****   LOOP 14 START   *****
[2026-05-02 11:39:24,719][root][INFO] - SAMPLE:
[32m2026-05-02 11:41:35.977[0m | [1mINFO    [0m | [36mmattersim.forcefield.potential[0m:[36mfrom_checkpoint[0m:[36m891[0m - [1mLoading the pre-trained mattersim-v1.0.0-5M.pth model[0m
[2026-05-02 11:47:09,499][root][INFO] - Number of filtered samples: 4
[2026-05-02 11:47:09,621][root][INFO] - avg_energy_above_hull_per_atom: 0.236266, avg_rmsd_from_relaxation: 1.016923, frac_novel_unique_stable_structures: 0.075472, frac_stable_structures: 0.188679, frac_successful_jobs: 1.000000, avg_comp_validity: 1.000000, avg_structure_comp_validity: 1.000000, avg_structure_validity: 1.000000, frac_novel_structures: 0.886792, frac_novel_systems: 0.226415, frac_novel_unique_structures: 0.886792, frac_unique_structures: 1.000000, frac_unique_systems: 1.000000, precision: 0.113208, recall: 0.000028
[2026-05-02 11:47:09,625][root][INFO] - SCORE:
[2026-05-02 11:51:09,658][root][INFO] - Evaluation costs to date: 88
[2026-05-02 11:51:09,658][root][INFO] - Number of samples that successfully obtained rewards: 1
[2026-05-02 11:51:09,659][root][INFO] - reward mean=0.0853 std=0.0000
[2026-05-02 11:51:09,659][root][INFO] - heat_capacity mean=0.3993 std=0.0000
[2026-05-02 11:51:09,924][root][INFO] - 27 crystals generated so far, 27 unique components.  Burden: None, Div. Ratio: 1.0.
[2026-05-02 11:51:10,000][root][INFO] - Diversity filter: tol_n=0, buff_n=0
[2026-05-02 11:51:10,003][root][INFO] - replay buffer size=3
[2026-05-02 11:51:10,004][root][INFO] - buffer reward mean=0.2986007982385463
[2026-05-02 11:51:10,004][root][INFO] - FINETUNE:
[2026-05-02 11:51:10,244][root][INFO] - Epoch 0: loss: 0.3560, loss_diff: 0.3560, loss_kl: 0.0005
[2026-05-02 11:51:10,406][root][INFO] - Epoch 1: loss: 0.3478, loss_diff: 0.3478, loss_kl: 0.0005
[2026-05-02 11:51:10,541][root][INFO] - Epoch 2: loss: 0.3519, loss_diff: 0.3519, loss_kl: 0.0005
[2026-05-02 11:51:10,541][root][INFO] - *****   LOOP 14 FINISH   *****
[2026-05-02 11:51:10,541][root][INFO] - Total time taken: 11.76 min.


[2026-05-02 11:51:10,542][root][INFO] - *****   LOOP 15 START   *****
[2026-05-02 11:51:10,542][root][INFO] - SAMPLE:
[32m2026-05-02 11:54:41.908[0m | [1mINFO    [0m | [36mmattersim.forcefield.potential[0m:[36mfrom_checkpoint[0m:[36m891[0m - [1mLoading the pre-trained mattersim-v1.0.0-5M.pth model[0m
[2026-05-02 11:59:54,630][root][INFO] - Number of filtered samples: 9
[2026-05-02 12:00:03,049][root][INFO] - avg_energy_above_hull_per_atom: 0.169792, avg_rmsd_from_relaxation: 0.936585, frac_novel_unique_stable_structures: 0.187500, frac_stable_structures: 0.354167, frac_successful_jobs: 1.000000, avg_comp_validity: 1.000000, avg_structure_comp_validity: 1.000000, avg_structure_validity: 1.000000, frac_novel_structures: 0.833333, frac_novel_systems: 0.312500, frac_novel_unique_structures: 0.833333, frac_unique_structures: 1.000000, frac_unique_systems: 1.000000, precision: 0.166667, recall: 0.000022
[2026-05-02 12:00:03,080][root][INFO] - SCORE:
[2026-05-02 12:13:12,127][root][INFO] - Evaluation costs to date: 97
[2026-05-02 12:13:37,607][root][INFO] - Number of samples that successfully obtained rewards: 3
[2026-05-02 12:13:37,608][root][INFO] - reward mean=0.0489 std=0.0512
[2026-05-02 12:13:37,608][root][INFO] - heat_capacity mean=0.3047 std=0.1236
[2026-05-02 12:14:29,604][root][INFO] - 30 crystals generated so far, 30 unique components.  Burden: None, Div. Ratio: 1.0.
[2026-05-02 12:14:29,931][root][INFO] - Diversity filter: tol_n=0, buff_n=0
[2026-05-02 12:14:29,934][root][INFO] - replay buffer size=4
[2026-05-02 12:14:29,934][root][INFO] - buffer reward mean=0.2538749656451894
[2026-05-02 12:14:29,934][root][INFO] - FINETUNE:
[2026-05-02 12:14:30,225][root][INFO] - Epoch 0: loss: 0.2436, loss_diff: 0.2436, loss_kl: 0.0005
[2026-05-02 12:14:30,376][root][INFO] - Epoch 1: loss: 0.2586, loss_diff: 0.2586, loss_kl: 0.0005
[2026-05-02 12:14:30,527][root][INFO] - Epoch 2: loss: 0.2539, loss_diff: 0.2538, loss_kl: 0.0005
[2026-05-02 12:14:30,528][root][INFO] - *****   LOOP 15 FINISH   *****
[2026-05-02 12:14:30,528][root][INFO] - Total time taken: 23.33 min.


[2026-05-02 12:14:30,528][root][INFO] - *****   LOOP 16 START   *****
[2026-05-02 12:14:30,528][root][INFO] - SAMPLE:
[32m2026-05-02 12:16:44.699[0m | [1mINFO    [0m | [36mmattersim.forcefield.potential[0m:[36mfrom_checkpoint[0m:[36m891[0m - [1mLoading the pre-trained mattersim-v1.0.0-5M.pth model[0m
[2026-05-02 12:20:20,208][root][INFO] - Number of filtered samples: 3
[2026-05-02 12:20:20,209][root][INFO] - avg_energy_above_hull_per_atom: 0.190835, avg_rmsd_from_relaxation: 0.987075, frac_novel_unique_stable_structures: 0.076923, frac_stable_structures: 0.205128, frac_successful_jobs: 1.000000, avg_comp_validity: 1.000000, avg_structure_comp_validity: 1.000000, avg_structure_validity: 1.000000, frac_novel_structures: 0.871795, frac_novel_systems: 0.205128, frac_novel_unique_structures: 0.871795, frac_unique_structures: 1.000000, frac_unique_systems: 1.000000, precision: 0.128205, recall: 0.000026
[2026-05-02 12:20:20,230][root][INFO] - SCORE:
[2026-05-02 12:23:31,630][root][INFO] - Evaluation costs to date: 100
[2026-05-02 12:23:31,660][root][INFO] - Number of samples that successfully obtained rewards: 0
[2026-05-02 12:23:31,662][root][INFO] - reward mean=nan std=nan
[2026-05-02 12:23:31,663][root][INFO] - heat_capacity mean=nan std=nan
[2026-05-02 12:23:32,253][root][INFO] - 30 crystals generated so far, 30 unique components.  Burden: None, Div. Ratio: 1.0.
[2026-05-02 12:23:32,365][root][INFO] - Diversity filter: tol_n=0, buff_n=0
[2026-05-02 12:23:32,729][root][INFO] - replay buffer size=4
[2026-05-02 12:23:32,729][root][INFO] - buffer reward mean=0.2538749656451894
[2026-05-02 12:23:32,729][root][INFO] - FINETUNE:
[2026-05-02 12:23:33,031][root][INFO] - Epoch 0: loss: 0.3403, loss_diff: 0.3403, loss_kl: 0.0006
[2026-05-02 12:23:33,154][root][INFO] - Epoch 1: loss: 0.3510, loss_diff: 0.3510, loss_kl: 0.0005
[2026-05-02 12:23:33,269][root][INFO] - Epoch 2: loss: 0.3479, loss_diff: 0.3479, loss_kl: 0.0006
[2026-05-02 12:23:33,269][root][INFO] - *****   LOOP 16 FINISH   *****
[2026-05-02 12:23:33,270][root][INFO] - Total time taken: 9.05 min.


[2026-05-02 12:23:33,270][root][INFO] - *****   LOOP 17 START   *****
[2026-05-02 12:23:33,270][root][INFO] - SAMPLE:
[32m2026-05-02 12:25:44.063[0m | [1mINFO    [0m | [36mmattersim.forcefield.potential[0m:[36mfrom_checkpoint[0m:[36m891[0m - [1mLoading the pre-trained mattersim-v1.0.0-5M.pth model[0m
[2026-05-02 12:31:38,639][root][INFO] - Number of filtered samples: 10
[2026-05-02 12:31:38,672][root][INFO] - avg_energy_above_hull_per_atom: 0.145637, avg_rmsd_from_relaxation: 0.925758, frac_novel_unique_stable_structures: 0.204082, frac_stable_structures: 0.428571, frac_successful_jobs: 1.000000, avg_comp_validity: 1.000000, avg_structure_comp_validity: 1.000000, avg_structure_validity: 1.000000, frac_novel_structures: 0.734694, frac_novel_systems: 0.224490, frac_novel_unique_structures: 0.734694, frac_unique_structures: 1.000000, frac_unique_systems: 0.979592, precision: 0.265306, recall: 0.000047
[2026-05-02 12:31:38,694][root][INFO] - SCORE:
[2026-05-02 12:41:53,298][root][INFO] - Evaluation costs to date: 110
[2026-05-02 12:41:55,322][root][INFO] - Number of samples that successfully obtained rewards: 5
[2026-05-02 12:41:55,322][root][INFO] - reward mean=0.0031 std=0.0062
[2026-05-02 12:41:55,322][root][INFO] - heat_capacity mean=0.2181 std=0.0371
[2026-05-02 12:41:55,450][root][INFO] - 35 crystals generated so far, 35 unique components.  Burden: None, Div. Ratio: 1.0.
[2026-05-02 12:41:55,531][root][INFO] - Diversity filter: tol_n=0, buff_n=0
[2026-05-02 12:41:55,533][root][INFO] - replay buffer size=4
[2026-05-02 12:41:55,533][root][INFO] - buffer reward mean=0.2538749656451894
[2026-05-02 12:41:55,533][root][INFO] - FINETUNE:
[2026-05-02 12:41:55,905][root][INFO] - Epoch 0: loss: 0.1585, loss_diff: 0.1585, loss_kl: 0.0008
[2026-05-02 12:41:56,064][root][INFO] - Epoch 1: loss: 0.1515, loss_diff: 0.1515, loss_kl: 0.0009
[2026-05-02 12:41:56,192][root][INFO] - Epoch 2: loss: 0.1540, loss_diff: 0.1540, loss_kl: 0.0009
[2026-05-02 12:41:56,193][root][INFO] - *****   LOOP 17 FINISH   *****
[2026-05-02 12:41:56,193][root][INFO] - Total time taken: 18.38 min.


[2026-05-02 12:41:56,193][root][INFO] - *****   LOOP 18 START   *****
[2026-05-02 12:41:56,193][root][INFO] - SAMPLE:
[32m2026-05-02 12:45:10.105[0m | [1mINFO    [0m | [36mmattersim.forcefield.potential[0m:[36mfrom_checkpoint[0m:[36m891[0m - [1mLoading the pre-trained mattersim-v1.0.0-5M.pth model[0m
[2026-05-02 12:51:01,711][root][INFO] - Number of filtered samples: 8
[2026-05-02 12:51:33,463][root][INFO] - avg_energy_above_hull_per_atom: 0.243930, avg_rmsd_from_relaxation: 0.955027, frac_novel_unique_stable_structures: 0.163265, frac_stable_structures: 0.285714, frac_successful_jobs: 1.000000, avg_comp_validity: 1.000000, avg_structure_comp_validity: 1.000000, avg_structure_validity: 1.000000, frac_novel_structures: 0.857143, frac_novel_systems: 0.265306, frac_novel_unique_structures: 0.857143, frac_unique_structures: 1.000000, frac_unique_systems: 1.000000, precision: 0.142857, recall: 0.000021
[2026-05-02 12:51:33,486][root][INFO] - SCORE:
[2026-05-02 13:00:40,849][root][INFO] - Evaluation costs to date: 118
[2026-05-02 13:00:40,881][root][INFO] - Number of samples that successfully obtained rewards: 1
[2026-05-02 13:00:40,881][root][INFO] - reward mean=0.0000 std=0.0000
[2026-05-02 13:00:40,881][root][INFO] - heat_capacity mean=0.1560 std=0.0000
[2026-05-02 13:00:41,093][root][INFO] - 36 crystals generated so far, 36 unique components.  Burden: None, Div. Ratio: 1.0.
[2026-05-02 13:00:41,148][root][INFO] - Diversity filter: tol_n=0, buff_n=0
[2026-05-02 13:00:41,150][root][INFO] - replay buffer size=4
[2026-05-02 13:00:41,150][root][INFO] - buffer reward mean=0.2538749656451894
[2026-05-02 13:00:41,150][root][INFO] - FINETUNE:
[2026-05-02 13:00:41,579][root][INFO] - Epoch 0: loss: 0.2852, loss_diff: 0.2852, loss_kl: 0.0005
[2026-05-02 13:00:41,693][root][INFO] - Epoch 1: loss: 0.2912, loss_diff: 0.2912, loss_kl: 0.0006
[2026-05-02 13:00:41,808][root][INFO] - Epoch 2: loss: 0.2945, loss_diff: 0.2945, loss_kl: 0.0006
[2026-05-02 13:00:41,808][root][INFO] - *****   LOOP 18 FINISH   *****
[2026-05-02 13:00:41,808][root][INFO] - Total time taken: 18.76 min.


[2026-05-02 13:00:41,808][root][INFO] - *****   LOOP 19 START   *****
[2026-05-02 13:00:41,809][root][INFO] - SAMPLE:
[32m2026-05-02 13:04:10.139[0m | [1mINFO    [0m | [36mmattersim.forcefield.potential[0m:[36mfrom_checkpoint[0m:[36m891[0m - [1mLoading the pre-trained mattersim-v1.0.0-5M.pth model[0m
[2026-05-02 13:10:52,727][root][INFO] - Number of filtered samples: 10
[2026-05-02 13:10:52,790][root][INFO] - avg_energy_above_hull_per_atom: 0.170839, avg_rmsd_from_relaxation: 0.973988, frac_novel_unique_stable_structures: 0.181818, frac_stable_structures: 0.309091, frac_successful_jobs: 1.000000, avg_comp_validity: 1.000000, avg_structure_comp_validity: 1.000000, avg_structure_validity: 1.000000, frac_novel_structures: 0.854545, frac_novel_systems: 0.345455, frac_novel_unique_structures: 0.854545, frac_unique_structures: 1.000000, frac_unique_systems: 1.000000, precision: 0.145455, recall: 0.000019
[2026-05-02 13:10:52,827][root][INFO] - SCORE:
[2026-05-02 13:25:37,182][root][INFO] - Evaluation costs to date: 128
[2026-05-02 13:25:45,180][root][INFO] - Number of samples that successfully obtained rewards: 2
[2026-05-02 13:25:45,181][root][INFO] - reward mean=0.0443 std=0.0363
[2026-05-02 13:25:45,181][root][INFO] - heat_capacity mean=0.3275 std=0.0636
[2026-05-02 13:25:45,396][root][INFO] - 38 crystals generated so far, 38 unique components.  Burden: None, Div. Ratio: 1.0.
[2026-05-02 13:25:45,561][root][INFO] - Diversity filter: tol_n=0, buff_n=0
[2026-05-02 13:25:45,564][root][INFO] - replay buffer size=4
[2026-05-02 13:25:45,564][root][INFO] - buffer reward mean=0.2538749656451894
[2026-05-02 13:25:45,564][root][INFO] - FINETUNE:
[2026-05-02 13:25:46,257][root][INFO] - Epoch 0: loss: 0.2553, loss_diff: 0.2553, loss_kl: 0.0008
[2026-05-02 13:25:46,391][root][INFO] - Epoch 1: loss: 0.2619, loss_diff: 0.2619, loss_kl: 0.0009
[2026-05-02 13:25:46,515][root][INFO] - Epoch 2: loss: 0.2533, loss_diff: 0.2533, loss_kl: 0.0008
[2026-05-02 13:25:46,516][root][INFO] - *****   LOOP 19 FINISH   *****
[2026-05-02 13:25:46,516][root][INFO] - Total time taken: 25.08 min.


[2026-05-02 13:25:47,415][root][INFO] - *****   RL END   *****
[2026-05-02 13:25:47,415][root][INFO] - Total time taken: 20827 s.
Closing LMDB environment /tmp/job.3003443/tmpr0w6oawc/reference_MP2020correction
Phase-3 v4 cf baseline (seed=17) finished at Sat May  2 13:30:19 CDT 2026
