Phase-3 v4 ADiT ACCEL seed=113 cycles=20 at Tue May  5 18:13:38 CDT 2026 on fc101
  GP_LTM_SEED=/scratch/user/ahnafalvi/matinvent-hcap-bo/data/ltm_seed_pool_v3.parquet
  GP_LTM_PATH=/scratch/user/ahnafalvi/matinvent-hcap-bo/data/ltm_hcap_p3v4_adit_accel_seed113_3006102.parquet
  GP_COLD_START_MIN=0
Tesla T4, 16384 MiB
MODELS_PROJECT_ROOT: /scratch/user/ahnafalvi/matinvent-bo/src/mattergen/mattergen
[2026-05-05 18:32:44,186][httpx][INFO] - HTTP Request: HEAD https://huggingface.co/jwchen25/MatInvent/resolve/main/reference_MP2020correction.gz "HTTP/1.1 302 Found"
[2026-05-05 18:45:26,539][root][INFO] - *****   RL START   *****
[2026-05-05 18:45:26,931][root][INFO] - *****   LOOP 0 START   *****
[2026-05-05 18:45:26,931][root][INFO] - SAMPLE:
[32m2026-05-05 18:47:06.041[0m | [1mINFO    [0m | [36mmattersim.forcefield.potential[0m:[36mfrom_checkpoint[0m:[36m891[0m - [1mLoading the pre-trained mattersim-v1.0.0-5M.pth model[0m
[2026-05-05 19:02:58,834][root][INFO] - Number of filtered samples: 11
[2026-05-05 19:02:58,857][root][INFO] - avg_energy_above_hull_per_atom: 0.124570, avg_rmsd_from_relaxation: 0.558569, frac_novel_unique_stable_structures: 0.186441, frac_stable_structures: 0.694915, frac_successful_jobs: 1.000000, avg_comp_validity: 1.000000, avg_structure_comp_validity: 1.000000, avg_structure_validity: 1.000000, frac_novel_structures: 0.457627, frac_novel_systems: 0.118644, frac_novel_unique_structures: 0.457627, frac_unique_structures: 1.000000, frac_unique_systems: 1.000000, precision: 0.542373, recall: 0.000077
[2026-05-05 19:02:58,888][root][INFO] - SCORE:
[2026-05-05 19:04:33,338][cached_path][INFO] - cache of https://orbitalmaterials-public-models.s3.us-west-1.amazonaws.com/forcefields/orb-v3/orb-v3-conservative-inf-omat-20250404.ckpt is up-to-date
[2026-05-05 19:20:27,263][root][INFO] - Project root: /scratch/user/ahnafalvi/envs/matinvent-hcap-bo/lib/python3.10/site-packages/fairchem
[2026-05-05 19:20:53,543][root][INFO] - Checking local cache: /scratch/user/ahnafalvi/.cache/huggingface for model eSEN-30M-OAM
[2026-05-05 19:20:54,516][httpx][INFO] - HTTP Request: HEAD https://huggingface.co/facebook/OMAT24/resolve/main/esen_30m_oam.pt "HTTP/1.1 302 Found"
[2026-05-05 19:20:58,887][root][INFO] - local rank base: 0
[2026-05-05 19:21:01,753][root][INFO] - amp: false
cmd:
  checkpoint_dir: /scratch/user/ahnafalvi/matinvent-hcap-bo/results/hcap_p3v4_adit_accel_seed113_3006102/checkpoints/2026-05-05-19-21-20
  commit: core:None,experimental:NA
  identifier: ''
  logs_dir: /scratch/user/ahnafalvi/matinvent-hcap-bo/results/hcap_p3v4_adit_accel_seed113_3006102/logs/wandb/2026-05-05-19-21-20
  print_every: 100
  results_dir: /scratch/user/ahnafalvi/matinvent-hcap-bo/results/hcap_p3v4_adit_accel_seed113_3006102/results/2026-05-05-19-21-20
  seed: null
  timestamp_id: 2026-05-05-19-21-20
  version: 1.10.0
dataset:
  a2g_args:
    r_energy: true
    r_forces: true
    r_stress: true
  format: ase_db
  metadata_path: ''
  transforms:
    element_references: ''
    normalizer:
      energy:
        mean: 0.0
        stdev: 0.6274358
      forces:
        mean: 0.0
        stdev: 0.6274358
      stress:
        mean: 0.0
        stdev: 0.6274358
evaluation_metrics:
  metrics:
    energy:
    - mae
    - per_atom_mae
    forces:
    - mae
    - cosine_similarity
    stress:
    - mae
  primary_metric: forces_mae
gp_gpus: null
gpus: 1
logger: wandb
loss_functions:
- energy:
    coefficient: 20
    fn: per_atom_mae
- forces:
    coefficient: 20
    fn: l2mae
- stress:
    coefficient: 5
    fn: mae
model:
  backbone:
    act_type: gate
    cutoff: 6.0
    direct_forces: false
    distance_function: gaussian
    edge_channels: 128
    hidden_channels: 128
    lmax: 3
    max_neighbors: 300
    max_num_elements: 100
    mlp_type: spectral
    mmax: 2
    model: esen_backbone
    norm_type: rms_norm_sh
    num_distance_basis: 64
    num_layers: 10
    otf_graph: true
    regress_forces: true
    regress_stress: true
    sphere_channels: 128
    use_envelope: true
    use_pbc: true
    use_pbc_single: true
  heads:
    mptrj:
      module: esen_mlp_efs_head
  name: hydra
  otf_graph: true
  pass_through_head_outputs: true
optim:
  batch_size: 4
  clip_grad_norm: 100
  ema_decay: 0.999
  eval_batch_size: 4
  eval_every: 5000
  load_balancing: atoms
  lr_initial: 0.0004
  max_epochs: 1
  num_workers: 4
  optimizer: AdamW
  optimizer_params:
    weight_decay: 0.001
  scheduler: LambdaLR
  scheduler_params:
    epochs: 85271
    lambda_type: cosine
    lr: 0.0004
    lr_min_factor: 0.1
    warmup_epochs: 8527
    warmup_factor: 0.2
outputs:
  energy:
    level: system
    property: energy
  forces:
    eval_on_free_atoms: true
    level: atom
    property: forces
    train_on_free_atoms: true
  stress:
    level: system
    property: stress
relax_dataset: {}
slurm: {}
task: {}
test_dataset: {}
trainer: ocp
val_dataset: {}

[2026-05-05 19:21:01,753][root][INFO] - Loading model: hydra
[2026-05-05 19:21:07,649][root][INFO] - Loaded HydraModel with 30161153 parameters.
[2026-05-05 19:21:07,650][root][INFO] - Loading checkpoint in inference-only mode, not loading keys associated with trainer state!
[2026-05-05 19:21:07,684][root][WARNING] - No seed has been set in modelcheckpoint or OCPCalculator! Results may not be reproducible on re-run
[GPRoutedV4] cycle=0 N=11 K_eff=4 oracled=11 masked=0 ltm=449 GP_RMSE_train=0.000 GP_RMSE_cv5=0.085 GP_MAE_cv5=0.056 mean_oracle_Cp=0.344 anchor=False cold=True 3003.9s
[2026-05-05 19:53:02,878][root][INFO] - Evaluation costs to date: 11
[2026-05-05 19:53:02,897][root][INFO] - Number of samples that successfully obtained rewards: 3
[2026-05-05 19:53:02,897][root][INFO] - reward mean=0.0733 std=0.0571
[2026-05-05 19:53:02,897][root][INFO] - heat_capacity mean=0.3441 std=0.1452
[2026-05-05 19:53:02,915][root][INFO] - 3 crystals generated so far, 3 unique components.  Burden: None, Div. Ratio: 1.0.
[2026-05-05 19:53:02,919][root][INFO] - Diversity filter: tol_n=0, buff_n=0
[2026-05-05 19:53:02,921][root][INFO] - replay buffer size=1
[2026-05-05 19:53:02,921][root][INFO] - buffer reward mean=0.13940153052987067
[2026-05-05 19:53:02,921][root][INFO] - FINETUNE:
[2026-05-05 19:53:04,427][root][INFO] - Epoch 0: loss: 0.2586, loss_diff: 0.2586, loss_kl: 0.0006
[2026-05-05 19:53:04,608][root][INFO] - Epoch 1: loss: 0.2220, loss_diff: 0.2220, loss_kl: 0.0004
[2026-05-05 19:53:04,805][root][INFO] - Epoch 2: loss: 0.1719, loss_diff: 0.1718, loss_kl: 0.0044
[2026-05-05 19:53:04,806][root][INFO] - *****   LOOP 0 FINISH   *****
[2026-05-05 19:53:04,806][root][INFO] - Total time taken: 67.63 min.


[2026-05-05 19:53:04,806][root][INFO] - *****   LOOP 1 START   *****
[2026-05-05 19:53:04,806][root][INFO] - SAMPLE:
[32m2026-05-05 19:55:24.860[0m | [1mINFO    [0m | [36mmattersim.forcefield.potential[0m:[36mfrom_checkpoint[0m:[36m891[0m - [1mLoading the pre-trained mattersim-v1.0.0-5M.pth model[0m
[2026-05-05 20:00:30,278][root][INFO] - Number of filtered samples: 9
[2026-05-05 20:00:30,280][root][INFO] - avg_energy_above_hull_per_atom: 0.140089, avg_rmsd_from_relaxation: 0.576650, frac_novel_unique_stable_structures: 0.173077, frac_stable_structures: 0.750000, frac_successful_jobs: 1.000000, avg_comp_validity: 1.000000, avg_structure_comp_validity: 1.000000, avg_structure_validity: 1.000000, frac_novel_structures: 0.423077, frac_novel_systems: 0.000000, frac_novel_unique_structures: 0.423077, frac_unique_structures: 1.000000, frac_unique_systems: 1.000000, precision: 0.576923, recall: 0.000051
[2026-05-05 20:00:30,386][root][INFO] - SCORE:
[GPRoutedV4] cycle=1 N=9 K_eff=4 oracled=4 masked=5 ltm=449 GP_RMSE_train=0.000 GP_RMSE_cv5=0.085 GP_MAE_cv5=0.056 mean_oracle_Cp=nan anchor=False cold=False 499.5s
[2026-05-05 20:08:49,989][root][INFO] - Evaluation costs to date: 20
[2026-05-05 20:08:49,990][root][INFO] - Number of samples that successfully obtained rewards: 0
[2026-05-05 20:08:50,070][root][INFO] - reward mean=nan std=nan
[2026-05-05 20:08:50,070][root][INFO] - heat_capacity mean=nan std=nan
[2026-05-05 20:08:50,128][root][INFO] - 3 crystals generated so far, 3 unique components.  Burden: None, Div. Ratio: 1.0.
[2026-05-05 20:09:09,950][root][INFO] - Diversity filter: tol_n=0, buff_n=0
[2026-05-05 20:09:09,973][root][INFO] - replay buffer size=1
[2026-05-05 20:09:09,973][root][INFO] - buffer reward mean=0.13940153052987067
[2026-05-05 20:09:09,973][root][INFO] - FINETUNE:
[2026-05-05 20:09:10,736][root][INFO] - Epoch 0: loss: 0.2877, loss_diff: 0.2876, loss_kl: 0.0020
[2026-05-05 20:09:10,930][root][INFO] - Epoch 1: loss: 0.4698, loss_diff: 0.4697, loss_kl: 0.0061
[2026-05-05 20:09:11,119][root][INFO] - Epoch 2: loss: 0.1649, loss_diff: 0.1648, loss_kl: 0.0019
[2026-05-05 20:09:11,120][root][INFO] - *****   LOOP 1 FINISH   *****
[2026-05-05 20:09:11,120][root][INFO] - Total time taken: 16.11 min.


[2026-05-05 20:09:11,120][root][INFO] - *****   LOOP 2 START   *****
[2026-05-05 20:09:11,120][root][INFO] - SAMPLE:
[32m2026-05-05 20:10:54.536[0m | [1mINFO    [0m | [36mmattersim.forcefield.potential[0m:[36mfrom_checkpoint[0m:[36m891[0m - [1mLoading the pre-trained mattersim-v1.0.0-5M.pth model[0m
[2026-05-05 20:14:17,705][root][INFO] - Number of filtered samples: 7
[2026-05-05 20:14:17,706][root][INFO] - avg_energy_above_hull_per_atom: 0.078105, avg_rmsd_from_relaxation: 0.428473, frac_novel_unique_stable_structures: 0.122807, frac_stable_structures: 0.754386, frac_successful_jobs: 1.000000, avg_comp_validity: 1.000000, avg_structure_comp_validity: 1.000000, avg_structure_validity: 1.000000, frac_novel_structures: 0.333333, frac_novel_systems: 0.017544, frac_novel_unique_structures: 0.333333, frac_unique_structures: 1.000000, frac_unique_systems: 0.964912, precision: 0.666667, recall: 0.000116
[2026-05-05 20:14:17,712][root][INFO] - SCORE:
[GPRoutedV4] cycle=2 N=7 K_eff=4 oracled=4 masked=3 ltm=453 GP_RMSE_train=0.000 GP_RMSE_cv5=0.085 GP_MAE_cv5=0.057 mean_oracle_Cp=0.335 anchor=False cold=False 893.2s
[2026-05-05 20:29:11,009][root][INFO] - Evaluation costs to date: 27
[2026-05-05 20:29:11,037][root][INFO] - Number of samples that successfully obtained rewards: 4
[2026-05-05 20:29:11,037][root][INFO] - reward mean=0.0546 std=0.0349
[2026-05-05 20:29:11,037][root][INFO] - heat_capacity mean=0.3350 std=0.0781
[2026-05-05 20:29:11,101][root][INFO] - 7 crystals generated so far, 7 unique components.  Burden: None, Div. Ratio: 1.0.
[2026-05-05 20:29:11,364][root][INFO] - Diversity filter: tol_n=0, buff_n=0
[2026-05-05 20:29:11,385][root][INFO] - replay buffer size=1
[2026-05-05 20:29:11,385][root][INFO] - buffer reward mean=0.13940153052987067
[2026-05-05 20:29:11,385][root][INFO] - FINETUNE:
[2026-05-05 20:29:12,842][root][INFO] - Epoch 0: loss: 0.2518, loss_diff: 0.2518, loss_kl: 0.0011
[2026-05-05 20:29:13,052][root][INFO] - Epoch 1: loss: 0.2120, loss_diff: 0.2119, loss_kl: 0.0046
[2026-05-05 20:29:13,260][root][INFO] - Epoch 2: loss: 0.1933, loss_diff: 0.1932, loss_kl: 0.0025
[2026-05-05 20:29:13,261][root][INFO] - *****   LOOP 2 FINISH   *****
[2026-05-05 20:29:13,261][root][INFO] - Total time taken: 20.04 min.


[2026-05-05 20:29:13,261][root][INFO] - *****   LOOP 3 START   *****
[2026-05-05 20:29:13,262][root][INFO] - SAMPLE:
[32m2026-05-05 20:30:49.964[0m | [1mINFO    [0m | [36mmattersim.forcefield.potential[0m:[36mfrom_checkpoint[0m:[36m891[0m - [1mLoading the pre-trained mattersim-v1.0.0-5M.pth model[0m
[2026-05-05 20:34:37,224][root][INFO] - Number of filtered samples: 15
[2026-05-05 20:34:37,235][root][INFO] - avg_energy_above_hull_per_atom: 0.084376, avg_rmsd_from_relaxation: 0.570567, frac_novel_unique_stable_structures: 0.283019, frac_stable_structures: 0.811321, frac_successful_jobs: 1.000000, avg_comp_validity: 1.000000, avg_structure_comp_validity: 1.000000, avg_structure_validity: 1.000000, frac_novel_structures: 0.471698, frac_novel_systems: 0.056604, frac_novel_unique_structures: 0.471698, frac_unique_structures: 1.000000, frac_unique_systems: 1.000000, precision: 0.528302, recall: 0.000095
[2026-05-05 20:34:37,244][root][INFO] - SCORE:
[GPRoutedV4] cycle=3 N=15 K_eff=4 oracled=4 masked=11 ltm=455 GP_RMSE_train=0.000 GP_RMSE_cv5=0.082 GP_MAE_cv5=0.053 mean_oracle_Cp=0.245 anchor=False cold=False 544.1s
[2026-05-05 20:43:41,449][root][INFO] - Evaluation costs to date: 42
[2026-05-05 20:43:41,468][root][INFO] - Number of samples that successfully obtained rewards: 2
[2026-05-05 20:43:41,469][root][INFO] - reward mean=0.0118 std=0.0118
[2026-05-05 20:43:41,469][root][INFO] - heat_capacity mean=0.2447 std=0.0465
[2026-05-05 20:43:41,570][root][INFO] - 9 crystals generated so far, 9 unique components.  Burden: None, Div. Ratio: 1.0.
[2026-05-05 20:43:41,575][root][INFO] - Diversity filter: tol_n=0, buff_n=0
[2026-05-05 20:43:41,604][root][INFO] - replay buffer size=1
[2026-05-05 20:43:41,604][root][INFO] - buffer reward mean=0.13940153052987067
[2026-05-05 20:43:41,604][root][INFO] - FINETUNE:
[2026-05-05 20:43:43,429][root][INFO] - Epoch 0: loss: 0.1132, loss_diff: 0.1129, loss_kl: 0.0109
[2026-05-05 20:43:43,629][root][INFO] - Epoch 1: loss: 0.1269, loss_diff: 0.1266, loss_kl: 0.0089
[2026-05-05 20:43:43,830][root][INFO] - Epoch 2: loss: 0.1528, loss_diff: 0.1490, loss_kl: 0.1541
[2026-05-05 20:43:43,831][root][INFO] - *****   LOOP 3 FINISH   *****
[2026-05-05 20:43:43,831][root][INFO] - Total time taken: 14.51 min.


[2026-05-05 20:43:43,831][root][INFO] - *****   LOOP 4 START   *****
[2026-05-05 20:43:43,831][root][INFO] - SAMPLE:
[32m2026-05-05 20:45:23.762[0m | [1mINFO    [0m | [36mmattersim.forcefield.potential[0m:[36mfrom_checkpoint[0m:[36m891[0m - [1mLoading the pre-trained mattersim-v1.0.0-5M.pth model[0m
[2026-05-05 20:49:04,760][root][INFO] - Number of filtered samples: 12
[2026-05-05 20:49:04,826][root][INFO] - avg_energy_above_hull_per_atom: 0.080425, avg_rmsd_from_relaxation: 0.549536, frac_novel_unique_stable_structures: 0.230769, frac_stable_structures: 0.826923, frac_successful_jobs: 1.000000, avg_comp_validity: 1.000000, avg_structure_comp_validity: 1.000000, avg_structure_validity: 1.000000, frac_novel_structures: 0.365385, frac_novel_systems: 0.096154, frac_novel_unique_structures: 0.365385, frac_unique_structures: 1.000000, frac_unique_systems: 1.000000, precision: 0.634615, recall: 0.000058
[2026-05-05 20:49:04,923][root][INFO] - SCORE:
[GPRoutedV4] cycle=4 N=12 K_eff=4 oracled=4 masked=8 ltm=458 GP_RMSE_train=0.000 GP_RMSE_cv5=0.081 GP_MAE_cv5=0.054 mean_oracle_Cp=0.464 anchor=False cold=False 502.8s
[2026-05-05 20:57:27,992][root][INFO] - Evaluation costs to date: 54
[2026-05-05 20:57:28,012][root][INFO] - Number of samples that successfully obtained rewards: 3
[2026-05-05 20:57:28,012][root][INFO] - reward mean=0.1427 std=0.2018
[2026-05-05 20:57:28,012][root][INFO] - heat_capacity mean=0.4644 std=0.3783
[2026-05-05 20:57:28,063][root][INFO] - 12 crystals generated so far, 12 unique components.  Burden: None, Div. Ratio: 1.0.
[2026-05-05 20:57:28,097][root][INFO] - Diversity filter: tol_n=0, buff_n=0
[2026-05-05 20:57:28,116][root][INFO] - replay buffer size=2
[2026-05-05 20:57:28,116][root][INFO] - buffer reward mean=0.2837200275003954
[2026-05-05 20:57:28,116][root][INFO] - FINETUNE:
[2026-05-05 20:57:28,348][root][INFO] - Epoch 0: loss: 0.1671, loss_diff: 0.1670, loss_kl: 0.0045
[2026-05-05 20:57:28,548][root][INFO] - Epoch 1: loss: 0.1962, loss_diff: 0.1959, loss_kl: 0.0126
[2026-05-05 20:57:28,750][root][INFO] - Epoch 2: loss: 0.2489, loss_diff: 0.2488, loss_kl: 0.0033
[2026-05-05 20:57:28,751][root][INFO] - *****   LOOP 4 FINISH   *****
[2026-05-05 20:57:28,751][root][INFO] - Total time taken: 13.75 min.


[2026-05-05 20:57:28,751][root][INFO] - *****   LOOP 5 START   *****
[2026-05-05 20:57:28,752][root][INFO] - SAMPLE:
[32m2026-05-05 20:59:14.325[0m | [1mINFO    [0m | [36mmattersim.forcefield.potential[0m:[36mfrom_checkpoint[0m:[36m891[0m - [1mLoading the pre-trained mattersim-v1.0.0-5M.pth model[0m
[2026-05-05 21:03:02,448][root][INFO] - Number of filtered samples: 7
[2026-05-05 21:03:02,520][root][INFO] - avg_energy_above_hull_per_atom: 0.306721, avg_rmsd_from_relaxation: 0.622307, frac_novel_unique_stable_structures: 0.129630, frac_stable_structures: 0.722222, frac_successful_jobs: 1.000000, avg_comp_validity: 1.000000, avg_structure_comp_validity: 1.000000, avg_structure_validity: 1.000000, frac_novel_structures: 0.351852, frac_novel_systems: 0.074074, frac_novel_unique_structures: 0.351852, frac_unique_structures: 1.000000, frac_unique_systems: 0.981481, precision: 0.648148, recall: 0.000078
[2026-05-05 21:03:02,571][root][INFO] - SCORE:
[GPRoutedV4] cycle=5 N=7 K_eff=4 oracled=4 masked=3 ltm=458 GP_RMSE_train=0.000 GP_RMSE_cv5=0.081 GP_MAE_cv5=0.054 mean_oracle_Cp=nan anchor=False cold=False 484.5s
[2026-05-05 21:11:07,213][root][INFO] - Evaluation costs to date: 61
[2026-05-05 21:11:07,263][root][INFO] - Number of samples that successfully obtained rewards: 0
[2026-05-05 21:11:07,263][root][INFO] - reward mean=nan std=nan
[2026-05-05 21:11:07,264][root][INFO] - heat_capacity mean=nan std=nan
[2026-05-05 21:11:07,308][root][INFO] - 12 crystals generated so far, 12 unique components.  Burden: None, Div. Ratio: 1.0.
[2026-05-05 21:11:07,976][root][INFO] - Diversity filter: tol_n=0, buff_n=0
[2026-05-05 21:11:07,978][root][INFO] - replay buffer size=2
[2026-05-05 21:11:07,979][root][INFO] - buffer reward mean=0.2837200275003954
[2026-05-05 21:11:07,979][root][INFO] - FINETUNE:
[2026-05-05 21:11:09,214][root][INFO] - Epoch 0: loss: 0.3466, loss_diff: 0.3460, loss_kl: 0.0217
[2026-05-05 21:11:09,417][root][INFO] - Epoch 1: loss: 0.4050, loss_diff: 0.4048, loss_kl: 0.0092
[2026-05-05 21:11:09,613][root][INFO] - Epoch 2: loss: 0.5956, loss_diff: 0.5952, loss_kl: 0.0188
[2026-05-05 21:11:09,614][root][INFO] - *****   LOOP 5 FINISH   *****
[2026-05-05 21:11:09,615][root][INFO] - Total time taken: 13.68 min.


[2026-05-05 21:11:09,615][root][INFO] - *****   LOOP 6 START   *****
[2026-05-05 21:11:09,615][root][INFO] - SAMPLE:
[32m2026-05-05 21:12:47.280[0m | [1mINFO    [0m | [36mmattersim.forcefield.potential[0m:[36mfrom_checkpoint[0m:[36m891[0m - [1mLoading the pre-trained mattersim-v1.0.0-5M.pth model[0m
[2026-05-05 21:16:14,893][root][INFO] - Number of filtered samples: 10
[2026-05-05 21:16:14,896][root][INFO] - avg_energy_above_hull_per_atom: 0.142194, avg_rmsd_from_relaxation: 0.567986, frac_novel_unique_stable_structures: 0.192308, frac_stable_structures: 0.730769, frac_successful_jobs: 1.000000, avg_comp_validity: 1.000000, avg_structure_comp_validity: 1.000000, avg_structure_validity: 1.000000, frac_novel_structures: 0.423077, frac_novel_systems: 0.019231, frac_novel_unique_structures: 0.423077, frac_unique_structures: 1.000000, frac_unique_systems: 1.000000, precision: 0.576923, recall: 0.000063
[2026-05-05 21:16:14,904][root][INFO] - SCORE:
[GPRoutedV4] cycle=6 N=10 K_eff=4 oracled=4 masked=6 ltm=461 GP_RMSE_train=0.000 GP_RMSE_cv5=0.084 GP_MAE_cv5=0.056 mean_oracle_Cp=0.243 anchor=False cold=False 324.9s
[2026-05-05 21:21:39,985][root][INFO] - Evaluation costs to date: 71
[2026-05-05 21:21:40,017][root][INFO] - Number of samples that successfully obtained rewards: 3
[2026-05-05 21:21:40,017][root][INFO] - reward mean=0.0059 std=0.0083
[2026-05-05 21:21:40,017][root][INFO] - heat_capacity mean=0.2427 std=0.0335
[2026-05-05 21:21:40,782][root][INFO] - 15 crystals generated so far, 15 unique components.  Burden: None, Div. Ratio: 1.0.
[2026-05-05 21:21:40,973][root][INFO] - Diversity filter: tol_n=0, buff_n=0
[2026-05-05 21:21:41,109][root][INFO] - replay buffer size=2
[2026-05-05 21:21:41,109][root][INFO] - buffer reward mean=0.2837200275003954
[2026-05-05 21:21:41,109][root][INFO] - FINETUNE:
[2026-05-05 21:21:42,685][root][INFO] - Epoch 0: loss: 0.1179, loss_diff: 0.1176, loss_kl: 0.0101
[2026-05-05 21:21:42,899][root][INFO] - Epoch 1: loss: 0.1324, loss_diff: 0.1322, loss_kl: 0.0079
[2026-05-05 21:21:43,106][root][INFO] - Epoch 2: loss: 0.1819, loss_diff: 0.1818, loss_kl: 0.0034
[2026-05-05 21:21:43,107][root][INFO] - *****   LOOP 6 FINISH   *****
[2026-05-05 21:21:43,107][root][INFO] - Total time taken: 10.56 min.


[2026-05-05 21:21:43,107][root][INFO] - *****   LOOP 7 START   *****
[2026-05-05 21:21:43,107][root][INFO] - SAMPLE:
[32m2026-05-05 21:23:20.346[0m | [1mINFO    [0m | [36mmattersim.forcefield.potential[0m:[36mfrom_checkpoint[0m:[36m891[0m - [1mLoading the pre-trained mattersim-v1.0.0-5M.pth model[0m
[2026-05-05 21:27:36,580][root][INFO] - Number of filtered samples: 12
[2026-05-05 21:27:36,647][root][INFO] - avg_energy_above_hull_per_atom: 0.253410, avg_rmsd_from_relaxation: 0.581879, frac_novel_unique_stable_structures: 0.218182, frac_stable_structures: 0.654545, frac_successful_jobs: 1.000000, avg_comp_validity: 1.000000, avg_structure_comp_validity: 1.000000, avg_structure_validity: 1.000000, frac_novel_structures: 0.490909, frac_novel_systems: 0.127273, frac_novel_unique_structures: 0.490909, frac_unique_structures: 1.000000, frac_unique_systems: 1.000000, precision: 0.509091, recall: 0.000089
[2026-05-05 21:27:36,657][root][INFO] - SCORE:
[GPRoutedV4] cycle=7 N=12 K_eff=4 oracled=4 masked=8 ltm=463 GP_RMSE_train=0.000 GP_RMSE_cv5=0.084 GP_MAE_cv5=0.057 mean_oracle_Cp=0.217 anchor=False cold=False 411.6s
[2026-05-05 21:34:28,294][root][INFO] - Evaluation costs to date: 83
[2026-05-05 21:34:28,345][root][INFO] - Number of samples that successfully obtained rewards: 2
[2026-05-05 21:34:28,345][root][INFO] - reward mean=0.0000 std=0.0000
[2026-05-05 21:34:28,345][root][INFO] - heat_capacity mean=0.2169 std=0.0049
[2026-05-05 21:34:28,503][root][INFO] - 17 crystals generated so far, 17 unique components.  Burden: None, Div. Ratio: 1.0.
[2026-05-05 21:34:29,728][root][INFO] - Diversity filter: tol_n=0, buff_n=0
[2026-05-05 21:34:29,731][root][INFO] - replay buffer size=2
[2026-05-05 21:34:29,731][root][INFO] - buffer reward mean=0.2837200275003954
[2026-05-05 21:34:29,731][root][INFO] - FINETUNE:
[2026-05-05 21:34:30,786][root][INFO] - Epoch 0: loss: 0.1357, loss_diff: 0.1353, loss_kl: 0.0144
[2026-05-05 21:34:30,990][root][INFO] - Epoch 1: loss: 0.2164, loss_diff: 0.2163, loss_kl: 0.0057
[2026-05-05 21:34:31,192][root][INFO] - Epoch 2: loss: 0.1598, loss_diff: 0.1595, loss_kl: 0.0147
[2026-05-05 21:34:31,192][root][INFO] - *****   LOOP 7 FINISH   *****
[2026-05-05 21:34:31,193][root][INFO] - Total time taken: 12.80 min.


[2026-05-05 21:34:31,193][root][INFO] - *****   LOOP 8 START   *****
[2026-05-05 21:34:31,193][root][INFO] - SAMPLE:
[32m2026-05-05 21:36:27.166[0m | [1mINFO    [0m | [36mmattersim.forcefield.potential[0m:[36mfrom_checkpoint[0m:[36m891[0m - [1mLoading the pre-trained mattersim-v1.0.0-5M.pth model[0m
[2026-05-05 21:40:40,786][root][INFO] - Number of filtered samples: 15
[2026-05-05 21:40:40,875][root][INFO] - avg_energy_above_hull_per_atom: 0.224936, avg_rmsd_from_relaxation: 0.480402, frac_novel_unique_stable_structures: 0.267857, frac_stable_structures: 0.785714, frac_successful_jobs: 1.000000, avg_comp_validity: 1.000000, avg_structure_comp_validity: 1.000000, avg_structure_validity: 1.000000, frac_novel_structures: 0.446429, frac_novel_systems: 0.089286, frac_novel_unique_structures: 0.446429, frac_unique_structures: 1.000000, frac_unique_systems: 1.000000, precision: 0.553571, recall: 0.000070
[2026-05-05 21:40:40,883][root][INFO] - SCORE:
[GPRoutedV4] cycle=8 N=15 K_eff=4 oracled=4 masked=11 ltm=466 GP_RMSE_train=0.000 GP_RMSE_cv5=0.082 GP_MAE_cv5=0.055 mean_oracle_Cp=0.278 anchor=False cold=False 336.3s
[2026-05-05 21:46:17,300][root][INFO] - Evaluation costs to date: 98
[2026-05-05 21:46:17,330][root][INFO] - Number of samples that successfully obtained rewards: 3
[2026-05-05 21:46:17,330][root][INFO] - reward mean=0.0207 std=0.0226
[2026-05-05 21:46:17,330][root][INFO] - heat_capacity mean=0.2775 std=0.0484
[2026-05-05 21:46:17,620][root][INFO] - 20 crystals generated so far, 20 unique components.  Burden: None, Div. Ratio: 1.0.
[2026-05-05 21:46:18,347][root][INFO] - Diversity filter: tol_n=0, buff_n=0
[2026-05-05 21:46:18,349][root][INFO] - replay buffer size=2
[2026-05-05 21:46:18,350][root][INFO] - buffer reward mean=0.2837200275003954
[2026-05-05 21:46:18,350][root][INFO] - FINETUNE:
[2026-05-05 21:46:20,092][root][INFO] - Epoch 0: loss: 0.1085, loss_diff: 0.1080, loss_kl: 0.0193
[2026-05-05 21:46:20,296][root][INFO] - Epoch 1: loss: 0.1753, loss_diff: 0.1751, loss_kl: 0.0073
[2026-05-05 21:46:20,501][root][INFO] - Epoch 2: loss: 0.2603, loss_diff: 0.2599, loss_kl: 0.0148
[2026-05-05 21:46:20,502][root][INFO] - *****   LOOP 8 FINISH   *****
[2026-05-05 21:46:20,503][root][INFO] - Total time taken: 11.82 min.


[2026-05-05 21:46:20,503][root][INFO] - *****   LOOP 9 START   *****
[2026-05-05 21:46:20,503][root][INFO] - SAMPLE:
[32m2026-05-05 21:48:01.419[0m | [1mINFO    [0m | [36mmattersim.forcefield.potential[0m:[36mfrom_checkpoint[0m:[36m891[0m - [1mLoading the pre-trained mattersim-v1.0.0-5M.pth model[0m
[2026-05-05 21:51:37,222][root][INFO] - Number of filtered samples: 9
[2026-05-05 21:51:37,336][root][INFO] - avg_energy_above_hull_per_atom: 0.118840, avg_rmsd_from_relaxation: 0.436345, frac_novel_unique_stable_structures: 0.160714, frac_stable_structures: 0.750000, frac_successful_jobs: 1.000000, avg_comp_validity: 1.000000, avg_structure_comp_validity: 1.000000, avg_structure_validity: 1.000000, frac_novel_structures: 0.392857, frac_novel_systems: 0.035714, frac_novel_unique_structures: 0.392857, frac_unique_structures: 1.000000, frac_unique_systems: 1.000000, precision: 0.607143, recall: 0.000084
[2026-05-05 21:51:37,343][root][INFO] - SCORE:
[GPRoutedV4] cycle=9 N=9 K_eff=4 oracled=4 masked=5 ltm=469 GP_RMSE_train=0.000 GP_RMSE_cv5=0.087 GP_MAE_cv5=0.057 mean_oracle_Cp=0.351 anchor=False cold=False 391.4s
[2026-05-05 21:58:08,792][root][INFO] - Evaluation costs to date: 107
[2026-05-05 21:58:08,834][root][INFO] - Number of samples that successfully obtained rewards: 3
[2026-05-05 21:58:08,834][root][INFO] - reward mean=0.0841 std=0.1190
[2026-05-05 21:58:08,834][root][INFO] - heat_capacity mean=0.3506 std=0.2423
[2026-05-05 21:58:08,929][root][INFO] - 23 crystals generated so far, 23 unique components.  Burden: None, Div. Ratio: 1.0.
[2026-05-05 21:58:09,065][root][INFO] - Diversity filter: tol_n=0, buff_n=0
[2026-05-05 21:58:09,067][root][INFO] - replay buffer size=3
[2026-05-05 21:58:09,068][root][INFO] - buffer reward mean=0.27327298392339505
[2026-05-05 21:58:09,068][root][INFO] - FINETUNE:
[2026-05-05 21:58:09,311][root][INFO] - Epoch 0: loss: 0.3256, loss_diff: 0.3253, loss_kl: 0.0124
[2026-05-05 21:58:09,516][root][INFO] - Epoch 1: loss: 0.2645, loss_diff: 0.2643, loss_kl: 0.0074
[2026-05-05 21:58:09,722][root][INFO] - Epoch 2: loss: 0.2042, loss_diff: 0.2039, loss_kl: 0.0125
[2026-05-05 21:58:09,723][root][INFO] - *****   LOOP 9 FINISH   *****
[2026-05-05 21:58:09,723][root][INFO] - Total time taken: 11.82 min.


[2026-05-05 21:58:09,723][root][INFO] - *****   LOOP 10 START   *****
[2026-05-05 21:58:09,723][root][INFO] - SAMPLE:
[32m2026-05-05 21:59:50.701[0m | [1mINFO    [0m | [36mmattersim.forcefield.potential[0m:[36mfrom_checkpoint[0m:[36m891[0m - [1mLoading the pre-trained mattersim-v1.0.0-5M.pth model[0m
[2026-05-05 22:03:13,170][root][INFO] - Number of filtered samples: 16
[2026-05-05 22:03:13,173][root][INFO] - avg_energy_above_hull_per_atom: 0.116822, avg_rmsd_from_relaxation: 0.543439, frac_novel_unique_stable_structures: 0.280702, frac_stable_structures: 0.719298, frac_successful_jobs: 1.000000, avg_comp_validity: 1.000000, avg_structure_comp_validity: 1.000000, avg_structure_validity: 1.000000, frac_novel_structures: 0.491228, frac_novel_systems: 0.105263, frac_novel_unique_structures: 0.491228, frac_unique_structures: 1.000000, frac_unique_systems: 1.000000, precision: 0.508772, recall: 0.000105
[2026-05-05 22:03:13,183][root][INFO] - SCORE:
[GPRoutedV4] cycle=10 N=16 K_eff=4 oracled=4 masked=12 ltm=471 GP_RMSE_train=0.000 GP_RMSE_cv5=0.083 GP_MAE_cv5=0.057 mean_oracle_Cp=0.241 anchor=False cold=False 399.9s
[2026-05-05 22:09:53,313][root][INFO] - Evaluation costs to date: 123
[2026-05-05 22:09:53,507][root][INFO] - Number of samples that successfully obtained rewards: 2
[2026-05-05 22:09:53,507][root][INFO] - reward mean=0.0006 std=0.0006
[2026-05-05 22:09:53,508][root][INFO] - heat_capacity mean=0.2408 std=0.0115
[2026-05-05 22:09:53,919][root][INFO] - 25 crystals generated so far, 25 unique components.  Burden: None, Div. Ratio: 1.0.
[2026-05-05 22:09:54,045][root][INFO] - Diversity filter: tol_n=0, buff_n=0
[2026-05-05 22:09:54,048][root][INFO] - replay buffer size=3
[2026-05-05 22:09:54,048][root][INFO] - buffer reward mean=0.27327298392339505
[2026-05-05 22:09:54,048][root][INFO] - FINETUNE:
[2026-05-05 22:09:55,368][root][INFO] - Epoch 0: loss: 0.1500, loss_diff: 0.1491, loss_kl: 0.0360
[2026-05-05 22:09:55,578][root][INFO] - Epoch 1: loss: 0.1161, loss_diff: 0.1158, loss_kl: 0.0125
[2026-05-05 22:09:55,784][root][INFO] - Epoch 2: loss: 0.2979, loss_diff: 0.2972, loss_kl: 0.0278
[2026-05-05 22:09:55,785][root][INFO] - *****   LOOP 10 FINISH   *****
[2026-05-05 22:09:55,785][root][INFO] - Total time taken: 11.77 min.


[2026-05-05 22:09:55,785][root][INFO] - *****   LOOP 11 START   *****
[2026-05-05 22:09:55,785][root][INFO] - SAMPLE:
[32m2026-05-05 22:11:32.657[0m | [1mINFO    [0m | [36mmattersim.forcefield.potential[0m:[36mfrom_checkpoint[0m:[36m891[0m - [1mLoading the pre-trained mattersim-v1.0.0-5M.pth model[0m
[2026-05-05 22:15:36,545][root][INFO] - Number of filtered samples: 13
[2026-05-05 22:15:36,626][root][INFO] - avg_energy_above_hull_per_atom: 0.083863, avg_rmsd_from_relaxation: 0.613322, frac_novel_unique_stable_structures: 0.236364, frac_stable_structures: 0.654545, frac_successful_jobs: 1.000000, avg_comp_validity: 1.000000, avg_structure_comp_validity: 1.000000, avg_structure_validity: 1.000000, frac_novel_structures: 0.527273, frac_novel_systems: 0.072727, frac_novel_unique_structures: 0.527273, frac_unique_structures: 1.000000, frac_unique_systems: 1.000000, precision: 0.472727, recall: 0.000051
[2026-05-05 22:15:36,644][root][INFO] - SCORE:
[GPRoutedV4] cycle=11 N=13 K_eff=4 oracled=4 masked=9 ltm=473 GP_RMSE_train=0.000 GP_RMSE_cv5=0.081 GP_MAE_cv5=0.054 mean_oracle_Cp=0.258 anchor=False cold=False 467.1s
[2026-05-05 22:23:23,891][root][INFO] - Evaluation costs to date: 136
[2026-05-05 22:23:23,926][root][INFO] - Number of samples that successfully obtained rewards: 2
[2026-05-05 22:23:23,926][root][INFO] - reward mean=0.0268 std=0.0268
[2026-05-05 22:23:23,927][root][INFO] - heat_capacity mean=0.2577 std=0.0861
[2026-05-05 22:23:24,251][root][INFO] - 27 crystals generated so far, 27 unique components.  Burden: None, Div. Ratio: 1.0.
[2026-05-05 22:23:24,383][root][INFO] - Diversity filter: tol_n=0, buff_n=0
[2026-05-05 22:23:24,385][root][INFO] - replay buffer size=3
[2026-05-05 22:23:24,386][root][INFO] - buffer reward mean=0.27327298392339505
[2026-05-05 22:23:24,386][root][INFO] - FINETUNE:
[2026-05-05 22:23:26,232][root][INFO] - Epoch 0: loss: 0.2793, loss_diff: 0.2777, loss_kl: 0.0664
[2026-05-05 22:23:26,436][root][INFO] - Epoch 1: loss: 0.3580, loss_diff: 0.3555, loss_kl: 0.0995
[2026-05-05 22:23:26,641][root][INFO] - Epoch 2: loss: 0.2173, loss_diff: 0.2170, loss_kl: 0.0135
[2026-05-05 22:23:26,642][root][INFO] - *****   LOOP 11 FINISH   *****
[2026-05-05 22:23:26,642][root][INFO] - Total time taken: 13.51 min.


[2026-05-05 22:23:26,643][root][INFO] - *****   LOOP 12 START   *****
[2026-05-05 22:23:26,643][root][INFO] - SAMPLE:
[32m2026-05-05 22:25:04.830[0m | [1mINFO    [0m | [36mmattersim.forcefield.potential[0m:[36mfrom_checkpoint[0m:[36m891[0m - [1mLoading the pre-trained mattersim-v1.0.0-5M.pth model[0m
[2026-05-05 22:29:03,491][root][INFO] - Number of filtered samples: 11
[2026-05-05 22:29:03,494][root][INFO] - avg_energy_above_hull_per_atom: 0.274466, avg_rmsd_from_relaxation: 0.590822, frac_novel_unique_stable_structures: 0.200000, frac_stable_structures: 0.690909, frac_successful_jobs: 1.000000, avg_comp_validity: 1.000000, avg_structure_comp_validity: 1.000000, avg_structure_validity: 1.000000, frac_novel_structures: 0.472727, frac_novel_systems: 0.018182, frac_novel_unique_structures: 0.472727, frac_unique_structures: 1.000000, frac_unique_systems: 1.000000, precision: 0.527273, recall: 0.000070
[2026-05-05 22:29:03,502][root][INFO] - SCORE:
[GPRoutedV4] cycle=12 N=11 K_eff=4 oracled=4 masked=7 ltm=475 GP_RMSE_train=0.000 GP_RMSE_cv5=0.080 GP_MAE_cv5=0.055 mean_oracle_Cp=0.274 anchor=False cold=False 304.4s
[2026-05-05 22:34:08,015][root][INFO] - Evaluation costs to date: 147
[2026-05-05 22:34:08,016][root][INFO] - Number of samples that successfully obtained rewards: 2
[2026-05-05 22:34:08,017][root][INFO] - reward mean=0.0303 std=0.0303
[2026-05-05 22:34:08,017][root][INFO] - heat_capacity mean=0.2745 std=0.0816
[2026-05-05 22:34:08,153][root][INFO] - 29 crystals generated so far, 29 unique components.  Burden: None, Div. Ratio: 1.0.
[2026-05-05 22:34:08,195][root][INFO] - Diversity filter: tol_n=0, buff_n=0
[2026-05-05 22:34:08,198][root][INFO] - replay buffer size=3
[2026-05-05 22:34:08,198][root][INFO] - buffer reward mean=0.27327298392339505
[2026-05-05 22:34:08,199][root][INFO] - FINETUNE:
[2026-05-05 22:34:08,567][root][INFO] - Epoch 0: loss: 0.1773, loss_diff: 0.1766, loss_kl: 0.0292
[2026-05-05 22:34:08,773][root][INFO] - Epoch 1: loss: 0.1854, loss_diff: 0.1842, loss_kl: 0.0506
[2026-05-05 22:34:08,979][root][INFO] - Epoch 2: loss: 0.1271, loss_diff: 0.1262, loss_kl: 0.0376
[2026-05-05 22:34:08,979][root][INFO] - *****   LOOP 12 FINISH   *****
[2026-05-05 22:34:08,980][root][INFO] - Total time taken: 10.71 min.


[2026-05-05 22:34:08,980][root][INFO] - *****   LOOP 13 START   *****
[2026-05-05 22:34:08,980][root][INFO] - SAMPLE:
[32m2026-05-05 22:35:59.924[0m | [1mINFO    [0m | [36mmattersim.forcefield.potential[0m:[36mfrom_checkpoint[0m:[36m891[0m - [1mLoading the pre-trained mattersim-v1.0.0-5M.pth model[0m
[2026-05-05 22:41:12,809][root][INFO] - Number of filtered samples: 8
[2026-05-05 22:41:12,875][root][INFO] - avg_energy_above_hull_per_atom: 0.169333, avg_rmsd_from_relaxation: 0.518128, frac_novel_unique_stable_structures: 0.140351, frac_stable_structures: 0.789474, frac_successful_jobs: 1.000000, avg_comp_validity: 1.000000, avg_structure_comp_validity: 1.000000, avg_structure_validity: 1.000000, frac_novel_structures: 0.315789, frac_novel_systems: 0.035088, frac_novel_unique_structures: 0.315789, frac_unique_structures: 1.000000, frac_unique_systems: 1.000000, precision: 0.684211, recall: 0.000092
[2026-05-05 22:41:12,883][root][INFO] - SCORE:
[GPRoutedV4] cycle=13 N=8 K_eff=4 oracled=4 masked=4 ltm=478 GP_RMSE_train=0.000 GP_RMSE_cv5=0.085 GP_MAE_cv5=0.056 mean_oracle_Cp=0.346 anchor=False cold=False 441.9s
[2026-05-05 22:48:34,973][root][INFO] - Evaluation costs to date: 155
[2026-05-05 22:48:34,974][root][INFO] - Number of samples that successfully obtained rewards: 3
[2026-05-05 22:48:34,974][root][INFO] - reward mean=0.0549 std=0.0222
[2026-05-05 22:48:34,974][root][INFO] - heat_capacity mean=0.3461 std=0.0389
[2026-05-05 22:48:35,143][root][INFO] - 32 crystals generated so far, 32 unique components.  Burden: None, Div. Ratio: 1.0.
[2026-05-05 22:48:37,496][root][INFO] - Diversity filter: tol_n=0, buff_n=0
[2026-05-05 22:48:37,499][root][INFO] - replay buffer size=3
[2026-05-05 22:48:37,499][root][INFO] - buffer reward mean=0.27327298392339505
[2026-05-05 22:48:37,500][root][INFO] - FINETUNE:
[2026-05-05 22:48:39,105][root][INFO] - Epoch 0: loss: 0.1994, loss_diff: 0.1975, loss_kl: 0.0735
[2026-05-05 22:48:39,311][root][INFO] - Epoch 1: loss: 0.2621, loss_diff: 0.2614, loss_kl: 0.0297
[2026-05-05 22:48:39,521][root][INFO] - Epoch 2: loss: 0.2441, loss_diff: 0.2438, loss_kl: 0.0140
[2026-05-05 22:48:39,522][root][INFO] - *****   LOOP 13 FINISH   *****
[2026-05-05 22:48:39,522][root][INFO] - Total time taken: 14.51 min.


[2026-05-05 22:48:39,522][root][INFO] - *****   LOOP 14 START   *****
[2026-05-05 22:48:39,522][root][INFO] - SAMPLE:
[32m2026-05-05 22:50:34.207[0m | [1mINFO    [0m | [36mmattersim.forcefield.potential[0m:[36mfrom_checkpoint[0m:[36m891[0m - [1mLoading the pre-trained mattersim-v1.0.0-5M.pth model[0m
[2026-05-05 22:57:04,791][root][INFO] - Number of filtered samples: 12
[2026-05-05 22:57:05,765][root][INFO] - avg_energy_above_hull_per_atom: 0.200480, avg_rmsd_from_relaxation: 0.573402, frac_novel_unique_stable_structures: 0.218182, frac_stable_structures: 0.709091, frac_successful_jobs: 1.000000, avg_comp_validity: 1.000000, avg_structure_comp_validity: 1.000000, avg_structure_validity: 1.000000, frac_novel_structures: 0.472727, frac_novel_systems: 0.090909, frac_novel_unique_structures: 0.472727, frac_unique_structures: 1.000000, frac_unique_systems: 1.000000, precision: 0.527273, recall: 0.000067
[2026-05-05 22:57:05,773][root][INFO] - SCORE:
[GPRoutedV4] cycle=14 N=12 K_eff=4 oracled=4 masked=8 ltm=481 GP_RMSE_train=0.000 GP_RMSE_cv5=0.082 GP_MAE_cv5=0.056 mean_oracle_Cp=0.290 anchor=False cold=False 257.0s
[2026-05-05 23:01:23,356][root][INFO] - Evaluation costs to date: 167
[2026-05-05 23:01:23,443][root][INFO] - Number of samples that successfully obtained rewards: 3
[2026-05-05 23:01:23,443][root][INFO] - reward mean=0.0357 std=0.0310
[2026-05-05 23:01:23,443][root][INFO] - heat_capacity mean=0.2896 std=0.0828
[2026-05-05 23:01:23,696][root][INFO] - 35 crystals generated so far, 35 unique components.  Burden: None, Div. Ratio: 1.0.
[2026-05-05 23:01:23,739][root][INFO] - Diversity filter: tol_n=0, buff_n=0
[2026-05-05 23:01:23,787][root][INFO] - replay buffer size=3
[2026-05-05 23:01:23,787][root][INFO] - buffer reward mean=0.27327298392339505
[2026-05-05 23:01:23,787][root][INFO] - FINETUNE:
[2026-05-05 23:01:26,421][root][INFO] - Epoch 0: loss: 0.1170, loss_diff: 0.1164, loss_kl: 0.0225
[2026-05-05 23:01:26,643][root][INFO] - Epoch 1: loss: 0.2316, loss_diff: 0.2310, loss_kl: 0.0271
[2026-05-05 23:01:26,865][root][INFO] - Epoch 2: loss: 0.1630, loss_diff: 0.1622, loss_kl: 0.0343
[2026-05-05 23:01:26,867][root][INFO] - *****   LOOP 14 FINISH   *****
[2026-05-05 23:01:26,867][root][INFO] - Total time taken: 12.79 min.


[2026-05-05 23:01:26,867][root][INFO] - *****   LOOP 15 START   *****
[2026-05-05 23:01:26,868][root][INFO] - SAMPLE:
[32m2026-05-05 23:03:15.113[0m | [1mINFO    [0m | [36mmattersim.forcefield.potential[0m:[36mfrom_checkpoint[0m:[36m891[0m - [1mLoading the pre-trained mattersim-v1.0.0-5M.pth model[0m
[2026-05-05 23:06:32,850][root][INFO] - Number of filtered samples: 12
[2026-05-05 23:06:33,269][root][INFO] - avg_energy_above_hull_per_atom: 0.069076, avg_rmsd_from_relaxation: 0.510594, frac_novel_unique_stable_structures: 0.226415, frac_stable_structures: 0.811321, frac_successful_jobs: 1.000000, avg_comp_validity: 1.000000, avg_structure_comp_validity: 1.000000, avg_structure_validity: 1.000000, frac_novel_structures: 0.396226, frac_novel_systems: 0.056604, frac_novel_unique_structures: 0.396226, frac_unique_structures: 1.000000, frac_unique_systems: 0.981132, precision: 0.603774, recall: 0.000082
[2026-05-05 23:06:33,292][root][INFO] - SCORE:
[GPRoutedV4] cycle=15 N=12 K_eff=4 oracled=4 masked=8 ltm=483 GP_RMSE_train=0.000 GP_RMSE_cv5=0.084 GP_MAE_cv5=0.056 mean_oracle_Cp=0.229 anchor=False cold=False 220.1s
[2026-05-05 23:10:13,610][root][INFO] - Evaluation costs to date: 179
[2026-05-05 23:10:13,710][root][INFO] - Number of samples that successfully obtained rewards: 2
[2026-05-05 23:10:13,711][root][INFO] - reward mean=0.0015 std=0.0015
[2026-05-05 23:10:13,711][root][INFO] - heat_capacity mean=0.2292 std=0.0261
[2026-05-05 23:10:14,609][root][INFO] - 37 crystals generated so far, 37 unique components.  Burden: None, Div. Ratio: 1.0.
[2026-05-05 23:10:14,756][root][INFO] - Diversity filter: tol_n=0, buff_n=0
[2026-05-05 23:10:14,776][root][INFO] - replay buffer size=3
[2026-05-05 23:10:14,777][root][INFO] - buffer reward mean=0.27327298392339505
[2026-05-05 23:10:14,777][root][INFO] - FINETUNE:
[2026-05-05 23:10:16,045][root][INFO] - Epoch 0: loss: 0.2107, loss_diff: 0.2102, loss_kl: 0.0167
[2026-05-05 23:10:16,262][root][INFO] - Epoch 1: loss: 0.1678, loss_diff: 0.1668, loss_kl: 0.0377
[2026-05-05 23:10:16,479][root][INFO] - Epoch 2: loss: 0.1853, loss_diff: 0.1848, loss_kl: 0.0207
[2026-05-05 23:10:16,480][root][INFO] - *****   LOOP 15 FINISH   *****
[2026-05-05 23:10:16,480][root][INFO] - Total time taken: 8.83 min.


[2026-05-05 23:10:16,480][root][INFO] - *****   LOOP 16 START   *****
[2026-05-05 23:10:16,481][root][INFO] - SAMPLE:
[32m2026-05-05 23:11:50.007[0m | [1mINFO    [0m | [36mmattersim.forcefield.potential[0m:[36mfrom_checkpoint[0m:[36m891[0m - [1mLoading the pre-trained mattersim-v1.0.0-5M.pth model[0m
[2026-05-05 23:15:34,769][root][INFO] - Number of filtered samples: 10
[2026-05-05 23:15:34,870][root][INFO] - avg_energy_above_hull_per_atom: 0.069129, avg_rmsd_from_relaxation: 0.592051, frac_novel_unique_stable_structures: 0.200000, frac_stable_structures: 0.720000, frac_successful_jobs: 1.000000, avg_comp_validity: 1.000000, avg_structure_comp_validity: 1.000000, avg_structure_validity: 1.000000, frac_novel_structures: 0.460000, frac_novel_systems: 0.100000, frac_novel_unique_structures: 0.460000, frac_unique_structures: 1.000000, frac_unique_systems: 0.940000, precision: 0.540000, recall: 0.000071
[2026-05-05 23:15:34,894][root][INFO] - SCORE:
[GPRoutedV4] cycle=16 N=10 K_eff=4 oracled=4 masked=6 ltm=486 GP_RMSE_train=0.000 GP_RMSE_cv5=0.081 GP_MAE_cv5=0.055 mean_oracle_Cp=0.189 anchor=False cold=False 289.1s
[2026-05-05 23:20:24,216][root][INFO] - Evaluation costs to date: 189
[2026-05-05 23:20:24,282][root][INFO] - Number of samples that successfully obtained rewards: 3
[2026-05-05 23:20:24,282][root][INFO] - reward mean=0.0000 std=0.0000
[2026-05-05 23:20:24,282][root][INFO] - heat_capacity mean=0.1886 std=0.0393
[2026-05-05 23:20:24,377][root][INFO] - 40 crystals generated so far, 40 unique components.  Burden: None, Div. Ratio: 1.0.
[2026-05-05 23:20:25,008][root][INFO] - Diversity filter: tol_n=0, buff_n=0
[2026-05-05 23:20:25,010][root][INFO] - replay buffer size=3
[2026-05-05 23:20:25,010][root][INFO] - buffer reward mean=0.27327298392339505
[2026-05-05 23:20:25,010][root][INFO] - FINETUNE:
[2026-05-05 23:20:25,299][root][INFO] - Epoch 0: loss: 0.1971, loss_diff: 0.1964, loss_kl: 0.0287
[2026-05-05 23:20:25,508][root][INFO] - Epoch 1: loss: 0.1787, loss_diff: 0.1779, loss_kl: 0.0347
[2026-05-05 23:20:25,720][root][INFO] - Epoch 2: loss: 0.1853, loss_diff: 0.1845, loss_kl: 0.0321
[2026-05-05 23:20:25,721][root][INFO] - *****   LOOP 16 FINISH   *****
[2026-05-05 23:20:25,721][root][INFO] - Total time taken: 10.15 min.


[2026-05-05 23:20:25,721][root][INFO] - *****   LOOP 17 START   *****
[2026-05-05 23:20:25,721][root][INFO] - SAMPLE:
[32m2026-05-05 23:22:02.743[0m | [1mINFO    [0m | [36mmattersim.forcefield.potential[0m:[36mfrom_checkpoint[0m:[36m891[0m - [1mLoading the pre-trained mattersim-v1.0.0-5M.pth model[0m
[2026-05-05 23:24:46,872][root][INFO] - Number of filtered samples: 10
[2026-05-05 23:24:47,015][root][INFO] - avg_energy_above_hull_per_atom: 0.120150, avg_rmsd_from_relaxation: 0.546487, frac_novel_unique_stable_structures: 0.192308, frac_stable_structures: 0.673077, frac_successful_jobs: 1.000000, avg_comp_validity: 1.000000, avg_structure_comp_validity: 1.000000, avg_structure_validity: 1.000000, frac_novel_structures: 0.500000, frac_novel_systems: 0.038462, frac_novel_unique_structures: 0.500000, frac_unique_structures: 1.000000, frac_unique_systems: 1.000000, precision: 0.500000, recall: 0.000065
[2026-05-05 23:24:47,034][root][INFO] - SCORE:
[GPRoutedV4] cycle=17 N=10 K_eff=4 oracled=4 masked=6 ltm=488 GP_RMSE_train=0.000 GP_RMSE_cv5=0.080 GP_MAE_cv5=0.054 mean_oracle_Cp=0.393 anchor=False cold=False 320.3s
[2026-05-05 23:30:07,500][root][INFO] - Evaluation costs to date: 199
[2026-05-05 23:30:07,548][root][INFO] - Number of samples that successfully obtained rewards: 2
[2026-05-05 23:30:07,548][root][INFO] - reward mean=0.0998 std=0.0998
[2026-05-05 23:30:07,548][root][INFO] - heat_capacity mean=0.3926 std=0.2066
[2026-05-05 23:30:08,964][root][INFO] - 42 crystals generated so far, 42 unique components.  Burden: None, Div. Ratio: 1.0.
[2026-05-05 23:30:09,069][root][INFO] - Diversity filter: tol_n=0, buff_n=0
[2026-05-05 23:30:09,086][root][INFO] - replay buffer size=4
[2026-05-05 23:30:09,086][root][INFO] - buffer reward mean=0.2548517507488763
[2026-05-05 23:30:09,086][root][INFO] - FINETUNE:
[2026-05-05 23:30:10,919][root][INFO] - Epoch 0: loss: 0.2827, loss_diff: 0.2812, loss_kl: 0.0614
[2026-05-05 23:30:11,135][root][INFO] - Epoch 1: loss: 0.2305, loss_diff: 0.2299, loss_kl: 0.0258
[2026-05-05 23:30:11,339][root][INFO] - Epoch 2: loss: 0.2513, loss_diff: 0.2501, loss_kl: 0.0477
[2026-05-05 23:30:11,340][root][INFO] - *****   LOOP 17 FINISH   *****
[2026-05-05 23:30:11,340][root][INFO] - Total time taken: 9.76 min.


[2026-05-05 23:30:11,341][root][INFO] - *****   LOOP 18 START   *****
[2026-05-05 23:30:11,341][root][INFO] - SAMPLE:
[32m2026-05-05 23:31:49.555[0m | [1mINFO    [0m | [36mmattersim.forcefield.potential[0m:[36mfrom_checkpoint[0m:[36m891[0m - [1mLoading the pre-trained mattersim-v1.0.0-5M.pth model[0m
[2026-05-05 23:35:26,846][root][INFO] - Number of filtered samples: 7
[2026-05-05 23:35:26,965][root][INFO] - avg_energy_above_hull_per_atom: 0.109036, avg_rmsd_from_relaxation: 0.527057, frac_novel_unique_stable_structures: 0.132075, frac_stable_structures: 0.754717, frac_successful_jobs: 1.000000, avg_comp_validity: 1.000000, avg_structure_comp_validity: 1.000000, avg_structure_validity: 1.000000, frac_novel_structures: 0.339623, frac_novel_systems: 0.056604, frac_novel_unique_structures: 0.339623, frac_unique_structures: 1.000000, frac_unique_systems: 1.000000, precision: 0.660377, recall: 0.000085
[2026-05-05 23:35:26,973][root][INFO] - SCORE:
[GPRoutedV4] cycle=18 N=7 K_eff=4 oracled=4 masked=3 ltm=489 GP_RMSE_train=0.000 GP_RMSE_cv5=0.082 GP_MAE_cv5=0.055 mean_oracle_Cp=0.456 anchor=False cold=False 562.0s
[2026-05-05 23:44:49,338][root][INFO] - Evaluation costs to date: 206
[2026-05-05 23:44:49,583][root][INFO] - Number of samples that successfully obtained rewards: 1
[2026-05-05 23:44:49,584][root][INFO] - reward mean=0.1178 std=0.0000
[2026-05-05 23:44:49,584][root][INFO] - heat_capacity mean=0.4562 std=0.0000
[2026-05-05 23:44:49,787][root][INFO] - 43 crystals generated so far, 43 unique components.  Burden: None, Div. Ratio: 1.0.
[2026-05-05 23:44:49,876][root][INFO] - Diversity filter: tol_n=0, buff_n=0
[2026-05-05 23:44:49,879][root][INFO] - replay buffer size=5
[2026-05-05 23:44:49,879][root][INFO] - buffer reward mean=0.22744352103678467
[2026-05-05 23:44:49,879][root][INFO] - FINETUNE:
[2026-05-05 23:44:51,345][root][INFO] - Epoch 0: loss: 0.2285, loss_diff: 0.2267, loss_kl: 0.0722
[2026-05-05 23:44:51,564][root][INFO] - Epoch 1: loss: 0.3307, loss_diff: 0.3300, loss_kl: 0.0297
[2026-05-05 23:44:51,770][root][INFO] - Epoch 2: loss: 0.2277, loss_diff: 0.2271, loss_kl: 0.0242
[2026-05-05 23:44:51,771][root][INFO] - *****   LOOP 18 FINISH   *****
[2026-05-05 23:44:51,771][root][INFO] - Total time taken: 14.67 min.


[2026-05-05 23:44:51,772][root][INFO] - *****   LOOP 19 START   *****
[2026-05-05 23:44:51,772][root][INFO] - SAMPLE:
[32m2026-05-05 23:46:26.861[0m | [1mINFO    [0m | [36mmattersim.forcefield.potential[0m:[36mfrom_checkpoint[0m:[36m891[0m - [1mLoading the pre-trained mattersim-v1.0.0-5M.pth model[0m
[2026-05-05 23:50:32,137][root][INFO] - Number of filtered samples: 11
[2026-05-05 23:50:32,274][root][INFO] - avg_energy_above_hull_per_atom: 0.076794, avg_rmsd_from_relaxation: 0.525517, frac_novel_unique_stable_structures: 0.220000, frac_stable_structures: 0.740000, frac_successful_jobs: 1.000000, avg_comp_validity: 1.000000, avg_structure_comp_validity: 1.000000, avg_structure_validity: 1.000000, frac_novel_structures: 0.440000, frac_novel_systems: 0.060000, frac_novel_unique_structures: 0.440000, frac_unique_structures: 1.000000, frac_unique_systems: 0.960000, precision: 0.560000, recall: 0.000078
[2026-05-05 23:50:32,285][root][INFO] - SCORE:
[GPRoutedV4] cycle=19 N=11 K_eff=4 oracled=4 masked=7 ltm=491 GP_RMSE_train=0.000 GP_RMSE_cv5=0.080 GP_MAE_cv5=0.054 mean_oracle_Cp=0.510 anchor=False cold=False 389.7s
[2026-05-05 23:57:02,180][root][INFO] - Evaluation costs to date: 217
[2026-05-05 23:57:02,244][root][INFO] - Number of samples that successfully obtained rewards: 2
[2026-05-05 23:57:02,244][root][INFO] - reward mean=0.1487 std=0.0174
[2026-05-05 23:57:02,244][root][INFO] - heat_capacity mean=0.5102 std=0.0305
[2026-05-05 23:57:02,352][root][INFO] - 45 crystals generated so far, 45 unique components.  Burden: None, Div. Ratio: 1.0.
[2026-05-05 23:57:02,644][root][INFO] - Diversity filter: tol_n=0, buff_n=0
[2026-05-05 23:57:02,646][root][INFO] - replay buffer size=7
[2026-05-05 23:57:02,646][root][INFO] - buffer reward mean=0.20493928242888612
[2026-05-05 23:57:02,647][root][INFO] - FINETUNE:
[2026-05-05 23:57:03,956][root][INFO] - Epoch 0: loss: 0.3056, loss_diff: 0.3046, loss_kl: 0.0375
[2026-05-05 23:57:04,178][root][INFO] - Epoch 1: loss: 0.4050, loss_diff: 0.4044, loss_kl: 0.0243
[2026-05-05 23:57:04,402][root][INFO] - Epoch 2: loss: 0.2823, loss_diff: 0.2813, loss_kl: 0.0394
[2026-05-05 23:57:04,402][root][INFO] - *****   LOOP 19 FINISH   *****
[2026-05-05 23:57:04,403][root][INFO] - Total time taken: 12.21 min.


[2026-05-05 23:57:05,710][root][INFO] - *****   RL END   *****
[2026-05-05 23:57:05,710][root][INFO] - Total time taken: 18698 s.
Closing LMDB environment /tmp/job.3006102/tmp1aprbo8r/reference_MP2020correction
Phase-3 v4 adit accel (seed=113) finished at Tue May  5 23:58:11 CDT 2026
