Phase-3 v4 CF ACCEL seed=23 cycles=20 at Wed May  6 05:51:50 CDT 2026 on fc024
  GP_LTM_SEED=/scratch/user/ahnafalvi/matinvent-hcap-bo/data/ltm_seed_pool_v3.parquet
  GP_LTM_PATH=/scratch/user/ahnafalvi/matinvent-hcap-bo/data/ltm_hcap_p3v4_cf_accel_seed23_3006193.parquet
  GP_COLD_START_MIN=0
NVIDIA A100-PCIE-40GB, 40960 MiB
MODELS_PROJECT_ROOT: /scratch/user/ahnafalvi/matinvent-bo/src/mattergen/mattergen
[2026-05-06 06:00:14,122][httpx][INFO] - HTTP Request: HEAD https://huggingface.co/jwchen25/MatInvent/resolve/main/reference_MP2020correction.gz "HTTP/1.1 302 Found"
edge_style: fc
[2026-05-06 06:05:19,117][hydra.utils][INFO] - Using lattice polar decomposition with sigma=0.1
edge_style: fc
[2026-05-06 06:05:36,072][hydra.utils][INFO] - Using lattice polar decomposition with sigma=0.1
edge_style: fc
[2026-05-06 06:05:49,703][hydra.utils][INFO] - Using lattice polar decomposition with sigma=0.1
edge_style: fc
[2026-05-06 06:06:04,169][hydra.utils][INFO] - Using lattice polar decomposition with sigma=0.1
[2026-05-06 06:06:04,220][root][INFO] - *****   RL START   *****
[2026-05-06 06:06:04,220][root][INFO] - *****   LOOP 0 START   *****
[2026-05-06 06:06:04,220][root][INFO] - SAMPLE:
[32m2026-05-06 06:07:37.035[0m | [1mINFO    [0m | [36mmattersim.forcefield.potential[0m:[36mfrom_checkpoint[0m:[36m891[0m - [1mLoading the pre-trained mattersim-v1.0.0-5M.pth model[0m
[2026-05-06 06:20:59,909][root][INFO] - Number of filtered samples: 8
[2026-05-06 06:21:00,004][root][INFO] - avg_energy_above_hull_per_atom: 0.256477, avg_rmsd_from_relaxation: 0.954657, frac_novel_unique_stable_structures: 0.148148, frac_stable_structures: 0.259259, frac_successful_jobs: 1.000000, avg_comp_validity: 1.000000, avg_structure_comp_validity: 1.000000, avg_structure_validity: 1.000000, frac_novel_structures: 0.870370, frac_novel_systems: 0.185185, frac_novel_unique_structures: 0.870370, frac_unique_structures: 1.000000, frac_unique_systems: 1.000000, precision: 0.129630, recall: 0.000014
[2026-05-06 06:21:07,573][root][INFO] - SCORE:
[2026-05-06 06:21:55,772][cached_path][INFO] - cache of https://orbitalmaterials-public-models.s3.us-west-1.amazonaws.com/forcefields/orb-v3/orb-v3-conservative-inf-omat-20250404.ckpt is up-to-date
[2026-05-06 06:27:13,375][root][INFO] - Project root: /scratch/user/ahnafalvi/envs/matinvent-hcap-bo/lib/python3.10/site-packages/fairchem
[2026-05-06 06:27:15,233][root][INFO] - Checking local cache: /scratch/user/ahnafalvi/.cache/huggingface for model eSEN-30M-OAM
[2026-05-06 06:27:15,330][httpx][INFO] - HTTP Request: HEAD https://huggingface.co/facebook/OMAT24/resolve/main/esen_30m_oam.pt "HTTP/1.1 302 Found"
[2026-05-06 06:27:15,837][root][INFO] - local rank base: 0
[2026-05-06 06:27:19,848][root][INFO] - amp: false
cmd:
  checkpoint_dir: /scratch/user/ahnafalvi/matinvent-hcap-bo/results/hcap_p3v4_cf_accel_seed23_3006193/checkpoints/2026-05-06-06-26-56
  commit: core:None,experimental:NA
  identifier: ''
  logs_dir: /scratch/user/ahnafalvi/matinvent-hcap-bo/results/hcap_p3v4_cf_accel_seed23_3006193/logs/wandb/2026-05-06-06-26-56
  print_every: 100
  results_dir: /scratch/user/ahnafalvi/matinvent-hcap-bo/results/hcap_p3v4_cf_accel_seed23_3006193/results/2026-05-06-06-26-56
  seed: null
  timestamp_id: 2026-05-06-06-26-56
  version: 1.10.0
dataset:
  a2g_args:
    r_energy: true
    r_forces: true
    r_stress: true
  format: ase_db
  metadata_path: ''
  transforms:
    element_references: ''
    normalizer:
      energy:
        mean: 0.0
        stdev: 0.6274358
      forces:
        mean: 0.0
        stdev: 0.6274358
      stress:
        mean: 0.0
        stdev: 0.6274358
evaluation_metrics:
  metrics:
    energy:
    - mae
    - per_atom_mae
    forces:
    - mae
    - cosine_similarity
    stress:
    - mae
  primary_metric: forces_mae
gp_gpus: null
gpus: 1
logger: wandb
loss_functions:
- energy:
    coefficient: 20
    fn: per_atom_mae
- forces:
    coefficient: 20
    fn: l2mae
- stress:
    coefficient: 5
    fn: mae
model:
  backbone:
    act_type: gate
    cutoff: 6.0
    direct_forces: false
    distance_function: gaussian
    edge_channels: 128
    hidden_channels: 128
    lmax: 3
    max_neighbors: 300
    max_num_elements: 100
    mlp_type: spectral
    mmax: 2
    model: esen_backbone
    norm_type: rms_norm_sh
    num_distance_basis: 64
    num_layers: 10
    otf_graph: true
    regress_forces: true
    regress_stress: true
    sphere_channels: 128
    use_envelope: true
    use_pbc: true
    use_pbc_single: true
  heads:
    mptrj:
      module: esen_mlp_efs_head
  name: hydra
  otf_graph: true
  pass_through_head_outputs: true
optim:
  batch_size: 4
  clip_grad_norm: 100
  ema_decay: 0.999
  eval_batch_size: 4
  eval_every: 5000
  load_balancing: atoms
  lr_initial: 0.0004
  max_epochs: 1
  num_workers: 4
  optimizer: AdamW
  optimizer_params:
    weight_decay: 0.001
  scheduler: LambdaLR
  scheduler_params:
    epochs: 85271
    lambda_type: cosine
    lr: 0.0004
    lr_min_factor: 0.1
    warmup_epochs: 8527
    warmup_factor: 0.2
outputs:
  energy:
    level: system
    property: energy
  forces:
    eval_on_free_atoms: true
    level: atom
    property: forces
    train_on_free_atoms: true
  stress:
    level: system
    property: stress
relax_dataset: {}
slurm: {}
task: {}
test_dataset: {}
trainer: ocp
val_dataset: {}

[2026-05-06 06:27:19,849][root][INFO] - Loading model: hydra
[2026-05-06 06:27:20,234][root][INFO] - Loaded HydraModel with 30161153 parameters.
[2026-05-06 06:27:20,234][root][INFO] - Loading checkpoint in inference-only mode, not loading keys associated with trainer state!
[2026-05-06 06:27:20,268][root][WARNING] - No seed has been set in modelcheckpoint or OCPCalculator! Results may not be reproducible on re-run
[GPRoutedV4] cycle=0 N=8 K_eff=4 oracled=8 masked=0 ltm=450 GP_RMSE_train=0.000 GP_RMSE_cv5=0.109 GP_MAE_cv5=0.061 mean_oracle_Cp=0.810 anchor=False cold=True 773.1s
[2026-05-06 06:34:00,726][root][INFO] - Evaluation costs to date: 8
[2026-05-06 06:34:00,727][root][INFO] - Number of samples that successfully obtained rewards: 4
[2026-05-06 06:34:00,727][root][INFO] - reward mean=0.3346 std=0.3847
[2026-05-06 06:34:00,727][root][INFO] - heat_capacity mean=0.8095 std=0.6969
[2026-05-06 06:34:00,755][root][INFO] - 4 crystals generated so far, 4 unique components.  Burden: None, Div. Ratio: 1.0.
[2026-05-06 06:34:00,760][root][INFO] - Diversity filter: tol_n=0, buff_n=0
[2026-05-06 06:34:00,762][root][INFO] - replay buffer size=2
[2026-05-06 06:34:00,763][root][INFO] - buffer reward mean=0.6544704246178115
[2026-05-06 06:34:00,763][root][INFO] - FINETUNE:
[2026-05-06 06:34:02,139][root][INFO] - Epoch 0: loss: 0.5071, loss_diff: 0.5071, loss_kl: 0.0000
[2026-05-06 06:34:02,255][root][INFO] - Epoch 1: loss: 0.5046, loss_diff: 0.5046, loss_kl: 0.0000
[2026-05-06 06:34:02,370][root][INFO] - Epoch 2: loss: 0.5131, loss_diff: 0.5131, loss_kl: 0.0000
[2026-05-06 06:34:02,370][root][INFO] - *****   LOOP 0 FINISH   *****
[2026-05-06 06:34:02,371][root][INFO] - Total time taken: 27.97 min.


[2026-05-06 06:34:02,371][root][INFO] - *****   LOOP 1 START   *****
[2026-05-06 06:34:02,371][root][INFO] - SAMPLE:
[32m2026-05-06 06:35:44.283[0m | [1mINFO    [0m | [36mmattersim.forcefield.potential[0m:[36mfrom_checkpoint[0m:[36m891[0m - [1mLoading the pre-trained mattersim-v1.0.0-5M.pth model[0m
[2026-05-06 06:39:01,150][root][INFO] - Number of filtered samples: 6
[2026-05-06 06:39:01,152][root][INFO] - avg_energy_above_hull_per_atom: 0.181789, avg_rmsd_from_relaxation: 0.780559, frac_novel_unique_stable_structures: 0.120000, frac_stable_structures: 0.420000, frac_successful_jobs: 1.000000, avg_comp_validity: 1.000000, avg_structure_comp_validity: 1.000000, avg_structure_validity: 1.000000, frac_novel_structures: 0.700000, frac_novel_systems: 0.160000, frac_novel_unique_structures: 0.700000, frac_unique_structures: 1.000000, frac_unique_systems: 1.000000, precision: 0.300000, recall: 0.000031
[2026-05-06 06:39:01,158][root][INFO] - SCORE:
[GPRoutedV4] cycle=1 N=6 K_eff=3 oracled=3 masked=3 ltm=451 GP_RMSE_train=0.000 GP_RMSE_cv5=0.094 GP_MAE_cv5=0.058 mean_oracle_Cp=0.191 anchor=False cold=False 113.7s
[2026-05-06 06:40:54,846][root][INFO] - Evaluation costs to date: 14
[2026-05-06 06:40:54,847][root][INFO] - Number of samples that successfully obtained rewards: 1
[2026-05-06 06:40:54,847][root][INFO] - reward mean=0.0000 std=0.0000
[2026-05-06 06:40:54,847][root][INFO] - heat_capacity mean=0.1906 std=0.0000
[2026-05-06 06:40:54,861][root][INFO] - 5 crystals generated so far, 5 unique components.  Burden: None, Div. Ratio: 1.0.
[2026-05-06 06:40:54,865][root][INFO] - Diversity filter: tol_n=0, buff_n=0
[2026-05-06 06:40:54,868][root][INFO] - replay buffer size=2
[2026-05-06 06:40:54,868][root][INFO] - buffer reward mean=0.6544704246178115
[2026-05-06 06:40:54,868][root][INFO] - FINETUNE:
[2026-05-06 06:40:55,160][root][INFO] - Epoch 0: loss: 0.6326, loss_diff: 0.6326, loss_kl: 0.0000
[2026-05-06 06:40:55,269][root][INFO] - Epoch 1: loss: 0.6492, loss_diff: 0.6492, loss_kl: 0.0000
[2026-05-06 06:40:55,376][root][INFO] - Epoch 2: loss: 0.6416, loss_diff: 0.6416, loss_kl: 0.0000
[2026-05-06 06:40:55,377][root][INFO] - *****   LOOP 1 FINISH   *****
[2026-05-06 06:40:55,377][root][INFO] - Total time taken: 6.88 min.


[2026-05-06 06:40:55,377][root][INFO] - *****   LOOP 2 START   *****
[2026-05-06 06:40:55,377][root][INFO] - SAMPLE:
[32m2026-05-06 06:42:16.897[0m | [1mINFO    [0m | [36mmattersim.forcefield.potential[0m:[36mfrom_checkpoint[0m:[36m891[0m - [1mLoading the pre-trained mattersim-v1.0.0-5M.pth model[0m
[2026-05-06 06:46:31,708][root][INFO] - Number of filtered samples: 11
[2026-05-06 06:46:31,710][root][INFO] - avg_energy_above_hull_per_atom: 0.394286, avg_rmsd_from_relaxation: 0.938474, frac_novel_unique_stable_structures: 0.239130, frac_stable_structures: 0.347826, frac_successful_jobs: 1.000000, avg_comp_validity: 1.000000, avg_structure_comp_validity: 1.000000, avg_structure_validity: 1.000000, frac_novel_structures: 0.891304, frac_novel_systems: 0.239130, frac_novel_unique_structures: 0.891304, frac_unique_structures: 1.000000, frac_unique_systems: 1.000000, precision: 0.108696, recall: 0.000017
[2026-05-06 06:46:31,718][root][INFO] - SCORE:
[GPRoutedV4] cycle=2 N=11 K_eff=4 oracled=4 masked=7 ltm=453 GP_RMSE_train=0.000 GP_RMSE_cv5=0.091 GP_MAE_cv5=0.058 mean_oracle_Cp=0.252 anchor=False cold=False 192.9s
[2026-05-06 06:49:44,653][root][INFO] - Evaluation costs to date: 25
[2026-05-06 06:49:44,654][root][INFO] - Number of samples that successfully obtained rewards: 2
[2026-05-06 06:49:44,654][root][INFO] - reward mean=0.0140 std=0.0140
[2026-05-06 06:49:44,654][root][INFO] - heat_capacity mean=0.2521 std=0.0470
[2026-05-06 06:49:44,708][root][INFO] - 7 crystals generated so far, 7 unique components.  Burden: None, Div. Ratio: 1.0.
[2026-05-06 06:49:44,713][root][INFO] - Diversity filter: tol_n=0, buff_n=0
[2026-05-06 06:49:44,716][root][INFO] - replay buffer size=2
[2026-05-06 06:49:44,716][root][INFO] - buffer reward mean=0.6544704246178115
[2026-05-06 06:49:44,716][root][INFO] - FINETUNE:
[2026-05-06 06:49:45,379][root][INFO] - Epoch 0: loss: 0.4819, loss_diff: 0.4819, loss_kl: 0.0000
[2026-05-06 06:49:45,491][root][INFO] - Epoch 1: loss: 0.4910, loss_diff: 0.4910, loss_kl: 0.0001
[2026-05-06 06:49:45,602][root][INFO] - Epoch 2: loss: 0.4839, loss_diff: 0.4838, loss_kl: 0.0001
[2026-05-06 06:49:45,602][root][INFO] - *****   LOOP 2 FINISH   *****
[2026-05-06 06:49:45,602][root][INFO] - Total time taken: 8.84 min.


[2026-05-06 06:49:45,603][root][INFO] - *****   LOOP 3 START   *****
[2026-05-06 06:49:45,603][root][INFO] - SAMPLE:
[32m2026-05-06 06:51:00.541[0m | [1mINFO    [0m | [36mmattersim.forcefield.potential[0m:[36mfrom_checkpoint[0m:[36m891[0m - [1mLoading the pre-trained mattersim-v1.0.0-5M.pth model[0m
[2026-05-06 06:57:05,439][root][INFO] - Number of filtered samples: 7
[2026-05-06 06:57:05,457][root][INFO] - avg_energy_above_hull_per_atom: 0.321903, avg_rmsd_from_relaxation: 0.977020, frac_novel_unique_stable_structures: 0.137255, frac_stable_structures: 0.196078, frac_successful_jobs: 1.000000, avg_comp_validity: 1.000000, avg_structure_comp_validity: 1.000000, avg_structure_validity: 1.000000, frac_novel_structures: 0.862745, frac_novel_systems: 0.333333, frac_novel_unique_structures: 0.862745, frac_unique_structures: 1.000000, frac_unique_systems: 1.000000, precision: 0.137255, recall: 0.000011
[2026-05-06 06:57:05,463][root][INFO] - SCORE:
[GPRoutedV4] cycle=3 N=7 K_eff=4 oracled=4 masked=3 ltm=454 GP_RMSE_train=0.000 GP_RMSE_cv5=0.089 GP_MAE_cv5=0.057 mean_oracle_Cp=0.194 anchor=False cold=False 206.2s
[2026-05-06 07:00:31,710][root][INFO] - Evaluation costs to date: 32
[2026-05-06 07:00:31,710][root][INFO] - Number of samples that successfully obtained rewards: 1
[2026-05-06 07:00:31,710][root][INFO] - reward mean=0.0000 std=0.0000
[2026-05-06 07:00:31,710][root][INFO] - heat_capacity mean=0.1942 std=0.0000
[2026-05-06 07:00:31,908][root][INFO] - 8 crystals generated so far, 8 unique components.  Burden: None, Div. Ratio: 1.0.
[2026-05-06 07:00:31,914][root][INFO] - Diversity filter: tol_n=0, buff_n=0
[2026-05-06 07:00:31,917][root][INFO] - replay buffer size=2
[2026-05-06 07:00:31,917][root][INFO] - buffer reward mean=0.6544704246178115
[2026-05-06 07:00:31,917][root][INFO] - FINETUNE:
[2026-05-06 07:00:32,570][root][INFO] - Epoch 0: loss: 0.6133, loss_diff: 0.6133, loss_kl: 0.0001
[2026-05-06 07:00:32,680][root][INFO] - Epoch 1: loss: 0.6281, loss_diff: 0.6281, loss_kl: 0.0001
[2026-05-06 07:00:32,789][root][INFO] - Epoch 2: loss: 0.6246, loss_diff: 0.6246, loss_kl: 0.0001
[2026-05-06 07:00:32,790][root][INFO] - *****   LOOP 3 FINISH   *****
[2026-05-06 07:00:32,790][root][INFO] - Total time taken: 10.79 min.


[2026-05-06 07:00:32,790][root][INFO] - *****   LOOP 4 START   *****
[2026-05-06 07:00:32,790][root][INFO] - SAMPLE:
[32m2026-05-06 07:01:48.856[0m | [1mINFO    [0m | [36mmattersim.forcefield.potential[0m:[36mfrom_checkpoint[0m:[36m891[0m - [1mLoading the pre-trained mattersim-v1.0.0-5M.pth model[0m
[2026-05-06 07:05:38,157][root][INFO] - Number of filtered samples: 6
[2026-05-06 07:05:38,158][root][INFO] - avg_energy_above_hull_per_atom: 0.311827, avg_rmsd_from_relaxation: 1.030299, frac_novel_unique_stable_structures: 0.125000, frac_stable_structures: 0.208333, frac_successful_jobs: 1.000000, avg_comp_validity: 1.000000, avg_structure_comp_validity: 1.000000, avg_structure_validity: 1.000000, frac_novel_structures: 0.875000, frac_novel_systems: 0.291667, frac_novel_unique_structures: 0.875000, frac_unique_structures: 1.000000, frac_unique_systems: 0.979167, precision: 0.125000, recall: 0.000009
[2026-05-06 07:05:38,164][root][INFO] - SCORE:
[GPRoutedV4] cycle=4 N=6 K_eff=3 oracled=3 masked=3 ltm=456 GP_RMSE_train=0.000 GP_RMSE_cv5=0.092 GP_MAE_cv5=0.057 mean_oracle_Cp=0.167 anchor=False cold=False 139.1s
[2026-05-06 07:07:57,264][root][INFO] - Evaluation costs to date: 38
[2026-05-06 07:07:57,265][root][INFO] - Number of samples that successfully obtained rewards: 2
[2026-05-06 07:07:57,265][root][INFO] - reward mean=0.0000 std=0.0000
[2026-05-06 07:07:57,265][root][INFO] - heat_capacity mean=0.1669 std=0.0204
[2026-05-06 07:07:57,289][root][INFO] - 10 crystals generated so far, 10 unique components.  Burden: None, Div. Ratio: 1.0.
[2026-05-06 07:07:57,294][root][INFO] - Diversity filter: tol_n=0, buff_n=0
[2026-05-06 07:07:57,297][root][INFO] - replay buffer size=2
[2026-05-06 07:07:57,297][root][INFO] - buffer reward mean=0.6544704246178115
[2026-05-06 07:07:57,297][root][INFO] - FINETUNE:
[2026-05-06 07:07:57,437][root][INFO] - Epoch 0: loss: 0.4266, loss_diff: 0.4266, loss_kl: 0.0002
[2026-05-06 07:07:57,545][root][INFO] - Epoch 1: loss: 0.4759, loss_diff: 0.4759, loss_kl: 0.0002
[2026-05-06 07:07:57,652][root][INFO] - Epoch 2: loss: 0.4826, loss_diff: 0.4826, loss_kl: 0.0002
[2026-05-06 07:07:57,652][root][INFO] - *****   LOOP 4 FINISH   *****
[2026-05-06 07:07:57,652][root][INFO] - Total time taken: 7.41 min.


[2026-05-06 07:07:57,653][root][INFO] - *****   LOOP 5 START   *****
[2026-05-06 07:07:57,653][root][INFO] - SAMPLE:
[32m2026-05-06 07:09:11.371[0m | [1mINFO    [0m | [36mmattersim.forcefield.potential[0m:[36mfrom_checkpoint[0m:[36m891[0m - [1mLoading the pre-trained mattersim-v1.0.0-5M.pth model[0m
[2026-05-06 07:14:20,997][root][INFO] - Number of filtered samples: 8
[2026-05-06 07:14:21,010][root][INFO] - avg_energy_above_hull_per_atom: 0.242107, avg_rmsd_from_relaxation: 0.968942, frac_novel_unique_stable_structures: 0.145455, frac_stable_structures: 0.272727, frac_successful_jobs: 1.000000, avg_comp_validity: 1.000000, avg_structure_comp_validity: 1.000000, avg_structure_validity: 1.000000, frac_novel_structures: 0.872727, frac_novel_systems: 0.290909, frac_novel_unique_structures: 0.872727, frac_unique_structures: 1.000000, frac_unique_systems: 1.000000, precision: 0.127273, recall: 0.000030
[2026-05-06 07:14:21,016][root][INFO] - SCORE:
[GPRoutedV4] cycle=5 N=8 K_eff=4 oracled=4 masked=4 ltm=457 GP_RMSE_train=0.000 GP_RMSE_cv5=0.108 GP_MAE_cv5=0.060 mean_oracle_Cp=0.361 anchor=False cold=False 196.1s
[2026-05-06 07:17:37,148][root][INFO] - Evaluation costs to date: 46
[2026-05-06 07:17:37,149][root][INFO] - Number of samples that successfully obtained rewards: 1
[2026-05-06 07:17:37,149][root][INFO] - reward mean=0.0634 std=0.0000
[2026-05-06 07:17:37,149][root][INFO] - heat_capacity mean=0.3609 std=0.0000
[2026-05-06 07:17:45,726][root][INFO] - 11 crystals generated so far, 11 unique components.  Burden: None, Div. Ratio: 1.0.
[2026-05-06 07:17:46,148][root][INFO] - Diversity filter: tol_n=0, buff_n=0
[2026-05-06 07:17:46,151][root][INFO] - replay buffer size=2
[2026-05-06 07:17:46,151][root][INFO] - buffer reward mean=0.6544704246178115
[2026-05-06 07:17:46,152][root][INFO] - FINETUNE:
[2026-05-06 07:17:46,845][root][INFO] - Epoch 0: loss: 0.6953, loss_diff: 0.6953, loss_kl: 0.0002
[2026-05-06 07:17:46,956][root][INFO] - Epoch 1: loss: 0.6597, loss_diff: 0.6597, loss_kl: 0.0002
[2026-05-06 07:17:47,066][root][INFO] - Epoch 2: loss: 0.6296, loss_diff: 0.6296, loss_kl: 0.0003
[2026-05-06 07:17:47,066][root][INFO] - *****   LOOP 5 FINISH   *****
[2026-05-06 07:17:47,067][root][INFO] - Total time taken: 9.82 min.


[2026-05-06 07:17:47,067][root][INFO] - *****   LOOP 6 START   *****
[2026-05-06 07:17:47,067][root][INFO] - SAMPLE:
[32m2026-05-06 07:19:00.022[0m | [1mINFO    [0m | [36mmattersim.forcefield.potential[0m:[36mfrom_checkpoint[0m:[36m891[0m - [1mLoading the pre-trained mattersim-v1.0.0-5M.pth model[0m
[2026-05-06 07:23:44,876][root][INFO] - Number of filtered samples: 2
[2026-05-06 07:23:44,878][root][INFO] - avg_energy_above_hull_per_atom: 0.291239, avg_rmsd_from_relaxation: 0.938005, frac_novel_unique_stable_structures: 0.039216, frac_stable_structures: 0.254902, frac_successful_jobs: 1.000000, avg_comp_validity: 1.000000, avg_structure_comp_validity: 1.000000, avg_structure_validity: 1.000000, frac_novel_structures: 0.745098, frac_novel_systems: 0.215686, frac_novel_unique_structures: 0.745098, frac_unique_structures: 1.000000, frac_unique_systems: 1.000000, precision: 0.254902, recall: 0.000038
[2026-05-06 07:23:44,882][root][INFO] - SCORE:
[GPRoutedV4] cycle=6 N=2 K_eff=1 oracled=1 masked=1 ltm=457 GP_RMSE_train=0.000 GP_RMSE_cv5=0.108 GP_MAE_cv5=0.060 mean_oracle_Cp=nan anchor=False cold=False 69.0s
[2026-05-06 07:24:53,844][root][INFO] - Evaluation costs to date: 48
[2026-05-06 07:24:53,844][root][INFO] - Number of samples that successfully obtained rewards: 0
[2026-05-06 07:24:53,922][root][INFO] - reward mean=nan std=nan
[2026-05-06 07:24:53,922][root][INFO] - heat_capacity mean=nan std=nan
[2026-05-06 07:24:53,985][root][INFO] - 11 crystals generated so far, 11 unique components.  Burden: None, Div. Ratio: 1.0.
[2026-05-06 07:24:53,988][root][INFO] - Diversity filter: tol_n=0, buff_n=0
[2026-05-06 07:24:53,991][root][INFO] - replay buffer size=2
[2026-05-06 07:24:53,991][root][INFO] - buffer reward mean=0.6544704246178115
[2026-05-06 07:24:53,991][root][INFO] - FINETUNE:
[2026-05-06 07:24:54,139][root][INFO] - Epoch 0: loss: 0.9373, loss_diff: 0.9373, loss_kl: 0.0002
[2026-05-06 07:24:54,246][root][INFO] - Epoch 1: loss: 0.9522, loss_diff: 0.9522, loss_kl: 0.0002
[2026-05-06 07:24:54,355][root][INFO] - Epoch 2: loss: 0.9576, loss_diff: 0.9576, loss_kl: 0.0003
[2026-05-06 07:24:54,356][root][INFO] - *****   LOOP 6 FINISH   *****
[2026-05-06 07:24:54,356][root][INFO] - Total time taken: 7.12 min.


[2026-05-06 07:24:54,356][root][INFO] - *****   LOOP 7 START   *****
[2026-05-06 07:24:54,356][root][INFO] - SAMPLE:
[32m2026-05-06 07:26:28.534[0m | [1mINFO    [0m | [36mmattersim.forcefield.potential[0m:[36mfrom_checkpoint[0m:[36m891[0m - [1mLoading the pre-trained mattersim-v1.0.0-5M.pth model[0m
[2026-05-06 07:30:24,318][root][INFO] - Number of filtered samples: 7
[2026-05-06 07:30:24,351][root][INFO] - avg_energy_above_hull_per_atom: 0.205499, avg_rmsd_from_relaxation: 0.922330, frac_novel_unique_stable_structures: 0.145833, frac_stable_structures: 0.354167, frac_successful_jobs: 1.000000, avg_comp_validity: 1.000000, avg_structure_comp_validity: 1.000000, avg_structure_validity: 1.000000, frac_novel_structures: 0.791667, frac_novel_systems: 0.187500, frac_novel_unique_structures: 0.791667, frac_unique_structures: 1.000000, frac_unique_systems: 1.000000, precision: 0.208333, recall: 0.000056
[2026-05-06 07:30:24,358][root][INFO] - SCORE:
[GPRoutedV4] cycle=7 N=7 K_eff=4 oracled=4 masked=3 ltm=458 GP_RMSE_train=0.000 GP_RMSE_cv5=0.091 GP_MAE_cv5=0.057 mean_oracle_Cp=0.556 anchor=False cold=False 201.8s
[2026-05-06 07:33:46,189][root][INFO] - Evaluation costs to date: 55
[2026-05-06 07:33:46,190][root][INFO] - Number of samples that successfully obtained rewards: 1
[2026-05-06 07:33:46,190][root][INFO] - reward mean=0.1751 std=0.0000
[2026-05-06 07:33:46,190][root][INFO] - heat_capacity mean=0.5564 std=0.0000
[2026-05-06 07:33:46,214][root][INFO] - 12 crystals generated so far, 12 unique components.  Burden: None, Div. Ratio: 1.0.
[2026-05-06 07:33:46,471][root][INFO] - Diversity filter: tol_n=0, buff_n=0
[2026-05-06 07:33:46,473][root][INFO] - replay buffer size=3
[2026-05-06 07:33:46,473][root][INFO] - buffer reward mean=0.49468408101741396
[2026-05-06 07:33:46,474][root][INFO] - FINETUNE:
[2026-05-06 07:33:46,943][root][INFO] - Epoch 0: loss: 0.6959, loss_diff: 0.6959, loss_kl: 0.0004
[2026-05-06 07:33:47,051][root][INFO] - Epoch 1: loss: 0.7170, loss_diff: 0.7170, loss_kl: 0.0004
[2026-05-06 07:33:47,158][root][INFO] - Epoch 2: loss: 0.6764, loss_diff: 0.6763, loss_kl: 0.0005
[2026-05-06 07:33:47,159][root][INFO] - *****   LOOP 7 FINISH   *****
[2026-05-06 07:33:47,159][root][INFO] - Total time taken: 8.88 min.


[2026-05-06 07:33:47,159][root][INFO] - *****   LOOP 8 START   *****
[2026-05-06 07:33:47,159][root][INFO] - SAMPLE:
[32m2026-05-06 07:35:00.892[0m | [1mINFO    [0m | [36mmattersim.forcefield.potential[0m:[36mfrom_checkpoint[0m:[36m891[0m - [1mLoading the pre-trained mattersim-v1.0.0-5M.pth model[0m
[2026-05-06 07:39:31,829][root][INFO] - Number of filtered samples: 4
[2026-05-06 07:39:31,830][root][INFO] - avg_energy_above_hull_per_atom: 0.234090, avg_rmsd_from_relaxation: 1.093455, frac_novel_unique_stable_structures: 0.067797, frac_stable_structures: 0.186441, frac_successful_jobs: 1.000000, avg_comp_validity: 1.000000, avg_structure_comp_validity: 1.000000, avg_structure_validity: 1.000000, frac_novel_structures: 0.864407, frac_novel_systems: 0.237288, frac_novel_unique_structures: 0.864407, frac_unique_structures: 1.000000, frac_unique_systems: 1.000000, precision: 0.135593, recall: 0.000026
[2026-05-06 07:39:31,843][root][INFO] - SCORE:
[GPRoutedV4] cycle=8 N=4 K_eff=2 oracled=2 masked=2 ltm=460 GP_RMSE_train=0.000 GP_RMSE_cv5=0.087 GP_MAE_cv5=0.057 mean_oracle_Cp=0.354 anchor=False cold=False 80.2s
[2026-05-06 07:40:52,118][root][INFO] - Evaluation costs to date: 59
[2026-05-06 07:40:52,119][root][INFO] - Number of samples that successfully obtained rewards: 2
[2026-05-06 07:40:52,119][root][INFO] - reward mean=0.0764 std=0.0764
[2026-05-06 07:40:52,119][root][INFO] - heat_capacity mean=0.3539 std=0.1637
[2026-05-06 07:40:52,154][root][INFO] - 14 crystals generated so far, 14 unique components.  Burden: None, Div. Ratio: 1.0.
[2026-05-06 07:40:52,159][root][INFO] - Diversity filter: tol_n=0, buff_n=0
[2026-05-06 07:40:52,162][root][INFO] - replay buffer size=4
[2026-05-06 07:40:52,162][root][INFO] - buffer reward mean=0.40923363778884414
[2026-05-06 07:40:52,162][root][INFO] - FINETUNE:
[2026-05-06 07:40:52,403][root][INFO] - Epoch 0: loss: 0.4791, loss_diff: 0.4790, loss_kl: 0.0006
[2026-05-06 07:40:52,512][root][INFO] - Epoch 1: loss: 0.4722, loss_diff: 0.4722, loss_kl: 0.0007
[2026-05-06 07:40:52,621][root][INFO] - Epoch 2: loss: 0.4760, loss_diff: 0.4760, loss_kl: 0.0007
[2026-05-06 07:40:52,621][root][INFO] - *****   LOOP 8 FINISH   *****
[2026-05-06 07:40:52,622][root][INFO] - Total time taken: 7.09 min.


[2026-05-06 07:40:52,622][root][INFO] - *****   LOOP 9 START   *****
[2026-05-06 07:40:52,622][root][INFO] - SAMPLE:
[32m2026-05-06 07:42:06.445[0m | [1mINFO    [0m | [36mmattersim.forcefield.potential[0m:[36mfrom_checkpoint[0m:[36m891[0m - [1mLoading the pre-trained mattersim-v1.0.0-5M.pth model[0m
[2026-05-06 07:48:25,358][root][INFO] - Number of filtered samples: 6
[2026-05-06 07:48:25,393][root][INFO] - avg_energy_above_hull_per_atom: 0.340537, avg_rmsd_from_relaxation: 0.947286, frac_novel_unique_stable_structures: 0.127660, frac_stable_structures: 0.297872, frac_successful_jobs: 1.000000, avg_comp_validity: 1.000000, avg_structure_comp_validity: 1.000000, avg_structure_validity: 1.000000, frac_novel_structures: 0.829787, frac_novel_systems: 0.212766, frac_novel_unique_structures: 0.829787, frac_unique_structures: 1.000000, frac_unique_systems: 1.000000, precision: 0.170213, recall: 0.000034
[2026-05-06 07:48:25,399][root][INFO] - SCORE:
[GPRoutedV4] cycle=9 N=6 K_eff=3 oracled=3 masked=3 ltm=462 GP_RMSE_train=0.000 GP_RMSE_cv5=0.107 GP_MAE_cv5=0.061 mean_oracle_Cp=0.256 anchor=False cold=False 163.8s
[2026-05-06 07:51:09,189][root][INFO] - Evaluation costs to date: 65
[2026-05-06 07:51:09,190][root][INFO] - Number of samples that successfully obtained rewards: 2
[2026-05-06 07:51:09,191][root][INFO] - reward mean=0.0358 std=0.0358
[2026-05-06 07:51:09,191][root][INFO] - heat_capacity mean=0.2559 std=0.1195
[2026-05-06 07:51:09,245][root][INFO] - 16 crystals generated so far, 16 unique components.  Burden: None, Div. Ratio: 1.0.
[2026-05-06 07:51:09,252][root][INFO] - Diversity filter: tol_n=0, buff_n=0
[2026-05-06 07:51:09,254][root][INFO] - replay buffer size=4
[2026-05-06 07:51:09,255][root][INFO] - buffer reward mean=0.40923363778884414
[2026-05-06 07:51:09,255][root][INFO] - FINETUNE:
[2026-05-06 07:51:09,875][root][INFO] - Epoch 0: loss: 0.3961, loss_diff: 0.3961, loss_kl: 0.0007
[2026-05-06 07:51:09,988][root][INFO] - Epoch 1: loss: 0.4332, loss_diff: 0.4331, loss_kl: 0.0008
[2026-05-06 07:51:10,100][root][INFO] - Epoch 2: loss: 0.4174, loss_diff: 0.4174, loss_kl: 0.0008
[2026-05-06 07:51:10,100][root][INFO] - *****   LOOP 9 FINISH   *****
[2026-05-06 07:51:10,100][root][INFO] - Total time taken: 10.29 min.


[2026-05-06 07:51:10,101][root][INFO] - *****   LOOP 10 START   *****
[2026-05-06 07:51:10,101][root][INFO] - SAMPLE:
[32m2026-05-06 07:52:25.072[0m | [1mINFO    [0m | [36mmattersim.forcefield.potential[0m:[36mfrom_checkpoint[0m:[36m891[0m - [1mLoading the pre-trained mattersim-v1.0.0-5M.pth model[0m
[2026-05-06 07:55:51,101][root][INFO] - Number of filtered samples: 4
[2026-05-06 07:55:51,102][root][INFO] - avg_energy_above_hull_per_atom: 0.232667, avg_rmsd_from_relaxation: 0.847517, frac_novel_unique_stable_structures: 0.100000, frac_stable_structures: 0.200000, frac_successful_jobs: 1.000000, avg_comp_validity: 1.000000, avg_structure_comp_validity: 1.000000, avg_structure_validity: 1.000000, frac_novel_structures: 0.875000, frac_novel_systems: 0.300000, frac_novel_unique_structures: 0.875000, frac_unique_structures: 1.000000, frac_unique_systems: 1.000000, precision: 0.125000, recall: 0.000008
[2026-05-06 07:55:51,107][root][INFO] - SCORE:
[GPRoutedV4] cycle=10 N=4 K_eff=2 oracled=2 masked=2 ltm=462 GP_RMSE_train=0.000 GP_RMSE_cv5=0.107 GP_MAE_cv5=0.061 mean_oracle_Cp=nan anchor=False cold=False 107.1s
[2026-05-06 07:57:38,204][root][INFO] - Evaluation costs to date: 69
[2026-05-06 07:57:38,205][root][INFO] - Number of samples that successfully obtained rewards: 0
[2026-05-06 07:57:38,206][root][INFO] - reward mean=nan std=nan
[2026-05-06 07:57:38,206][root][INFO] - heat_capacity mean=nan std=nan
[2026-05-06 07:57:38,496][root][INFO] - 16 crystals generated so far, 16 unique components.  Burden: None, Div. Ratio: 1.0.
[2026-05-06 07:57:38,499][root][INFO] - Diversity filter: tol_n=0, buff_n=0
[2026-05-06 07:57:38,503][root][INFO] - replay buffer size=4
[2026-05-06 07:57:38,503][root][INFO] - buffer reward mean=0.40923363778884414
[2026-05-06 07:57:38,503][root][INFO] - FINETUNE:
[2026-05-06 07:57:38,655][root][INFO] - Epoch 0: loss: 0.6006, loss_diff: 0.6005, loss_kl: 0.0008
[2026-05-06 07:57:38,764][root][INFO] - Epoch 1: loss: 0.5957, loss_diff: 0.5957, loss_kl: 0.0008
[2026-05-06 07:57:38,872][root][INFO] - Epoch 2: loss: 0.5793, loss_diff: 0.5793, loss_kl: 0.0009
[2026-05-06 07:57:38,872][root][INFO] - *****   LOOP 10 FINISH   *****
[2026-05-06 07:57:38,873][root][INFO] - Total time taken: 6.48 min.


[2026-05-06 07:57:38,873][root][INFO] - *****   LOOP 11 START   *****
[2026-05-06 07:57:38,873][root][INFO] - SAMPLE:
[32m2026-05-06 07:58:54.174[0m | [1mINFO    [0m | [36mmattersim.forcefield.potential[0m:[36mfrom_checkpoint[0m:[36m891[0m - [1mLoading the pre-trained mattersim-v1.0.0-5M.pth model[0m
[2026-05-06 08:03:21,398][root][INFO] - Number of filtered samples: 7
[2026-05-06 08:03:21,420][root][INFO] - avg_energy_above_hull_per_atom: 0.335610, avg_rmsd_from_relaxation: 1.019070, frac_novel_unique_stable_structures: 0.140000, frac_stable_structures: 0.220000, frac_successful_jobs: 1.000000, avg_comp_validity: 1.000000, avg_structure_comp_validity: 1.000000, avg_structure_validity: 1.000000, frac_novel_structures: 0.900000, frac_novel_systems: 0.200000, frac_novel_unique_structures: 0.900000, frac_unique_structures: 1.000000, frac_unique_systems: 1.000000, precision: 0.100000, recall: 0.000013
[2026-05-06 08:03:21,425][root][INFO] - SCORE:
[GPRoutedV4] cycle=11 N=7 K_eff=4 oracled=4 masked=3 ltm=465 GP_RMSE_train=0.000 GP_RMSE_cv5=0.098 GP_MAE_cv5=0.058 mean_oracle_Cp=0.550 anchor=False cold=False 108.5s
[2026-05-06 08:05:09,960][root][INFO] - Evaluation costs to date: 76
[2026-05-06 08:05:09,961][root][INFO] - Number of samples that successfully obtained rewards: 3
[2026-05-06 08:05:09,961][root][INFO] - reward mean=0.1755 std=0.1736
[2026-05-06 08:05:09,961][root][INFO] - heat_capacity mean=0.5503 std=0.3107
[2026-05-06 08:05:11,777][root][INFO] - 19 crystals generated so far, 19 unique components.  Burden: None, Div. Ratio: 1.0.
[2026-05-06 08:05:13,159][root][INFO] - Diversity filter: tol_n=0, buff_n=0
[2026-05-06 08:05:13,162][root][INFO] - replay buffer size=6
[2026-05-06 08:05:13,162][root][INFO] - buffer reward mean=0.3605778313887002
[2026-05-06 08:05:13,162][root][INFO] - FINETUNE:
[2026-05-06 08:05:14,051][root][INFO] - Epoch 0: loss: 0.4672, loss_diff: 0.4671, loss_kl: 0.0010
[2026-05-06 08:05:14,161][root][INFO] - Epoch 1: loss: 0.4422, loss_diff: 0.4422, loss_kl: 0.0010
[2026-05-06 08:05:14,270][root][INFO] - Epoch 2: loss: 0.4617, loss_diff: 0.4616, loss_kl: 0.0011
[2026-05-06 08:05:14,271][root][INFO] - *****   LOOP 11 FINISH   *****
[2026-05-06 08:05:14,271][root][INFO] - Total time taken: 7.59 min.


[2026-05-06 08:05:14,271][root][INFO] - *****   LOOP 12 START   *****
[2026-05-06 08:05:14,271][root][INFO] - SAMPLE:
[32m2026-05-06 08:06:29.447[0m | [1mINFO    [0m | [36mmattersim.forcefield.potential[0m:[36mfrom_checkpoint[0m:[36m891[0m - [1mLoading the pre-trained mattersim-v1.0.0-5M.pth model[0m
[2026-05-06 08:10:11,370][root][INFO] - Number of filtered samples: 8
[2026-05-06 08:10:11,371][root][INFO] - avg_energy_above_hull_per_atom: 0.248457, avg_rmsd_from_relaxation: 0.834825, frac_novel_unique_stable_structures: 0.170213, frac_stable_structures: 0.404255, frac_successful_jobs: 1.000000, avg_comp_validity: 1.000000, avg_structure_comp_validity: 1.000000, avg_structure_validity: 1.000000, frac_novel_structures: 0.765957, frac_novel_systems: 0.191489, frac_novel_unique_structures: 0.765957, frac_unique_structures: 1.000000, frac_unique_systems: 1.000000, precision: 0.234043, recall: 0.000048
[2026-05-06 08:10:11,417][root][INFO] - SCORE:
[GPRoutedV4] cycle=12 N=8 K_eff=4 oracled=4 masked=4 ltm=465 GP_RMSE_train=0.000 GP_RMSE_cv5=0.098 GP_MAE_cv5=0.058 mean_oracle_Cp=nan anchor=False cold=False 317.4s
[2026-05-06 08:15:28,913][root][INFO] - Evaluation costs to date: 84
[2026-05-06 08:15:28,914][root][INFO] - Number of samples that successfully obtained rewards: 0
[2026-05-06 08:15:28,915][root][INFO] - reward mean=nan std=nan
[2026-05-06 08:15:28,915][root][INFO] - heat_capacity mean=nan std=nan
[2026-05-06 08:15:28,954][root][INFO] - 19 crystals generated so far, 19 unique components.  Burden: None, Div. Ratio: 1.0.
[2026-05-06 08:15:28,958][root][INFO] - Diversity filter: tol_n=0, buff_n=0
[2026-05-06 08:15:28,961][root][INFO] - replay buffer size=6
[2026-05-06 08:15:28,961][root][INFO] - buffer reward mean=0.3605778313887002
[2026-05-06 08:15:28,962][root][INFO] - FINETUNE:
[2026-05-06 08:15:29,392][root][INFO] - Epoch 0: loss: 0.5339, loss_diff: 0.5339, loss_kl: 0.0010
[2026-05-06 08:15:29,514][root][INFO] - Epoch 1: loss: 0.4940, loss_diff: 0.4940, loss_kl: 0.0011
[2026-05-06 08:15:29,635][root][INFO] - Epoch 2: loss: 0.5074, loss_diff: 0.5074, loss_kl: 0.0012
[2026-05-06 08:15:29,635][root][INFO] - *****   LOOP 12 FINISH   *****
[2026-05-06 08:15:29,635][root][INFO] - Total time taken: 10.26 min.


[2026-05-06 08:15:29,636][root][INFO] - *****   LOOP 13 START   *****
[2026-05-06 08:15:29,636][root][INFO] - SAMPLE:
[32m2026-05-06 08:17:09.398[0m | [1mINFO    [0m | [36mmattersim.forcefield.potential[0m:[36mfrom_checkpoint[0m:[36m891[0m - [1mLoading the pre-trained mattersim-v1.0.0-5M.pth model[0m
[2026-05-06 08:21:11,664][root][INFO] - Number of filtered samples: 4
[2026-05-06 08:21:11,666][root][INFO] - avg_energy_above_hull_per_atom: 0.209749, avg_rmsd_from_relaxation: 0.929004, frac_novel_unique_stable_structures: 0.090909, frac_stable_structures: 0.272727, frac_successful_jobs: 1.000000, avg_comp_validity: 1.000000, avg_structure_comp_validity: 1.000000, avg_structure_validity: 1.000000, frac_novel_structures: 0.772727, frac_novel_systems: 0.204545, frac_novel_unique_structures: 0.772727, frac_unique_structures: 1.000000, frac_unique_systems: 1.000000, precision: 0.227273, recall: 0.000024
[2026-05-06 08:21:11,670][root][INFO] - SCORE:
[GPRoutedV4] cycle=13 N=4 K_eff=2 oracled=2 masked=2 ltm=465 GP_RMSE_train=0.000 GP_RMSE_cv5=0.098 GP_MAE_cv5=0.058 mean_oracle_Cp=nan anchor=False cold=False 202.1s
[2026-05-06 08:24:33,794][root][INFO] - Evaluation costs to date: 88
[2026-05-06 08:24:33,795][root][INFO] - Number of samples that successfully obtained rewards: 0
[2026-05-06 08:24:33,795][root][INFO] - reward mean=nan std=nan
[2026-05-06 08:24:33,796][root][INFO] - heat_capacity mean=nan std=nan
[2026-05-06 08:24:33,841][root][INFO] - 19 crystals generated so far, 19 unique components.  Burden: None, Div. Ratio: 1.0.
[2026-05-06 08:24:33,845][root][INFO] - Diversity filter: tol_n=0, buff_n=0
[2026-05-06 08:24:33,848][root][INFO] - replay buffer size=6
[2026-05-06 08:24:33,848][root][INFO] - buffer reward mean=0.3605778313887002
[2026-05-06 08:24:33,848][root][INFO] - FINETUNE:
[2026-05-06 08:24:34,053][root][INFO] - Epoch 0: loss: 0.5328, loss_diff: 0.5327, loss_kl: 0.0012
[2026-05-06 08:24:34,162][root][INFO] - Epoch 1: loss: 0.5305, loss_diff: 0.5305, loss_kl: 0.0013
[2026-05-06 08:24:34,271][root][INFO] - Epoch 2: loss: 0.5185, loss_diff: 0.5184, loss_kl: 0.0013
[2026-05-06 08:24:34,271][root][INFO] - *****   LOOP 13 FINISH   *****
[2026-05-06 08:24:34,271][root][INFO] - Total time taken: 9.08 min.


[2026-05-06 08:24:34,272][root][INFO] - *****   LOOP 14 START   *****
[2026-05-06 08:24:34,272][root][INFO] - SAMPLE:
[32m2026-05-06 08:25:50.980[0m | [1mINFO    [0m | [36mmattersim.forcefield.potential[0m:[36mfrom_checkpoint[0m:[36m891[0m - [1mLoading the pre-trained mattersim-v1.0.0-5M.pth model[0m
[2026-05-06 08:29:23,146][root][INFO] - Number of filtered samples: 6
[2026-05-06 08:29:23,147][root][INFO] - avg_energy_above_hull_per_atom: 0.263837, avg_rmsd_from_relaxation: 0.875331, frac_novel_unique_stable_structures: 0.113208, frac_stable_structures: 0.226415, frac_successful_jobs: 1.000000, avg_comp_validity: 1.000000, avg_structure_comp_validity: 1.000000, avg_structure_validity: 1.000000, frac_novel_structures: 0.830189, frac_novel_systems: 0.339623, frac_novel_unique_structures: 0.830189, frac_unique_structures: 1.000000, frac_unique_systems: 1.000000, precision: 0.169811, recall: 0.000026
[2026-05-06 08:29:23,152][root][INFO] - SCORE:
[GPRoutedV4] cycle=14 N=6 K_eff=3 oracled=3 masked=3 ltm=467 GP_RMSE_train=0.000 GP_RMSE_cv5=0.103 GP_MAE_cv5=0.062 mean_oracle_Cp=0.258 anchor=False cold=False 140.2s
[2026-05-06 08:31:43,423][root][INFO] - Evaluation costs to date: 94
[2026-05-06 08:31:43,446][root][INFO] - Number of samples that successfully obtained rewards: 2
[2026-05-06 08:31:43,446][root][INFO] - reward mean=0.0044 std=0.0014
[2026-05-06 08:31:43,446][root][INFO] - heat_capacity mean=0.2577 std=0.0024
[2026-05-06 08:31:43,694][root][INFO] - 21 crystals generated so far, 21 unique components.  Burden: None, Div. Ratio: 1.0.
[2026-05-06 08:31:43,700][root][INFO] - Diversity filter: tol_n=0, buff_n=0
[2026-05-06 08:31:43,703][root][INFO] - replay buffer size=6
[2026-05-06 08:31:43,703][root][INFO] - buffer reward mean=0.3605778313887002
[2026-05-06 08:31:43,703][root][INFO] - FINETUNE:
[2026-05-06 08:31:44,035][root][INFO] - Epoch 0: loss: 0.3768, loss_diff: 0.3768, loss_kl: 0.0017
[2026-05-06 08:31:44,146][root][INFO] - Epoch 1: loss: 0.3845, loss_diff: 0.3844, loss_kl: 0.0018
[2026-05-06 08:31:44,255][root][INFO] - Epoch 2: loss: 0.3883, loss_diff: 0.3882, loss_kl: 0.0018
[2026-05-06 08:31:44,256][root][INFO] - *****   LOOP 14 FINISH   *****
[2026-05-06 08:31:44,256][root][INFO] - Total time taken: 7.17 min.


[2026-05-06 08:31:44,256][root][INFO] - *****   LOOP 15 START   *****
[2026-05-06 08:31:44,256][root][INFO] - SAMPLE:
[32m2026-05-06 08:32:57.040[0m | [1mINFO    [0m | [36mmattersim.forcefield.potential[0m:[36mfrom_checkpoint[0m:[36m891[0m - [1mLoading the pre-trained mattersim-v1.0.0-5M.pth model[0m
[2026-05-06 08:37:40,886][root][INFO] - Number of filtered samples: 4
[2026-05-06 08:37:40,887][root][INFO] - avg_energy_above_hull_per_atom: 0.336795, avg_rmsd_from_relaxation: 0.994459, frac_novel_unique_stable_structures: 0.081633, frac_stable_structures: 0.163265, frac_successful_jobs: 1.000000, avg_comp_validity: 1.000000, avg_structure_comp_validity: 1.000000, avg_structure_validity: 1.000000, frac_novel_structures: 0.877551, frac_novel_systems: 0.306122, frac_novel_unique_structures: 0.877551, frac_unique_structures: 1.000000, frac_unique_systems: 1.000000, precision: 0.122449, recall: 0.000009
[2026-05-06 08:37:40,892][root][INFO] - SCORE:
[GPRoutedV4] cycle=15 N=4 K_eff=2 oracled=2 masked=2 ltm=468 GP_RMSE_train=0.000 GP_RMSE_cv5=0.104 GP_MAE_cv5=0.061 mean_oracle_Cp=0.255 anchor=False cold=False 137.4s
[2026-05-06 08:39:58,309][root][INFO] - Evaluation costs to date: 98
[2026-05-06 08:39:58,310][root][INFO] - Number of samples that successfully obtained rewards: 1
[2026-05-06 08:39:58,310][root][INFO] - reward mean=0.0028 std=0.0000
[2026-05-06 08:39:58,310][root][INFO] - heat_capacity mean=0.2550 std=0.0000
[2026-05-06 08:39:58,421][root][INFO] - 22 crystals generated so far, 22 unique components.  Burden: None, Div. Ratio: 1.0.
[2026-05-06 08:39:58,426][root][INFO] - Diversity filter: tol_n=0, buff_n=0
[2026-05-06 08:39:58,429][root][INFO] - replay buffer size=6
[2026-05-06 08:39:58,429][root][INFO] - buffer reward mean=0.3605778313887002
[2026-05-06 08:39:58,430][root][INFO] - FINETUNE:
[2026-05-06 08:39:58,641][root][INFO] - Epoch 0: loss: 0.4530, loss_diff: 0.4529, loss_kl: 0.0016
[2026-05-06 08:39:58,763][root][INFO] - Epoch 1: loss: 0.4538, loss_diff: 0.4537, loss_kl: 0.0017
[2026-05-06 08:39:58,884][root][INFO] - Epoch 2: loss: 0.4296, loss_diff: 0.4295, loss_kl: 0.0017
[2026-05-06 08:39:58,885][root][INFO] - *****   LOOP 15 FINISH   *****
[2026-05-06 08:39:58,885][root][INFO] - Total time taken: 8.24 min.


[2026-05-06 08:39:58,885][root][INFO] - *****   LOOP 16 START   *****
[2026-05-06 08:39:58,885][root][INFO] - SAMPLE:
[32m2026-05-06 08:41:34.924[0m | [1mINFO    [0m | [36mmattersim.forcefield.potential[0m:[36mfrom_checkpoint[0m:[36m891[0m - [1mLoading the pre-trained mattersim-v1.0.0-5M.pth model[0m
[2026-05-06 08:45:33,095][root][INFO] - Number of filtered samples: 4
[2026-05-06 08:45:33,131][root][INFO] - avg_energy_above_hull_per_atom: 0.303484, avg_rmsd_from_relaxation: 0.947757, frac_novel_unique_stable_structures: 0.093023, frac_stable_structures: 0.139535, frac_successful_jobs: 1.000000, avg_comp_validity: 1.000000, avg_structure_comp_validity: 1.000000, avg_structure_validity: 1.000000, frac_novel_structures: 0.930233, frac_novel_systems: 0.372093, frac_novel_unique_structures: 0.930233, frac_unique_structures: 1.000000, frac_unique_systems: 1.000000, precision: 0.069767, recall: 0.000005
[2026-05-06 08:45:33,151][root][INFO] - SCORE:
[GPRoutedV4] cycle=16 N=4 K_eff=2 oracled=2 masked=2 ltm=469 GP_RMSE_train=0.000 GP_RMSE_cv5=0.099 GP_MAE_cv5=0.059 mean_oracle_Cp=0.165 anchor=False cold=False 149.2s
[2026-05-06 08:48:02,386][root][INFO] - Evaluation costs to date: 102
[2026-05-06 08:48:02,386][root][INFO] - Number of samples that successfully obtained rewards: 1
[2026-05-06 08:48:02,386][root][INFO] - reward mean=0.0000 std=0.0000
[2026-05-06 08:48:02,386][root][INFO] - heat_capacity mean=0.1651 std=0.0000
[2026-05-06 08:48:02,536][root][INFO] - 23 crystals generated so far, 23 unique components.  Burden: None, Div. Ratio: 1.0.
[2026-05-06 08:48:02,542][root][INFO] - Diversity filter: tol_n=0, buff_n=0
[2026-05-06 08:48:02,545][root][INFO] - replay buffer size=6
[2026-05-06 08:48:02,545][root][INFO] - buffer reward mean=0.3605778313887002
[2026-05-06 08:48:02,545][root][INFO] - FINETUNE:
[2026-05-06 08:48:02,925][root][INFO] - Epoch 0: loss: 0.4369, loss_diff: 0.4369, loss_kl: 0.0017
[2026-05-06 08:48:03,035][root][INFO] - Epoch 1: loss: 0.4333, loss_diff: 0.4333, loss_kl: 0.0017
[2026-05-06 08:48:03,144][root][INFO] - Epoch 2: loss: 0.4326, loss_diff: 0.4325, loss_kl: 0.0019
[2026-05-06 08:48:03,144][root][INFO] - *****   LOOP 16 FINISH   *****
[2026-05-06 08:48:03,144][root][INFO] - Total time taken: 8.07 min.


[2026-05-06 08:48:03,145][root][INFO] - *****   LOOP 17 START   *****
[2026-05-06 08:48:03,145][root][INFO] - SAMPLE:
[32m2026-05-06 08:49:21.496[0m | [1mINFO    [0m | [36mmattersim.forcefield.potential[0m:[36mfrom_checkpoint[0m:[36m891[0m - [1mLoading the pre-trained mattersim-v1.0.0-5M.pth model[0m
[2026-05-06 08:53:37,661][root][INFO] - Number of filtered samples: 8
[2026-05-06 08:53:37,663][root][INFO] - avg_energy_above_hull_per_atom: 0.270270, avg_rmsd_from_relaxation: 1.104097, frac_novel_unique_stable_structures: 0.170213, frac_stable_structures: 0.297872, frac_successful_jobs: 1.000000, avg_comp_validity: 1.000000, avg_structure_comp_validity: 1.000000, avg_structure_validity: 1.000000, frac_novel_structures: 0.872340, frac_novel_systems: 0.234043, frac_novel_unique_structures: 0.872340, frac_unique_structures: 1.000000, frac_unique_systems: 1.000000, precision: 0.127660, recall: 0.000017
[2026-05-06 08:53:37,681][root][INFO] - SCORE:
[GPRoutedV4] cycle=17 N=8 K_eff=4 oracled=4 masked=4 ltm=470 GP_RMSE_train=0.000 GP_RMSE_cv5=0.096 GP_MAE_cv5=0.057 mean_oracle_Cp=0.145 anchor=False cold=False 268.4s
[2026-05-06 08:58:06,114][root][INFO] - Evaluation costs to date: 110
[2026-05-06 08:58:06,115][root][INFO] - Number of samples that successfully obtained rewards: 1
[2026-05-06 08:58:06,116][root][INFO] - reward mean=0.0000 std=0.0000
[2026-05-06 08:58:06,116][root][INFO] - heat_capacity mean=0.1448 std=0.0000
[2026-05-06 08:58:06,293][root][INFO] - 24 crystals generated so far, 24 unique components.  Burden: None, Div. Ratio: 1.0.
[2026-05-06 08:58:06,313][root][INFO] - Diversity filter: tol_n=0, buff_n=0
[2026-05-06 08:58:06,340][root][INFO] - replay buffer size=6
[2026-05-06 08:58:06,340][root][INFO] - buffer reward mean=0.3605778313887002
[2026-05-06 08:58:06,340][root][INFO] - FINETUNE:
[2026-05-06 08:58:07,329][root][INFO] - Epoch 0: loss: 0.4423, loss_diff: 0.4423, loss_kl: 0.0019
[2026-05-06 08:58:07,440][root][INFO] - Epoch 1: loss: 0.4663, loss_diff: 0.4663, loss_kl: 0.0019
[2026-05-06 08:58:07,550][root][INFO] - Epoch 2: loss: 0.4738, loss_diff: 0.4738, loss_kl: 0.0019
[2026-05-06 08:58:07,551][root][INFO] - *****   LOOP 17 FINISH   *****
[2026-05-06 08:58:07,551][root][INFO] - Total time taken: 10.07 min.


[2026-05-06 08:58:07,551][root][INFO] - *****   LOOP 18 START   *****
[2026-05-06 08:58:07,551][root][INFO] - SAMPLE:
[32m2026-05-06 08:59:19.068[0m | [1mINFO    [0m | [36mmattersim.forcefield.potential[0m:[36mfrom_checkpoint[0m:[36m891[0m - [1mLoading the pre-trained mattersim-v1.0.0-5M.pth model[0m
[2026-05-06 09:03:19,223][root][INFO] - Number of filtered samples: 7
[2026-05-06 09:03:19,256][root][INFO] - avg_energy_above_hull_per_atom: 0.210111, avg_rmsd_from_relaxation: 0.875502, frac_novel_unique_stable_structures: 0.148936, frac_stable_structures: 0.297872, frac_successful_jobs: 1.000000, avg_comp_validity: 1.000000, avg_structure_comp_validity: 1.000000, avg_structure_validity: 1.000000, frac_novel_structures: 0.829787, frac_novel_systems: 0.319149, frac_novel_unique_structures: 0.829787, frac_unique_structures: 1.000000, frac_unique_systems: 1.000000, precision: 0.170213, recall: 0.000017
[2026-05-06 09:03:19,261][root][INFO] - SCORE:
[GPRoutedV4] cycle=18 N=7 K_eff=4 oracled=4 masked=3 ltm=473 GP_RMSE_train=0.000 GP_RMSE_cv5=0.094 GP_MAE_cv5=0.056 mean_oracle_Cp=0.189 anchor=False cold=False 156.1s
[2026-05-06 09:05:55,390][root][INFO] - Evaluation costs to date: 117
[2026-05-06 09:05:55,391][root][INFO] - Number of samples that successfully obtained rewards: 3
[2026-05-06 09:05:55,391][root][INFO] - reward mean=0.0000 std=0.0000
[2026-05-06 09:05:55,391][root][INFO] - heat_capacity mean=0.1888 std=0.0199
[2026-05-06 09:05:55,940][root][INFO] - 27 crystals generated so far, 27 unique components.  Burden: None, Div. Ratio: 1.0.
[2026-05-06 09:05:55,979][root][INFO] - Diversity filter: tol_n=0, buff_n=0
[2026-05-06 09:05:56,016][root][INFO] - replay buffer size=6
[2026-05-06 09:05:56,017][root][INFO] - buffer reward mean=0.3605778313887002
[2026-05-06 09:05:56,017][root][INFO] - FINETUNE:
[2026-05-06 09:05:56,243][root][INFO] - Epoch 0: loss: 0.3298, loss_diff: 0.3298, loss_kl: 0.0025
[2026-05-06 09:05:56,356][root][INFO] - Epoch 1: loss: 0.3448, loss_diff: 0.3448, loss_kl: 0.0024
[2026-05-06 09:05:56,467][root][INFO] - Epoch 2: loss: 0.3434, loss_diff: 0.3433, loss_kl: 0.0025
[2026-05-06 09:05:56,467][root][INFO] - *****   LOOP 18 FINISH   *****
[2026-05-06 09:05:56,468][root][INFO] - Total time taken: 7.82 min.


[2026-05-06 09:05:56,468][root][INFO] - *****   LOOP 19 START   *****
[2026-05-06 09:05:56,468][root][INFO] - SAMPLE:
[32m2026-05-06 09:07:08.508[0m | [1mINFO    [0m | [36mmattersim.forcefield.potential[0m:[36mfrom_checkpoint[0m:[36m891[0m - [1mLoading the pre-trained mattersim-v1.0.0-5M.pth model[0m
[2026-05-06 09:11:29,746][root][INFO] - Number of filtered samples: 7
[2026-05-06 09:11:29,747][root][INFO] - avg_energy_above_hull_per_atom: 0.227053, avg_rmsd_from_relaxation: 0.886693, frac_novel_unique_stable_structures: 0.145833, frac_stable_structures: 0.208333, frac_successful_jobs: 1.000000, avg_comp_validity: 1.000000, avg_structure_comp_validity: 1.000000, avg_structure_validity: 1.000000, frac_novel_structures: 0.895833, frac_novel_systems: 0.145833, frac_novel_unique_structures: 0.895833, frac_unique_structures: 1.000000, frac_unique_systems: 1.000000, precision: 0.104167, recall: 0.000021
[2026-05-06 09:11:29,753][root][INFO] - SCORE:
[GPRoutedV4] cycle=19 N=7 K_eff=4 oracled=4 masked=3 ltm=476 GP_RMSE_train=0.000 GP_RMSE_cv5=0.098 GP_MAE_cv5=0.057 mean_oracle_Cp=0.191 anchor=False cold=False 185.6s
[2026-05-06 09:14:35,346][root][INFO] - Evaluation costs to date: 124
[2026-05-06 09:14:35,347][root][INFO] - Number of samples that successfully obtained rewards: 3
[2026-05-06 09:14:35,347][root][INFO] - reward mean=0.0000 std=0.0000
[2026-05-06 09:14:35,347][root][INFO] - heat_capacity mean=0.1910 std=0.0284
[2026-05-06 09:14:35,729][root][INFO] - 30 crystals generated so far, 30 unique components.  Burden: None, Div. Ratio: 1.0.
[2026-05-06 09:14:35,734][root][INFO] - Diversity filter: tol_n=0, buff_n=0
[2026-05-06 09:14:35,737][root][INFO] - replay buffer size=6
[2026-05-06 09:14:35,737][root][INFO] - buffer reward mean=0.3605778313887002
[2026-05-06 09:14:35,737][root][INFO] - FINETUNE:
[2026-05-06 09:14:36,106][root][INFO] - Epoch 0: loss: 0.3526, loss_diff: 0.3525, loss_kl: 0.0023
[2026-05-06 09:14:36,295][root][INFO] - Epoch 1: loss: 0.3407, loss_diff: 0.3406, loss_kl: 0.0023
[2026-05-06 09:14:36,414][root][INFO] - Epoch 2: loss: 0.3299, loss_diff: 0.3299, loss_kl: 0.0024
[2026-05-06 09:14:36,415][root][INFO] - *****   LOOP 19 FINISH   *****
[2026-05-06 09:14:36,415][root][INFO] - Total time taken: 8.67 min.


[2026-05-06 09:14:36,887][root][INFO] - *****   RL END   *****
[2026-05-06 09:14:36,887][root][INFO] - Total time taken: 11312 s.
Closing LMDB environment /tmp/job.3006193/tmp_anm3y19/reference_MP2020correction
Phase-3 v4 cf accel (seed=23) finished at Wed May  6 09:15:32 CDT 2026
