Phase-3 v4 ADiT ACCEL seed=17 cycles=20 at Sat May  2 11:06:51 CDT 2026 on fc103
  GP_LTM_SEED=/scratch/user/ahnafalvi/matinvent-hcap-bo/data/ltm_seed_pool_v3.parquet
  GP_LTM_PATH=/scratch/user/ahnafalvi/matinvent-hcap-bo/data/ltm_hcap_p3v4_adit_accel_seed17_3003449.parquet
  GP_COLD_START_MIN=0
Tesla T4, 16384 MiB
MODELS_PROJECT_ROOT: /scratch/user/ahnafalvi/matinvent-bo/src/mattergen/mattergen
[2026-05-02 11:18:28,060][httpx][INFO] - HTTP Request: HEAD https://huggingface.co/jwchen25/MatInvent/resolve/main/reference_MP2020correction.gz "HTTP/1.1 302 Found"
[2026-05-02 11:26:58,294][root][INFO] - *****   RL START   *****
[2026-05-02 11:26:58,350][root][INFO] - *****   LOOP 0 START   *****
[2026-05-02 11:26:58,350][root][INFO] - SAMPLE:
[32m2026-05-02 11:30:52.291[0m | [1mINFO    [0m | [36mmattersim.forcefield.potential[0m:[36mfrom_checkpoint[0m:[36m891[0m - [1mLoading the pre-trained mattersim-v1.0.0-5M.pth model[0m
[2026-05-02 11:45:34,059][root][INFO] - Number of filtered samples: 12
[2026-05-02 11:45:34,163][root][INFO] - avg_energy_above_hull_per_atom: 0.149670, avg_rmsd_from_relaxation: 0.611949, frac_novel_unique_stable_structures: 0.230769, frac_stable_structures: 0.692308, frac_successful_jobs: 1.000000, avg_comp_validity: 1.000000, avg_structure_comp_validity: 1.000000, avg_structure_validity: 1.000000, frac_novel_structures: 0.480769, frac_novel_systems: 0.057692, frac_novel_unique_structures: 0.480769, frac_unique_structures: 1.000000, frac_unique_systems: 1.000000, precision: 0.519231, recall: 0.000084
[2026-05-02 11:45:34,182][root][INFO] - SCORE:
[2026-05-02 11:46:19,223][cached_path][INFO] - cache of https://orbitalmaterials-public-models.s3.us-west-1.amazonaws.com/forcefields/orb-v3/orb-v3-conservative-inf-omat-20250404.ckpt is up-to-date
[2026-05-02 12:01:06,229][root][INFO] - Project root: /scratch/user/ahnafalvi/envs/matinvent-hcap-bo/lib/python3.10/site-packages/fairchem
[2026-05-02 12:01:13,404][root][INFO] - Checking local cache: /scratch/user/ahnafalvi/.cache/huggingface for model eSEN-30M-OAM
[2026-05-02 12:01:13,565][httpx][INFO] - HTTP Request: HEAD https://huggingface.co/facebook/OMAT24/resolve/main/esen_30m_oam.pt "HTTP/1.1 302 Found"
[2026-05-02 12:01:14,324][root][INFO] - local rank base: 0
[2026-05-02 12:01:17,558][root][INFO] - amp: false
cmd:
  checkpoint_dir: /scratch/user/ahnafalvi/matinvent-hcap-bo/results/hcap_p3v4_adit_accel_seed17_3003449/checkpoints/2026-05-02-12-01-52
  commit: core:None,experimental:NA
  identifier: ''
  logs_dir: /scratch/user/ahnafalvi/matinvent-hcap-bo/results/hcap_p3v4_adit_accel_seed17_3003449/logs/wandb/2026-05-02-12-01-52
  print_every: 100
  results_dir: /scratch/user/ahnafalvi/matinvent-hcap-bo/results/hcap_p3v4_adit_accel_seed17_3003449/results/2026-05-02-12-01-52
  seed: null
  timestamp_id: 2026-05-02-12-01-52
  version: 1.10.0
dataset:
  a2g_args:
    r_energy: true
    r_forces: true
    r_stress: true
  format: ase_db
  metadata_path: ''
  transforms:
    element_references: ''
    normalizer:
      energy:
        mean: 0.0
        stdev: 0.6274358
      forces:
        mean: 0.0
        stdev: 0.6274358
      stress:
        mean: 0.0
        stdev: 0.6274358
evaluation_metrics:
  metrics:
    energy:
    - mae
    - per_atom_mae
    forces:
    - mae
    - cosine_similarity
    stress:
    - mae
  primary_metric: forces_mae
gp_gpus: null
gpus: 1
logger: wandb
loss_functions:
- energy:
    coefficient: 20
    fn: per_atom_mae
- forces:
    coefficient: 20
    fn: l2mae
- stress:
    coefficient: 5
    fn: mae
model:
  backbone:
    act_type: gate
    cutoff: 6.0
    direct_forces: false
    distance_function: gaussian
    edge_channels: 128
    hidden_channels: 128
    lmax: 3
    max_neighbors: 300
    max_num_elements: 100
    mlp_type: spectral
    mmax: 2
    model: esen_backbone
    norm_type: rms_norm_sh
    num_distance_basis: 64
    num_layers: 10
    otf_graph: true
    regress_forces: true
    regress_stress: true
    sphere_channels: 128
    use_envelope: true
    use_pbc: true
    use_pbc_single: true
  heads:
    mptrj:
      module: esen_mlp_efs_head
  name: hydra
  otf_graph: true
  pass_through_head_outputs: true
optim:
  batch_size: 4
  clip_grad_norm: 100
  ema_decay: 0.999
  eval_batch_size: 4
  eval_every: 5000
  load_balancing: atoms
  lr_initial: 0.0004
  max_epochs: 1
  num_workers: 4
  optimizer: AdamW
  optimizer_params:
    weight_decay: 0.001
  scheduler: LambdaLR
  scheduler_params:
    epochs: 85271
    lambda_type: cosine
    lr: 0.0004
    lr_min_factor: 0.1
    warmup_epochs: 8527
    warmup_factor: 0.2
outputs:
  energy:
    level: system
    property: energy
  forces:
    eval_on_free_atoms: true
    level: atom
    property: forces
    train_on_free_atoms: true
  stress:
    level: system
    property: stress
relax_dataset: {}
slurm: {}
task: {}
test_dataset: {}
trainer: ocp
val_dataset: {}

[2026-05-02 12:01:17,558][root][INFO] - Loading model: hydra
[2026-05-02 12:01:18,102][root][INFO] - Loaded HydraModel with 30161153 parameters.
[2026-05-02 12:01:18,103][root][INFO] - Loading checkpoint in inference-only mode, not loading keys associated with trainer state!
[2026-05-02 12:01:18,136][root][WARNING] - No seed has been set in modelcheckpoint or OCPCalculator! Results may not be reproducible on re-run
[GPRoutedV4] cycle=0 N=12 K_eff=4 oracled=12 masked=0 ltm=450 GP_RMSE_train=0.000 GP_RMSE_cv5=0.084 GP_MAE_cv5=0.055 mean_oracle_Cp=0.303 anchor=False cold=True 2414.1s
[2026-05-02 12:25:48,477][root][INFO] - Evaluation costs to date: 12
[2026-05-02 12:25:48,507][root][INFO] - Number of samples that successfully obtained rewards: 4
[2026-05-02 12:25:48,508][root][INFO] - reward mean=0.0488 std=0.0636
[2026-05-02 12:25:48,508][root][INFO] - heat_capacity mean=0.3035 std=0.1410
[2026-05-02 12:25:48,922][root][INFO] - 4 crystals generated so far, 4 unique components.  Burden: None, Div. Ratio: 1.0.
[2026-05-02 12:25:48,997][root][INFO] - Diversity filter: tol_n=0, buff_n=0
[2026-05-02 12:25:49,053][root][INFO] - replay buffer size=1
[2026-05-02 12:25:49,053][root][INFO] - buffer reward mean=0.1553410192225043
[2026-05-02 12:25:49,054][root][INFO] - FINETUNE:
[2026-05-02 12:25:53,423][root][INFO] - Epoch 0: loss: 0.0853, loss_diff: 0.0853, loss_kl: 0.0000
[2026-05-02 12:25:53,610][root][INFO] - Epoch 1: loss: 0.0774, loss_diff: 0.0774, loss_kl: 0.0002
[2026-05-02 12:25:53,803][root][INFO] - Epoch 2: loss: 0.0922, loss_diff: 0.0922, loss_kl: 0.0007
[2026-05-02 12:25:53,803][root][INFO] - *****   LOOP 0 FINISH   *****
[2026-05-02 12:25:53,804][root][INFO] - Total time taken: 58.92 min.


[2026-05-02 12:25:53,804][root][INFO] - *****   LOOP 1 START   *****
[2026-05-02 12:25:53,804][root][INFO] - SAMPLE:
[32m2026-05-02 12:29:43.009[0m | [1mINFO    [0m | [36mmattersim.forcefield.potential[0m:[36mfrom_checkpoint[0m:[36m891[0m - [1mLoading the pre-trained mattersim-v1.0.0-5M.pth model[0m
[2026-05-02 12:35:42,278][root][INFO] - Number of filtered samples: 11
[2026-05-02 12:35:42,285][root][INFO] - avg_energy_above_hull_per_atom: 0.131343, avg_rmsd_from_relaxation: 0.414085, frac_novel_unique_stable_structures: 0.200000, frac_stable_structures: 0.763636, frac_successful_jobs: 1.000000, avg_comp_validity: 1.000000, avg_structure_comp_validity: 1.000000, avg_structure_validity: 1.000000, frac_novel_structures: 0.436364, frac_novel_systems: 0.127273, frac_novel_unique_structures: 0.436364, frac_unique_structures: 1.000000, frac_unique_systems: 1.000000, precision: 0.563636, recall: 0.000082
[2026-05-02 12:35:42,297][root][INFO] - SCORE:
[GPRoutedV4] cycle=1 N=11 K_eff=4 oracled=4 masked=7 ltm=452 GP_RMSE_train=0.000 GP_RMSE_cv5=0.085 GP_MAE_cv5=0.054 mean_oracle_Cp=0.213 anchor=False cold=False 370.4s
[2026-05-02 12:41:54,454][root][INFO] - Evaluation costs to date: 23
[2026-05-02 12:41:54,454][root][INFO] - Number of samples that successfully obtained rewards: 2
[2026-05-02 12:41:54,455][root][INFO] - reward mean=0.0000 std=0.0000
[2026-05-02 12:41:54,455][root][INFO] - heat_capacity mean=0.2125 std=0.0335
[2026-05-02 12:41:55,379][root][INFO] - 6 crystals generated so far, 6 unique components.  Burden: None, Div. Ratio: 1.0.
[2026-05-02 12:41:55,413][root][INFO] - Diversity filter: tol_n=0, buff_n=0
[2026-05-02 12:41:55,456][root][INFO] - replay buffer size=1
[2026-05-02 12:41:55,456][root][INFO] - buffer reward mean=0.1553410192225043
[2026-05-02 12:41:55,456][root][INFO] - FINETUNE:
[2026-05-02 12:41:55,849][root][INFO] - Epoch 0: loss: 0.0889, loss_diff: 0.0888, loss_kl: 0.0016
[2026-05-02 12:41:56,034][root][INFO] - Epoch 1: loss: 0.1158, loss_diff: 0.1158, loss_kl: 0.0014
[2026-05-02 12:41:56,218][root][INFO] - Epoch 2: loss: 0.1097, loss_diff: 0.1089, loss_kl: 0.0292
[2026-05-02 12:41:56,219][root][INFO] - *****   LOOP 1 FINISH   *****
[2026-05-02 12:41:56,219][root][INFO] - Total time taken: 16.04 min.


[2026-05-02 12:41:56,219][root][INFO] - *****   LOOP 2 START   *****
[2026-05-02 12:41:56,219][root][INFO] - SAMPLE:
[32m2026-05-02 12:45:47.597[0m | [1mINFO    [0m | [36mmattersim.forcefield.potential[0m:[36mfrom_checkpoint[0m:[36m891[0m - [1mLoading the pre-trained mattersim-v1.0.0-5M.pth model[0m
[2026-05-02 12:51:52,663][root][INFO] - Number of filtered samples: 7
[2026-05-02 12:51:52,692][root][INFO] - avg_energy_above_hull_per_atom: 0.262051, avg_rmsd_from_relaxation: 0.506560, frac_novel_unique_stable_structures: 0.140000, frac_stable_structures: 0.660000, frac_successful_jobs: 1.000000, avg_comp_validity: 1.000000, avg_structure_comp_validity: 1.000000, avg_structure_validity: 1.000000, frac_novel_structures: 0.440000, frac_novel_systems: 0.180000, frac_novel_unique_structures: 0.440000, frac_unique_structures: 1.000000, frac_unique_systems: 1.000000, precision: 0.560000, recall: 0.000060
[2026-05-02 12:51:52,733][root][INFO] - SCORE:
[GPRoutedV4] cycle=2 N=7 K_eff=4 oracled=4 masked=3 ltm=454 GP_RMSE_train=0.000 GP_RMSE_cv5=0.086 GP_MAE_cv5=0.056 mean_oracle_Cp=0.429 anchor=False cold=False 610.5s
[2026-05-02 13:02:03,312][root][INFO] - Evaluation costs to date: 30
[2026-05-02 13:02:03,312][root][INFO] - Number of samples that successfully obtained rewards: 2
[2026-05-02 13:02:03,313][root][INFO] - reward mean=0.1020 std=0.0526
[2026-05-02 13:02:03,313][root][INFO] - heat_capacity mean=0.4286 std=0.0921
[2026-05-02 13:02:03,396][root][INFO] - 8 crystals generated so far, 8 unique components.  Burden: None, Div. Ratio: 1.0.
[2026-05-02 13:02:03,475][root][INFO] - Diversity filter: tol_n=0, buff_n=0
[2026-05-02 13:02:03,518][root][INFO] - replay buffer size=2
[2026-05-02 13:02:03,518][root][INFO] - buffer reward mean=0.15498613857894597
[2026-05-02 13:02:03,518][root][INFO] - FINETUNE:
[2026-05-02 13:02:03,867][root][INFO] - Epoch 0: loss: 0.2230, loss_diff: 0.2230, loss_kl: 0.0024
[2026-05-02 13:02:04,080][root][INFO] - Epoch 1: loss: 0.2235, loss_diff: 0.2233, loss_kl: 0.0068
[2026-05-02 13:02:04,289][root][INFO] - Epoch 2: loss: 0.3233, loss_diff: 0.3198, loss_kl: 0.1392
[2026-05-02 13:02:04,291][root][INFO] - *****   LOOP 2 FINISH   *****
[2026-05-02 13:02:04,291][root][INFO] - Total time taken: 20.13 min.


[2026-05-02 13:02:04,291][root][INFO] - *****   LOOP 3 START   *****
[2026-05-02 13:02:04,292][root][INFO] - SAMPLE:
[32m2026-05-02 13:06:04.464[0m | [1mINFO    [0m | [36mmattersim.forcefield.potential[0m:[36mfrom_checkpoint[0m:[36m891[0m - [1mLoading the pre-trained mattersim-v1.0.0-5M.pth model[0m
[2026-05-02 13:11:18,225][root][INFO] - Number of filtered samples: 7
[2026-05-02 13:11:18,232][root][INFO] - avg_energy_above_hull_per_atom: 0.222312, avg_rmsd_from_relaxation: 0.630376, frac_novel_unique_stable_structures: 0.127273, frac_stable_structures: 0.672727, frac_successful_jobs: 1.000000, avg_comp_validity: 1.000000, avg_structure_comp_validity: 1.000000, avg_structure_validity: 1.000000, frac_novel_structures: 0.436364, frac_novel_systems: 0.018182, frac_novel_unique_structures: 0.436364, frac_unique_structures: 1.000000, frac_unique_systems: 0.981818, precision: 0.563636, recall: 0.000099
[2026-05-02 13:11:18,255][root][INFO] - SCORE:
[GPRoutedV4] cycle=3 N=7 K_eff=4 oracled=4 masked=3 ltm=456 GP_RMSE_train=0.000 GP_RMSE_cv5=0.087 GP_MAE_cv5=0.057 mean_oracle_Cp=0.331 anchor=False cold=False 554.4s
[2026-05-02 13:20:32,727][root][INFO] - Evaluation costs to date: 37
[2026-05-02 13:20:32,751][root][INFO] - Number of samples that successfully obtained rewards: 2
[2026-05-02 13:20:32,751][root][INFO] - reward mean=0.0466 std=0.0436
[2026-05-02 13:20:32,752][root][INFO] - heat_capacity mean=0.3315 std=0.0763
[2026-05-02 13:20:32,834][root][INFO] - 10 crystals generated so far, 10 unique components.  Burden: None, Div. Ratio: 1.0.
[2026-05-02 13:20:40,476][root][INFO] - Diversity filter: tol_n=0, buff_n=0
[2026-05-02 13:20:40,479][root][INFO] - replay buffer size=2
[2026-05-02 13:20:40,479][root][INFO] - buffer reward mean=0.15498613857894597
[2026-05-02 13:20:40,479][root][INFO] - FINETUNE:
[2026-05-02 13:20:40,949][root][INFO] - Epoch 0: loss: 0.1430, loss_diff: 0.1429, loss_kl: 0.0012
[2026-05-02 13:20:41,160][root][INFO] - Epoch 1: loss: 0.2092, loss_diff: 0.2090, loss_kl: 0.0055
[2026-05-02 13:20:41,367][root][INFO] - Epoch 2: loss: 0.2014, loss_diff: 0.2013, loss_kl: 0.0034
[2026-05-02 13:20:41,368][root][INFO] - *****   LOOP 3 FINISH   *****
[2026-05-02 13:20:41,369][root][INFO] - Total time taken: 18.62 min.


[2026-05-02 13:20:41,369][root][INFO] - *****   LOOP 4 START   *****
[2026-05-02 13:20:41,369][root][INFO] - SAMPLE:
[32m2026-05-02 13:24:04.573[0m | [1mINFO    [0m | [36mmattersim.forcefield.potential[0m:[36mfrom_checkpoint[0m:[36m891[0m - [1mLoading the pre-trained mattersim-v1.0.0-5M.pth model[0m
[2026-05-02 13:30:14,869][root][INFO] - Number of filtered samples: 8
[2026-05-02 13:30:14,877][root][INFO] - avg_energy_above_hull_per_atom: 0.161207, avg_rmsd_from_relaxation: 0.518904, frac_novel_unique_stable_structures: 0.160000, frac_stable_structures: 0.740000, frac_successful_jobs: 1.000000, avg_comp_validity: 1.000000, avg_structure_comp_validity: 1.000000, avg_structure_validity: 1.000000, frac_novel_structures: 0.380000, frac_novel_systems: 0.060000, frac_novel_unique_structures: 0.380000, frac_unique_structures: 1.000000, frac_unique_systems: 1.000000, precision: 0.620000, recall: 0.000063
[2026-05-02 13:30:14,903][root][INFO] - SCORE:
[GPRoutedV4] cycle=4 N=8 K_eff=4 oracled=4 masked=4 ltm=459 GP_RMSE_train=0.000 GP_RMSE_cv5=0.087 GP_MAE_cv5=0.057 mean_oracle_Cp=0.184 anchor=False cold=False 277.2s
[2026-05-02 13:34:53,232][root][INFO] - Evaluation costs to date: 45
[2026-05-02 13:34:53,232][root][INFO] - Number of samples that successfully obtained rewards: 3
[2026-05-02 13:34:53,233][root][INFO] - reward mean=0.0000 std=0.0000
[2026-05-02 13:34:53,233][root][INFO] - heat_capacity mean=0.1837 std=0.0427
[2026-05-02 13:34:53,493][root][INFO] - 13 crystals generated so far, 13 unique components.  Burden: None, Div. Ratio: 1.0.
[2026-05-02 13:34:53,543][root][INFO] - Diversity filter: tol_n=0, buff_n=0
[2026-05-02 13:34:53,546][root][INFO] - replay buffer size=2
[2026-05-02 13:34:53,546][root][INFO] - buffer reward mean=0.15498613857894597
[2026-05-02 13:34:53,546][root][INFO] - FINETUNE:
[2026-05-02 13:34:54,199][root][INFO] - Epoch 0: loss: 0.0964, loss_diff: 0.0963, loss_kl: 0.0042
[2026-05-02 13:34:54,415][root][INFO] - Epoch 1: loss: 0.0922, loss_diff: 0.0921, loss_kl: 0.0045
[2026-05-02 13:34:54,618][root][INFO] - Epoch 2: loss: 0.1005, loss_diff: 0.1004, loss_kl: 0.0036
[2026-05-02 13:34:54,619][root][INFO] - *****   LOOP 4 FINISH   *****
[2026-05-02 13:34:54,620][root][INFO] - Total time taken: 14.22 min.


[2026-05-02 13:34:54,620][root][INFO] - *****   LOOP 5 START   *****
[2026-05-02 13:34:54,620][root][INFO] - SAMPLE:
[32m2026-05-02 13:37:34.000[0m | [1mINFO    [0m | [36mmattersim.forcefield.potential[0m:[36mfrom_checkpoint[0m:[36m891[0m - [1mLoading the pre-trained mattersim-v1.0.0-5M.pth model[0m
[2026-05-02 13:42:05,332][root][INFO] - Number of filtered samples: 4
[2026-05-02 13:42:05,363][root][INFO] - avg_energy_above_hull_per_atom: 0.243914, avg_rmsd_from_relaxation: 0.489756, frac_novel_unique_stable_structures: 0.081633, frac_stable_structures: 0.734694, frac_successful_jobs: 1.000000, avg_comp_validity: 1.000000, avg_structure_comp_validity: 1.000000, avg_structure_validity: 1.000000, frac_novel_structures: 0.346939, frac_novel_systems: 0.081633, frac_novel_unique_structures: 0.346939, frac_unique_structures: 1.000000, frac_unique_systems: 1.000000, precision: 0.653061, recall: 0.000083
[2026-05-02 13:42:05,504][root][INFO] - SCORE:
[GPRoutedV4] cycle=5 N=4 K_eff=2 oracled=2 masked=2 ltm=460 GP_RMSE_train=0.000 GP_RMSE_cv5=0.088 GP_MAE_cv5=0.057 mean_oracle_Cp=0.167 anchor=False cold=False 197.6s
[2026-05-02 13:45:23,151][root][INFO] - Evaluation costs to date: 49
[2026-05-02 13:45:23,152][root][INFO] - Number of samples that successfully obtained rewards: 1
[2026-05-02 13:45:23,152][root][INFO] - reward mean=0.0000 std=0.0000
[2026-05-02 13:45:23,152][root][INFO] - heat_capacity mean=0.1667 std=0.0000
[2026-05-02 13:45:23,259][root][INFO] - 14 crystals generated so far, 14 unique components.  Burden: None, Div. Ratio: 1.0.
[2026-05-02 13:45:23,297][root][INFO] - Diversity filter: tol_n=0, buff_n=0
[2026-05-02 13:45:23,313][root][INFO] - replay buffer size=2
[2026-05-02 13:45:23,313][root][INFO] - buffer reward mean=0.15498613857894597
[2026-05-02 13:45:23,313][root][INFO] - FINETUNE:
[2026-05-02 13:45:24,062][root][INFO] - Epoch 0: loss: 0.2436, loss_diff: 0.2431, loss_kl: 0.0191
[2026-05-02 13:45:24,244][root][INFO] - Epoch 1: loss: 0.1114, loss_diff: 0.1113, loss_kl: 0.0022
[2026-05-02 13:45:24,430][root][INFO] - Epoch 2: loss: 0.1842, loss_diff: 0.1841, loss_kl: 0.0039
[2026-05-02 13:45:24,430][root][INFO] - *****   LOOP 5 FINISH   *****
[2026-05-02 13:45:24,431][root][INFO] - Total time taken: 10.50 min.


[2026-05-02 13:45:24,431][root][INFO] - *****   LOOP 6 START   *****
[2026-05-02 13:45:24,431][root][INFO] - SAMPLE:
[32m2026-05-02 13:47:59.721[0m | [1mINFO    [0m | [36mmattersim.forcefield.potential[0m:[36mfrom_checkpoint[0m:[36m891[0m - [1mLoading the pre-trained mattersim-v1.0.0-5M.pth model[0m
[2026-05-02 13:52:59,680][root][INFO] - Number of filtered samples: 12
[2026-05-02 13:52:59,694][root][INFO] - avg_energy_above_hull_per_atom: 0.197866, avg_rmsd_from_relaxation: 0.504048, frac_novel_unique_stable_structures: 0.218182, frac_stable_structures: 0.618182, frac_successful_jobs: 1.000000, avg_comp_validity: 1.000000, avg_structure_comp_validity: 1.000000, avg_structure_validity: 1.000000, frac_novel_structures: 0.545455, frac_novel_systems: 0.054545, frac_novel_unique_structures: 0.545455, frac_unique_structures: 1.000000, frac_unique_systems: 0.981818, precision: 0.454545, recall: 0.000060
[2026-05-02 13:52:59,734][root][INFO] - SCORE:
[GPRoutedV4] cycle=6 N=12 K_eff=4 oracled=4 masked=8 ltm=462 GP_RMSE_train=0.000 GP_RMSE_cv5=0.087 GP_MAE_cv5=0.056 mean_oracle_Cp=0.272 anchor=False cold=False 413.9s
[2026-05-02 13:59:53,810][root][INFO] - Evaluation costs to date: 61
[2026-05-02 13:59:53,811][root][INFO] - Number of samples that successfully obtained rewards: 2
[2026-05-02 13:59:53,811][root][INFO] - reward mean=0.0190 std=0.0190
[2026-05-02 13:59:53,811][root][INFO] - heat_capacity mean=0.2717 std=0.0449
[2026-05-02 13:59:54,042][root][INFO] - 16 crystals generated so far, 16 unique components.  Burden: None, Div. Ratio: 1.0.
[2026-05-02 13:59:54,159][root][INFO] - Diversity filter: tol_n=0, buff_n=0
[2026-05-02 13:59:54,250][root][INFO] - replay buffer size=2
[2026-05-02 13:59:54,250][root][INFO] - buffer reward mean=0.15498613857894597
[2026-05-02 13:59:54,250][root][INFO] - FINETUNE:
[2026-05-02 13:59:55,837][root][INFO] - Epoch 0: loss: 0.1015, loss_diff: 0.1014, loss_kl: 0.0051
[2026-05-02 13:59:56,043][root][INFO] - Epoch 1: loss: 0.1237, loss_diff: 0.1233, loss_kl: 0.0147
[2026-05-02 13:59:56,250][root][INFO] - Epoch 2: loss: 0.1747, loss_diff: 0.1744, loss_kl: 0.0128
[2026-05-02 13:59:56,251][root][INFO] - *****   LOOP 6 FINISH   *****
[2026-05-02 13:59:56,252][root][INFO] - Total time taken: 14.53 min.


[2026-05-02 13:59:56,252][root][INFO] - *****   LOOP 7 START   *****
[2026-05-02 13:59:56,252][root][INFO] - SAMPLE:
[32m2026-05-02 14:03:18.525[0m | [1mINFO    [0m | [36mmattersim.forcefield.potential[0m:[36mfrom_checkpoint[0m:[36m891[0m - [1mLoading the pre-trained mattersim-v1.0.0-5M.pth model[0m
[2026-05-02 14:07:25,632][root][INFO] - Number of filtered samples: 8
[2026-05-02 14:07:25,634][root][INFO] - avg_energy_above_hull_per_atom: 0.261141, avg_rmsd_from_relaxation: 0.528833, frac_novel_unique_stable_structures: 0.140351, frac_stable_structures: 0.701754, frac_successful_jobs: 1.000000, avg_comp_validity: 1.000000, avg_structure_comp_validity: 1.000000, avg_structure_validity: 1.000000, frac_novel_structures: 0.385965, frac_novel_systems: 0.087719, frac_novel_unique_structures: 0.385965, frac_unique_structures: 1.000000, frac_unique_systems: 1.000000, precision: 0.614035, recall: 0.000124
[2026-05-02 14:07:25,646][root][INFO] - SCORE:
[GPRoutedV4] cycle=7 N=8 K_eff=4 oracled=4 masked=4 ltm=462 GP_RMSE_train=0.000 GP_RMSE_cv5=0.087 GP_MAE_cv5=0.056 mean_oracle_Cp=nan anchor=False cold=False 295.6s
[2026-05-02 14:12:21,290][root][INFO] - Evaluation costs to date: 69
[2026-05-02 14:12:21,291][root][INFO] - Number of samples that successfully obtained rewards: 0
[2026-05-02 14:12:21,369][root][INFO] - reward mean=nan std=nan
[2026-05-02 14:12:21,369][root][INFO] - heat_capacity mean=nan std=nan
[2026-05-02 14:12:21,438][root][INFO] - 16 crystals generated so far, 16 unique components.  Burden: None, Div. Ratio: 1.0.
[2026-05-02 14:12:21,537][root][INFO] - Diversity filter: tol_n=0, buff_n=0
[2026-05-02 14:12:21,539][root][INFO] - replay buffer size=2
[2026-05-02 14:12:21,540][root][INFO] - buffer reward mean=0.15498613857894597
[2026-05-02 14:12:21,540][root][INFO] - FINETUNE:
[2026-05-02 14:12:21,749][root][INFO] - Epoch 0: loss: 0.1794, loss_diff: 0.1787, loss_kl: 0.0277
[2026-05-02 14:12:21,932][root][INFO] - Epoch 1: loss: 0.2321, loss_diff: 0.2319, loss_kl: 0.0103
[2026-05-02 14:12:22,112][root][INFO] - Epoch 2: loss: 0.2947, loss_diff: 0.2944, loss_kl: 0.0089
[2026-05-02 14:12:22,113][root][INFO] - *****   LOOP 7 FINISH   *****
[2026-05-02 14:12:22,113][root][INFO] - Total time taken: 12.43 min.


[2026-05-02 14:12:22,113][root][INFO] - *****   LOOP 8 START   *****
[2026-05-02 14:12:22,113][root][INFO] - SAMPLE:
[32m2026-05-02 14:15:12.682[0m | [1mINFO    [0m | [36mmattersim.forcefield.potential[0m:[36mfrom_checkpoint[0m:[36m891[0m - [1mLoading the pre-trained mattersim-v1.0.0-5M.pth model[0m
[2026-05-02 14:20:02,876][root][INFO] - Number of filtered samples: 8
[2026-05-02 14:20:02,878][root][INFO] - avg_energy_above_hull_per_atom: 0.126517, avg_rmsd_from_relaxation: 0.652388, frac_novel_unique_stable_structures: 0.148148, frac_stable_structures: 0.555556, frac_successful_jobs: 1.000000, avg_comp_validity: 1.000000, avg_structure_comp_validity: 1.000000, avg_structure_validity: 1.000000, frac_novel_structures: 0.592593, frac_novel_systems: 0.074074, frac_novel_unique_structures: 0.592593, frac_unique_structures: 1.000000, frac_unique_systems: 1.000000, precision: 0.407407, recall: 0.000047
[2026-05-02 14:20:03,288][root][INFO] - SCORE:
[GPRoutedV4] cycle=8 N=8 K_eff=4 oracled=4 masked=4 ltm=463 GP_RMSE_train=0.000 GP_RMSE_cv5=0.087 GP_MAE_cv5=0.057 mean_oracle_Cp=0.257 anchor=False cold=False 320.8s
[2026-05-02 14:25:24,119][root][INFO] - Evaluation costs to date: 77
[2026-05-02 14:25:24,120][root][INFO] - Number of samples that successfully obtained rewards: 1
[2026-05-02 14:25:24,120][root][INFO] - reward mean=0.0039 std=0.0000
[2026-05-02 14:25:24,120][root][INFO] - heat_capacity mean=0.2568 std=0.0000
[2026-05-02 14:25:24,411][root][INFO] - 17 crystals generated so far, 17 unique components.  Burden: None, Div. Ratio: 1.0.
[2026-05-02 14:25:24,580][root][INFO] - Diversity filter: tol_n=0, buff_n=0
[2026-05-02 14:25:24,582][root][INFO] - replay buffer size=2
[2026-05-02 14:25:24,583][root][INFO] - buffer reward mean=0.15498613857894597
[2026-05-02 14:25:24,583][root][INFO] - FINETUNE:
[2026-05-02 14:25:24,796][root][INFO] - Epoch 0: loss: 0.1825, loss_diff: 0.1822, loss_kl: 0.0094
[2026-05-02 14:25:25,004][root][INFO] - Epoch 1: loss: 0.1262, loss_diff: 0.1256, loss_kl: 0.0253
[2026-05-02 14:25:25,206][root][INFO] - Epoch 2: loss: 0.1806, loss_diff: 0.1804, loss_kl: 0.0090
[2026-05-02 14:25:25,207][root][INFO] - *****   LOOP 8 FINISH   *****
[2026-05-02 14:25:25,207][root][INFO] - Total time taken: 13.05 min.


[2026-05-02 14:25:25,208][root][INFO] - *****   LOOP 9 START   *****
[2026-05-02 14:25:25,208][root][INFO] - SAMPLE:
[32m2026-05-02 14:28:21.946[0m | [1mINFO    [0m | [36mmattersim.forcefield.potential[0m:[36mfrom_checkpoint[0m:[36m891[0m - [1mLoading the pre-trained mattersim-v1.0.0-5M.pth model[0m
[2026-05-02 14:32:55,009][root][INFO] - Number of filtered samples: 10
[2026-05-02 14:32:55,012][root][INFO] - avg_energy_above_hull_per_atom: 0.063626, avg_rmsd_from_relaxation: 0.460313, frac_novel_unique_stable_structures: 0.178571, frac_stable_structures: 0.803571, frac_successful_jobs: 1.000000, avg_comp_validity: 1.000000, avg_structure_comp_validity: 1.000000, avg_structure_validity: 1.000000, frac_novel_structures: 0.357143, frac_novel_systems: 0.035714, frac_novel_unique_structures: 0.357143, frac_unique_structures: 1.000000, frac_unique_systems: 1.000000, precision: 0.642857, recall: 0.000070
[2026-05-02 14:32:55,030][root][INFO] - SCORE:
[GPRoutedV4] cycle=9 N=10 K_eff=4 oracled=4 masked=6 ltm=464 GP_RMSE_train=0.000 GP_RMSE_cv5=0.085 GP_MAE_cv5=0.055 mean_oracle_Cp=0.240 anchor=False cold=False 392.9s
[2026-05-02 14:39:28,120][root][INFO] - Evaluation costs to date: 87
[2026-05-02 14:39:28,170][root][INFO] - Number of samples that successfully obtained rewards: 1
[2026-05-02 14:39:28,171][root][INFO] - reward mean=0.0000 std=0.0000
[2026-05-02 14:39:28,171][root][INFO] - heat_capacity mean=0.2400 std=0.0000
[2026-05-02 14:39:28,266][root][INFO] - 18 crystals generated so far, 18 unique components.  Burden: None, Div. Ratio: 1.0.
[2026-05-02 14:39:28,280][root][INFO] - Diversity filter: tol_n=0, buff_n=0
[2026-05-02 14:39:28,283][root][INFO] - replay buffer size=2
[2026-05-02 14:39:28,283][root][INFO] - buffer reward mean=0.15498613857894597
[2026-05-02 14:39:28,283][root][INFO] - FINETUNE:
[2026-05-02 14:39:28,485][root][INFO] - Epoch 0: loss: 0.1561, loss_diff: 0.1555, loss_kl: 0.0263
[2026-05-02 14:39:28,687][root][INFO] - Epoch 1: loss: 0.1992, loss_diff: 0.1989, loss_kl: 0.0119
[2026-05-02 14:39:28,894][root][INFO] - Epoch 2: loss: 0.1577, loss_diff: 0.1570, loss_kl: 0.0313
[2026-05-02 14:39:28,895][root][INFO] - *****   LOOP 9 FINISH   *****
[2026-05-02 14:39:28,895][root][INFO] - Total time taken: 14.06 min.


[2026-05-02 14:39:28,896][root][INFO] - *****   LOOP 10 START   *****
[2026-05-02 14:39:28,896][root][INFO] - SAMPLE:
[32m2026-05-02 14:41:59.627[0m | [1mINFO    [0m | [36mmattersim.forcefield.potential[0m:[36mfrom_checkpoint[0m:[36m891[0m - [1mLoading the pre-trained mattersim-v1.0.0-5M.pth model[0m
[2026-05-02 14:46:18,737][root][INFO] - Number of filtered samples: 3
[2026-05-02 14:46:18,740][root][INFO] - avg_energy_above_hull_per_atom: 0.139781, avg_rmsd_from_relaxation: 0.505109, frac_novel_unique_stable_structures: 0.054545, frac_stable_structures: 0.672727, frac_successful_jobs: 1.000000, avg_comp_validity: 1.000000, avg_structure_comp_validity: 1.000000, avg_structure_validity: 1.000000, frac_novel_structures: 0.345455, frac_novel_systems: 0.054545, frac_novel_unique_structures: 0.345455, frac_unique_structures: 1.000000, frac_unique_systems: 0.981818, precision: 0.654545, recall: 0.000104
[2026-05-02 14:46:18,778][root][INFO] - SCORE:
[GPRoutedV4] cycle=10 N=3 K_eff=2 oracled=2 masked=1 ltm=465 GP_RMSE_train=0.000 GP_RMSE_cv5=0.086 GP_MAE_cv5=0.055 mean_oracle_Cp=0.537 anchor=False cold=False 391.8s
[2026-05-02 14:52:56,227][root][INFO] - Evaluation costs to date: 90
[2026-05-02 14:52:56,228][root][INFO] - Number of samples that successfully obtained rewards: 1
[2026-05-02 14:52:56,228][root][INFO] - reward mean=0.1643 std=0.0000
[2026-05-02 14:52:56,228][root][INFO] - heat_capacity mean=0.5375 std=0.0000
[2026-05-02 14:52:56,292][root][INFO] - 19 crystals generated so far, 19 unique components.  Burden: None, Div. Ratio: 1.0.
[2026-05-02 14:53:00,764][root][INFO] - Diversity filter: tol_n=0, buff_n=0
[2026-05-02 14:53:00,767][root][INFO] - replay buffer size=3
[2026-05-02 14:53:00,767][root][INFO] - buffer reward mean=0.15807865367770976
[2026-05-02 14:53:00,767][root][INFO] - FINETUNE:
[2026-05-02 14:53:01,005][root][INFO] - Epoch 0: loss: 0.1916, loss_diff: 0.1907, loss_kl: 0.0355
[2026-05-02 14:53:01,194][root][INFO] - Epoch 1: loss: 0.2127, loss_diff: 0.2119, loss_kl: 0.0300
[2026-05-02 14:53:01,376][root][INFO] - Epoch 2: loss: 0.1245, loss_diff: 0.1243, loss_kl: 0.0111
[2026-05-02 14:53:01,377][root][INFO] - *****   LOOP 10 FINISH   *****
[2026-05-02 14:53:01,377][root][INFO] - Total time taken: 13.54 min.


[2026-05-02 14:53:01,377][root][INFO] - *****   LOOP 11 START   *****
[2026-05-02 14:53:01,377][root][INFO] - SAMPLE:
[32m2026-05-02 14:59:00.855[0m | [1mINFO    [0m | [36mmattersim.forcefield.potential[0m:[36mfrom_checkpoint[0m:[36m891[0m - [1mLoading the pre-trained mattersim-v1.0.0-5M.pth model[0m
[2026-05-02 15:04:23,182][root][INFO] - Number of filtered samples: 11
[2026-05-02 15:04:23,197][root][INFO] - avg_energy_above_hull_per_atom: 0.132715, avg_rmsd_from_relaxation: 0.658622, frac_novel_unique_stable_structures: 0.211538, frac_stable_structures: 0.750000, frac_successful_jobs: 1.000000, avg_comp_validity: 1.000000, avg_structure_comp_validity: 1.000000, avg_structure_validity: 1.000000, frac_novel_structures: 0.461538, frac_novel_systems: 0.115385, frac_novel_unique_structures: 0.461538, frac_unique_structures: 1.000000, frac_unique_systems: 1.000000, precision: 0.538462, recall: 0.000071
[2026-05-02 15:04:23,238][root][INFO] - SCORE:
[GPRoutedV4] cycle=11 N=11 K_eff=4 oracled=4 masked=7 ltm=466 GP_RMSE_train=0.000 GP_RMSE_cv5=0.084 GP_MAE_cv5=0.054 mean_oracle_Cp=0.224 anchor=False cold=False 243.9s
[2026-05-02 15:08:27,216][root][INFO] - Evaluation costs to date: 101
[2026-05-02 15:08:27,216][root][INFO] - Number of samples that successfully obtained rewards: 1
[2026-05-02 15:08:27,216][root][INFO] - reward mean=0.0000 std=0.0000
[2026-05-02 15:08:27,216][root][INFO] - heat_capacity mean=0.2243 std=0.0000
[2026-05-02 15:08:27,296][root][INFO] - 20 crystals generated so far, 20 unique components.  Burden: None, Div. Ratio: 1.0.
[2026-05-02 15:08:27,302][root][INFO] - Diversity filter: tol_n=0, buff_n=0
[2026-05-02 15:08:27,305][root][INFO] - replay buffer size=3
[2026-05-02 15:08:27,305][root][INFO] - buffer reward mean=0.15807865367770976
[2026-05-02 15:08:27,305][root][INFO] - FINETUNE:
[2026-05-02 15:08:27,585][root][INFO] - Epoch 0: loss: 0.2058, loss_diff: 0.2047, loss_kl: 0.0409
[2026-05-02 15:08:27,773][root][INFO] - Epoch 1: loss: 0.1911, loss_diff: 0.1899, loss_kl: 0.0484
[2026-05-02 15:08:27,966][root][INFO] - Epoch 2: loss: 0.0683, loss_diff: 0.0680, loss_kl: 0.0124
[2026-05-02 15:08:27,967][root][INFO] - *****   LOOP 11 FINISH   *****
[2026-05-02 15:08:27,967][root][INFO] - Total time taken: 15.44 min.


[2026-05-02 15:08:27,968][root][INFO] - *****   LOOP 12 START   *****
[2026-05-02 15:08:27,968][root][INFO] - SAMPLE:
[32m2026-05-02 15:10:55.135[0m | [1mINFO    [0m | [36mmattersim.forcefield.potential[0m:[36mfrom_checkpoint[0m:[36m891[0m - [1mLoading the pre-trained mattersim-v1.0.0-5M.pth model[0m
[2026-05-02 15:15:32,123][root][INFO] - Number of filtered samples: 14
[2026-05-02 15:15:32,157][root][INFO] - avg_energy_above_hull_per_atom: 0.103013, avg_rmsd_from_relaxation: 0.451622, frac_novel_unique_stable_structures: 0.250000, frac_stable_structures: 0.750000, frac_successful_jobs: 1.000000, avg_comp_validity: 1.000000, avg_structure_comp_validity: 1.000000, avg_structure_validity: 1.000000, frac_novel_structures: 0.482143, frac_novel_systems: 0.125000, frac_novel_unique_structures: 0.482143, frac_unique_structures: 1.000000, frac_unique_systems: 1.000000, precision: 0.517857, recall: 0.000073
[2026-05-02 15:15:32,229][root][INFO] - SCORE:
[GPRoutedV4] cycle=12 N=14 K_eff=4 oracled=4 masked=10 ltm=468 GP_RMSE_train=0.000 GP_RMSE_cv5=0.085 GP_MAE_cv5=0.055 mean_oracle_Cp=0.228 anchor=False cold=False 252.7s
[2026-05-02 15:19:44,948][root][INFO] - Evaluation costs to date: 115
[2026-05-02 15:19:44,948][root][INFO] - Number of samples that successfully obtained rewards: 2
[2026-05-02 15:19:44,949][root][INFO] - reward mean=0.0090 std=0.0090
[2026-05-02 15:19:44,949][root][INFO] - heat_capacity mean=0.2275 std=0.0539
[2026-05-02 15:19:45,031][root][INFO] - 22 crystals generated so far, 22 unique components.  Burden: None, Div. Ratio: 1.0.
[2026-05-02 15:19:45,038][root][INFO] - Diversity filter: tol_n=0, buff_n=0
[2026-05-02 15:19:45,041][root][INFO] - replay buffer size=3
[2026-05-02 15:19:45,041][root][INFO] - buffer reward mean=0.15807865367770976
[2026-05-02 15:19:45,041][root][INFO] - FINETUNE:
[2026-05-02 15:19:45,334][root][INFO] - Epoch 0: loss: 0.1393, loss_diff: 0.1386, loss_kl: 0.0272
[2026-05-02 15:19:45,547][root][INFO] - Epoch 1: loss: 0.1249, loss_diff: 0.1239, loss_kl: 0.0397
[2026-05-02 15:19:45,766][root][INFO] - Epoch 2: loss: 0.1192, loss_diff: 0.1185, loss_kl: 0.0249
[2026-05-02 15:19:45,767][root][INFO] - *****   LOOP 12 FINISH   *****
[2026-05-02 15:19:45,767][root][INFO] - Total time taken: 11.30 min.


[2026-05-02 15:19:45,768][root][INFO] - *****   LOOP 13 START   *****
[2026-05-02 15:19:45,768][root][INFO] - SAMPLE:
[32m2026-05-02 15:22:16.276[0m | [1mINFO    [0m | [36mmattersim.forcefield.potential[0m:[36mfrom_checkpoint[0m:[36m891[0m - [1mLoading the pre-trained mattersim-v1.0.0-5M.pth model[0m
[2026-05-02 15:27:55,075][root][INFO] - Number of filtered samples: 11
[2026-05-02 15:27:55,083][root][INFO] - avg_energy_above_hull_per_atom: 0.197418, avg_rmsd_from_relaxation: 0.556140, frac_novel_unique_stable_structures: 0.189655, frac_stable_structures: 0.603448, frac_successful_jobs: 1.000000, avg_comp_validity: 1.000000, avg_structure_comp_validity: 1.000000, avg_structure_validity: 1.000000, frac_novel_structures: 0.534483, frac_novel_systems: 0.068966, frac_novel_unique_structures: 0.534483, frac_unique_structures: 1.000000, frac_unique_systems: 1.000000, precision: 0.465517, recall: 0.000086
[2026-05-02 15:27:55,145][root][INFO] - SCORE:
[GPRoutedV4] cycle=13 N=11 K_eff=4 oracled=4 masked=7 ltm=469 GP_RMSE_train=0.000 GP_RMSE_cv5=0.087 GP_MAE_cv5=0.055 mean_oracle_Cp=0.811 anchor=False cold=False 238.4s
[2026-05-02 15:31:53,536][root][INFO] - Evaluation costs to date: 126
[2026-05-02 15:31:53,537][root][INFO] - Number of samples that successfully obtained rewards: 1
[2026-05-02 15:31:53,537][root][INFO] - reward mean=0.3204 std=0.0000
[2026-05-02 15:31:53,537][root][INFO] - heat_capacity mean=0.8107 std=0.0000
[2026-05-02 15:31:53,641][root][INFO] - 23 crystals generated so far, 23 unique components.  Burden: None, Div. Ratio: 1.0.
[2026-05-02 15:31:53,647][root][INFO] - Diversity filter: tol_n=0, buff_n=0
[2026-05-02 15:31:53,650][root][INFO] - replay buffer size=4
[2026-05-02 15:31:53,650][root][INFO] - buffer reward mean=0.19866072971551912
[2026-05-02 15:31:53,650][root][INFO] - FINETUNE:
[2026-05-02 15:31:55,274][root][INFO] - Epoch 0: loss: 0.4311, loss_diff: 0.4299, loss_kl: 0.0453
[2026-05-02 15:31:55,465][root][INFO] - Epoch 1: loss: 0.2069, loss_diff: 0.2063, loss_kl: 0.0224
[2026-05-02 15:31:55,661][root][INFO] - Epoch 2: loss: 0.3610, loss_diff: 0.3603, loss_kl: 0.0282
[2026-05-02 15:31:55,662][root][INFO] - *****   LOOP 13 FINISH   *****
[2026-05-02 15:31:55,662][root][INFO] - Total time taken: 12.16 min.


[2026-05-02 15:31:55,662][root][INFO] - *****   LOOP 14 START   *****
[2026-05-02 15:31:55,662][root][INFO] - SAMPLE:
[32m2026-05-02 15:34:20.236[0m | [1mINFO    [0m | [36mmattersim.forcefield.potential[0m:[36mfrom_checkpoint[0m:[36m891[0m - [1mLoading the pre-trained mattersim-v1.0.0-5M.pth model[0m
[2026-05-02 15:39:00,107][root][INFO] - Number of filtered samples: 12
[2026-05-02 15:39:00,122][root][INFO] - avg_energy_above_hull_per_atom: 0.079821, avg_rmsd_from_relaxation: 0.580265, frac_novel_unique_stable_structures: 0.240000, frac_stable_structures: 0.720000, frac_successful_jobs: 1.000000, avg_comp_validity: 1.000000, avg_structure_comp_validity: 1.000000, avg_structure_validity: 1.000000, frac_novel_structures: 0.500000, frac_novel_systems: 0.080000, frac_novel_unique_structures: 0.500000, frac_unique_structures: 1.000000, frac_unique_systems: 1.000000, precision: 0.500000, recall: 0.000074
[2026-05-02 15:39:00,154][root][INFO] - SCORE:
[GPRoutedV4] cycle=14 N=12 K_eff=4 oracled=4 masked=8 ltm=471 GP_RMSE_train=0.000 GP_RMSE_cv5=0.085 GP_MAE_cv5=0.055 mean_oracle_Cp=0.201 anchor=False cold=False 187.6s
[2026-05-02 15:42:07,770][root][INFO] - Evaluation costs to date: 138
[2026-05-02 15:42:07,771][root][INFO] - Number of samples that successfully obtained rewards: 2
[2026-05-02 15:42:07,771][root][INFO] - reward mean=0.0000 std=0.0000
[2026-05-02 15:42:07,771][root][INFO] - heat_capacity mean=0.2014 std=0.0117
[2026-05-02 15:42:07,871][root][INFO] - 25 crystals generated so far, 25 unique components.  Burden: None, Div. Ratio: 1.0.
[2026-05-02 15:42:07,877][root][INFO] - Diversity filter: tol_n=0, buff_n=0
[2026-05-02 15:42:07,938][root][INFO] - replay buffer size=4
[2026-05-02 15:42:07,938][root][INFO] - buffer reward mean=0.19866072971551912
[2026-05-02 15:42:07,938][root][INFO] - FINETUNE:
[2026-05-02 15:42:08,269][root][INFO] - Epoch 0: loss: 0.1532, loss_diff: 0.1524, loss_kl: 0.0291
[2026-05-02 15:42:08,483][root][INFO] - Epoch 1: loss: 0.1651, loss_diff: 0.1642, loss_kl: 0.0324
[2026-05-02 15:42:08,696][root][INFO] - Epoch 2: loss: 0.2728, loss_diff: 0.2721, loss_kl: 0.0297
[2026-05-02 15:42:08,697][root][INFO] - *****   LOOP 14 FINISH   *****
[2026-05-02 15:42:08,698][root][INFO] - Total time taken: 10.22 min.


[2026-05-02 15:42:08,698][root][INFO] - *****   LOOP 15 START   *****
[2026-05-02 15:42:08,698][root][INFO] - SAMPLE:
[32m2026-05-02 15:44:38.895[0m | [1mINFO    [0m | [36mmattersim.forcefield.potential[0m:[36mfrom_checkpoint[0m:[36m891[0m - [1mLoading the pre-trained mattersim-v1.0.0-5M.pth model[0m
[2026-05-02 15:49:10,076][root][INFO] - Number of filtered samples: 6
[2026-05-02 15:49:10,079][root][INFO] - avg_energy_above_hull_per_atom: 0.154932, avg_rmsd_from_relaxation: 0.617365, frac_novel_unique_stable_structures: 0.107143, frac_stable_structures: 0.553571, frac_successful_jobs: 1.000000, avg_comp_validity: 1.000000, avg_structure_comp_validity: 1.000000, avg_structure_validity: 1.000000, frac_novel_structures: 0.482143, frac_novel_systems: 0.071429, frac_novel_unique_structures: 0.482143, frac_unique_structures: 1.000000, frac_unique_systems: 0.982143, precision: 0.517857, recall: 0.000072
[2026-05-02 15:49:10,111][root][INFO] - SCORE:
[GPRoutedV4] cycle=15 N=6 K_eff=3 oracled=3 masked=3 ltm=473 GP_RMSE_train=0.000 GP_RMSE_cv5=0.088 GP_MAE_cv5=0.057 mean_oracle_Cp=0.774 anchor=False cold=False 440.9s
[2026-05-02 15:56:33,708][root][INFO] - Evaluation costs to date: 144
[2026-05-02 15:56:33,708][root][INFO] - Number of samples that successfully obtained rewards: 2
[2026-05-02 15:56:33,709][root][INFO] - reward mean=0.2994 std=0.1811
[2026-05-02 15:56:33,709][root][INFO] - heat_capacity mean=0.7739 std=0.3169
[2026-05-02 15:56:33,845][root][INFO] - 27 crystals generated so far, 27 unique components.  Burden: None, Div. Ratio: 1.0.
[2026-05-02 15:56:34,470][root][INFO] - Diversity filter: tol_n=0, buff_n=0
[2026-05-02 15:56:34,473][root][INFO] - replay buffer size=6
[2026-05-02 15:56:34,473][root][INFO] - buffer reward mean=0.23222818513737142
[2026-05-02 15:56:34,473][root][INFO] - FINETUNE:
[2026-05-02 15:56:35,288][root][INFO] - Epoch 0: loss: 0.5701, loss_diff: 0.5691, loss_kl: 0.0414
[2026-05-02 15:56:35,504][root][INFO] - Epoch 1: loss: 0.3709, loss_diff: 0.3702, loss_kl: 0.0273
[2026-05-02 15:56:35,718][root][INFO] - Epoch 2: loss: 0.4618, loss_diff: 0.4607, loss_kl: 0.0445
[2026-05-02 15:56:35,719][root][INFO] - *****   LOOP 15 FINISH   *****
[2026-05-02 15:56:35,719][root][INFO] - Total time taken: 14.45 min.


[2026-05-02 15:56:35,719][root][INFO] - *****   LOOP 16 START   *****
[2026-05-02 15:56:35,720][root][INFO] - SAMPLE:
[32m2026-05-02 15:58:59.778[0m | [1mINFO    [0m | [36mmattersim.forcefield.potential[0m:[36mfrom_checkpoint[0m:[36m891[0m - [1mLoading the pre-trained mattersim-v1.0.0-5M.pth model[0m
[2026-05-02 16:02:43,171][root][INFO] - Number of filtered samples: 10
[2026-05-02 16:02:43,174][root][INFO] - avg_energy_above_hull_per_atom: 0.169951, avg_rmsd_from_relaxation: 0.558834, frac_novel_unique_stable_structures: 0.188679, frac_stable_structures: 0.716981, frac_successful_jobs: 1.000000, avg_comp_validity: 1.000000, avg_structure_comp_validity: 1.000000, avg_structure_validity: 1.000000, frac_novel_structures: 0.452830, frac_novel_systems: 0.132075, frac_novel_unique_structures: 0.452830, frac_unique_structures: 1.000000, frac_unique_systems: 1.000000, precision: 0.547170, recall: 0.000077
[2026-05-02 16:02:43,192][root][INFO] - SCORE:
[GPRoutedV4] cycle=16 N=10 K_eff=4 oracled=4 masked=6 ltm=474 GP_RMSE_train=0.000 GP_RMSE_cv5=0.090 GP_MAE_cv5=0.058 mean_oracle_Cp=1.015 anchor=False cold=False 294.3s
[2026-05-02 16:07:37,617][root][INFO] - Evaluation costs to date: 154
[2026-05-02 16:07:37,618][root][INFO] - Number of samples that successfully obtained rewards: 1
[2026-05-02 16:07:37,618][root][INFO] - reward mean=0.4373 std=0.0000
[2026-05-02 16:07:37,618][root][INFO] - heat_capacity mean=1.0153 std=0.0000
[2026-05-02 16:07:37,729][root][INFO] - 28 crystals generated so far, 28 unique components.  Burden: None, Div. Ratio: 1.0.
[2026-05-02 16:07:37,744][root][INFO] - Diversity filter: tol_n=0, buff_n=0
[2026-05-02 16:07:37,746][root][INFO] - replay buffer size=7
[2026-05-02 16:07:37,746][root][INFO] - buffer reward mean=0.2615287443375837
[2026-05-02 16:07:37,747][root][INFO] - FINETUNE:
[2026-05-02 16:07:38,002][root][INFO] - Epoch 0: loss: 0.4707, loss_diff: 0.4698, loss_kl: 0.0347
[2026-05-02 16:07:38,239][root][INFO] - Epoch 1: loss: 0.5350, loss_diff: 0.5344, loss_kl: 0.0273
[2026-05-02 16:07:38,479][root][INFO] - Epoch 2: loss: 0.5229, loss_diff: 0.5224, loss_kl: 0.0202
[2026-05-02 16:07:38,480][root][INFO] - *****   LOOP 16 FINISH   *****
[2026-05-02 16:07:38,480][root][INFO] - Total time taken: 11.05 min.


[2026-05-02 16:07:38,480][root][INFO] - *****   LOOP 17 START   *****
[2026-05-02 16:07:38,480][root][INFO] - SAMPLE:
[32m2026-05-02 16:10:53.425[0m | [1mINFO    [0m | [36mmattersim.forcefield.potential[0m:[36mfrom_checkpoint[0m:[36m891[0m - [1mLoading the pre-trained mattersim-v1.0.0-5M.pth model[0m
[2026-05-02 16:17:44,568][root][INFO] - Number of filtered samples: 11
[2026-05-02 16:17:44,574][root][INFO] - avg_energy_above_hull_per_atom: 0.180683, avg_rmsd_from_relaxation: 0.593368, frac_novel_unique_stable_structures: 0.200000, frac_stable_structures: 0.636364, frac_successful_jobs: 1.000000, avg_comp_validity: 1.000000, avg_structure_comp_validity: 1.000000, avg_structure_validity: 1.000000, frac_novel_structures: 0.509091, frac_novel_systems: 0.054545, frac_novel_unique_structures: 0.509091, frac_unique_structures: 1.000000, frac_unique_systems: 1.000000, precision: 0.490909, recall: 0.000057
[2026-05-02 16:17:44,720][root][INFO] - SCORE:
[GPRoutedV4] cycle=17 N=11 K_eff=4 oracled=4 masked=7 ltm=476 GP_RMSE_train=0.000 GP_RMSE_cv5=0.084 GP_MAE_cv5=0.055 mean_oracle_Cp=0.244 anchor=False cold=False 450.9s
[2026-05-02 16:25:15,618][root][INFO] - Evaluation costs to date: 165
[2026-05-02 16:25:15,619][root][INFO] - Number of samples that successfully obtained rewards: 2
[2026-05-02 16:25:15,619][root][INFO] - reward mean=0.0153 std=0.0153
[2026-05-02 16:25:15,619][root][INFO] - heat_capacity mean=0.2444 std=0.0593
[2026-05-02 16:25:15,737][root][INFO] - 30 crystals generated so far, 30 unique components.  Burden: None, Div. Ratio: 1.0.
[2026-05-02 16:25:15,744][root][INFO] - Diversity filter: tol_n=0, buff_n=0
[2026-05-02 16:25:15,747][root][INFO] - replay buffer size=7
[2026-05-02 16:25:15,747][root][INFO] - buffer reward mean=0.2615287443375837
[2026-05-02 16:25:15,747][root][INFO] - FINETUNE:
[2026-05-02 16:25:16,055][root][INFO] - Epoch 0: loss: 0.4626, loss_diff: 0.4616, loss_kl: 0.0400
[2026-05-02 16:25:16,295][root][INFO] - Epoch 1: loss: 0.4429, loss_diff: 0.4419, loss_kl: 0.0386
[2026-05-02 16:25:16,546][root][INFO] - Epoch 2: loss: 0.4207, loss_diff: 0.4197, loss_kl: 0.0405
[2026-05-02 16:25:16,546][root][INFO] - *****   LOOP 17 FINISH   *****
[2026-05-02 16:25:16,547][root][INFO] - Total time taken: 17.63 min.


[2026-05-02 16:25:16,547][root][INFO] - *****   LOOP 18 START   *****
[2026-05-02 16:25:16,547][root][INFO] - SAMPLE:
[32m2026-05-02 16:27:43.762[0m | [1mINFO    [0m | [36mmattersim.forcefield.potential[0m:[36mfrom_checkpoint[0m:[36m891[0m - [1mLoading the pre-trained mattersim-v1.0.0-5M.pth model[0m
[2026-05-02 16:34:12,751][root][INFO] - Number of filtered samples: 10
[2026-05-02 16:34:12,892][root][INFO] - avg_energy_above_hull_per_atom: 0.159223, avg_rmsd_from_relaxation: 0.550813, frac_novel_unique_stable_structures: 0.196078, frac_stable_structures: 0.647059, frac_successful_jobs: 1.000000, avg_comp_validity: 1.000000, avg_structure_comp_validity: 1.000000, avg_structure_validity: 1.000000, frac_novel_structures: 0.529412, frac_novel_systems: 0.098039, frac_novel_unique_structures: 0.529412, frac_unique_structures: 1.000000, frac_unique_systems: 1.000000, precision: 0.470588, recall: 0.000070
[2026-05-02 16:34:12,918][root][INFO] - SCORE:
[GPRoutedV4] cycle=18 N=10 K_eff=4 oracled=4 masked=6 ltm=479 GP_RMSE_train=0.000 GP_RMSE_cv5=0.090 GP_MAE_cv5=0.058 mean_oracle_Cp=0.439 anchor=False cold=False 335.8s
[2026-05-02 16:39:48,737][root][INFO] - Evaluation costs to date: 175
[2026-05-02 16:39:48,738][root][INFO] - Number of samples that successfully obtained rewards: 3
[2026-05-02 16:39:48,738][root][INFO] - reward mean=0.1082 std=0.0934
[2026-05-02 16:39:48,738][root][INFO] - heat_capacity mean=0.4393 std=0.1634
[2026-05-02 16:39:48,893][root][INFO] - 33 crystals generated so far, 33 unique components.  Burden: None, Div. Ratio: 1.0.
[2026-05-02 16:39:48,910][root][INFO] - Diversity filter: tol_n=0, buff_n=0
[2026-05-02 16:39:48,913][root][INFO] - replay buffer size=8
[2026-05-02 16:39:48,914][root][INFO] - buffer reward mean=0.2586269503565963
[2026-05-02 16:39:48,914][root][INFO] - FINETUNE:
[2026-05-02 16:39:49,425][root][INFO] - Epoch 0: loss: 0.4576, loss_diff: 0.4567, loss_kl: 0.0337
[2026-05-02 16:39:49,686][root][INFO] - Epoch 1: loss: 0.4066, loss_diff: 0.4056, loss_kl: 0.0418
[2026-05-02 16:39:49,964][root][INFO] - Epoch 2: loss: 0.3863, loss_diff: 0.3851, loss_kl: 0.0498
[2026-05-02 16:39:49,964][root][INFO] - *****   LOOP 18 FINISH   *****
[2026-05-02 16:39:49,965][root][INFO] - Total time taken: 14.56 min.


[2026-05-02 16:39:49,965][root][INFO] - *****   LOOP 19 START   *****
[2026-05-02 16:39:49,965][root][INFO] - SAMPLE:
[32m2026-05-02 16:42:27.313[0m | [1mINFO    [0m | [36mmattersim.forcefield.potential[0m:[36mfrom_checkpoint[0m:[36m891[0m - [1mLoading the pre-trained mattersim-v1.0.0-5M.pth model[0m
[2026-05-02 16:46:13,835][root][INFO] - Number of filtered samples: 11
[2026-05-02 16:46:13,838][root][INFO] - avg_energy_above_hull_per_atom: 0.100551, avg_rmsd_from_relaxation: 0.547634, frac_novel_unique_stable_structures: 0.207547, frac_stable_structures: 0.698113, frac_successful_jobs: 1.000000, avg_comp_validity: 1.000000, avg_structure_comp_validity: 1.000000, avg_structure_validity: 1.000000, frac_novel_structures: 0.490566, frac_novel_systems: 0.150943, frac_novel_unique_structures: 0.490566, frac_unique_structures: 1.000000, frac_unique_systems: 1.000000, precision: 0.509434, recall: 0.000058
[2026-05-02 16:46:13,870][root][INFO] - SCORE:
[GPRoutedV4] cycle=19 N=11 K_eff=4 oracled=4 masked=7 ltm=481 GP_RMSE_train=0.000 GP_RMSE_cv5=0.085 GP_MAE_cv5=0.055 mean_oracle_Cp=0.274 anchor=False cold=False 471.9s
[2026-05-02 16:54:05,878][root][INFO] - Evaluation costs to date: 186
[2026-05-02 16:54:05,879][root][INFO] - Number of samples that successfully obtained rewards: 2
[2026-05-02 16:54:05,879][root][INFO] - reward mean=0.0142 std=0.0142
[2026-05-02 16:54:05,879][root][INFO] - heat_capacity mean=0.2743 std=0.0253
[2026-05-02 16:54:05,963][root][INFO] - 35 crystals generated so far, 35 unique components.  Burden: None, Div. Ratio: 1.0.
[2026-05-02 16:54:05,988][root][INFO] - Diversity filter: tol_n=0, buff_n=0
[2026-05-02 16:54:05,991][root][INFO] - replay buffer size=8
[2026-05-02 16:54:05,991][root][INFO] - buffer reward mean=0.2586269503565963
[2026-05-02 16:54:05,991][root][INFO] - FINETUNE:
[2026-05-02 16:54:06,266][root][INFO] - Epoch 0: loss: 0.4570, loss_diff: 0.4565, loss_kl: 0.0180
[2026-05-02 16:54:06,553][root][INFO] - Epoch 1: loss: 0.4294, loss_diff: 0.4288, loss_kl: 0.0254
[2026-05-02 16:54:06,841][root][INFO] - Epoch 2: loss: 0.2886, loss_diff: 0.2881, loss_kl: 0.0193
[2026-05-02 16:54:06,843][root][INFO] - *****   LOOP 19 FINISH   *****
[2026-05-02 16:54:06,843][root][INFO] - Total time taken: 14.28 min.


[2026-05-02 16:54:08,049][root][INFO] - *****   RL END   *****
[2026-05-02 16:54:08,050][root][INFO] - Total time taken: 19629 s.
Closing LMDB environment /tmp/job.3003449/tmp4miy8xit/reference_MP2020correction
Phase-3 v4 adit accel (seed=17) finished at Sat May  2 16:55:06 CDT 2026
