Traceback (most recent call last):
  File "<frozen runpy>", line 198, in _run_module_as_main
  File "<frozen runpy>", line 88, in _run_code
  File "/scratch/user/ahnafalvi/matinvent-hcap-bo/src/cli.py", line 41, in <module>
    sys.exit(main())
             ^^^^^^
  File "/scratch/user/ahnafalvi/matinvent-hcap-bo/src/cli.py", line 36, in main
    mod = importlib.import_module(_PHASES[args.phase])
          ^^^^^^^^^^^^^^^^^^^^^^^^^^^^^^^^^^^^^^^^^^^^
  File "/sw/eb/sw/Anaconda3/2024.02-1/lib/python3.11/importlib/__init__.py", line 126, in import_module
    return _bootstrap._gcd_import(name[level:], package, level)
           ^^^^^^^^^^^^^^^^^^^^^^^^^^^^^^^^^^^^^^^^^^^^^^^^^^^^
  File "<frozen importlib._bootstrap>", line 1204, in _gcd_import
  File "<frozen importlib._bootstrap>", line 1176, in _find_and_load
  File "<frozen importlib._bootstrap>", line 1147, in _find_and_load_unlocked
  File "<frozen importlib._bootstrap>", line 690, in _load_unlocked
  File "<frozen importlib._bootstrap_external>", line 940, in exec_module
  File "<frozen importlib._bootstrap>", line 241, in _call_with_frames_removed
  File "/scratch/user/ahnafalvi/matinvent-hcap-bo/src/phases/smoke.py", line 15, in <module>
    import torch
ModuleNotFoundError: No module named 'torch'
