/scratch/user/ahnafalvi/envs/matinvent-hcap-bo/lib/python3.10/site-packages/google/api_core/_python_version_support.py:275: FutureWarning: You are using a Python version (3.10.19) which Google will stop supporting in new releases of google.api_core once it reaches its end of life (2026-10-04). Please upgrade to the latest Python version, or at least Python 3.11, to continue receiving updates for google.api_core past that date.
  warnings.warn(message, FutureWarning)
/scratch/user/ahnafalvi/envs/matinvent-hcap-bo/lib/python3.10/site-packages/orb_models/utils.py:30: UserWarning: Setting global torch default dtype to torch.float32.
  warnings.warn(f"Setting global torch default dtype to {torch_dtype}.")
Traceback (most recent call last):
  File "/scratch/user/ahnafalvi/envs/matinvent-hcap-bo/lib/python3.10/runpy.py", line 196, in _run_module_as_main
    return _run_code(code, main_globals, None,
  File "/scratch/user/ahnafalvi/envs/matinvent-hcap-bo/lib/python3.10/runpy.py", line 86, in _run_code
    exec(code, run_globals)
  File "/scratch/user/ahnafalvi/matinvent-hcap-bo/src/cli.py", line 41, in <module>
    sys.exit(main())
  File "/scratch/user/ahnafalvi/matinvent-hcap-bo/src/cli.py", line 37, in main
    return int(mod.run(config_path=args.config, output_dir=args.output_dir) or 0)
  File "/scratch/user/ahnafalvi/matinvent-hcap-bo/src/phases/smoke.py", line 52, in run
    Z = feat.fit_transform(pool[:12])
  File "/scratch/user/ahnafalvi/matinvent-hcap-bo/src/featurizer.py", line 126, in fit_transform
    feats = self.pca.fit_transform(feats)
  File "/scratch/user/ahnafalvi/envs/matinvent-hcap-bo/lib/python3.10/site-packages/sklearn/utils/_set_output.py", line 316, in wrapped
    data_to_wrap = f(self, X, *args, **kwargs)
  File "/scratch/user/ahnafalvi/envs/matinvent-hcap-bo/lib/python3.10/site-packages/sklearn/base.py", line 1365, in wrapper
    return fit_method(estimator, *args, **kwargs)
  File "/scratch/user/ahnafalvi/envs/matinvent-hcap-bo/lib/python3.10/site-packages/sklearn/decomposition/_pca.py", line 466, in fit_transform
    U, S, _, X, x_is_centered, xp = self._fit(X)
  File "/scratch/user/ahnafalvi/envs/matinvent-hcap-bo/lib/python3.10/site-packages/sklearn/decomposition/_pca.py", line 540, in _fit
    return self._fit_full(X, n_components, xp, is_array_api_compliant)
  File "/scratch/user/ahnafalvi/envs/matinvent-hcap-bo/lib/python3.10/site-packages/sklearn/decomposition/_pca.py", line 554, in _fit_full
    raise ValueError(
ValueError: n_components=50 must be between 0 and min(n_samples, n_features)=12 with svd_solver='full'
